[CALLER: AddonHandler.js:123:44 | MS: 1620352434945 | DATE: 5/6/2021, 8:53:54 PM]
-------------------------------------------------------------------
Cannot find module 'paypal-rest-sdk'
Require stack:
- C:\Users\jaces\Desktop\Corebot\addons\BusinessPayPal.js
- C:\Users\jaces\Desktop\Corebot\modules\handlers\AddonHandler.js
- C:\Users\jaces\Desktop\Corebot\commands\management\addon.js
- C:\Users\jaces\Desktop\Corebot\modules\handlers\CommandHandler.js
- C:\Users\jaces\Desktop\Corebot\index.js
EXTRA INFO:
Error: Cannot find module 'paypal-rest-sdk'
Require stack:
- C:\Users\jaces\Desktop\Corebot\addons\BusinessPayPal.js
- C:\Users\jaces\Desktop\Corebot\modules\handlers\AddonHandler.js
- C:\Users\jaces\Desktop\Corebot\commands\management\addon.js
- C:\Users\jaces\Desktop\Corebot\modules\handlers\CommandHandler.js
- C:\Users\jaces\Desktop\Corebot\index.js
    at Function.Module._resolveFilename (internal/modules/cjs/loader.js:880:15)
    at Function.Module._load (internal/modules/cjs/loader.js:725:27)
    at Module.require (internal/modules/cjs/loader.js:952:19)
    at require (internal/modules/cjs/helpers.js:88:18)
    at Object.<anonymous> (C:\Users\jaces\Desktop\Corebot\addons\BusinessPayPal.js:1:1680)
    at Module._compile (internal/modules/cjs/loader.js:1063:30)
    at Object.Module._extensions..js (internal/modules/cjs/loader.js:1092:10)
    at Module.load (internal/modules/cjs/loader.js:928:32)
    at Function.Module._load (internal/modules/cjs/loader.js:769:14)
    at Module.require (internal/modules/cjs/loader.js:952:19)
    at require (internal/modules/cjs/helpers.js:88:18)
    at C:\Users\jaces\Desktop\Corebot\modules\handlers\AddonHandler.js:112:35
    at Array.forEach (<anonymous>)
    at C:\Users\jaces\Desktop\Corebot\modules\handlers\AddonHandler.js:110:18
    at FSReqCallback.oncomplete (fs.js:171:23)
-------------------------------------------------------------------
[CALLER: RequestHandler.js:170:25 | MS: 1620352435154 | DATE: 5/6/2021, 8:53:55 PM]
-------------------------------
DiscordAPIError: Missing Access
EXTRA INFO:
Promise {
  <rejected> DiscordAPIError: Missing Access
      at RequestHandler.execute (C:\Users\jaces\Desktop\Corebot\node_modules\discord.js\src\rest\RequestHandler.js:170:25)
      at processTicksAndRejections (internal/process/task_queues.js:93:5) {
    method: 'patch',
    path: '/channels/840041597562781708',
    code: 50001,
    httpStatus: 403
  }
}
-------------------------------
[CALLER: RequestHandler.js:170:25 | MS: 1620352435169 | DATE: 5/6/2021, 8:53:55 PM]
-------------------------------
DiscordAPIError: Missing Access
EXTRA INFO:
Promise {
  <rejected> DiscordAPIError: Missing Access
      at RequestHandler.execute (C:\Users\jaces\Desktop\Corebot\node_modules\discord.js\src\rest\RequestHandler.js:170:25)
      at processTicksAndRejections (internal/process/task_queues.js:93:5) {
    method: 'patch',
    path: '/channels/840041596803612672',
    code: 50001,
    httpStatus: 403
  }
}
-------------------------------
[CALLER: RequestHandler.js:170:25 | MS: 1620352435171 | DATE: 5/6/2021, 8:53:55 PM]
-------------------------------
DiscordAPIError: Missing Access
EXTRA INFO:
Promise {
  <rejected> DiscordAPIError: Missing Access
      at RequestHandler.execute (C:\Users\jaces\Desktop\Corebot\node_modules\discord.js\src\rest\RequestHandler.js:170:25)
      at processTicksAndRejections (internal/process/task_queues.js:93:5) {
    method: 'patch',
    path: '/channels/840041597273767977',
    code: 50001,
    httpStatus: 403
  }
}
-------------------------------
[CALLER: Promise {
  <rejected> DiscordAPIError: Invalid Form Body
  name: This field is required
      at RequestHandler.execute (C:\Users\jaces\Desktop\Corebot\node_modules\discord.js\src\rest\RequestHandler.js:170:25)
      at processTicksAndRejections (internal/process/task_queues.js:93:5) {
    method: 'post',
    path: '/guilds/832046329068650526/channels',
    code: 50035,
    httpStatus: 400
  }
} | MS: 1620352435199 | DATE: 5/6/2021, 8:53:55 PM]
----------------------------------
DiscordAPIError: Invalid Form Body
name: This field is required
EXTRA INFO:
Unknown
----------------------------------
[CALLER: Promise {
  <rejected> DiscordAPIError: Invalid Form Body
  name: This field is required
      at RequestHandler.execute (C:\Users\jaces\Desktop\Corebot\node_modules\discord.js\src\rest\RequestHandler.js:170:25)
      at processTicksAndRejections (internal/process/task_queues.js:93:5) {
    method: 'post',
    path: '/guilds/837104198419611649/channels',
    code: 50035,
    httpStatus: 400
  }
} | MS: 1620352435206 | DATE: 5/6/2021, 8:53:55 PM]
----------------------------------
DiscordAPIError: Invalid Form Body
name: This field is required
EXTRA INFO:
Unknown
----------------------------------
[CALLER: AddonHandler.js:123:44 | MS: 1620352477694 | DATE: 5/6/2021, 8:54:37 PM]
-------------------------------------------------------------------
Cannot find module 'paypal-rest-sdk'
Require stack:
- C:\Users\jaces\desktop\corebot\addons\BusinessPayPal.js
- C:\Users\jaces\desktop\corebot\modules\handlers\AddonHandler.js
- C:\Users\jaces\desktop\corebot\commands\management\addon.js
- C:\Users\jaces\desktop\corebot\modules\handlers\CommandHandler.js
- C:\Users\jaces\desktop\corebot\index.js
EXTRA INFO:
Error: Cannot find module 'paypal-rest-sdk'
Require stack:
- C:\Users\jaces\desktop\corebot\addons\BusinessPayPal.js
- C:\Users\jaces\desktop\corebot\modules\handlers\AddonHandler.js
- C:\Users\jaces\desktop\corebot\commands\management\addon.js
- C:\Users\jaces\desktop\corebot\modules\handlers\CommandHandler.js
- C:\Users\jaces\desktop\corebot\index.js
    at Function.Module._resolveFilename (internal/modules/cjs/loader.js:880:15)
    at Function.Module._load (internal/modules/cjs/loader.js:725:27)
    at Module.require (internal/modules/cjs/loader.js:952:19)
    at require (internal/modules/cjs/helpers.js:88:18)
    at Object.<anonymous> (C:\Users\jaces\desktop\corebot\addons\BusinessPayPal.js:1:1680)
    at Module._compile (internal/modules/cjs/loader.js:1063:30)
    at Object.Module._extensions..js (internal/modules/cjs/loader.js:1092:10)
    at Module.load (internal/modules/cjs/loader.js:928:32)
    at Function.Module._load (internal/modules/cjs/loader.js:769:14)
    at Module.require (internal/modules/cjs/loader.js:952:19)
    at require (internal/modules/cjs/helpers.js:88:18)
    at C:\Users\jaces\desktop\corebot\modules\handlers\AddonHandler.js:112:35
    at Array.forEach (<anonymous>)
    at C:\Users\jaces\desktop\corebot\modules\handlers\AddonHandler.js:110:18
    at FSReqCallback.oncomplete (fs.js:171:23)
-------------------------------------------------------------------
[CALLER: RequestHandler.js:170:25 | MS: 1620352477899 | DATE: 5/6/2021, 8:54:37 PM]
-------------------------------
DiscordAPIError: Missing Access
EXTRA INFO:
Promise {
  <rejected> DiscordAPIError: Missing Access
      at RequestHandler.execute (C:\Users\jaces\desktop\corebot\node_modules\discord.js\src\rest\RequestHandler.js:170:25)
      at processTicksAndRejections (internal/process/task_queues.js:93:5) {
    method: 'patch',
    path: '/channels/840041597273767977',
    code: 50001,
    httpStatus: 403
  }
}
-------------------------------
[CALLER: Promise {
  <rejected> DiscordAPIError: Invalid Form Body
  name: This field is required
      at RequestHandler.execute (C:\Users\jaces\desktop\corebot\node_modules\discord.js\src\rest\RequestHandler.js:170:25)
      at processTicksAndRejections (internal/process/task_queues.js:93:5) {
    method: 'post',
    path: '/guilds/832046329068650526/channels',
    code: 50035,
    httpStatus: 400
  }
} | MS: 1620352477901 | DATE: 5/6/2021, 8:54:37 PM]
----------------------------------
DiscordAPIError: Invalid Form Body
name: This field is required
EXTRA INFO:
Unknown
----------------------------------
[CALLER: Promise {
  <rejected> DiscordAPIError: Invalid Form Body
  name: This field is required
      at RequestHandler.execute (C:\Users\jaces\desktop\corebot\node_modules\discord.js\src\rest\RequestHandler.js:170:25)
      at processTicksAndRejections (internal/process/task_queues.js:93:5) {
    method: 'post',
    path: '/guilds/837104198419611649/channels',
    code: 50035,
    httpStatus: 400
  }
} | MS: 1620352477916 | DATE: 5/6/2021, 8:54:37 PM]
----------------------------------
DiscordAPIError: Invalid Form Body
name: This field is required
EXTRA INFO:
Unknown
----------------------------------
[CALLER: RequestHandler.js:170:25 | MS: 1620352477920 | DATE: 5/6/2021, 8:54:37 PM]
-------------------------------
DiscordAPIError: Missing Access
EXTRA INFO:
Promise {
  <rejected> DiscordAPIError: Missing Access
      at RequestHandler.execute (C:\Users\jaces\desktop\corebot\node_modules\discord.js\src\rest\RequestHandler.js:170:25)
      at processTicksAndRejections (internal/process/task_queues.js:93:5) {
    method: 'patch',
    path: '/channels/840041596803612672',
    code: 50001,
    httpStatus: 403
  }
}
-------------------------------
[CALLER: RequestHandler.js:170:25 | MS: 1620352477929 | DATE: 5/6/2021, 8:54:37 PM]
-------------------------------
DiscordAPIError: Missing Access
EXTRA INFO:
Promise {
  <rejected> DiscordAPIError: Missing Access
      at RequestHandler.execute (C:\Users\jaces\desktop\corebot\node_modules\discord.js\src\rest\RequestHandler.js:170:25)
      at processTicksAndRejections (internal/process/task_queues.js:93:5) {
    method: 'patch',
    path: '/channels/840041597562781708',
    code: 50001,
    httpStatus: 403
  }
}
-------------------------------
[CALLER: RequestHandler.js:170:25 | MS: 1620352507856 | DATE: 5/6/2021, 8:55:07 PM]
-------------------------------
DiscordAPIError: Missing Access
EXTRA INFO:
Promise {
  <rejected> DiscordAPIError: Missing Access
      at RequestHandler.execute (C:\Users\jaces\desktop\corebot\node_modules\discord.js\src\rest\RequestHandler.js:170:25)
      at processTicksAndRejections (internal/process/task_queues.js:93:5) {
    method: 'patch',
    path: '/channels/840041596803612672',
    code: 50001,
    httpStatus: 403
  }
}
-------------------------------
[CALLER: RequestHandler.js:170:25 | MS: 1620352507863 | DATE: 5/6/2021, 8:55:07 PM]
-------------------------------
DiscordAPIError: Missing Access
EXTRA INFO:
Promise {
  <rejected> DiscordAPIError: Missing Access
      at RequestHandler.execute (C:\Users\jaces\desktop\corebot\node_modules\discord.js\src\rest\RequestHandler.js:170:25)
      at processTicksAndRejections (internal/process/task_queues.js:93:5) {
    method: 'patch',
    path: '/channels/840041597562781708',
    code: 50001,
    httpStatus: 403
  }
}
-------------------------------
[CALLER: Promise {
  <rejected> DiscordAPIError: Invalid Form Body
  name: This field is required
      at RequestHandler.execute (C:\Users\jaces\desktop\corebot\node_modules\discord.js\src\rest\RequestHandler.js:170:25)
      at processTicksAndRejections (internal/process/task_queues.js:93:5) {
    method: 'post',
    path: '/guilds/832046329068650526/channels',
    code: 50035,
    httpStatus: 400
  }
} | MS: 1620352507865 | DATE: 5/6/2021, 8:55:07 PM]
----------------------------------
DiscordAPIError: Invalid Form Body
name: This field is required
EXTRA INFO:
Unknown
----------------------------------
[CALLER: Promise {
  <rejected> DiscordAPIError: Invalid Form Body
  name: This field is required
      at RequestHandler.execute (C:\Users\jaces\desktop\corebot\node_modules\discord.js\src\rest\RequestHandler.js:170:25)
      at processTicksAndRejections (internal/process/task_queues.js:93:5) {
    method: 'post',
    path: '/guilds/837104198419611649/channels',
    code: 50035,
    httpStatus: 400
  }
} | MS: 1620352507867 | DATE: 5/6/2021, 8:55:07 PM]
----------------------------------
DiscordAPIError: Invalid Form Body
name: This field is required
EXTRA INFO:
Unknown
----------------------------------
[CALLER: RequestHandler.js:170:25 | MS: 1620352507888 | DATE: 5/6/2021, 8:55:07 PM]
-------------------------------
DiscordAPIError: Missing Access
EXTRA INFO:
Promise {
  <rejected> DiscordAPIError: Missing Access
      at RequestHandler.execute (C:\Users\jaces\desktop\corebot\node_modules\discord.js\src\rest\RequestHandler.js:170:25)
      at processTicksAndRejections (internal/process/task_queues.js:93:5) {
    method: 'patch',
    path: '/channels/840041597273767977',
    code: 50001,
    httpStatus: 403
  }
}
-------------------------------
[CALLER: RequestHandler.js:170:25 | MS: 1620352537824 | DATE: 5/6/2021, 8:55:37 PM]
-------------------------------
DiscordAPIError: Missing Access
EXTRA INFO:
Promise {
  <rejected> DiscordAPIError: Missing Access
      at RequestHandler.execute (C:\Users\jaces\desktop\corebot\node_modules\discord.js\src\rest\RequestHandler.js:170:25)
      at processTicksAndRejections (internal/process/task_queues.js:93:5) {
    method: 'patch',
    path: '/channels/840041596803612672',
    code: 50001,
    httpStatus: 403
  }
}
-------------------------------
[CALLER: Promise {
  <rejected> DiscordAPIError: Invalid Form Body
  name: This field is required
      at RequestHandler.execute (C:\Users\jaces\desktop\corebot\node_modules\discord.js\src\rest\RequestHandler.js:170:25)
      at processTicksAndRejections (internal/process/task_queues.js:93:5) {
    method: 'post',
    path: '/guilds/837104198419611649/channels',
    code: 50035,
    httpStatus: 400
  }
} | MS: 1620352537827 | DATE: 5/6/2021, 8:55:37 PM]
----------------------------------
DiscordAPIError: Invalid Form Body
name: This field is required
EXTRA INFO:
Unknown
----------------------------------
[CALLER: Promise {
  <rejected> DiscordAPIError: Invalid Form Body
  name: This field is required
      at RequestHandler.execute (C:\Users\jaces\desktop\corebot\node_modules\discord.js\src\rest\RequestHandler.js:170:25)
      at processTicksAndRejections (internal/process/task_queues.js:93:5) {
    method: 'post',
    path: '/guilds/832046329068650526/channels',
    code: 50035,
    httpStatus: 400
  }
} | MS: 1620352537837 | DATE: 5/6/2021, 8:55:37 PM]
----------------------------------
DiscordAPIError: Invalid Form Body
name: This field is required
EXTRA INFO:
Unknown
----------------------------------
[CALLER: RequestHandler.js:170:25 | MS: 1620352537857 | DATE: 5/6/2021, 8:55:37 PM]
-------------------------------
DiscordAPIError: Missing Access
EXTRA INFO:
Promise {
  <rejected> DiscordAPIError: Missing Access
      at RequestHandler.execute (C:\Users\jaces\desktop\corebot\node_modules\discord.js\src\rest\RequestHandler.js:170:25)
      at processTicksAndRejections (internal/process/task_queues.js:93:5) {
    method: 'patch',
    path: '/channels/840041597273767977',
    code: 50001,
    httpStatus: 403
  }
}
-------------------------------
[CALLER: RequestHandler.js:170:25 | MS: 1620352537867 | DATE: 5/6/2021, 8:55:37 PM]
-------------------------------
DiscordAPIError: Missing Access
EXTRA INFO:
Promise {
  <rejected> DiscordAPIError: Missing Access
      at RequestHandler.execute (C:\Users\jaces\desktop\corebot\node_modules\discord.js\src\rest\RequestHandler.js:170:25)
      at processTicksAndRejections (internal/process/task_queues.js:93:5) {
    method: 'patch',
    path: '/channels/840041597562781708',
    code: 50001,
    httpStatus: 403
  }
}
-------------------------------
[CALLER: Promise {
  <rejected> DiscordAPIError: Invalid Form Body
  name: This field is required
      at RequestHandler.execute (C:\Users\jaces\desktop\corebot\node_modules\discord.js\src\rest\RequestHandler.js:170:25)
      at processTicksAndRejections (internal/process/task_queues.js:93:5) {
    method: 'post',
    path: '/guilds/837104198419611649/channels',
    code: 50035,
    httpStatus: 400
  }
} | MS: 1620352567828 | DATE: 5/6/2021, 8:56:07 PM]
----------------------------------
DiscordAPIError: Invalid Form Body
name: This field is required
EXTRA INFO:
Unknown
----------------------------------
[CALLER: RequestHandler.js:170:25 | MS: 1620352567836 | DATE: 5/6/2021, 8:56:07 PM]
-------------------------------
DiscordAPIError: Missing Access
EXTRA INFO:
Promise {
  <rejected> DiscordAPIError: Missing Access
      at RequestHandler.execute (C:\Users\jaces\desktop\corebot\node_modules\discord.js\src\rest\RequestHandler.js:170:25)
      at processTicksAndRejections (internal/process/task_queues.js:93:5) {
    method: 'patch',
    path: '/channels/840041597562781708',
    code: 50001,
    httpStatus: 403
  }
}
-------------------------------
[CALLER: RequestHandler.js:170:25 | MS: 1620352567835 | DATE: 5/6/2021, 8:56:07 PM]
-------------------------------
DiscordAPIError: Missing Access
EXTRA INFO:
Promise {
  <rejected> DiscordAPIError: Missing Access
      at RequestHandler.execute (C:\Users\jaces\desktop\corebot\node_modules\discord.js\src\rest\RequestHandler.js:170:25)
      at processTicksAndRejections (internal/process/task_queues.js:93:5) {
    method: 'patch',
    path: '/channels/840041597273767977',
    code: 50001,
    httpStatus: 403
  }
}
-------------------------------
[CALLER: Promise {
  <rejected> DiscordAPIError: Invalid Form Body
  name: This field is required
      at RequestHandler.execute (C:\Users\jaces\desktop\corebot\node_modules\discord.js\src\rest\RequestHandler.js:170:25)
      at processTicksAndRejections (internal/process/task_queues.js:93:5) {
    method: 'post',
    path: '/guilds/832046329068650526/channels',
    code: 50035,
    httpStatus: 400
  }
} | MS: 1620352567850 | DATE: 5/6/2021, 8:56:07 PM]
----------------------------------
DiscordAPIError: Invalid Form Body
name: This field is required
EXTRA INFO:
Unknown
----------------------------------
[CALLER: RequestHandler.js:170:25 | MS: 1620352567869 | DATE: 5/6/2021, 8:56:07 PM]
-------------------------------
DiscordAPIError: Missing Access
EXTRA INFO:
Promise {
  <rejected> DiscordAPIError: Missing Access
      at RequestHandler.execute (C:\Users\jaces\desktop\corebot\node_modules\discord.js\src\rest\RequestHandler.js:170:25)
      at processTicksAndRejections (internal/process/task_queues.js:93:5) {
    method: 'patch',
    path: '/channels/840041596803612672',
    code: 50001,
    httpStatus: 403
  }
}
-------------------------------
[CALLER: AddonHandler.js:123:44 | MS: 1620352599923 | DATE: 5/6/2021, 8:56:39 PM]
-------------------------------------------------------------------
Cannot find module 'paypal-rest-sdk'
Require stack:
- C:\Users\jaces\Desktop\Corebot\addons\BusinessPayPal.js
- C:\Users\jaces\Desktop\Corebot\modules\handlers\AddonHandler.js
- C:\Users\jaces\Desktop\Corebot\commands\management\addon.js
- C:\Users\jaces\Desktop\Corebot\modules\handlers\CommandHandler.js
- C:\Users\jaces\Desktop\Corebot\index.js
EXTRA INFO:
Error: Cannot find module 'paypal-rest-sdk'
Require stack:
- C:\Users\jaces\Desktop\Corebot\addons\BusinessPayPal.js
- C:\Users\jaces\Desktop\Corebot\modules\handlers\AddonHandler.js
- C:\Users\jaces\Desktop\Corebot\commands\management\addon.js
- C:\Users\jaces\Desktop\Corebot\modules\handlers\CommandHandler.js
- C:\Users\jaces\Desktop\Corebot\index.js
    at Function.Module._resolveFilename (internal/modules/cjs/loader.js:880:15)
    at Function.Module._load (internal/modules/cjs/loader.js:725:27)
    at Module.require (internal/modules/cjs/loader.js:952:19)
    at require (internal/modules/cjs/helpers.js:88:18)
    at Object.<anonymous> (C:\Users\jaces\Desktop\Corebot\addons\BusinessPayPal.js:1:1680)
    at Module._compile (internal/modules/cjs/loader.js:1063:30)
    at Object.Module._extensions..js (internal/modules/cjs/loader.js:1092:10)
    at Module.load (internal/modules/cjs/loader.js:928:32)
    at Function.Module._load (internal/modules/cjs/loader.js:769:14)
    at Module.require (internal/modules/cjs/loader.js:952:19)
    at require (internal/modules/cjs/helpers.js:88:18)
    at C:\Users\jaces\Desktop\Corebot\modules\handlers\AddonHandler.js:112:35
    at Array.forEach (<anonymous>)
    at C:\Users\jaces\Desktop\Corebot\modules\handlers\AddonHandler.js:110:18
    at FSReqCallback.oncomplete (fs.js:171:23)
-------------------------------------------------------------------
[CALLER: Promise {
  <rejected> DiscordAPIError: Invalid Form Body
  name: This field is required
      at RequestHandler.execute (C:\Users\jaces\Desktop\Corebot\node_modules\discord.js\src\rest\RequestHandler.js:170:25)
      at processTicksAndRejections (internal/process/task_queues.js:93:5) {
    method: 'post',
    path: '/guilds/837104198419611649/channels',
    code: 50035,
    httpStatus: 400
  }
} | MS: 1620352600131 | DATE: 5/6/2021, 8:56:40 PM]
----------------------------------
DiscordAPIError: Invalid Form Body
name: This field is required
EXTRA INFO:
Unknown
----------------------------------
[CALLER: RequestHandler.js:170:25 | MS: 1620352600140 | DATE: 5/6/2021, 8:56:40 PM]
-------------------------------
DiscordAPIError: Missing Access
EXTRA INFO:
Promise {
  <rejected> DiscordAPIError: Missing Access
      at RequestHandler.execute (C:\Users\jaces\Desktop\Corebot\node_modules\discord.js\src\rest\RequestHandler.js:170:25)
      at processTicksAndRejections (internal/process/task_queues.js:93:5) {
    method: 'patch',
    path: '/channels/840041596803612672',
    code: 50001,
    httpStatus: 403
  }
}
-------------------------------
[CALLER: Promise {
  <rejected> DiscordAPIError: Invalid Form Body
  name: This field is required
      at RequestHandler.execute (C:\Users\jaces\Desktop\Corebot\node_modules\discord.js\src\rest\RequestHandler.js:170:25)
      at processTicksAndRejections (internal/process/task_queues.js:93:5) {
    method: 'post',
    path: '/guilds/832046329068650526/channels',
    code: 50035,
    httpStatus: 400
  }
} | MS: 1620352600141 | DATE: 5/6/2021, 8:56:40 PM]
----------------------------------
DiscordAPIError: Invalid Form Body
name: This field is required
EXTRA INFO:
Unknown
----------------------------------
[CALLER: RequestHandler.js:170:25 | MS: 1620352600173 | DATE: 5/6/2021, 8:56:40 PM]
-------------------------------
DiscordAPIError: Missing Access
EXTRA INFO:
Promise {
  <rejected> DiscordAPIError: Missing Access
      at RequestHandler.execute (C:\Users\jaces\Desktop\Corebot\node_modules\discord.js\src\rest\RequestHandler.js:170:25)
      at processTicksAndRejections (internal/process/task_queues.js:93:5) {
    method: 'patch',
    path: '/channels/840041597273767977',
    code: 50001,
    httpStatus: 403
  }
}
-------------------------------
[CALLER: RequestHandler.js:170:25 | MS: 1620352600177 | DATE: 5/6/2021, 8:56:40 PM]
-------------------------------
DiscordAPIError: Missing Access
EXTRA INFO:
Promise {
  <rejected> DiscordAPIError: Missing Access
      at RequestHandler.execute (C:\Users\jaces\Desktop\Corebot\node_modules\discord.js\src\rest\RequestHandler.js:170:25)
      at processTicksAndRejections (internal/process/task_queues.js:93:5) {
    method: 'patch',
    path: '/channels/840041597562781708',
    code: 50001,
    httpStatus: 403
  }
}
-------------------------------
[CALLER: Promise {
  <rejected> DiscordAPIError: Invalid Form Body
  name: This field is required
      at RequestHandler.execute (C:\Users\jaces\Desktop\Corebot\node_modules\discord.js\src\rest\RequestHandler.js:170:25)
      at processTicksAndRejections (internal/process/task_queues.js:93:5) {
    method: 'post',
    path: '/guilds/832046329068650526/channels',
    code: 50035,
    httpStatus: 400
  }
} | MS: 1620352630055 | DATE: 5/6/2021, 8:57:10 PM]
----------------------------------
DiscordAPIError: Invalid Form Body
name: This field is required
EXTRA INFO:
Unknown
----------------------------------
[CALLER: Promise {
  <rejected> DiscordAPIError: Invalid Form Body
  name: This field is required
      at RequestHandler.execute (C:\Users\jaces\Desktop\Corebot\node_modules\discord.js\src\rest\RequestHandler.js:170:25)
      at processTicksAndRejections (internal/process/task_queues.js:93:5) {
    method: 'post',
    path: '/guilds/837104198419611649/channels',
    code: 50035,
    httpStatus: 400
  }
} | MS: 1620352630058 | DATE: 5/6/2021, 8:57:10 PM]
----------------------------------
DiscordAPIError: Invalid Form Body
name: This field is required
EXTRA INFO:
Unknown
----------------------------------
[CALLER: RequestHandler.js:170:25 | MS: 1620352630077 | DATE: 5/6/2021, 8:57:10 PM]
-------------------------------
DiscordAPIError: Missing Access
EXTRA INFO:
Promise {
  <rejected> DiscordAPIError: Missing Access
      at RequestHandler.execute (C:\Users\jaces\Desktop\Corebot\node_modules\discord.js\src\rest\RequestHandler.js:170:25)
      at processTicksAndRejections (internal/process/task_queues.js:93:5) {
    method: 'patch',
    path: '/channels/840041597562781708',
    code: 50001,
    httpStatus: 403
  }
}
-------------------------------
[CALLER: RequestHandler.js:170:25 | MS: 1620352630091 | DATE: 5/6/2021, 8:57:10 PM]
-------------------------------
DiscordAPIError: Missing Access
EXTRA INFO:
Promise {
  <rejected> DiscordAPIError: Missing Access
      at RequestHandler.execute (C:\Users\jaces\Desktop\Corebot\node_modules\discord.js\src\rest\RequestHandler.js:170:25)
      at processTicksAndRejections (internal/process/task_queues.js:93:5) {
    method: 'patch',
    path: '/channels/840041597273767977',
    code: 50001,
    httpStatus: 403
  }
}
-------------------------------
[CALLER: RequestHandler.js:170:25 | MS: 1620352630092 | DATE: 5/6/2021, 8:57:10 PM]
-------------------------------
DiscordAPIError: Missing Access
EXTRA INFO:
Promise {
  <rejected> DiscordAPIError: Missing Access
      at RequestHandler.execute (C:\Users\jaces\Desktop\Corebot\node_modules\discord.js\src\rest\RequestHandler.js:170:25)
      at processTicksAndRejections (internal/process/task_queues.js:93:5) {
    method: 'patch',
    path: '/channels/840041596803612672',
    code: 50001,
    httpStatus: 403
  }
}
-------------------------------
[CALLER: Promise {
  <rejected> DiscordAPIError: Invalid Form Body
  name: This field is required
      at RequestHandler.execute (C:\Users\jaces\Desktop\Corebot\node_modules\discord.js\src\rest\RequestHandler.js:170:25)
      at processTicksAndRejections (internal/process/task_queues.js:93:5) {
    method: 'post',
    path: '/guilds/837104198419611649/channels',
    code: 50035,
    httpStatus: 400
  }
} | MS: 1620352660057 | DATE: 5/6/2021, 8:57:40 PM]
----------------------------------
DiscordAPIError: Invalid Form Body
name: This field is required
EXTRA INFO:
Unknown
----------------------------------
[CALLER: RequestHandler.js:170:25 | MS: 1620352660058 | DATE: 5/6/2021, 8:57:40 PM]
-------------------------------
DiscordAPIError: Missing Access
EXTRA INFO:
Promise {
  <rejected> DiscordAPIError: Missing Access
      at RequestHandler.execute (C:\Users\jaces\Desktop\Corebot\node_modules\discord.js\src\rest\RequestHandler.js:170:25)
      at processTicksAndRejections (internal/process/task_queues.js:93:5) {
    method: 'patch',
    path: '/channels/840041597562781708',
    code: 50001,
    httpStatus: 403
  }
}
-------------------------------
[CALLER: Promise {
  <rejected> DiscordAPIError: Invalid Form Body
  name: This field is required
      at RequestHandler.execute (C:\Users\jaces\Desktop\Corebot\node_modules\discord.js\src\rest\RequestHandler.js:170:25)
      at processTicksAndRejections (internal/process/task_queues.js:93:5) {
    method: 'post',
    path: '/guilds/832046329068650526/channels',
    code: 50035,
    httpStatus: 400
  }
} | MS: 1620352660062 | DATE: 5/6/2021, 8:57:40 PM]
----------------------------------
DiscordAPIError: Invalid Form Body
name: This field is required
EXTRA INFO:
Unknown
----------------------------------
[CALLER: RequestHandler.js:170:25 | MS: 1620352660079 | DATE: 5/6/2021, 8:57:40 PM]
-------------------------------
DiscordAPIError: Missing Access
EXTRA INFO:
Promise {
  <rejected> DiscordAPIError: Missing Access
      at RequestHandler.execute (C:\Users\jaces\Desktop\Corebot\node_modules\discord.js\src\rest\RequestHandler.js:170:25)
      at processTicksAndRejections (internal/process/task_queues.js:93:5) {
    method: 'patch',
    path: '/channels/840041596803612672',
    code: 50001,
    httpStatus: 403
  }
}
-------------------------------
[CALLER: RequestHandler.js:170:25 | MS: 1620352660094 | DATE: 5/6/2021, 8:57:40 PM]
-------------------------------
DiscordAPIError: Missing Access
EXTRA INFO:
Promise {
  <rejected> DiscordAPIError: Missing Access
      at RequestHandler.execute (C:\Users\jaces\Desktop\Corebot\node_modules\discord.js\src\rest\RequestHandler.js:170:25)
      at processTicksAndRejections (internal/process/task_queues.js:93:5) {
    method: 'patch',
    path: '/channels/840041597273767977',
    code: 50001,
    httpStatus: 403
  }
}
-------------------------------
[CALLER: Promise {
  <rejected> DiscordAPIError: Invalid Form Body
  name: This field is required
      at RequestHandler.execute (C:\Users\jaces\Desktop\Corebot\node_modules\discord.js\src\rest\RequestHandler.js:170:25)
      at processTicksAndRejections (internal/process/task_queues.js:93:5) {
    method: 'post',
    path: '/guilds/837104198419611649/channels',
    code: 50035,
    httpStatus: 400
  }
} | MS: 1620352690062 | DATE: 5/6/2021, 8:58:10 PM]
----------------------------------
DiscordAPIError: Invalid Form Body
name: This field is required
EXTRA INFO:
Unknown
----------------------------------
[CALLER: Promise {
  <rejected> DiscordAPIError: Invalid Form Body
  name: This field is required
      at RequestHandler.execute (C:\Users\jaces\Desktop\Corebot\node_modules\discord.js\src\rest\RequestHandler.js:170:25)
      at processTicksAndRejections (internal/process/task_queues.js:93:5) {
    method: 'post',
    path: '/guilds/832046329068650526/channels',
    code: 50035,
    httpStatus: 400
  }
} | MS: 1620352690074 | DATE: 5/6/2021, 8:58:10 PM]
----------------------------------
DiscordAPIError: Invalid Form Body
name: This field is required
EXTRA INFO:
Unknown
----------------------------------
[CALLER: Promise {
  <rejected> DiscordAPIError: Invalid Form Body
  name: This field is required
      at RequestHandler.execute (C:\Users\jaces\Desktop\Corebot\node_modules\discord.js\src\rest\RequestHandler.js:170:25)
      at processTicksAndRejections (internal/process/task_queues.js:93:5) {
    method: 'post',
    path: '/guilds/832046329068650526/channels',
    code: 50035,
    httpStatus: 400
  }
} | MS: 1620352720062 | DATE: 5/6/2021, 8:58:40 PM]
----------------------------------
DiscordAPIError: Invalid Form Body
name: This field is required
EXTRA INFO:
Unknown
----------------------------------
[CALLER: Promise {
  <rejected> DiscordAPIError: Invalid Form Body
  name: This field is required
      at RequestHandler.execute (C:\Users\jaces\Desktop\Corebot\node_modules\discord.js\src\rest\RequestHandler.js:170:25)
      at processTicksAndRejections (internal/process/task_queues.js:93:5) {
    method: 'post',
    path: '/guilds/837104198419611649/channels',
    code: 50035,
    httpStatus: 400
  }
} | MS: 1620352720064 | DATE: 5/6/2021, 8:58:40 PM]
----------------------------------
DiscordAPIError: Invalid Form Body
name: This field is required
EXTRA INFO:
Unknown
----------------------------------
[CALLER: AddonHandler.js:123:44 | MS: 1620352731874 | DATE: 5/6/2021, 8:58:51 PM]
-------------------------------------------------------------------
Cannot find module 'paypal-rest-sdk'
Require stack:
- C:\Users\jaces\Desktop\Corebot\addons\BusinessPayPal.js
- C:\Users\jaces\Desktop\Corebot\modules\handlers\AddonHandler.js
- C:\Users\jaces\Desktop\Corebot\commands\management\addon.js
- C:\Users\jaces\Desktop\Corebot\modules\handlers\CommandHandler.js
- C:\Users\jaces\Desktop\Corebot\index.js
EXTRA INFO:
Error: Cannot find module 'paypal-rest-sdk'
Require stack:
- C:\Users\jaces\Desktop\Corebot\addons\BusinessPayPal.js
- C:\Users\jaces\Desktop\Corebot\modules\handlers\AddonHandler.js
- C:\Users\jaces\Desktop\Corebot\commands\management\addon.js
- C:\Users\jaces\Desktop\Corebot\modules\handlers\CommandHandler.js
- C:\Users\jaces\Desktop\Corebot\index.js
    at Function.Module._resolveFilename (internal/modules/cjs/loader.js:880:15)
    at Function.Module._load (internal/modules/cjs/loader.js:725:27)
    at Module.require (internal/modules/cjs/loader.js:952:19)
    at require (internal/modules/cjs/helpers.js:88:18)
    at Object.<anonymous> (C:\Users\jaces\Desktop\Corebot\addons\BusinessPayPal.js:1:1680)
    at Module._compile (internal/modules/cjs/loader.js:1063:30)
    at Object.Module._extensions..js (internal/modules/cjs/loader.js:1092:10)
    at Module.load (internal/modules/cjs/loader.js:928:32)
    at Function.Module._load (internal/modules/cjs/loader.js:769:14)
    at Module.require (internal/modules/cjs/loader.js:952:19)
    at require (internal/modules/cjs/helpers.js:88:18)
    at C:\Users\jaces\Desktop\Corebot\modules\handlers\AddonHandler.js:112:35
    at Array.forEach (<anonymous>)
    at C:\Users\jaces\Desktop\Corebot\modules\handlers\AddonHandler.js:110:18
    at FSReqCallback.oncomplete (fs.js:171:23)
-------------------------------------------------------------------
[CALLER: Promise {
  <rejected> DiscordAPIError: Invalid Form Body
  name: This field is required
      at RequestHandler.execute (C:\Users\jaces\Desktop\Corebot\node_modules\discord.js\src\rest\RequestHandler.js:170:25)
      at processTicksAndRejections (internal/process/task_queues.js:93:5) {
    method: 'post',
    path: '/guilds/837104198419611649/channels',
    code: 50035,
    httpStatus: 400
  }
} | MS: 1620352732091 | DATE: 5/6/2021, 8:58:52 PM]
----------------------------------
DiscordAPIError: Invalid Form Body
name: This field is required
EXTRA INFO:
Unknown
----------------------------------
[CALLER: Promise {
  <rejected> DiscordAPIError: Invalid Form Body
  name: This field is required
      at RequestHandler.execute (C:\Users\jaces\Desktop\Corebot\node_modules\discord.js\src\rest\RequestHandler.js:170:25)
      at processTicksAndRejections (internal/process/task_queues.js:93:5) {
    method: 'post',
    path: '/guilds/832046329068650526/channels',
    code: 50035,
    httpStatus: 400
  }
} | MS: 1620352732156 | DATE: 5/6/2021, 8:58:52 PM]
----------------------------------
DiscordAPIError: Invalid Form Body
name: This field is required
EXTRA INFO:
Unknown
----------------------------------
[CALLER: Promise {
  <rejected> DiscordAPIError: Invalid Form Body
  name: This field is required
      at RequestHandler.execute (C:\Users\jaces\Desktop\Corebot\node_modules\discord.js\src\rest\RequestHandler.js:170:25)
      at processTicksAndRejections (internal/process/task_queues.js:93:5) {
    method: 'post',
    path: '/guilds/832046329068650526/channels',
    code: 50035,
    httpStatus: 400
  }
} | MS: 1620352762013 | DATE: 5/6/2021, 8:59:22 PM]
----------------------------------
DiscordAPIError: Invalid Form Body
name: This field is required
EXTRA INFO:
Unknown
----------------------------------
[CALLER: Promise {
  <rejected> DiscordAPIError: Invalid Form Body
  name: This field is required
      at RequestHandler.execute (C:\Users\jaces\Desktop\Corebot\node_modules\discord.js\src\rest\RequestHandler.js:170:25)
      at processTicksAndRejections (internal/process/task_queues.js:93:5) {
    method: 'post',
    path: '/guilds/837104198419611649/channels',
    code: 50035,
    httpStatus: 400
  }
} | MS: 1620352762032 | DATE: 5/6/2021, 8:59:22 PM]
----------------------------------
DiscordAPIError: Invalid Form Body
name: This field is required
EXTRA INFO:
Unknown
----------------------------------
[CALLER: AddonHandler.js:123:44 | MS: 1620352829873 | DATE: 5/6/2021, 9:00:29 PM]
-------------------------------------------------------------------
Cannot find module 'paypal-rest-sdk'
Require stack:
- C:\Users\jaces\Desktop\Corebot\addons\BusinessPayPal.js
- C:\Users\jaces\Desktop\Corebot\modules\handlers\AddonHandler.js
- C:\Users\jaces\Desktop\Corebot\commands\management\addon.js
- C:\Users\jaces\Desktop\Corebot\modules\handlers\CommandHandler.js
- C:\Users\jaces\Desktop\Corebot\index.js
EXTRA INFO:
Error: Cannot find module 'paypal-rest-sdk'
Require stack:
- C:\Users\jaces\Desktop\Corebot\addons\BusinessPayPal.js
- C:\Users\jaces\Desktop\Corebot\modules\handlers\AddonHandler.js
- C:\Users\jaces\Desktop\Corebot\commands\management\addon.js
- C:\Users\jaces\Desktop\Corebot\modules\handlers\CommandHandler.js
- C:\Users\jaces\Desktop\Corebot\index.js
    at Function.Module._resolveFilename (internal/modules/cjs/loader.js:880:15)
    at Function.Module._load (internal/modules/cjs/loader.js:725:27)
    at Module.require (internal/modules/cjs/loader.js:952:19)
    at require (internal/modules/cjs/helpers.js:88:18)
    at Object.<anonymous> (C:\Users\jaces\Desktop\Corebot\addons\BusinessPayPal.js:1:1680)
    at Module._compile (internal/modules/cjs/loader.js:1063:30)
    at Object.Module._extensions..js (internal/modules/cjs/loader.js:1092:10)
    at Module.load (internal/modules/cjs/loader.js:928:32)
    at Function.Module._load (internal/modules/cjs/loader.js:769:14)
    at Module.require (internal/modules/cjs/loader.js:952:19)
    at require (internal/modules/cjs/helpers.js:88:18)
    at C:\Users\jaces\Desktop\Corebot\modules\handlers\AddonHandler.js:112:35
    at Array.forEach (<anonymous>)
    at C:\Users\jaces\Desktop\Corebot\modules\handlers\AddonHandler.js:110:18
    at FSReqCallback.oncomplete (fs.js:171:23)
-------------------------------------------------------------------
[CALLER: Promise {
  <rejected> DiscordAPIError: Invalid Form Body
  name: This field is required
      at RequestHandler.execute (C:\Users\jaces\Desktop\Corebot\node_modules\discord.js\src\rest\RequestHandler.js:170:25)
      at processTicksAndRejections (internal/process/task_queues.js:93:5) {
    method: 'post',
    path: '/guilds/837104198419611649/channels',
    code: 50035,
    httpStatus: 400
  }
} | MS: 1620352830095 | DATE: 5/6/2021, 9:00:30 PM]
----------------------------------
DiscordAPIError: Invalid Form Body
name: This field is required
EXTRA INFO:
Unknown
----------------------------------
[CALLER: Promise {
  <rejected> DiscordAPIError: Invalid Form Body
  name: This field is required
      at RequestHandler.execute (C:\Users\jaces\Desktop\Corebot\node_modules\discord.js\src\rest\RequestHandler.js:170:25)
      at processTicksAndRejections (internal/process/task_queues.js:93:5) {
    method: 'post',
    path: '/guilds/832046329068650526/channels',
    code: 50035,
    httpStatus: 400
  }
} | MS: 1620352830101 | DATE: 5/6/2021, 9:00:30 PM]
----------------------------------
DiscordAPIError: Invalid Form Body
name: This field is required
EXTRA INFO:
Unknown
----------------------------------
[CALLER: AddonHandler.js:123:44 | MS: 1620352878666 | DATE: 5/6/2021, 9:01:18 PM]
-------------------------------------------------------------------
Cannot find module 'paypal-rest-sdk'
Require stack:
- C:\Users\jaces\Desktop\Corebot\addons\BusinessPayPal.js
- C:\Users\jaces\Desktop\Corebot\modules\handlers\AddonHandler.js
- C:\Users\jaces\Desktop\Corebot\commands\management\addon.js
- C:\Users\jaces\Desktop\Corebot\modules\handlers\CommandHandler.js
- C:\Users\jaces\Desktop\Corebot\index.js
EXTRA INFO:
Error: Cannot find module 'paypal-rest-sdk'
Require stack:
- C:\Users\jaces\Desktop\Corebot\addons\BusinessPayPal.js
- C:\Users\jaces\Desktop\Corebot\modules\handlers\AddonHandler.js
- C:\Users\jaces\Desktop\Corebot\commands\management\addon.js
- C:\Users\jaces\Desktop\Corebot\modules\handlers\CommandHandler.js
- C:\Users\jaces\Desktop\Corebot\index.js
    at Function.Module._resolveFilename (internal/modules/cjs/loader.js:880:15)
    at Function.Module._load (internal/modules/cjs/loader.js:725:27)
    at Module.require (internal/modules/cjs/loader.js:952:19)
    at require (internal/modules/cjs/helpers.js:88:18)
    at Object.<anonymous> (C:\Users\jaces\Desktop\Corebot\addons\BusinessPayPal.js:1:1680)
    at Module._compile (internal/modules/cjs/loader.js:1063:30)
    at Object.Module._extensions..js (internal/modules/cjs/loader.js:1092:10)
    at Module.load (internal/modules/cjs/loader.js:928:32)
    at Function.Module._load (internal/modules/cjs/loader.js:769:14)
    at Module.require (internal/modules/cjs/loader.js:952:19)
    at require (internal/modules/cjs/helpers.js:88:18)
    at C:\Users\jaces\Desktop\Corebot\modules\handlers\AddonHandler.js:112:35
    at Array.forEach (<anonymous>)
    at C:\Users\jaces\Desktop\Corebot\modules\handlers\AddonHandler.js:110:18
    at FSReqCallback.oncomplete (fs.js:171:23)
-------------------------------------------------------------------
[CALLER: Promise {
  <rejected> DiscordAPIError: Invalid Form Body
  name: This field is required
      at RequestHandler.execute (C:\Users\jaces\Desktop\Corebot\node_modules\discord.js\src\rest\RequestHandler.js:170:25)
      at processTicksAndRejections (internal/process/task_queues.js:93:5) {
    method: 'post',
    path: '/guilds/837104198419611649/channels',
    code: 50035,
    httpStatus: 400
  }
} | MS: 1620352878882 | DATE: 5/6/2021, 9:01:18 PM]
----------------------------------
DiscordAPIError: Invalid Form Body
name: This field is required
EXTRA INFO:
Unknown
----------------------------------
[CALLER: Promise {
  <rejected> DiscordAPIError: Invalid Form Body
  name: This field is required
      at RequestHandler.execute (C:\Users\jaces\Desktop\Corebot\node_modules\discord.js\src\rest\RequestHandler.js:170:25)
      at processTicksAndRejections (internal/process/task_queues.js:93:5) {
    method: 'post',
    path: '/guilds/832046329068650526/channels',
    code: 50035,
    httpStatus: 400
  }
} | MS: 1620352878895 | DATE: 5/6/2021, 9:01:18 PM]
----------------------------------
DiscordAPIError: Invalid Form Body
name: This field is required
EXTRA INFO:
Unknown
----------------------------------
[CALLER: AddonHandler.js:123:44 | MS: 1620352882438 | DATE: 5/6/2021, 9:01:22 PM]
-------------------------------------------------------------------
Cannot find module 'paypal-rest-sdk'
Require stack:
- C:\Users\jaces\Desktop\Corebot\addons\BusinessPayPal.js
- C:\Users\jaces\Desktop\Corebot\modules\handlers\AddonHandler.js
- C:\Users\jaces\Desktop\Corebot\commands\management\addon.js
- C:\Users\jaces\Desktop\Corebot\modules\handlers\CommandHandler.js
- C:\Users\jaces\Desktop\Corebot\index.js
EXTRA INFO:
Error: Cannot find module 'paypal-rest-sdk'
Require stack:
- C:\Users\jaces\Desktop\Corebot\addons\BusinessPayPal.js
- C:\Users\jaces\Desktop\Corebot\modules\handlers\AddonHandler.js
- C:\Users\jaces\Desktop\Corebot\commands\management\addon.js
- C:\Users\jaces\Desktop\Corebot\modules\handlers\CommandHandler.js
- C:\Users\jaces\Desktop\Corebot\index.js
    at Function.Module._resolveFilename (internal/modules/cjs/loader.js:880:15)
    at Function.Module._load (internal/modules/cjs/loader.js:725:27)
    at Module.require (internal/modules/cjs/loader.js:952:19)
    at require (internal/modules/cjs/helpers.js:88:18)
    at Object.<anonymous> (C:\Users\jaces\Desktop\Corebot\addons\BusinessPayPal.js:1:1680)
    at Module._compile (internal/modules/cjs/loader.js:1063:30)
    at Object.Module._extensions..js (internal/modules/cjs/loader.js:1092:10)
    at Module.load (internal/modules/cjs/loader.js:928:32)
    at Function.Module._load (internal/modules/cjs/loader.js:769:14)
    at Module.require (internal/modules/cjs/loader.js:952:19)
    at require (internal/modules/cjs/helpers.js:88:18)
    at C:\Users\jaces\Desktop\Corebot\modules\handlers\AddonHandler.js:112:35
    at Array.forEach (<anonymous>)
    at C:\Users\jaces\Desktop\Corebot\modules\handlers\AddonHandler.js:110:18
    at FSReqCallback.oncomplete (fs.js:171:23)
-------------------------------------------------------------------
[CALLER: Promise {
  <rejected> DiscordAPIError: Invalid Form Body
  name: This field is required
      at RequestHandler.execute (C:\Users\jaces\Desktop\Corebot\node_modules\discord.js\src\rest\RequestHandler.js:170:25)
      at processTicksAndRejections (internal/process/task_queues.js:93:5) {
    method: 'post',
    path: '/guilds/832046329068650526/channels',
    code: 50035,
    httpStatus: 400
  }
} | MS: 1620352882548 | DATE: 5/6/2021, 9:01:22 PM]
----------------------------------
DiscordAPIError: Invalid Form Body
name: This field is required
EXTRA INFO:
Unknown
----------------------------------
[CALLER: Promise {
  <rejected> DiscordAPIError: Invalid Form Body
  name: This field is required
      at RequestHandler.execute (C:\Users\jaces\Desktop\Corebot\node_modules\discord.js\src\rest\RequestHandler.js:170:25)
      at processTicksAndRejections (internal/process/task_queues.js:93:5) {
    method: 'post',
    path: '/guilds/837104198419611649/channels',
    code: 50035,
    httpStatus: 400
  }
} | MS: 1620352882559 | DATE: 5/6/2021, 9:01:22 PM]
----------------------------------
DiscordAPIError: Invalid Form Body
name: This field is required
EXTRA INFO:
Unknown
----------------------------------
[CALLER: Promise {
  <rejected> DiscordAPIError: Invalid Form Body
  name: This field is required
      at RequestHandler.execute (C:\Users\jaces\Desktop\Corebot\node_modules\discord.js\src\rest\RequestHandler.js:170:25)
      at processTicksAndRejections (internal/process/task_queues.js:93:5) {
    method: 'post',
    path: '/guilds/837104198419611649/channels',
    code: 50035,
    httpStatus: 400
  }
} | MS: 1620352908796 | DATE: 5/6/2021, 9:01:48 PM]
----------------------------------
DiscordAPIError: Invalid Form Body
name: This field is required
EXTRA INFO:
Unknown
----------------------------------
[CALLER: Promise {
  <rejected> DiscordAPIError: Invalid Form Body
  name: This field is required
      at RequestHandler.execute (C:\Users\jaces\Desktop\Corebot\node_modules\discord.js\src\rest\RequestHandler.js:170:25)
      at processTicksAndRejections (internal/process/task_queues.js:93:5) {
    method: 'post',
    path: '/guilds/832046329068650526/channels',
    code: 50035,
    httpStatus: 400
  }
} | MS: 1620352908804 | DATE: 5/6/2021, 9:01:48 PM]
----------------------------------
DiscordAPIError: Invalid Form Body
name: This field is required
EXTRA INFO:
Unknown
----------------------------------
[CALLER: Promise {
  <rejected> DiscordAPIError: Invalid Form Body
  name: This field is required
      at RequestHandler.execute (C:\Users\jaces\Desktop\Corebot\node_modules\discord.js\src\rest\RequestHandler.js:170:25)
      at processTicksAndRejections (internal/process/task_queues.js:93:5) {
    method: 'post',
    path: '/guilds/832046329068650526/channels',
    code: 50035,
    httpStatus: 400
  }
} | MS: 1620352912570 | DATE: 5/6/2021, 9:01:52 PM]
----------------------------------
DiscordAPIError: Invalid Form Body
name: This field is required
EXTRA INFO:
Unknown
----------------------------------
[CALLER: Promise {
  <rejected> DiscordAPIError: Invalid Form Body
  name: This field is required
      at RequestHandler.execute (C:\Users\jaces\Desktop\Corebot\node_modules\discord.js\src\rest\RequestHandler.js:170:25)
      at processTicksAndRejections (internal/process/task_queues.js:93:5) {
    method: 'post',
    path: '/guilds/837104198419611649/channels',
    code: 50035,
    httpStatus: 400
  }
} | MS: 1620352912576 | DATE: 5/6/2021, 9:01:52 PM]
----------------------------------
DiscordAPIError: Invalid Form Body
name: This field is required
EXTRA INFO:
Unknown
----------------------------------
[CALLER: Promise {
  <rejected> DiscordAPIError: Invalid Form Body
  name: This field is required
      at RequestHandler.execute (C:\Users\jaces\Desktop\Corebot\node_modules\discord.js\src\rest\RequestHandler.js:170:25)
      at processTicksAndRejections (internal/process/task_queues.js:93:5) {
    method: 'post',
    path: '/guilds/837104198419611649/channels',
    code: 50035,
    httpStatus: 400
  }
} | MS: 1620352938809 | DATE: 5/6/2021, 9:02:18 PM]
----------------------------------
DiscordAPIError: Invalid Form Body
name: This field is required
EXTRA INFO:
Unknown
----------------------------------
[CALLER: Promise {
  <rejected> DiscordAPIError: Invalid Form Body
  name: This field is required
      at RequestHandler.execute (C:\Users\jaces\Desktop\Corebot\node_modules\discord.js\src\rest\RequestHandler.js:170:25)
      at processTicksAndRejections (internal/process/task_queues.js:93:5) {
    method: 'post',
    path: '/guilds/832046329068650526/channels',
    code: 50035,
    httpStatus: 400
  }
} | MS: 1620352938833 | DATE: 5/6/2021, 9:02:18 PM]
----------------------------------
DiscordAPIError: Invalid Form Body
name: This field is required
EXTRA INFO:
Unknown
----------------------------------
[CALLER: Promise {
  <rejected> DiscordAPIError: Invalid Form Body
  name: This field is required
      at RequestHandler.execute (C:\Users\jaces\Desktop\Corebot\node_modules\discord.js\src\rest\RequestHandler.js:170:25)
      at processTicksAndRejections (internal/process/task_queues.js:93:5) {
    method: 'post',
    path: '/guilds/832046329068650526/channels',
    code: 50035,
    httpStatus: 400
  }
} | MS: 1620352942552 | DATE: 5/6/2021, 9:02:22 PM]
----------------------------------
DiscordAPIError: Invalid Form Body
name: This field is required
EXTRA INFO:
Unknown
----------------------------------
[CALLER: Promise {
  <rejected> DiscordAPIError: Invalid Form Body
  name: This field is required
      at RequestHandler.execute (C:\Users\jaces\Desktop\Corebot\node_modules\discord.js\src\rest\RequestHandler.js:170:25)
      at processTicksAndRejections (internal/process/task_queues.js:93:5) {
    method: 'post',
    path: '/guilds/837104198419611649/channels',
    code: 50035,
    httpStatus: 400
  }
} | MS: 1620352942580 | DATE: 5/6/2021, 9:02:22 PM]
----------------------------------
DiscordAPIError: Invalid Form Body
name: This field is required
EXTRA INFO:
Unknown
----------------------------------
[CALLER: Promise {
  <rejected> DiscordAPIError: Invalid Form Body
  name: This field is required
      at RequestHandler.execute (C:\Users\jaces\Desktop\Corebot\node_modules\discord.js\src\rest\RequestHandler.js:170:25)
      at processTicksAndRejections (internal/process/task_queues.js:93:5) {
    method: 'post',
    path: '/guilds/837104198419611649/channels',
    code: 50035,
    httpStatus: 400
  }
} | MS: 1620352968801 | DATE: 5/6/2021, 9:02:48 PM]
----------------------------------
DiscordAPIError: Invalid Form Body
name: This field is required
EXTRA INFO:
Unknown
----------------------------------
[CALLER: Promise {
  <rejected> DiscordAPIError: Invalid Form Body
  name: This field is required
      at RequestHandler.execute (C:\Users\jaces\Desktop\Corebot\node_modules\discord.js\src\rest\RequestHandler.js:170:25)
      at processTicksAndRejections (internal/process/task_queues.js:93:5) {
    method: 'post',
    path: '/guilds/832046329068650526/channels',
    code: 50035,
    httpStatus: 400
  }
} | MS: 1620352968803 | DATE: 5/6/2021, 9:02:48 PM]
----------------------------------
DiscordAPIError: Invalid Form Body
name: This field is required
EXTRA INFO:
Unknown
----------------------------------
[CALLER: Promise {
  <rejected> DiscordAPIError: Invalid Form Body
  name: This field is required
      at RequestHandler.execute (C:\Users\jaces\Desktop\Corebot\node_modules\discord.js\src\rest\RequestHandler.js:170:25)
      at processTicksAndRejections (internal/process/task_queues.js:93:5) {
    method: 'post',
    path: '/guilds/837104198419611649/channels',
    code: 50035,
    httpStatus: 400
  }
} | MS: 1620352972589 | DATE: 5/6/2021, 9:02:52 PM]
----------------------------------
DiscordAPIError: Invalid Form Body
name: This field is required
EXTRA INFO:
Unknown
----------------------------------
[CALLER: Promise {
  <rejected> DiscordAPIError: Invalid Form Body
  name: This field is required
      at RequestHandler.execute (C:\Users\jaces\Desktop\Corebot\node_modules\discord.js\src\rest\RequestHandler.js:170:25)
      at processTicksAndRejections (internal/process/task_queues.js:93:5) {
    method: 'post',
    path: '/guilds/832046329068650526/channels',
    code: 50035,
    httpStatus: 400
  }
} | MS: 1620352972591 | DATE: 5/6/2021, 9:02:52 PM]
----------------------------------
DiscordAPIError: Invalid Form Body
name: This field is required
EXTRA INFO:
Unknown
----------------------------------
[CALLER: Promise {
  <rejected> DiscordAPIError: Invalid Form Body
  name: This field is required
      at RequestHandler.execute (C:\Users\jaces\Desktop\Corebot\node_modules\discord.js\src\rest\RequestHandler.js:170:25)
      at processTicksAndRejections (internal/process/task_queues.js:93:5) {
    method: 'post',
    path: '/guilds/837104198419611649/channels',
    code: 50035,
    httpStatus: 400
  }
} | MS: 1620352998965 | DATE: 5/6/2021, 9:03:18 PM]
----------------------------------
DiscordAPIError: Invalid Form Body
name: This field is required
EXTRA INFO:
Unknown
----------------------------------
[CALLER: Promise {
  <rejected> DiscordAPIError: Invalid Form Body
  name: This field is required
      at RequestHandler.execute (C:\Users\jaces\Desktop\Corebot\node_modules\discord.js\src\rest\RequestHandler.js:170:25)
      at processTicksAndRejections (internal/process/task_queues.js:93:5) {
    method: 'post',
    path: '/guilds/832046329068650526/channels',
    code: 50035,
    httpStatus: 400
  }
} | MS: 1620352998996 | DATE: 5/6/2021, 9:03:18 PM]
----------------------------------
DiscordAPIError: Invalid Form Body
name: This field is required
EXTRA INFO:
Unknown
----------------------------------
[CALLER: Promise {
  <rejected> DiscordAPIError: Invalid Form Body
  name: This field is required
      at RequestHandler.execute (C:\Users\jaces\Desktop\Corebot\node_modules\discord.js\src\rest\RequestHandler.js:170:25)
      at processTicksAndRejections (internal/process/task_queues.js:93:5) {
    method: 'post',
    path: '/guilds/837104198419611649/channels',
    code: 50035,
    httpStatus: 400
  }
} | MS: 1620353002548 | DATE: 5/6/2021, 9:03:22 PM]
----------------------------------
DiscordAPIError: Invalid Form Body
name: This field is required
EXTRA INFO:
Unknown
----------------------------------
[CALLER: Promise {
  <rejected> DiscordAPIError: Invalid Form Body
  name: This field is required
      at RequestHandler.execute (C:\Users\jaces\Desktop\Corebot\node_modules\discord.js\src\rest\RequestHandler.js:170:25)
      at processTicksAndRejections (internal/process/task_queues.js:93:5) {
    method: 'post',
    path: '/guilds/832046329068650526/channels',
    code: 50035,
    httpStatus: 400
  }
} | MS: 1620353002595 | DATE: 5/6/2021, 9:03:22 PM]
----------------------------------
DiscordAPIError: Invalid Form Body
name: This field is required
EXTRA INFO:
Unknown
----------------------------------
[CALLER: Promise {
  <rejected> DiscordAPIError: Invalid Form Body
  name: This field is required
      at RequestHandler.execute (C:\Users\jaces\Desktop\Corebot\node_modules\discord.js\src\rest\RequestHandler.js:170:25)
      at processTicksAndRejections (internal/process/task_queues.js:93:5) {
    method: 'post',
    path: '/guilds/832046329068650526/channels',
    code: 50035,
    httpStatus: 400
  }
} | MS: 1620353028795 | DATE: 5/6/2021, 9:03:48 PM]
----------------------------------
DiscordAPIError: Invalid Form Body
name: This field is required
EXTRA INFO:
Unknown
----------------------------------
[CALLER: Promise {
  <rejected> DiscordAPIError: Invalid Form Body
  name: This field is required
      at RequestHandler.execute (C:\Users\jaces\Desktop\Corebot\node_modules\discord.js\src\rest\RequestHandler.js:170:25)
      at processTicksAndRejections (internal/process/task_queues.js:93:5) {
    method: 'post',
    path: '/guilds/837104198419611649/channels',
    code: 50035,
    httpStatus: 400
  }
} | MS: 1620353028831 | DATE: 5/6/2021, 9:03:48 PM]
----------------------------------
DiscordAPIError: Invalid Form Body
name: This field is required
EXTRA INFO:
Unknown
----------------------------------
[CALLER: Promise {
  <rejected> DiscordAPIError: Invalid Form Body
  name: This field is required
      at RequestHandler.execute (C:\Users\jaces\Desktop\Corebot\node_modules\discord.js\src\rest\RequestHandler.js:170:25)
      at processTicksAndRejections (internal/process/task_queues.js:93:5) {
    method: 'post',
    path: '/guilds/832046329068650526/channels',
    code: 50035,
    httpStatus: 400
  }
} | MS: 1620353032541 | DATE: 5/6/2021, 9:03:52 PM]
----------------------------------
DiscordAPIError: Invalid Form Body
name: This field is required
EXTRA INFO:
Unknown
----------------------------------
[CALLER: Promise {
  <rejected> DiscordAPIError: Invalid Form Body
  name: This field is required
      at RequestHandler.execute (C:\Users\jaces\Desktop\Corebot\node_modules\discord.js\src\rest\RequestHandler.js:170:25)
      at processTicksAndRejections (internal/process/task_queues.js:93:5) {
    method: 'post',
    path: '/guilds/837104198419611649/channels',
    code: 50035,
    httpStatus: 400
  }
} | MS: 1620353032547 | DATE: 5/6/2021, 9:03:52 PM]
----------------------------------
DiscordAPIError: Invalid Form Body
name: This field is required
EXTRA INFO:
Unknown
----------------------------------
[CALLER: Promise {
  <rejected> DiscordAPIError: Invalid Form Body
  name: This field is required
      at RequestHandler.execute (C:\Users\jaces\Desktop\Corebot\node_modules\discord.js\src\rest\RequestHandler.js:170:25)
      at processTicksAndRejections (internal/process/task_queues.js:93:5) {
    method: 'post',
    path: '/guilds/837104198419611649/channels',
    code: 50035,
    httpStatus: 400
  }
} | MS: 1620353058839 | DATE: 5/6/2021, 9:04:18 PM]
----------------------------------
DiscordAPIError: Invalid Form Body
name: This field is required
EXTRA INFO:
Unknown
----------------------------------
[CALLER: Promise {
  <rejected> DiscordAPIError: Invalid Form Body
  name: This field is required
      at RequestHandler.execute (C:\Users\jaces\Desktop\Corebot\node_modules\discord.js\src\rest\RequestHandler.js:170:25)
      at processTicksAndRejections (internal/process/task_queues.js:93:5) {
    method: 'post',
    path: '/guilds/832046329068650526/channels',
    code: 50035,
    httpStatus: 400
  }
} | MS: 1620353058845 | DATE: 5/6/2021, 9:04:18 PM]
----------------------------------
DiscordAPIError: Invalid Form Body
name: This field is required
EXTRA INFO:
Unknown
----------------------------------
[CALLER: Promise {
  <rejected> DiscordAPIError: Invalid Form Body
  name: This field is required
      at RequestHandler.execute (C:\Users\jaces\Desktop\Corebot\node_modules\discord.js\src\rest\RequestHandler.js:170:25)
      at processTicksAndRejections (internal/process/task_queues.js:93:5) {
    method: 'post',
    path: '/guilds/832046329068650526/channels',
    code: 50035,
    httpStatus: 400
  }
} | MS: 1620353062550 | DATE: 5/6/2021, 9:04:22 PM]
----------------------------------
DiscordAPIError: Invalid Form Body
name: This field is required
EXTRA INFO:
Unknown
----------------------------------
[CALLER: Promise {
  <rejected> DiscordAPIError: Invalid Form Body
  name: This field is required
      at RequestHandler.execute (C:\Users\jaces\Desktop\Corebot\node_modules\discord.js\src\rest\RequestHandler.js:170:25)
      at processTicksAndRejections (internal/process/task_queues.js:93:5) {
    method: 'post',
    path: '/guilds/837104198419611649/channels',
    code: 50035,
    httpStatus: 400
  }
} | MS: 1620353062575 | DATE: 5/6/2021, 9:04:22 PM]
----------------------------------
DiscordAPIError: Invalid Form Body
name: This field is required
EXTRA INFO:
Unknown
----------------------------------
[CALLER: Promise {
  <rejected> DiscordAPIError: Invalid Form Body
  name: This field is required
      at RequestHandler.execute (C:\Users\jaces\Desktop\Corebot\node_modules\discord.js\src\rest\RequestHandler.js:170:25)
      at runMicrotasks (<anonymous>)
      at processTicksAndRejections (internal/process/task_queues.js:93:5) {
    method: 'post',
    path: '/guilds/837104198419611649/channels',
    code: 50035,
    httpStatus: 400
  }
} | MS: 1620353088793 | DATE: 5/6/2021, 9:04:48 PM]
----------------------------------
DiscordAPIError: Invalid Form Body
name: This field is required
EXTRA INFO:
Unknown
----------------------------------
[CALLER: Promise {
  <rejected> DiscordAPIError: Invalid Form Body
  name: This field is required
      at RequestHandler.execute (C:\Users\jaces\Desktop\Corebot\node_modules\discord.js\src\rest\RequestHandler.js:170:25)
      at runMicrotasks (<anonymous>)
      at processTicksAndRejections (internal/process/task_queues.js:93:5) {
    method: 'post',
    path: '/guilds/832046329068650526/channels',
    code: 50035,
    httpStatus: 400
  }
} | MS: 1620353088800 | DATE: 5/6/2021, 9:04:48 PM]
----------------------------------
DiscordAPIError: Invalid Form Body
name: This field is required
EXTRA INFO:
Unknown
----------------------------------
[CALLER: Promise {
  <rejected> DiscordAPIError: Invalid Form Body
  name: This field is required
      at RequestHandler.execute (C:\Users\jaces\Desktop\Corebot\node_modules\discord.js\src\rest\RequestHandler.js:170:25)
      at runMicrotasks (<anonymous>)
      at processTicksAndRejections (internal/process/task_queues.js:93:5) {
    method: 'post',
    path: '/guilds/832046329068650526/channels',
    code: 50035,
    httpStatus: 400
  }
} | MS: 1620353092542 | DATE: 5/6/2021, 9:04:52 PM]
----------------------------------
DiscordAPIError: Invalid Form Body
name: This field is required
EXTRA INFO:
Unknown
----------------------------------
[CALLER: Promise {
  <rejected> DiscordAPIError: Invalid Form Body
  name: This field is required
      at RequestHandler.execute (C:\Users\jaces\Desktop\Corebot\node_modules\discord.js\src\rest\RequestHandler.js:170:25)
      at runMicrotasks (<anonymous>)
      at processTicksAndRejections (internal/process/task_queues.js:93:5) {
    method: 'post',
    path: '/guilds/837104198419611649/channels',
    code: 50035,
    httpStatus: 400
  }
} | MS: 1620353092556 | DATE: 5/6/2021, 9:04:52 PM]
----------------------------------
DiscordAPIError: Invalid Form Body
name: This field is required
EXTRA INFO:
Unknown
----------------------------------
[CALLER: AddonHandler.js:123:44 | MS: 1620353101235 | DATE: 5/6/2021, 9:05:01 PM]
-------------------------------------------------------------------
Cannot find module 'paypal-rest-sdk'
Require stack:
- C:\Users\jaces\Desktop\Corebot\addons\BusinessPayPal.js
- C:\Users\jaces\Desktop\Corebot\modules\handlers\AddonHandler.js
- C:\Users\jaces\Desktop\Corebot\commands\management\addon.js
- C:\Users\jaces\Desktop\Corebot\modules\handlers\CommandHandler.js
- C:\Users\jaces\Desktop\Corebot\index.js
EXTRA INFO:
Error: Cannot find module 'paypal-rest-sdk'
Require stack:
- C:\Users\jaces\Desktop\Corebot\addons\BusinessPayPal.js
- C:\Users\jaces\Desktop\Corebot\modules\handlers\AddonHandler.js
- C:\Users\jaces\Desktop\Corebot\commands\management\addon.js
- C:\Users\jaces\Desktop\Corebot\modules\handlers\CommandHandler.js
- C:\Users\jaces\Desktop\Corebot\index.js
    at Function.Module._resolveFilename (internal/modules/cjs/loader.js:880:15)
    at Function.Module._load (internal/modules/cjs/loader.js:725:27)
    at Module.require (internal/modules/cjs/loader.js:952:19)
    at require (internal/modules/cjs/helpers.js:88:18)
    at Object.<anonymous> (C:\Users\jaces\Desktop\Corebot\addons\BusinessPayPal.js:1:1680)
    at Module._compile (internal/modules/cjs/loader.js:1063:30)
    at Object.Module._extensions..js (internal/modules/cjs/loader.js:1092:10)
    at Module.load (internal/modules/cjs/loader.js:928:32)
    at Function.Module._load (internal/modules/cjs/loader.js:769:14)
    at Module.require (internal/modules/cjs/loader.js:952:19)
    at require (internal/modules/cjs/helpers.js:88:18)
    at C:\Users\jaces\Desktop\Corebot\modules\handlers\AddonHandler.js:112:35
    at Array.forEach (<anonymous>)
    at C:\Users\jaces\Desktop\Corebot\modules\handlers\AddonHandler.js:110:18
    at FSReqCallback.oncomplete (fs.js:171:23)
-------------------------------------------------------------------
[CALLER: Promise {
  <rejected> DiscordAPIError: Invalid Form Body
  name: This field is required
      at RequestHandler.execute (C:\Users\jaces\Desktop\Corebot\node_modules\discord.js\src\rest\RequestHandler.js:170:25)
      at runMicrotasks (<anonymous>)
      at processTicksAndRejections (internal/process/task_queues.js:93:5) {
    method: 'post',
    path: '/guilds/837104198419611649/channels',
    code: 50035,
    httpStatus: 400
  }
} | MS: 1620353101379 | DATE: 5/6/2021, 9:05:01 PM]
----------------------------------
DiscordAPIError: Invalid Form Body
name: This field is required
EXTRA INFO:
Unknown
----------------------------------
[CALLER: Promise {
  <rejected> DiscordAPIError: Invalid Form Body
  name: This field is required
      at RequestHandler.execute (C:\Users\jaces\Desktop\Corebot\node_modules\discord.js\src\rest\RequestHandler.js:170:25)
      at runMicrotasks (<anonymous>)
      at processTicksAndRejections (internal/process/task_queues.js:93:5) {
    method: 'post',
    path: '/guilds/832046329068650526/channels',
    code: 50035,
    httpStatus: 400
  }
} | MS: 1620353101388 | DATE: 5/6/2021, 9:05:01 PM]
----------------------------------
DiscordAPIError: Invalid Form Body
name: This field is required
EXTRA INFO:
Unknown
----------------------------------
[CALLER: Promise {
  <rejected> DiscordAPIError: Invalid Form Body
  name: This field is required
      at RequestHandler.execute (C:\Users\jaces\Desktop\Corebot\node_modules\discord.js\src\rest\RequestHandler.js:170:25)
      at runMicrotasks (<anonymous>)
      at processTicksAndRejections (internal/process/task_queues.js:93:5) {
    method: 'post',
    path: '/guilds/832046329068650526/channels',
    code: 50035,
    httpStatus: 400
  }
} | MS: 1620353118801 | DATE: 5/6/2021, 9:05:18 PM]
----------------------------------
DiscordAPIError: Invalid Form Body
name: This field is required
EXTRA INFO:
Unknown
----------------------------------
[CALLER: Promise {
  <rejected> DiscordAPIError: Invalid Form Body
  name: This field is required
      at RequestHandler.execute (C:\Users\jaces\Desktop\Corebot\node_modules\discord.js\src\rest\RequestHandler.js:170:25)
      at runMicrotasks (<anonymous>)
      at processTicksAndRejections (internal/process/task_queues.js:93:5) {
    method: 'post',
    path: '/guilds/837104198419611649/channels',
    code: 50035,
    httpStatus: 400
  }
} | MS: 1620353118815 | DATE: 5/6/2021, 9:05:18 PM]
----------------------------------
DiscordAPIError: Invalid Form Body
name: This field is required
EXTRA INFO:
Unknown
----------------------------------
[CALLER: Promise {
  <rejected> DiscordAPIError: Invalid Form Body
  name: This field is required
      at RequestHandler.execute (C:\Users\jaces\Desktop\Corebot\node_modules\discord.js\src\rest\RequestHandler.js:170:25)
      at runMicrotasks (<anonymous>)
      at processTicksAndRejections (internal/process/task_queues.js:93:5) {
    method: 'post',
    path: '/guilds/837104198419611649/channels',
    code: 50035,
    httpStatus: 400
  }
} | MS: 1620353122565 | DATE: 5/6/2021, 9:05:22 PM]
----------------------------------
DiscordAPIError: Invalid Form Body
name: This field is required
EXTRA INFO:
Unknown
----------------------------------
[CALLER: Promise {
  <rejected> DiscordAPIError: Invalid Form Body
  name: This field is required
      at RequestHandler.execute (C:\Users\jaces\Desktop\Corebot\node_modules\discord.js\src\rest\RequestHandler.js:170:25)
      at runMicrotasks (<anonymous>)
      at processTicksAndRejections (internal/process/task_queues.js:93:5) {
    method: 'post',
    path: '/guilds/832046329068650526/channels',
    code: 50035,
    httpStatus: 400
  }
} | MS: 1620353122578 | DATE: 5/6/2021, 9:05:22 PM]
----------------------------------
DiscordAPIError: Invalid Form Body
name: This field is required
EXTRA INFO:
Unknown
----------------------------------
[CALLER: Promise {
  <rejected> DiscordAPIError: Invalid Form Body
  name: This field is required
      at RequestHandler.execute (C:\Users\jaces\Desktop\Corebot\node_modules\discord.js\src\rest\RequestHandler.js:170:25)
      at runMicrotasks (<anonymous>)
      at processTicksAndRejections (internal/process/task_queues.js:93:5) {
    method: 'post',
    path: '/guilds/832046329068650526/channels',
    code: 50035,
    httpStatus: 400
  }
} | MS: 1620353131350 | DATE: 5/6/2021, 9:05:31 PM]
----------------------------------
DiscordAPIError: Invalid Form Body
name: This field is required
EXTRA INFO:
Unknown
----------------------------------
[CALLER: Promise {
  <rejected> DiscordAPIError: Invalid Form Body
  name: This field is required
      at RequestHandler.execute (C:\Users\jaces\Desktop\Corebot\node_modules\discord.js\src\rest\RequestHandler.js:170:25)
      at runMicrotasks (<anonymous>)
      at processTicksAndRejections (internal/process/task_queues.js:93:5) {
    method: 'post',
    path: '/guilds/837104198419611649/channels',
    code: 50035,
    httpStatus: 400
  }
} | MS: 1620353131367 | DATE: 5/6/2021, 9:05:31 PM]
----------------------------------
DiscordAPIError: Invalid Form Body
name: This field is required
EXTRA INFO:
Unknown
----------------------------------
[CALLER: Promise {
  <rejected> DiscordAPIError: Invalid Form Body
  name: This field is required
      at RequestHandler.execute (C:\Users\jaces\Desktop\Corebot\node_modules\discord.js\src\rest\RequestHandler.js:170:25)
      at runMicrotasks (<anonymous>)
      at processTicksAndRejections (internal/process/task_queues.js:93:5) {
    method: 'post',
    path: '/guilds/832046329068650526/channels',
    code: 50035,
    httpStatus: 400
  }
} | MS: 1620353148814 | DATE: 5/6/2021, 9:05:48 PM]
----------------------------------
DiscordAPIError: Invalid Form Body
name: This field is required
EXTRA INFO:
Unknown
----------------------------------
[CALLER: Promise {
  <rejected> DiscordAPIError: Invalid Form Body
  name: This field is required
      at RequestHandler.execute (C:\Users\jaces\Desktop\Corebot\node_modules\discord.js\src\rest\RequestHandler.js:170:25)
      at runMicrotasks (<anonymous>)
      at processTicksAndRejections (internal/process/task_queues.js:93:5) {
    method: 'post',
    path: '/guilds/837104198419611649/channels',
    code: 50035,
    httpStatus: 400
  }
} | MS: 1620353148817 | DATE: 5/6/2021, 9:05:48 PM]
----------------------------------
DiscordAPIError: Invalid Form Body
name: This field is required
EXTRA INFO:
Unknown
----------------------------------
[CALLER: Promise {
  <rejected> DiscordAPIError: Invalid Form Body
  name: This field is required
      at RequestHandler.execute (C:\Users\jaces\Desktop\Corebot\node_modules\discord.js\src\rest\RequestHandler.js:170:25)
      at runMicrotasks (<anonymous>)
      at processTicksAndRejections (internal/process/task_queues.js:93:5) {
    method: 'post',
    path: '/guilds/832046329068650526/channels',
    code: 50035,
    httpStatus: 400
  }
} | MS: 1620353152554 | DATE: 5/6/2021, 9:05:52 PM]
----------------------------------
DiscordAPIError: Invalid Form Body
name: This field is required
EXTRA INFO:
Unknown
----------------------------------
[CALLER: Promise {
  <rejected> DiscordAPIError: Invalid Form Body
  name: This field is required
      at RequestHandler.execute (C:\Users\jaces\Desktop\Corebot\node_modules\discord.js\src\rest\RequestHandler.js:170:25)
      at runMicrotasks (<anonymous>)
      at processTicksAndRejections (internal/process/task_queues.js:93:5) {
    method: 'post',
    path: '/guilds/837104198419611649/channels',
    code: 50035,
    httpStatus: 400
  }
} | MS: 1620353152561 | DATE: 5/6/2021, 9:05:52 PM]
----------------------------------
DiscordAPIError: Invalid Form Body
name: This field is required
EXTRA INFO:
Unknown
----------------------------------
[CALLER: Promise {
  <rejected> DiscordAPIError: Invalid Form Body
  name: This field is required
      at RequestHandler.execute (C:\Users\jaces\Desktop\Corebot\node_modules\discord.js\src\rest\RequestHandler.js:170:25)
      at runMicrotasks (<anonymous>)
      at processTicksAndRejections (internal/process/task_queues.js:93:5) {
    method: 'post',
    path: '/guilds/837104198419611649/channels',
    code: 50035,
    httpStatus: 400
  }
} | MS: 1620353161350 | DATE: 5/6/2021, 9:06:01 PM]
----------------------------------
DiscordAPIError: Invalid Form Body
name: This field is required
EXTRA INFO:
Unknown
----------------------------------
[CALLER: Promise {
  <rejected> DiscordAPIError: Invalid Form Body
  name: This field is required
      at RequestHandler.execute (C:\Users\jaces\Desktop\Corebot\node_modules\discord.js\src\rest\RequestHandler.js:170:25)
      at runMicrotasks (<anonymous>)
      at processTicksAndRejections (internal/process/task_queues.js:93:5) {
    method: 'post',
    path: '/guilds/832046329068650526/channels',
    code: 50035,
    httpStatus: 400
  }
} | MS: 1620353161384 | DATE: 5/6/2021, 9:06:01 PM]
----------------------------------
DiscordAPIError: Invalid Form Body
name: This field is required
EXTRA INFO:
Unknown
----------------------------------
[CALLER: Promise {
  <rejected> DiscordAPIError: Invalid Form Body
  name: This field is required
      at RequestHandler.execute (C:\Users\jaces\Desktop\Corebot\node_modules\discord.js\src\rest\RequestHandler.js:170:25)
      at runMicrotasks (<anonymous>)
      at processTicksAndRejections (internal/process/task_queues.js:93:5) {
    method: 'post',
    path: '/guilds/837104198419611649/channels',
    code: 50035,
    httpStatus: 400
  }
} | MS: 1620353178797 | DATE: 5/6/2021, 9:06:18 PM]
----------------------------------
DiscordAPIError: Invalid Form Body
name: This field is required
EXTRA INFO:
Unknown
----------------------------------
[CALLER: Promise {
  <rejected> DiscordAPIError: Invalid Form Body
  name: This field is required
      at RequestHandler.execute (C:\Users\jaces\Desktop\Corebot\node_modules\discord.js\src\rest\RequestHandler.js:170:25)
      at runMicrotasks (<anonymous>)
      at processTicksAndRejections (internal/process/task_queues.js:93:5) {
    method: 'post',
    path: '/guilds/832046329068650526/channels',
    code: 50035,
    httpStatus: 400
  }
} | MS: 1620353178800 | DATE: 5/6/2021, 9:06:18 PM]
----------------------------------
DiscordAPIError: Invalid Form Body
name: This field is required
EXTRA INFO:
Unknown
----------------------------------
[CALLER: Promise {
  <rejected> DiscordAPIError: Invalid Form Body
  name: This field is required
      at RequestHandler.execute (C:\Users\jaces\Desktop\Corebot\node_modules\discord.js\src\rest\RequestHandler.js:170:25)
      at runMicrotasks (<anonymous>)
      at processTicksAndRejections (internal/process/task_queues.js:93:5) {
    method: 'post',
    path: '/guilds/837104198419611649/channels',
    code: 50035,
    httpStatus: 400
  }
} | MS: 1620353182548 | DATE: 5/6/2021, 9:06:22 PM]
----------------------------------
DiscordAPIError: Invalid Form Body
name: This field is required
EXTRA INFO:
Unknown
----------------------------------
[CALLER: Promise {
  <rejected> DiscordAPIError: Invalid Form Body
  name: This field is required
      at RequestHandler.execute (C:\Users\jaces\Desktop\Corebot\node_modules\discord.js\src\rest\RequestHandler.js:170:25)
      at runMicrotasks (<anonymous>)
      at processTicksAndRejections (internal/process/task_queues.js:93:5) {
    method: 'post',
    path: '/guilds/832046329068650526/channels',
    code: 50035,
    httpStatus: 400
  }
} | MS: 1620353182560 | DATE: 5/6/2021, 9:06:22 PM]
----------------------------------
DiscordAPIError: Invalid Form Body
name: This field is required
EXTRA INFO:
Unknown
----------------------------------
[CALLER: Promise {
  <rejected> DiscordAPIError: Invalid Form Body
  name: This field is required
      at RequestHandler.execute (C:\Users\jaces\Desktop\Corebot\node_modules\discord.js\src\rest\RequestHandler.js:170:25)
      at runMicrotasks (<anonymous>)
      at processTicksAndRejections (internal/process/task_queues.js:93:5) {
    method: 'post',
    path: '/guilds/832046329068650526/channels',
    code: 50035,
    httpStatus: 400
  }
} | MS: 1620353191334 | DATE: 5/6/2021, 9:06:31 PM]
----------------------------------
DiscordAPIError: Invalid Form Body
name: This field is required
EXTRA INFO:
Unknown
----------------------------------
[CALLER: Promise {
  <rejected> DiscordAPIError: Invalid Form Body
  name: This field is required
      at RequestHandler.execute (C:\Users\jaces\Desktop\Corebot\node_modules\discord.js\src\rest\RequestHandler.js:170:25)
      at runMicrotasks (<anonymous>)
      at processTicksAndRejections (internal/process/task_queues.js:93:5) {
    method: 'post',
    path: '/guilds/837104198419611649/channels',
    code: 50035,
    httpStatus: 400
  }
} | MS: 1620353191381 | DATE: 5/6/2021, 9:06:31 PM]
----------------------------------
DiscordAPIError: Invalid Form Body
name: This field is required
EXTRA INFO:
Unknown
----------------------------------
[CALLER: Promise {
  <rejected> DiscordAPIError: Invalid Form Body
  name: This field is required
      at RequestHandler.execute (C:\Users\jaces\Desktop\Corebot\node_modules\discord.js\src\rest\RequestHandler.js:170:25)
      at runMicrotasks (<anonymous>)
      at processTicksAndRejections (internal/process/task_queues.js:93:5) {
    method: 'post',
    path: '/guilds/832046329068650526/channels',
    code: 50035,
    httpStatus: 400
  }
} | MS: 1620353208794 | DATE: 5/6/2021, 9:06:48 PM]
----------------------------------
DiscordAPIError: Invalid Form Body
name: This field is required
EXTRA INFO:
Unknown
----------------------------------
[CALLER: Promise {
  <rejected> DiscordAPIError: Invalid Form Body
  name: This field is required
      at RequestHandler.execute (C:\Users\jaces\Desktop\Corebot\node_modules\discord.js\src\rest\RequestHandler.js:170:25)
      at runMicrotasks (<anonymous>)
      at processTicksAndRejections (internal/process/task_queues.js:93:5) {
    method: 'post',
    path: '/guilds/837104198419611649/channels',
    code: 50035,
    httpStatus: 400
  }
} | MS: 1620353208801 | DATE: 5/6/2021, 9:06:48 PM]
----------------------------------
DiscordAPIError: Invalid Form Body
name: This field is required
EXTRA INFO:
Unknown
----------------------------------
[CALLER: Promise {
  <rejected> DiscordAPIError: Invalid Form Body
  name: This field is required
      at RequestHandler.execute (C:\Users\jaces\Desktop\Corebot\node_modules\discord.js\src\rest\RequestHandler.js:170:25)
      at runMicrotasks (<anonymous>)
      at processTicksAndRejections (internal/process/task_queues.js:93:5) {
    method: 'post',
    path: '/guilds/832046329068650526/channels',
    code: 50035,
    httpStatus: 400
  }
} | MS: 1620353212594 | DATE: 5/6/2021, 9:06:52 PM]
----------------------------------
DiscordAPIError: Invalid Form Body
name: This field is required
EXTRA INFO:
Unknown
----------------------------------
[CALLER: Promise {
  <rejected> DiscordAPIError: Invalid Form Body
  name: This field is required
      at RequestHandler.execute (C:\Users\jaces\Desktop\Corebot\node_modules\discord.js\src\rest\RequestHandler.js:170:25)
      at runMicrotasks (<anonymous>)
      at processTicksAndRejections (internal/process/task_queues.js:93:5) {
    method: 'post',
    path: '/guilds/837104198419611649/channels',
    code: 50035,
    httpStatus: 400
  }
} | MS: 1620353212596 | DATE: 5/6/2021, 9:06:52 PM]
----------------------------------
DiscordAPIError: Invalid Form Body
name: This field is required
EXTRA INFO:
Unknown
----------------------------------
[CALLER: Promise {
  <rejected> DiscordAPIError: Invalid Form Body
  name: This field is required
      at RequestHandler.execute (C:\Users\jaces\Desktop\Corebot\node_modules\discord.js\src\rest\RequestHandler.js:170:25)
      at runMicrotasks (<anonymous>)
      at processTicksAndRejections (internal/process/task_queues.js:93:5) {
    method: 'post',
    path: '/guilds/837104198419611649/channels',
    code: 50035,
    httpStatus: 400
  }
} | MS: 1620353221345 | DATE: 5/6/2021, 9:07:01 PM]
----------------------------------
DiscordAPIError: Invalid Form Body
name: This field is required
EXTRA INFO:
Unknown
----------------------------------
[CALLER: Promise {
  <rejected> DiscordAPIError: Invalid Form Body
  name: This field is required
      at RequestHandler.execute (C:\Users\jaces\Desktop\Corebot\node_modules\discord.js\src\rest\RequestHandler.js:170:25)
      at runMicrotasks (<anonymous>)
      at processTicksAndRejections (internal/process/task_queues.js:93:5) {
    method: 'post',
    path: '/guilds/832046329068650526/channels',
    code: 50035,
    httpStatus: 400
  }
} | MS: 1620353221364 | DATE: 5/6/2021, 9:07:01 PM]
----------------------------------
DiscordAPIError: Invalid Form Body
name: This field is required
EXTRA INFO:
Unknown
----------------------------------
[CALLER: Promise {
  <rejected> DiscordAPIError: Invalid Form Body
  name: This field is required
      at RequestHandler.execute (C:\Users\jaces\Desktop\Corebot\node_modules\discord.js\src\rest\RequestHandler.js:170:25)
      at runMicrotasks (<anonymous>)
      at processTicksAndRejections (internal/process/task_queues.js:93:5) {
    method: 'post',
    path: '/guilds/837104198419611649/channels',
    code: 50035,
    httpStatus: 400
  }
} | MS: 1620353238815 | DATE: 5/6/2021, 9:07:18 PM]
----------------------------------
DiscordAPIError: Invalid Form Body
name: This field is required
EXTRA INFO:
Unknown
----------------------------------
[CALLER: Promise {
  <rejected> DiscordAPIError: Invalid Form Body
  name: This field is required
      at RequestHandler.execute (C:\Users\jaces\Desktop\Corebot\node_modules\discord.js\src\rest\RequestHandler.js:170:25)
      at runMicrotasks (<anonymous>)
      at processTicksAndRejections (internal/process/task_queues.js:93:5) {
    method: 'post',
    path: '/guilds/832046329068650526/channels',
    code: 50035,
    httpStatus: 400
  }
} | MS: 1620353238819 | DATE: 5/6/2021, 9:07:18 PM]
----------------------------------
DiscordAPIError: Invalid Form Body
name: This field is required
EXTRA INFO:
Unknown
----------------------------------
[CALLER: Promise {
  <rejected> DiscordAPIError: Invalid Form Body
  name: This field is required
      at RequestHandler.execute (C:\Users\jaces\Desktop\Corebot\node_modules\discord.js\src\rest\RequestHandler.js:170:25)
      at runMicrotasks (<anonymous>)
      at processTicksAndRejections (internal/process/task_queues.js:93:5) {
    method: 'post',
    path: '/guilds/837104198419611649/channels',
    code: 50035,
    httpStatus: 400
  }
} | MS: 1620353242593 | DATE: 5/6/2021, 9:07:22 PM]
----------------------------------
DiscordAPIError: Invalid Form Body
name: This field is required
EXTRA INFO:
Unknown
----------------------------------
[CALLER: Promise {
  <rejected> DiscordAPIError: Invalid Form Body
  name: This field is required
      at RequestHandler.execute (C:\Users\jaces\Desktop\Corebot\node_modules\discord.js\src\rest\RequestHandler.js:170:25)
      at runMicrotasks (<anonymous>)
      at processTicksAndRejections (internal/process/task_queues.js:93:5) {
    method: 'post',
    path: '/guilds/832046329068650526/channels',
    code: 50035,
    httpStatus: 400
  }
} | MS: 1620353242612 | DATE: 5/6/2021, 9:07:22 PM]
----------------------------------
DiscordAPIError: Invalid Form Body
name: This field is required
EXTRA INFO:
Unknown
----------------------------------
[CALLER: Promise {
  <rejected> DiscordAPIError: Invalid Form Body
  name: This field is required
      at RequestHandler.execute (C:\Users\jaces\Desktop\Corebot\node_modules\discord.js\src\rest\RequestHandler.js:170:25)
      at runMicrotasks (<anonymous>)
      at processTicksAndRejections (internal/process/task_queues.js:93:5) {
    method: 'post',
    path: '/guilds/832046329068650526/channels',
    code: 50035,
    httpStatus: 400
  }
} | MS: 1620353251347 | DATE: 5/6/2021, 9:07:31 PM]
----------------------------------
DiscordAPIError: Invalid Form Body
name: This field is required
EXTRA INFO:
Unknown
----------------------------------
[CALLER: Promise {
  <rejected> DiscordAPIError: Invalid Form Body
  name: This field is required
      at RequestHandler.execute (C:\Users\jaces\Desktop\Corebot\node_modules\discord.js\src\rest\RequestHandler.js:170:25)
      at runMicrotasks (<anonymous>)
      at processTicksAndRejections (internal/process/task_queues.js:93:5) {
    method: 'post',
    path: '/guilds/837104198419611649/channels',
    code: 50035,
    httpStatus: 400
  }
} | MS: 1620353251396 | DATE: 5/6/2021, 9:07:31 PM]
----------------------------------
DiscordAPIError: Invalid Form Body
name: This field is required
EXTRA INFO:
Unknown
----------------------------------
[CALLER: Promise {
  <rejected> DiscordAPIError: Invalid Form Body
  name: This field is required
      at RequestHandler.execute (C:\Users\jaces\Desktop\Corebot\node_modules\discord.js\src\rest\RequestHandler.js:170:25)
      at runMicrotasks (<anonymous>)
      at processTicksAndRejections (internal/process/task_queues.js:93:5) {
    method: 'post',
    path: '/guilds/832046329068650526/channels',
    code: 50035,
    httpStatus: 400
  }
} | MS: 1620353268947 | DATE: 5/6/2021, 9:07:48 PM]
----------------------------------
DiscordAPIError: Invalid Form Body
name: This field is required
EXTRA INFO:
Unknown
----------------------------------
[CALLER: Promise {
  <rejected> DiscordAPIError: Invalid Form Body
  name: This field is required
      at RequestHandler.execute (C:\Users\jaces\Desktop\Corebot\node_modules\discord.js\src\rest\RequestHandler.js:170:25)
      at runMicrotasks (<anonymous>)
      at processTicksAndRejections (internal/process/task_queues.js:93:5) {
    method: 'post',
    path: '/guilds/837104198419611649/channels',
    code: 50035,
    httpStatus: 400
  }
} | MS: 1620353268969 | DATE: 5/6/2021, 9:07:48 PM]
----------------------------------
DiscordAPIError: Invalid Form Body
name: This field is required
EXTRA INFO:
Unknown
----------------------------------
[CALLER: RequestHandler.js:107:21 | MS: 1620353272457 | DATE: 5/6/2021, 9:07:52 PM]
-------------------------------------------------------------------------------------------------------------------------------------
FetchError: request to https://discordapp.com/api/v7/channels/840041597390684250 failed, reason: getaddrinfo ENOTFOUND discordapp.com
EXTRA INFO:
Promise {
  <rejected> HTTPError [FetchError]: request to https://discordapp.com/api/v7/channels/840041597390684250 failed, reason: getaddrinfo ENOTFOUND discordapp.com
      at RequestHandler.execute (C:\Users\jaces\Desktop\Corebot\node_modules\discord.js\src\rest\RequestHandler.js:107:21)
      at runMicrotasks (<anonymous>)
      at processTicksAndRejections (internal/process/task_queues.js:93:5) {
    code: 500,
    method: 'patch',
    path: '/channels/840041597390684250'
  }
}
-------------------------------------------------------------------------------------------------------------------------------------
[CALLER: RequestHandler.js:107:21 | MS: 1620353272458 | DATE: 5/6/2021, 9:07:52 PM]
-------------------------------------------------------------------------------------------------------------------------------------
FetchError: request to https://discordapp.com/api/v7/channels/840041596874391572 failed, reason: getaddrinfo ENOTFOUND discordapp.com
EXTRA INFO:
Promise {
  <rejected> HTTPError [FetchError]: request to https://discordapp.com/api/v7/channels/840041596874391572 failed, reason: getaddrinfo ENOTFOUND discordapp.com
      at RequestHandler.execute (C:\Users\jaces\Desktop\Corebot\node_modules\discord.js\src\rest\RequestHandler.js:107:21)
      at runMicrotasks (<anonymous>)
      at processTicksAndRejections (internal/process/task_queues.js:93:5) {
    code: 500,
    method: 'patch',
    path: '/channels/840041596874391572'
  }
}
-------------------------------------------------------------------------------------------------------------------------------------
[CALLER: RequestHandler.js:107:21 | MS: 1620353272458 | DATE: 5/6/2021, 9:07:52 PM]
-------------------------------------------------------------------------------------------------------------------------------------
FetchError: request to https://discordapp.com/api/v7/channels/840041597918773258 failed, reason: getaddrinfo ENOTFOUND discordapp.com
EXTRA INFO:
Promise {
  <rejected> HTTPError [FetchError]: request to https://discordapp.com/api/v7/channels/840041597918773258 failed, reason: getaddrinfo ENOTFOUND discordapp.com
      at RequestHandler.execute (C:\Users\jaces\Desktop\Corebot\node_modules\discord.js\src\rest\RequestHandler.js:107:21)
      at runMicrotasks (<anonymous>)
      at processTicksAndRejections (internal/process/task_queues.js:93:5) {
    code: 500,
    method: 'patch',
    path: '/channels/840041597918773258'
  }
}
-------------------------------------------------------------------------------------------------------------------------------------
[CALLER: RequestHandler.js:107:21 | MS: 1620353272459 | DATE: 5/6/2021, 9:07:52 PM]
-------------------------------------------------------------------------------------------------------------------------------------
FetchError: request to https://discordapp.com/api/v7/channels/840041596803612672 failed, reason: getaddrinfo ENOTFOUND discordapp.com
EXTRA INFO:
Promise {
  <rejected> HTTPError [FetchError]: request to https://discordapp.com/api/v7/channels/840041596803612672 failed, reason: getaddrinfo ENOTFOUND discordapp.com
      at RequestHandler.execute (C:\Users\jaces\Desktop\Corebot\node_modules\discord.js\src\rest\RequestHandler.js:107:21)
      at runMicrotasks (<anonymous>)
      at processTicksAndRejections (internal/process/task_queues.js:93:5) {
    code: 500,
    method: 'patch',
    path: '/channels/840041596803612672'
  }
}
-------------------------------------------------------------------------------------------------------------------------------------
[CALLER: RequestHandler.js:107:21 | MS: 1620353272459 | DATE: 5/6/2021, 9:07:52 PM]
--------------------------------------------------------------------------------------------------------------------------------------------
FetchError: request to https://discordapp.com/api/v7/guilds/832046329068650526/channels failed, reason: getaddrinfo ENOTFOUND discordapp.com
EXTRA INFO:
Promise {
  <rejected> HTTPError [FetchError]: request to https://discordapp.com/api/v7/guilds/832046329068650526/channels failed, reason: getaddrinfo ENOTFOUND discordapp.com
      at RequestHandler.execute (C:\Users\jaces\Desktop\Corebot\node_modules\discord.js\src\rest\RequestHandler.js:107:21)
      at runMicrotasks (<anonymous>)
      at processTicksAndRejections (internal/process/task_queues.js:93:5) {
    code: 500,
    method: 'post',
    path: '/guilds/832046329068650526/channels'
  }
}
--------------------------------------------------------------------------------------------------------------------------------------------
[CALLER: RequestHandler.js:107:21 | MS: 1620353272461 | DATE: 5/6/2021, 9:07:52 PM]
--------------------------------------------------------------------------------------------------------------------------------------------
FetchError: request to https://discordapp.com/api/v7/guilds/837104198419611649/channels failed, reason: getaddrinfo ENOTFOUND discordapp.com
EXTRA INFO:
Promise {
  <rejected> HTTPError [FetchError]: request to https://discordapp.com/api/v7/guilds/837104198419611649/channels failed, reason: getaddrinfo ENOTFOUND discordapp.com
      at RequestHandler.execute (C:\Users\jaces\Desktop\Corebot\node_modules\discord.js\src\rest\RequestHandler.js:107:21)
      at runMicrotasks (<anonymous>)
      at processTicksAndRejections (internal/process/task_queues.js:93:5) {
    code: 500,
    method: 'post',
    path: '/guilds/837104198419611649/channels'
  }
}
--------------------------------------------------------------------------------------------------------------------------------------------
[CALLER: RequestHandler.js:107:21 | MS: 1620353272460 | DATE: 5/6/2021, 9:07:52 PM]
-------------------------------------------------------------------------------------------------------------------------------------
FetchError: request to https://discordapp.com/api/v7/channels/840041597562781708 failed, reason: getaddrinfo ENOTFOUND discordapp.com
EXTRA INFO:
Promise {
  <rejected> HTTPError [FetchError]: request to https://discordapp.com/api/v7/channels/840041597562781708 failed, reason: getaddrinfo ENOTFOUND discordapp.com
      at RequestHandler.execute (C:\Users\jaces\Desktop\Corebot\node_modules\discord.js\src\rest\RequestHandler.js:107:21)
      at runMicrotasks (<anonymous>)
      at processTicksAndRejections (internal/process/task_queues.js:93:5) {
    code: 500,
    method: 'patch',
    path: '/channels/840041597562781708'
  }
}
-------------------------------------------------------------------------------------------------------------------------------------
[CALLER: RequestHandler.js:107:21 | MS: 1620353272460 | DATE: 5/6/2021, 9:07:52 PM]
-------------------------------------------------------------------------------------------------------------------------------------
FetchError: request to https://discordapp.com/api/v7/channels/840041597273767977 failed, reason: getaddrinfo ENOTFOUND discordapp.com
EXTRA INFO:
Promise {
  <rejected> HTTPError [FetchError]: request to https://discordapp.com/api/v7/channels/840041597273767977 failed, reason: getaddrinfo ENOTFOUND discordapp.com
      at RequestHandler.execute (C:\Users\jaces\Desktop\Corebot\node_modules\discord.js\src\rest\RequestHandler.js:107:21)
      at runMicrotasks (<anonymous>)
      at processTicksAndRejections (internal/process/task_queues.js:93:5) {
    code: 500,
    method: 'patch',
    path: '/channels/840041597273767977'
  }
}
-------------------------------------------------------------------------------------------------------------------------------------
[CALLER: Promise {
  <rejected> DiscordAPIError: Invalid Form Body
  name: This field is required
      at RequestHandler.execute (C:\Users\jaces\Desktop\Corebot\node_modules\discord.js\src\rest\RequestHandler.js:170:25)
      at runMicrotasks (<anonymous>)
      at processTicksAndRejections (internal/process/task_queues.js:93:5) {
    method: 'post',
    path: '/guilds/832046329068650526/channels',
    code: 50035,
    httpStatus: 400
  }
} | MS: 1620353281418 | DATE: 5/6/2021, 9:08:01 PM]
----------------------------------
DiscordAPIError: Invalid Form Body
name: This field is required
EXTRA INFO:
Unknown
----------------------------------
[CALLER: Promise {
  <rejected> DiscordAPIError: Invalid Form Body
  name: This field is required
      at RequestHandler.execute (C:\Users\jaces\Desktop\Corebot\node_modules\discord.js\src\rest\RequestHandler.js:170:25)
      at runMicrotasks (<anonymous>)
      at processTicksAndRejections (internal/process/task_queues.js:93:5) {
    method: 'post',
    path: '/guilds/837104198419611649/channels',
    code: 50035,
    httpStatus: 400
  }
} | MS: 1620353281437 | DATE: 5/6/2021, 9:08:01 PM]
----------------------------------
DiscordAPIError: Invalid Form Body
name: This field is required
EXTRA INFO:
Unknown
----------------------------------
[CALLER: Promise {
  <rejected> DiscordAPIError: Invalid Form Body
  name: This field is required
      at RequestHandler.execute (C:\Users\jaces\Desktop\Corebot\node_modules\discord.js\src\rest\RequestHandler.js:170:25)
      at runMicrotasks (<anonymous>)
      at processTicksAndRejections (internal/process/task_queues.js:93:5) {
    method: 'post',
    path: '/guilds/837104198419611649/channels',
    code: 50035,
    httpStatus: 400
  }
} | MS: 1620353298879 | DATE: 5/6/2021, 9:08:18 PM]
----------------------------------
DiscordAPIError: Invalid Form Body
name: This field is required
EXTRA INFO:
Unknown
----------------------------------
[CALLER: Promise {
  <rejected> DiscordAPIError: Invalid Form Body
  name: This field is required
      at RequestHandler.execute (C:\Users\jaces\Desktop\Corebot\node_modules\discord.js\src\rest\RequestHandler.js:170:25)
      at runMicrotasks (<anonymous>)
      at processTicksAndRejections (internal/process/task_queues.js:93:5) {
    method: 'post',
    path: '/guilds/832046329068650526/channels',
    code: 50035,
    httpStatus: 400
  }
} | MS: 1620353298923 | DATE: 5/6/2021, 9:08:18 PM]
----------------------------------
DiscordAPIError: Invalid Form Body
name: This field is required
EXTRA INFO:
Unknown
----------------------------------
[CALLER: Promise {
  <rejected> DiscordAPIError: Invalid Form Body
  name: This field is required
      at RequestHandler.execute (C:\Users\jaces\Desktop\Corebot\node_modules\discord.js\src\rest\RequestHandler.js:170:25)
      at runMicrotasks (<anonymous>)
      at processTicksAndRejections (internal/process/task_queues.js:93:5) {
    method: 'post',
    path: '/guilds/832046329068650526/channels',
    code: 50035,
    httpStatus: 400
  }
} | MS: 1620353302598 | DATE: 5/6/2021, 9:08:22 PM]
----------------------------------
DiscordAPIError: Invalid Form Body
name: This field is required
EXTRA INFO:
Unknown
----------------------------------
[CALLER: Promise {
  <rejected> DiscordAPIError: Invalid Form Body
  name: This field is required
      at RequestHandler.execute (C:\Users\jaces\Desktop\Corebot\node_modules\discord.js\src\rest\RequestHandler.js:170:25)
      at runMicrotasks (<anonymous>)
      at processTicksAndRejections (internal/process/task_queues.js:93:5) {
    method: 'post',
    path: '/guilds/837104198419611649/channels',
    code: 50035,
    httpStatus: 400
  }
} | MS: 1620353302629 | DATE: 5/6/2021, 9:08:22 PM]
----------------------------------
DiscordAPIError: Invalid Form Body
name: This field is required
EXTRA INFO:
Unknown
----------------------------------
[CALLER: Promise {
  <rejected> DiscordAPIError: Invalid Form Body
  name: This field is required
      at RequestHandler.execute (C:\Users\jaces\Desktop\Corebot\node_modules\discord.js\src\rest\RequestHandler.js:170:25)
      at runMicrotasks (<anonymous>)
      at processTicksAndRejections (internal/process/task_queues.js:93:5) {
    method: 'post',
    path: '/guilds/832046329068650526/channels',
    code: 50035,
    httpStatus: 400
  }
} | MS: 1620353311344 | DATE: 5/6/2021, 9:08:31 PM]
----------------------------------
DiscordAPIError: Invalid Form Body
name: This field is required
EXTRA INFO:
Unknown
----------------------------------
[CALLER: Promise {
  <rejected> DiscordAPIError: Invalid Form Body
  name: This field is required
      at RequestHandler.execute (C:\Users\jaces\Desktop\Corebot\node_modules\discord.js\src\rest\RequestHandler.js:170:25)
      at runMicrotasks (<anonymous>)
      at processTicksAndRejections (internal/process/task_queues.js:93:5) {
    method: 'post',
    path: '/guilds/837104198419611649/channels',
    code: 50035,
    httpStatus: 400
  }
} | MS: 1620353311352 | DATE: 5/6/2021, 9:08:31 PM]
----------------------------------
DiscordAPIError: Invalid Form Body
name: This field is required
EXTRA INFO:
Unknown
----------------------------------
[CALLER: Promise {
  <rejected> DiscordAPIError: Invalid Form Body
  name: This field is required
      at RequestHandler.execute (C:\Users\jaces\Desktop\Corebot\node_modules\discord.js\src\rest\RequestHandler.js:170:25)
      at runMicrotasks (<anonymous>)
      at processTicksAndRejections (internal/process/task_queues.js:93:5) {
    method: 'post',
    path: '/guilds/837104198419611649/channels',
    code: 50035,
    httpStatus: 400
  }
} | MS: 1620353328809 | DATE: 5/6/2021, 9:08:48 PM]
----------------------------------
DiscordAPIError: Invalid Form Body
name: This field is required
EXTRA INFO:
Unknown
----------------------------------
[CALLER: Promise {
  <rejected> DiscordAPIError: Invalid Form Body
  name: This field is required
      at RequestHandler.execute (C:\Users\jaces\Desktop\Corebot\node_modules\discord.js\src\rest\RequestHandler.js:170:25)
      at runMicrotasks (<anonymous>)
      at processTicksAndRejections (internal/process/task_queues.js:93:5) {
    method: 'post',
    path: '/guilds/832046329068650526/channels',
    code: 50035,
    httpStatus: 400
  }
} | MS: 1620353328842 | DATE: 5/6/2021, 9:08:48 PM]
----------------------------------
DiscordAPIError: Invalid Form Body
name: This field is required
EXTRA INFO:
Unknown
----------------------------------
[CALLER: Promise {
  <rejected> DiscordAPIError: Invalid Form Body
  name: This field is required
      at RequestHandler.execute (C:\Users\jaces\Desktop\Corebot\node_modules\discord.js\src\rest\RequestHandler.js:170:25)
      at runMicrotasks (<anonymous>)
      at processTicksAndRejections (internal/process/task_queues.js:93:5) {
    method: 'post',
    path: '/guilds/837104198419611649/channels',
    code: 50035,
    httpStatus: 400
  }
} | MS: 1620353332535 | DATE: 5/6/2021, 9:08:52 PM]
----------------------------------
DiscordAPIError: Invalid Form Body
name: This field is required
EXTRA INFO:
Unknown
----------------------------------
[CALLER: Promise {
  <rejected> DiscordAPIError: Invalid Form Body
  name: This field is required
      at RequestHandler.execute (C:\Users\jaces\Desktop\Corebot\node_modules\discord.js\src\rest\RequestHandler.js:170:25)
      at runMicrotasks (<anonymous>)
      at processTicksAndRejections (internal/process/task_queues.js:93:5) {
    method: 'post',
    path: '/guilds/832046329068650526/channels',
    code: 50035,
    httpStatus: 400
  }
} | MS: 1620353332553 | DATE: 5/6/2021, 9:08:52 PM]
----------------------------------
DiscordAPIError: Invalid Form Body
name: This field is required
EXTRA INFO:
Unknown
----------------------------------
[CALLER: Promise {
  <rejected> DiscordAPIError: Invalid Form Body
  name: This field is required
      at RequestHandler.execute (C:\Users\jaces\Desktop\Corebot\node_modules\discord.js\src\rest\RequestHandler.js:170:25)
      at runMicrotasks (<anonymous>)
      at processTicksAndRejections (internal/process/task_queues.js:93:5) {
    method: 'post',
    path: '/guilds/832046329068650526/channels',
    code: 50035,
    httpStatus: 400
  }
} | MS: 1620353341336 | DATE: 5/6/2021, 9:09:01 PM]
----------------------------------
DiscordAPIError: Invalid Form Body
name: This field is required
EXTRA INFO:
Unknown
----------------------------------
[CALLER: Promise {
  <rejected> DiscordAPIError: Invalid Form Body
  name: This field is required
      at RequestHandler.execute (C:\Users\jaces\Desktop\Corebot\node_modules\discord.js\src\rest\RequestHandler.js:170:25)
      at runMicrotasks (<anonymous>)
      at processTicksAndRejections (internal/process/task_queues.js:93:5) {
    method: 'post',
    path: '/guilds/837104198419611649/channels',
    code: 50035,
    httpStatus: 400
  }
} | MS: 1620353341455 | DATE: 5/6/2021, 9:09:01 PM]
----------------------------------
DiscordAPIError: Invalid Form Body
name: This field is required
EXTRA INFO:
Unknown
----------------------------------
[CALLER: Promise {
  <rejected> DiscordAPIError: Invalid Form Body
  name: This field is required
      at RequestHandler.execute (C:\Users\jaces\Desktop\Corebot\node_modules\discord.js\src\rest\RequestHandler.js:170:25)
      at runMicrotasks (<anonymous>)
      at processTicksAndRejections (internal/process/task_queues.js:93:5) {
    method: 'post',
    path: '/guilds/832046329068650526/channels',
    code: 50035,
    httpStatus: 400
  }
} | MS: 1620353358814 | DATE: 5/6/2021, 9:09:18 PM]
----------------------------------
DiscordAPIError: Invalid Form Body
name: This field is required
EXTRA INFO:
Unknown
----------------------------------
[CALLER: Promise {
  <rejected> DiscordAPIError: Invalid Form Body
  name: This field is required
      at RequestHandler.execute (C:\Users\jaces\Desktop\Corebot\node_modules\discord.js\src\rest\RequestHandler.js:170:25)
      at runMicrotasks (<anonymous>)
      at processTicksAndRejections (internal/process/task_queues.js:93:5) {
    method: 'post',
    path: '/guilds/837104198419611649/channels',
    code: 50035,
    httpStatus: 400
  }
} | MS: 1620353358851 | DATE: 5/6/2021, 9:09:18 PM]
----------------------------------
DiscordAPIError: Invalid Form Body
name: This field is required
EXTRA INFO:
Unknown
----------------------------------
[CALLER: Promise {
  <rejected> DiscordAPIError: Invalid Form Body
  name: This field is required
      at RequestHandler.execute (C:\Users\jaces\Desktop\Corebot\node_modules\discord.js\src\rest\RequestHandler.js:170:25)
      at runMicrotasks (<anonymous>)
      at processTicksAndRejections (internal/process/task_queues.js:93:5) {
    method: 'post',
    path: '/guilds/832046329068650526/channels',
    code: 50035,
    httpStatus: 400
  }
} | MS: 1620353362543 | DATE: 5/6/2021, 9:09:22 PM]
----------------------------------
DiscordAPIError: Invalid Form Body
name: This field is required
EXTRA INFO:
Unknown
----------------------------------
[CALLER: Promise {
  <rejected> DiscordAPIError: Invalid Form Body
  name: This field is required
      at RequestHandler.execute (C:\Users\jaces\Desktop\Corebot\node_modules\discord.js\src\rest\RequestHandler.js:170:25)
      at runMicrotasks (<anonymous>)
      at processTicksAndRejections (internal/process/task_queues.js:93:5) {
    method: 'post',
    path: '/guilds/837104198419611649/channels',
    code: 50035,
    httpStatus: 400
  }
} | MS: 1620353362563 | DATE: 5/6/2021, 9:09:22 PM]
----------------------------------
DiscordAPIError: Invalid Form Body
name: This field is required
EXTRA INFO:
Unknown
----------------------------------
[CALLER: Promise {
  <rejected> DiscordAPIError: Invalid Form Body
  name: This field is required
      at RequestHandler.execute (C:\Users\jaces\Desktop\Corebot\node_modules\discord.js\src\rest\RequestHandler.js:170:25)
      at runMicrotasks (<anonymous>)
      at processTicksAndRejections (internal/process/task_queues.js:93:5) {
    method: 'post',
    path: '/guilds/832046329068650526/channels',
    code: 50035,
    httpStatus: 400
  }
} | MS: 1620353371331 | DATE: 5/6/2021, 9:09:31 PM]
----------------------------------
DiscordAPIError: Invalid Form Body
name: This field is required
EXTRA INFO:
Unknown
----------------------------------
[CALLER: Promise {
  <rejected> DiscordAPIError: Invalid Form Body
  name: This field is required
      at RequestHandler.execute (C:\Users\jaces\Desktop\Corebot\node_modules\discord.js\src\rest\RequestHandler.js:170:25)
      at runMicrotasks (<anonymous>)
      at processTicksAndRejections (internal/process/task_queues.js:93:5) {
    method: 'post',
    path: '/guilds/837104198419611649/channels',
    code: 50035,
    httpStatus: 400
  }
} | MS: 1620353371355 | DATE: 5/6/2021, 9:09:31 PM]
----------------------------------
DiscordAPIError: Invalid Form Body
name: This field is required
EXTRA INFO:
Unknown
----------------------------------
[CALLER: Promise {
  <rejected> DiscordAPIError: Invalid Form Body
  name: This field is required
      at RequestHandler.execute (C:\Users\jaces\Desktop\Corebot\node_modules\discord.js\src\rest\RequestHandler.js:170:25)
      at runMicrotasks (<anonymous>)
      at processTicksAndRejections (internal/process/task_queues.js:93:5) {
    method: 'post',
    path: '/guilds/832046329068650526/channels',
    code: 50035,
    httpStatus: 400
  }
} | MS: 1620353388839 | DATE: 5/6/2021, 9:09:48 PM]
----------------------------------
DiscordAPIError: Invalid Form Body
name: This field is required
EXTRA INFO:
Unknown
----------------------------------
[CALLER: Promise {
  <rejected> DiscordAPIError: Invalid Form Body
  name: This field is required
      at RequestHandler.execute (C:\Users\jaces\Desktop\Corebot\node_modules\discord.js\src\rest\RequestHandler.js:170:25)
      at runMicrotasks (<anonymous>)
      at processTicksAndRejections (internal/process/task_queues.js:93:5) {
    method: 'post',
    path: '/guilds/837104198419611649/channels',
    code: 50035,
    httpStatus: 400
  }
} | MS: 1620353388843 | DATE: 5/6/2021, 9:09:48 PM]
----------------------------------
DiscordAPIError: Invalid Form Body
name: This field is required
EXTRA INFO:
Unknown
----------------------------------
[CALLER: Promise {
  <rejected> DiscordAPIError: Invalid Form Body
  name: This field is required
      at RequestHandler.execute (C:\Users\jaces\Desktop\Corebot\node_modules\discord.js\src\rest\RequestHandler.js:170:25)
      at runMicrotasks (<anonymous>)
      at processTicksAndRejections (internal/process/task_queues.js:93:5) {
    method: 'post',
    path: '/guilds/837104198419611649/channels',
    code: 50035,
    httpStatus: 400
  }
} | MS: 1620353392547 | DATE: 5/6/2021, 9:09:52 PM]
----------------------------------
DiscordAPIError: Invalid Form Body
name: This field is required
EXTRA INFO:
Unknown
----------------------------------
[CALLER: Promise {
  <rejected> DiscordAPIError: Invalid Form Body
  name: This field is required
      at RequestHandler.execute (C:\Users\jaces\Desktop\Corebot\node_modules\discord.js\src\rest\RequestHandler.js:170:25)
      at runMicrotasks (<anonymous>)
      at processTicksAndRejections (internal/process/task_queues.js:93:5) {
    method: 'post',
    path: '/guilds/832046329068650526/channels',
    code: 50035,
    httpStatus: 400
  }
} | MS: 1620353392671 | DATE: 5/6/2021, 9:09:52 PM]
----------------------------------
DiscordAPIError: Invalid Form Body
name: This field is required
EXTRA INFO:
Unknown
----------------------------------
[CALLER: Promise {
  <rejected> DiscordAPIError: Invalid Form Body
  name: This field is required
      at RequestHandler.execute (C:\Users\jaces\Desktop\Corebot\node_modules\discord.js\src\rest\RequestHandler.js:170:25)
      at runMicrotasks (<anonymous>)
      at processTicksAndRejections (internal/process/task_queues.js:93:5) {
    method: 'post',
    path: '/guilds/837104198419611649/channels',
    code: 50035,
    httpStatus: 400
  }
} | MS: 1620353401338 | DATE: 5/6/2021, 9:10:01 PM]
----------------------------------
DiscordAPIError: Invalid Form Body
name: This field is required
EXTRA INFO:
Unknown
----------------------------------
[CALLER: Promise {
  <rejected> DiscordAPIError: Invalid Form Body
  name: This field is required
      at RequestHandler.execute (C:\Users\jaces\Desktop\Corebot\node_modules\discord.js\src\rest\RequestHandler.js:170:25)
      at runMicrotasks (<anonymous>)
      at processTicksAndRejections (internal/process/task_queues.js:93:5) {
    method: 'post',
    path: '/guilds/832046329068650526/channels',
    code: 50035,
    httpStatus: 400
  }
} | MS: 1620353401350 | DATE: 5/6/2021, 9:10:01 PM]
----------------------------------
DiscordAPIError: Invalid Form Body
name: This field is required
EXTRA INFO:
Unknown
----------------------------------
[CALLER: Promise {
  <rejected> DiscordAPIError: Invalid Form Body
  name: This field is required
      at RequestHandler.execute (C:\Users\jaces\Desktop\Corebot\node_modules\discord.js\src\rest\RequestHandler.js:170:25)
      at runMicrotasks (<anonymous>)
      at processTicksAndRejections (internal/process/task_queues.js:93:5) {
    method: 'post',
    path: '/guilds/832046329068650526/channels',
    code: 50035,
    httpStatus: 400
  }
} | MS: 1620353418803 | DATE: 5/6/2021, 9:10:18 PM]
----------------------------------
DiscordAPIError: Invalid Form Body
name: This field is required
EXTRA INFO:
Unknown
----------------------------------
[CALLER: Promise {
  <rejected> DiscordAPIError: Invalid Form Body
  name: This field is required
      at RequestHandler.execute (C:\Users\jaces\Desktop\Corebot\node_modules\discord.js\src\rest\RequestHandler.js:170:25)
      at runMicrotasks (<anonymous>)
      at processTicksAndRejections (internal/process/task_queues.js:93:5) {
    method: 'post',
    path: '/guilds/837104198419611649/channels',
    code: 50035,
    httpStatus: 400
  }
} | MS: 1620353418817 | DATE: 5/6/2021, 9:10:18 PM]
----------------------------------
DiscordAPIError: Invalid Form Body
name: This field is required
EXTRA INFO:
Unknown
----------------------------------
[CALLER: Promise {
  <rejected> DiscordAPIError: Invalid Form Body
  name: This field is required
      at RequestHandler.execute (C:\Users\jaces\Desktop\Corebot\node_modules\discord.js\src\rest\RequestHandler.js:170:25)
      at runMicrotasks (<anonymous>)
      at processTicksAndRejections (internal/process/task_queues.js:93:5) {
    method: 'post',
    path: '/guilds/837104198419611649/channels',
    code: 50035,
    httpStatus: 400
  }
} | MS: 1620353422555 | DATE: 5/6/2021, 9:10:22 PM]
----------------------------------
DiscordAPIError: Invalid Form Body
name: This field is required
EXTRA INFO:
Unknown
----------------------------------
[CALLER: Promise {
  <rejected> DiscordAPIError: Invalid Form Body
  name: This field is required
      at RequestHandler.execute (C:\Users\jaces\Desktop\Corebot\node_modules\discord.js\src\rest\RequestHandler.js:170:25)
      at runMicrotasks (<anonymous>)
      at processTicksAndRejections (internal/process/task_queues.js:93:5) {
    method: 'post',
    path: '/guilds/832046329068650526/channels',
    code: 50035,
    httpStatus: 400
  }
} | MS: 1620353422559 | DATE: 5/6/2021, 9:10:22 PM]
----------------------------------
DiscordAPIError: Invalid Form Body
name: This field is required
EXTRA INFO:
Unknown
----------------------------------
[CALLER: Promise {
  <rejected> DiscordAPIError: Invalid Form Body
  name: This field is required
      at RequestHandler.execute (C:\Users\jaces\Desktop\Corebot\node_modules\discord.js\src\rest\RequestHandler.js:170:25)
      at runMicrotasks (<anonymous>)
      at processTicksAndRejections (internal/process/task_queues.js:93:5) {
    method: 'post',
    path: '/guilds/837104198419611649/channels',
    code: 50035,
    httpStatus: 400
  }
} | MS: 1620353431342 | DATE: 5/6/2021, 9:10:31 PM]
----------------------------------
DiscordAPIError: Invalid Form Body
name: This field is required
EXTRA INFO:
Unknown
----------------------------------
[CALLER: Promise {
  <rejected> DiscordAPIError: Invalid Form Body
  name: This field is required
      at RequestHandler.execute (C:\Users\jaces\Desktop\Corebot\node_modules\discord.js\src\rest\RequestHandler.js:170:25)
      at runMicrotasks (<anonymous>)
      at processTicksAndRejections (internal/process/task_queues.js:93:5) {
    method: 'post',
    path: '/guilds/832046329068650526/channels',
    code: 50035,
    httpStatus: 400
  }
} | MS: 1620353431358 | DATE: 5/6/2021, 9:10:31 PM]
----------------------------------
DiscordAPIError: Invalid Form Body
name: This field is required
EXTRA INFO:
Unknown
----------------------------------
[CALLER: Promise {
  <rejected> DiscordAPIError: Invalid Form Body
  name: This field is required
      at RequestHandler.execute (C:\Users\jaces\Desktop\Corebot\node_modules\discord.js\src\rest\RequestHandler.js:170:25)
      at runMicrotasks (<anonymous>)
      at processTicksAndRejections (internal/process/task_queues.js:93:5) {
    method: 'post',
    path: '/guilds/832046329068650526/channels',
    code: 50035,
    httpStatus: 400
  }
} | MS: 1620353448824 | DATE: 5/6/2021, 9:10:48 PM]
----------------------------------
DiscordAPIError: Invalid Form Body
name: This field is required
EXTRA INFO:
Unknown
----------------------------------
[CALLER: Promise {
  <rejected> DiscordAPIError: Invalid Form Body
  name: This field is required
      at RequestHandler.execute (C:\Users\jaces\Desktop\Corebot\node_modules\discord.js\src\rest\RequestHandler.js:170:25)
      at runMicrotasks (<anonymous>)
      at processTicksAndRejections (internal/process/task_queues.js:93:5) {
    method: 'post',
    path: '/guilds/837104198419611649/channels',
    code: 50035,
    httpStatus: 400
  }
} | MS: 1620353448849 | DATE: 5/6/2021, 9:10:48 PM]
----------------------------------
DiscordAPIError: Invalid Form Body
name: This field is required
EXTRA INFO:
Unknown
----------------------------------
[CALLER: Promise {
  <rejected> DiscordAPIError: Invalid Form Body
  name: This field is required
      at RequestHandler.execute (C:\Users\jaces\Desktop\Corebot\node_modules\discord.js\src\rest\RequestHandler.js:170:25)
      at runMicrotasks (<anonymous>)
      at processTicksAndRejections (internal/process/task_queues.js:93:5) {
    method: 'post',
    path: '/guilds/832046329068650526/channels',
    code: 50035,
    httpStatus: 400
  }
} | MS: 1620353452555 | DATE: 5/6/2021, 9:10:52 PM]
----------------------------------
DiscordAPIError: Invalid Form Body
name: This field is required
EXTRA INFO:
Unknown
----------------------------------
[CALLER: Promise {
  <rejected> DiscordAPIError: Invalid Form Body
  name: This field is required
      at RequestHandler.execute (C:\Users\jaces\Desktop\Corebot\node_modules\discord.js\src\rest\RequestHandler.js:170:25)
      at runMicrotasks (<anonymous>)
      at processTicksAndRejections (internal/process/task_queues.js:93:5) {
    method: 'post',
    path: '/guilds/837104198419611649/channels',
    code: 50035,
    httpStatus: 400
  }
} | MS: 1620353452566 | DATE: 5/6/2021, 9:10:52 PM]
----------------------------------
DiscordAPIError: Invalid Form Body
name: This field is required
EXTRA INFO:
Unknown
----------------------------------
[CALLER: Promise {
  <rejected> DiscordAPIError: Invalid Form Body
  name: This field is required
      at RequestHandler.execute (C:\Users\jaces\Desktop\Corebot\node_modules\discord.js\src\rest\RequestHandler.js:170:25)
      at runMicrotasks (<anonymous>)
      at processTicksAndRejections (internal/process/task_queues.js:93:5) {
    method: 'post',
    path: '/guilds/837104198419611649/channels',
    code: 50035,
    httpStatus: 400
  }
} | MS: 1620353461369 | DATE: 5/6/2021, 9:11:01 PM]
----------------------------------
DiscordAPIError: Invalid Form Body
name: This field is required
EXTRA INFO:
Unknown
----------------------------------
[CALLER: Promise {
  <rejected> DiscordAPIError: Invalid Form Body
  name: This field is required
      at RequestHandler.execute (C:\Users\jaces\Desktop\Corebot\node_modules\discord.js\src\rest\RequestHandler.js:170:25)
      at runMicrotasks (<anonymous>)
      at processTicksAndRejections (internal/process/task_queues.js:93:5) {
    method: 'post',
    path: '/guilds/832046329068650526/channels',
    code: 50035,
    httpStatus: 400
  }
} | MS: 1620353461457 | DATE: 5/6/2021, 9:11:01 PM]
----------------------------------
DiscordAPIError: Invalid Form Body
name: This field is required
EXTRA INFO:
Unknown
----------------------------------
[CALLER: Promise {
  <rejected> DiscordAPIError: Invalid Form Body
  name: This field is required
      at RequestHandler.execute (C:\Users\jaces\Desktop\Corebot\node_modules\discord.js\src\rest\RequestHandler.js:170:25)
      at runMicrotasks (<anonymous>)
      at processTicksAndRejections (internal/process/task_queues.js:93:5) {
    method: 'post',
    path: '/guilds/837104198419611649/channels',
    code: 50035,
    httpStatus: 400
  }
} | MS: 1620353478915 | DATE: 5/6/2021, 9:11:18 PM]
----------------------------------
DiscordAPIError: Invalid Form Body
name: This field is required
EXTRA INFO:
Unknown
----------------------------------
[CALLER: Promise {
  <rejected> DiscordAPIError: Invalid Form Body
  name: This field is required
      at RequestHandler.execute (C:\Users\jaces\Desktop\Corebot\node_modules\discord.js\src\rest\RequestHandler.js:170:25)
      at runMicrotasks (<anonymous>)
      at processTicksAndRejections (internal/process/task_queues.js:93:5) {
    method: 'post',
    path: '/guilds/832046329068650526/channels',
    code: 50035,
    httpStatus: 400
  }
} | MS: 1620353478919 | DATE: 5/6/2021, 9:11:18 PM]
----------------------------------
DiscordAPIError: Invalid Form Body
name: This field is required
EXTRA INFO:
Unknown
----------------------------------
[CALLER: Promise {
  <rejected> DiscordAPIError: Invalid Form Body
  name: This field is required
      at RequestHandler.execute (C:\Users\jaces\Desktop\Corebot\node_modules\discord.js\src\rest\RequestHandler.js:170:25)
      at runMicrotasks (<anonymous>)
      at processTicksAndRejections (internal/process/task_queues.js:93:5) {
    method: 'post',
    path: '/guilds/837104198419611649/channels',
    code: 50035,
    httpStatus: 400
  }
} | MS: 1620353482558 | DATE: 5/6/2021, 9:11:22 PM]
----------------------------------
DiscordAPIError: Invalid Form Body
name: This field is required
EXTRA INFO:
Unknown
----------------------------------
[CALLER: Promise {
  <rejected> DiscordAPIError: Invalid Form Body
  name: This field is required
      at RequestHandler.execute (C:\Users\jaces\Desktop\Corebot\node_modules\discord.js\src\rest\RequestHandler.js:170:25)
      at runMicrotasks (<anonymous>)
      at processTicksAndRejections (internal/process/task_queues.js:93:5) {
    method: 'post',
    path: '/guilds/832046329068650526/channels',
    code: 50035,
    httpStatus: 400
  }
} | MS: 1620353482574 | DATE: 5/6/2021, 9:11:22 PM]
----------------------------------
DiscordAPIError: Invalid Form Body
name: This field is required
EXTRA INFO:
Unknown
----------------------------------
[CALLER: Promise {
  <rejected> DiscordAPIError: Invalid Form Body
  name: This field is required
      at RequestHandler.execute (C:\Users\jaces\Desktop\Corebot\node_modules\discord.js\src\rest\RequestHandler.js:170:25)
      at runMicrotasks (<anonymous>)
      at processTicksAndRejections (internal/process/task_queues.js:93:5) {
    method: 'post',
    path: '/guilds/837104198419611649/channels',
    code: 50035,
    httpStatus: 400
  }
} | MS: 1620353491346 | DATE: 5/6/2021, 9:11:31 PM]
----------------------------------
DiscordAPIError: Invalid Form Body
name: This field is required
EXTRA INFO:
Unknown
----------------------------------
[CALLER: Promise {
  <rejected> DiscordAPIError: Invalid Form Body
  name: This field is required
      at RequestHandler.execute (C:\Users\jaces\Desktop\Corebot\node_modules\discord.js\src\rest\RequestHandler.js:170:25)
      at runMicrotasks (<anonymous>)
      at processTicksAndRejections (internal/process/task_queues.js:93:5) {
    method: 'post',
    path: '/guilds/832046329068650526/channels',
    code: 50035,
    httpStatus: 400
  }
} | MS: 1620353491366 | DATE: 5/6/2021, 9:11:31 PM]
----------------------------------
DiscordAPIError: Invalid Form Body
name: This field is required
EXTRA INFO:
Unknown
----------------------------------
[CALLER: Promise {
  <rejected> DiscordAPIError: Invalid Form Body
  name: This field is required
      at RequestHandler.execute (C:\Users\jaces\Desktop\Corebot\node_modules\discord.js\src\rest\RequestHandler.js:170:25)
      at runMicrotasks (<anonymous>)
      at processTicksAndRejections (internal/process/task_queues.js:93:5) {
    method: 'post',
    path: '/guilds/832046329068650526/channels',
    code: 50035,
    httpStatus: 400
  }
} | MS: 1620353508800 | DATE: 5/6/2021, 9:11:48 PM]
----------------------------------
DiscordAPIError: Invalid Form Body
name: This field is required
EXTRA INFO:
Unknown
----------------------------------
[CALLER: Promise {
  <rejected> DiscordAPIError: Invalid Form Body
  name: This field is required
      at RequestHandler.execute (C:\Users\jaces\Desktop\Corebot\node_modules\discord.js\src\rest\RequestHandler.js:170:25)
      at runMicrotasks (<anonymous>)
      at processTicksAndRejections (internal/process/task_queues.js:93:5) {
    method: 'post',
    path: '/guilds/837104198419611649/channels',
    code: 50035,
    httpStatus: 400
  }
} | MS: 1620353508838 | DATE: 5/6/2021, 9:11:48 PM]
----------------------------------
DiscordAPIError: Invalid Form Body
name: This field is required
EXTRA INFO:
Unknown
----------------------------------
[CALLER: Promise {
  <rejected> DiscordAPIError: Invalid Form Body
  name: This field is required
      at RequestHandler.execute (C:\Users\jaces\Desktop\Corebot\node_modules\discord.js\src\rest\RequestHandler.js:170:25)
      at runMicrotasks (<anonymous>)
      at processTicksAndRejections (internal/process/task_queues.js:93:5) {
    method: 'post',
    path: '/guilds/832046329068650526/channels',
    code: 50035,
    httpStatus: 400
  }
} | MS: 1620353512549 | DATE: 5/6/2021, 9:11:52 PM]
----------------------------------
DiscordAPIError: Invalid Form Body
name: This field is required
EXTRA INFO:
Unknown
----------------------------------
[CALLER: Promise {
  <rejected> DiscordAPIError: Invalid Form Body
  name: This field is required
      at RequestHandler.execute (C:\Users\jaces\Desktop\Corebot\node_modules\discord.js\src\rest\RequestHandler.js:170:25)
      at runMicrotasks (<anonymous>)
      at processTicksAndRejections (internal/process/task_queues.js:93:5) {
    method: 'post',
    path: '/guilds/837104198419611649/channels',
    code: 50035,
    httpStatus: 400
  }
} | MS: 1620353512554 | DATE: 5/6/2021, 9:11:52 PM]
----------------------------------
DiscordAPIError: Invalid Form Body
name: This field is required
EXTRA INFO:
Unknown
----------------------------------
[CALLER: Promise {
  <rejected> DiscordAPIError: Invalid Form Body
  name: This field is required
      at RequestHandler.execute (C:\Users\jaces\Desktop\Corebot\node_modules\discord.js\src\rest\RequestHandler.js:170:25)
      at runMicrotasks (<anonymous>)
      at processTicksAndRejections (internal/process/task_queues.js:93:5) {
    method: 'post',
    path: '/guilds/832046329068650526/channels',
    code: 50035,
    httpStatus: 400
  }
} | MS: 1620353521351 | DATE: 5/6/2021, 9:12:01 PM]
----------------------------------
DiscordAPIError: Invalid Form Body
name: This field is required
EXTRA INFO:
Unknown
----------------------------------
[CALLER: Promise {
  <rejected> DiscordAPIError: Invalid Form Body
  name: This field is required
      at RequestHandler.execute (C:\Users\jaces\Desktop\Corebot\node_modules\discord.js\src\rest\RequestHandler.js:170:25)
      at runMicrotasks (<anonymous>)
      at processTicksAndRejections (internal/process/task_queues.js:93:5) {
    method: 'post',
    path: '/guilds/837104198419611649/channels',
    code: 50035,
    httpStatus: 400
  }
} | MS: 1620353521391 | DATE: 5/6/2021, 9:12:01 PM]
----------------------------------
DiscordAPIError: Invalid Form Body
name: This field is required
EXTRA INFO:
Unknown
----------------------------------
[CALLER: Promise {
  <rejected> DiscordAPIError: Invalid Form Body
  name: This field is required
      at RequestHandler.execute (C:\Users\jaces\Desktop\Corebot\node_modules\discord.js\src\rest\RequestHandler.js:170:25)
      at runMicrotasks (<anonymous>)
      at processTicksAndRejections (internal/process/task_queues.js:93:5) {
    method: 'post',
    path: '/guilds/837104198419611649/channels',
    code: 50035,
    httpStatus: 400
  }
} | MS: 1620353538847 | DATE: 5/6/2021, 9:12:18 PM]
----------------------------------
DiscordAPIError: Invalid Form Body
name: This field is required
EXTRA INFO:
Unknown
----------------------------------
[CALLER: Promise {
  <rejected> DiscordAPIError: Invalid Form Body
  name: This field is required
      at RequestHandler.execute (C:\Users\jaces\Desktop\Corebot\node_modules\discord.js\src\rest\RequestHandler.js:170:25)
      at runMicrotasks (<anonymous>)
      at processTicksAndRejections (internal/process/task_queues.js:93:5) {
    method: 'post',
    path: '/guilds/832046329068650526/channels',
    code: 50035,
    httpStatus: 400
  }
} | MS: 1620353538992 | DATE: 5/6/2021, 9:12:18 PM]
----------------------------------
DiscordAPIError: Invalid Form Body
name: This field is required
EXTRA INFO:
Unknown
----------------------------------
[CALLER: Promise {
  <rejected> DiscordAPIError: Invalid Form Body
  name: This field is required
      at RequestHandler.execute (C:\Users\jaces\Desktop\Corebot\node_modules\discord.js\src\rest\RequestHandler.js:170:25)
      at runMicrotasks (<anonymous>)
      at processTicksAndRejections (internal/process/task_queues.js:93:5) {
    method: 'post',
    path: '/guilds/832046329068650526/channels',
    code: 50035,
    httpStatus: 400
  }
} | MS: 1620353542555 | DATE: 5/6/2021, 9:12:22 PM]
----------------------------------
DiscordAPIError: Invalid Form Body
name: This field is required
EXTRA INFO:
Unknown
----------------------------------
[CALLER: Promise {
  <rejected> DiscordAPIError: Invalid Form Body
  name: This field is required
      at RequestHandler.execute (C:\Users\jaces\Desktop\Corebot\node_modules\discord.js\src\rest\RequestHandler.js:170:25)
      at runMicrotasks (<anonymous>)
      at processTicksAndRejections (internal/process/task_queues.js:93:5) {
    method: 'post',
    path: '/guilds/837104198419611649/channels',
    code: 50035,
    httpStatus: 400
  }
} | MS: 1620353542656 | DATE: 5/6/2021, 9:12:22 PM]
----------------------------------
DiscordAPIError: Invalid Form Body
name: This field is required
EXTRA INFO:
Unknown
----------------------------------
[CALLER: Promise {
  <rejected> DiscordAPIError: Invalid Form Body
  name: This field is required
      at RequestHandler.execute (C:\Users\jaces\Desktop\Corebot\node_modules\discord.js\src\rest\RequestHandler.js:170:25)
      at runMicrotasks (<anonymous>)
      at processTicksAndRejections (internal/process/task_queues.js:93:5) {
    method: 'post',
    path: '/guilds/832046329068650526/channels',
    code: 50035,
    httpStatus: 400
  }
} | MS: 1620353551355 | DATE: 5/6/2021, 9:12:31 PM]
----------------------------------
DiscordAPIError: Invalid Form Body
name: This field is required
EXTRA INFO:
Unknown
----------------------------------
[CALLER: Promise {
  <rejected> DiscordAPIError: Invalid Form Body
  name: This field is required
      at RequestHandler.execute (C:\Users\jaces\Desktop\Corebot\node_modules\discord.js\src\rest\RequestHandler.js:170:25)
      at runMicrotasks (<anonymous>)
      at processTicksAndRejections (internal/process/task_queues.js:93:5) {
    method: 'post',
    path: '/guilds/837104198419611649/channels',
    code: 50035,
    httpStatus: 400
  }
} | MS: 1620353551385 | DATE: 5/6/2021, 9:12:31 PM]
----------------------------------
DiscordAPIError: Invalid Form Body
name: This field is required
EXTRA INFO:
Unknown
----------------------------------
[CALLER: Promise {
  <rejected> DiscordAPIError: Invalid Form Body
  name: This field is required
      at RequestHandler.execute (C:\Users\jaces\Desktop\Corebot\node_modules\discord.js\src\rest\RequestHandler.js:170:25)
      at runMicrotasks (<anonymous>)
      at processTicksAndRejections (internal/process/task_queues.js:93:5) {
    method: 'post',
    path: '/guilds/832046329068650526/channels',
    code: 50035,
    httpStatus: 400
  }
} | MS: 1620353568814 | DATE: 5/6/2021, 9:12:48 PM]
----------------------------------
DiscordAPIError: Invalid Form Body
name: This field is required
EXTRA INFO:
Unknown
----------------------------------
[CALLER: Promise {
  <rejected> DiscordAPIError: Invalid Form Body
  name: This field is required
      at RequestHandler.execute (C:\Users\jaces\Desktop\Corebot\node_modules\discord.js\src\rest\RequestHandler.js:170:25)
      at runMicrotasks (<anonymous>)
      at processTicksAndRejections (internal/process/task_queues.js:93:5) {
    method: 'post',
    path: '/guilds/837104198419611649/channels',
    code: 50035,
    httpStatus: 400
  }
} | MS: 1620353568815 | DATE: 5/6/2021, 9:12:48 PM]
----------------------------------
DiscordAPIError: Invalid Form Body
name: This field is required
EXTRA INFO:
Unknown
----------------------------------
[CALLER: Promise {
  <rejected> DiscordAPIError: Invalid Form Body
  name: This field is required
      at RequestHandler.execute (C:\Users\jaces\Desktop\Corebot\node_modules\discord.js\src\rest\RequestHandler.js:170:25)
      at runMicrotasks (<anonymous>)
      at processTicksAndRejections (internal/process/task_queues.js:93:5) {
    method: 'post',
    path: '/guilds/832046329068650526/channels',
    code: 50035,
    httpStatus: 400
  }
} | MS: 1620353572547 | DATE: 5/6/2021, 9:12:52 PM]
----------------------------------
DiscordAPIError: Invalid Form Body
name: This field is required
EXTRA INFO:
Unknown
----------------------------------
[CALLER: Promise {
  <rejected> DiscordAPIError: Invalid Form Body
  name: This field is required
      at RequestHandler.execute (C:\Users\jaces\Desktop\Corebot\node_modules\discord.js\src\rest\RequestHandler.js:170:25)
      at runMicrotasks (<anonymous>)
      at processTicksAndRejections (internal/process/task_queues.js:93:5) {
    method: 'post',
    path: '/guilds/837104198419611649/channels',
    code: 50035,
    httpStatus: 400
  }
} | MS: 1620353572555 | DATE: 5/6/2021, 9:12:52 PM]
----------------------------------
DiscordAPIError: Invalid Form Body
name: This field is required
EXTRA INFO:
Unknown
----------------------------------
[CALLER: Promise {
  <rejected> DiscordAPIError: Invalid Form Body
  name: This field is required
      at RequestHandler.execute (C:\Users\jaces\Desktop\Corebot\node_modules\discord.js\src\rest\RequestHandler.js:170:25)
      at runMicrotasks (<anonymous>)
      at processTicksAndRejections (internal/process/task_queues.js:93:5) {
    method: 'post',
    path: '/guilds/837104198419611649/channels',
    code: 50035,
    httpStatus: 400
  }
} | MS: 1620353581428 | DATE: 5/6/2021, 9:13:01 PM]
----------------------------------
DiscordAPIError: Invalid Form Body
name: This field is required
EXTRA INFO:
Unknown
----------------------------------
[CALLER: Promise {
  <rejected> DiscordAPIError: Invalid Form Body
  name: This field is required
      at RequestHandler.execute (C:\Users\jaces\Desktop\Corebot\node_modules\discord.js\src\rest\RequestHandler.js:170:25)
      at runMicrotasks (<anonymous>)
      at processTicksAndRejections (internal/process/task_queues.js:93:5) {
    method: 'post',
    path: '/guilds/832046329068650526/channels',
    code: 50035,
    httpStatus: 400
  }
} | MS: 1620353581457 | DATE: 5/6/2021, 9:13:01 PM]
----------------------------------
DiscordAPIError: Invalid Form Body
name: This field is required
EXTRA INFO:
Unknown
----------------------------------
[CALLER: Promise {
  <rejected> DiscordAPIError: Invalid Form Body
  name: This field is required
      at RequestHandler.execute (C:\Users\jaces\Desktop\Corebot\node_modules\discord.js\src\rest\RequestHandler.js:170:25)
      at runMicrotasks (<anonymous>)
      at processTicksAndRejections (internal/process/task_queues.js:93:5) {
    method: 'post',
    path: '/guilds/832046329068650526/channels',
    code: 50035,
    httpStatus: 400
  }
} | MS: 1620353598846 | DATE: 5/6/2021, 9:13:18 PM]
----------------------------------
DiscordAPIError: Invalid Form Body
name: This field is required
EXTRA INFO:
Unknown
----------------------------------
[CALLER: Promise {
  <rejected> DiscordAPIError: Invalid Form Body
  name: This field is required
      at RequestHandler.execute (C:\Users\jaces\Desktop\Corebot\node_modules\discord.js\src\rest\RequestHandler.js:170:25)
      at runMicrotasks (<anonymous>)
      at processTicksAndRejections (internal/process/task_queues.js:93:5) {
    method: 'post',
    path: '/guilds/837104198419611649/channels',
    code: 50035,
    httpStatus: 400
  }
} | MS: 1620353598886 | DATE: 5/6/2021, 9:13:18 PM]
----------------------------------
DiscordAPIError: Invalid Form Body
name: This field is required
EXTRA INFO:
Unknown
----------------------------------
[CALLER: Promise {
  <rejected> DiscordAPIError: Invalid Form Body
  name: This field is required
      at RequestHandler.execute (C:\Users\jaces\Desktop\Corebot\node_modules\discord.js\src\rest\RequestHandler.js:170:25)
      at runMicrotasks (<anonymous>)
      at processTicksAndRejections (internal/process/task_queues.js:93:5) {
    method: 'post',
    path: '/guilds/832046329068650526/channels',
    code: 50035,
    httpStatus: 400
  }
} | MS: 1620353602566 | DATE: 5/6/2021, 9:13:22 PM]
----------------------------------
DiscordAPIError: Invalid Form Body
name: This field is required
EXTRA INFO:
Unknown
----------------------------------
[CALLER: Promise {
  <rejected> DiscordAPIError: Invalid Form Body
  name: This field is required
      at RequestHandler.execute (C:\Users\jaces\Desktop\Corebot\node_modules\discord.js\src\rest\RequestHandler.js:170:25)
      at runMicrotasks (<anonymous>)
      at processTicksAndRejections (internal/process/task_queues.js:93:5) {
    method: 'post',
    path: '/guilds/837104198419611649/channels',
    code: 50035,
    httpStatus: 400
  }
} | MS: 1620353602616 | DATE: 5/6/2021, 9:13:22 PM]
----------------------------------
DiscordAPIError: Invalid Form Body
name: This field is required
EXTRA INFO:
Unknown
----------------------------------
[CALLER: Promise {
  <rejected> DiscordAPIError: Invalid Form Body
  name: This field is required
      at RequestHandler.execute (C:\Users\jaces\Desktop\Corebot\node_modules\discord.js\src\rest\RequestHandler.js:170:25)
      at runMicrotasks (<anonymous>)
      at processTicksAndRejections (internal/process/task_queues.js:93:5) {
    method: 'post',
    path: '/guilds/832046329068650526/channels',
    code: 50035,
    httpStatus: 400
  }
} | MS: 1620353611347 | DATE: 5/6/2021, 9:13:31 PM]
----------------------------------
DiscordAPIError: Invalid Form Body
name: This field is required
EXTRA INFO:
Unknown
----------------------------------
[CALLER: Promise {
  <rejected> DiscordAPIError: Invalid Form Body
  name: This field is required
      at RequestHandler.execute (C:\Users\jaces\Desktop\Corebot\node_modules\discord.js\src\rest\RequestHandler.js:170:25)
      at runMicrotasks (<anonymous>)
      at processTicksAndRejections (internal/process/task_queues.js:93:5) {
    method: 'post',
    path: '/guilds/837104198419611649/channels',
    code: 50035,
    httpStatus: 400
  }
} | MS: 1620353611350 | DATE: 5/6/2021, 9:13:31 PM]
----------------------------------
DiscordAPIError: Invalid Form Body
name: This field is required
EXTRA INFO:
Unknown
----------------------------------
[CALLER: Promise {
  <rejected> DiscordAPIError: Invalid Form Body
  name: This field is required
      at RequestHandler.execute (C:\Users\jaces\Desktop\Corebot\node_modules\discord.js\src\rest\RequestHandler.js:170:25)
      at runMicrotasks (<anonymous>)
      at processTicksAndRejections (internal/process/task_queues.js:93:5) {
    method: 'post',
    path: '/guilds/837104198419611649/channels',
    code: 50035,
    httpStatus: 400
  }
} | MS: 1620353628831 | DATE: 5/6/2021, 9:13:48 PM]
----------------------------------
DiscordAPIError: Invalid Form Body
name: This field is required
EXTRA INFO:
Unknown
----------------------------------
[CALLER: Promise {
  <rejected> DiscordAPIError: Invalid Form Body
  name: This field is required
      at RequestHandler.execute (C:\Users\jaces\Desktop\Corebot\node_modules\discord.js\src\rest\RequestHandler.js:170:25)
      at runMicrotasks (<anonymous>)
      at processTicksAndRejections (internal/process/task_queues.js:93:5) {
    method: 'post',
    path: '/guilds/832046329068650526/channels',
    code: 50035,
    httpStatus: 400
  }
} | MS: 1620353628832 | DATE: 5/6/2021, 9:13:48 PM]
----------------------------------
DiscordAPIError: Invalid Form Body
name: This field is required
EXTRA INFO:
Unknown
----------------------------------
[CALLER: Promise {
  <rejected> DiscordAPIError: Invalid Form Body
  name: This field is required
      at RequestHandler.execute (C:\Users\jaces\Desktop\Corebot\node_modules\discord.js\src\rest\RequestHandler.js:170:25)
      at runMicrotasks (<anonymous>)
      at processTicksAndRejections (internal/process/task_queues.js:93:5) {
    method: 'post',
    path: '/guilds/832046329068650526/channels',
    code: 50035,
    httpStatus: 400
  }
} | MS: 1620353632544 | DATE: 5/6/2021, 9:13:52 PM]
----------------------------------
DiscordAPIError: Invalid Form Body
name: This field is required
EXTRA INFO:
Unknown
----------------------------------
[CALLER: Promise {
  <rejected> DiscordAPIError: Invalid Form Body
  name: This field is required
      at RequestHandler.execute (C:\Users\jaces\Desktop\Corebot\node_modules\discord.js\src\rest\RequestHandler.js:170:25)
      at runMicrotasks (<anonymous>)
      at processTicksAndRejections (internal/process/task_queues.js:93:5) {
    method: 'post',
    path: '/guilds/837104198419611649/channels',
    code: 50035,
    httpStatus: 400
  }
} | MS: 1620353632570 | DATE: 5/6/2021, 9:13:52 PM]
----------------------------------
DiscordAPIError: Invalid Form Body
name: This field is required
EXTRA INFO:
Unknown
----------------------------------
[CALLER: Promise {
  <rejected> DiscordAPIError: Invalid Form Body
  name: This field is required
      at RequestHandler.execute (C:\Users\jaces\Desktop\Corebot\node_modules\discord.js\src\rest\RequestHandler.js:170:25)
      at runMicrotasks (<anonymous>)
      at processTicksAndRejections (internal/process/task_queues.js:93:5) {
    method: 'post',
    path: '/guilds/837104198419611649/channels',
    code: 50035,
    httpStatus: 400
  }
} | MS: 1620353641361 | DATE: 5/6/2021, 9:14:01 PM]
----------------------------------
DiscordAPIError: Invalid Form Body
name: This field is required
EXTRA INFO:
Unknown
----------------------------------
[CALLER: Promise {
  <rejected> DiscordAPIError: Invalid Form Body
  name: This field is required
      at RequestHandler.execute (C:\Users\jaces\Desktop\Corebot\node_modules\discord.js\src\rest\RequestHandler.js:170:25)
      at runMicrotasks (<anonymous>)
      at processTicksAndRejections (internal/process/task_queues.js:93:5) {
    method: 'post',
    path: '/guilds/832046329068650526/channels',
    code: 50035,
    httpStatus: 400
  }
} | MS: 1620353641401 | DATE: 5/6/2021, 9:14:01 PM]
----------------------------------
DiscordAPIError: Invalid Form Body
name: This field is required
EXTRA INFO:
Unknown
----------------------------------
[CALLER: RequestHandler.js:107:21 | MS: 1620353658719 | DATE: 5/6/2021, 9:14:18 PM]
-------------------------------------------------------------------------------------------------------------------------------------
FetchError: request to https://discordapp.com/api/v7/channels/840041596874391572 failed, reason: getaddrinfo ENOTFOUND discordapp.com
EXTRA INFO:
Promise {
  <rejected> HTTPError [FetchError]: request to https://discordapp.com/api/v7/channels/840041596874391572 failed, reason: getaddrinfo ENOTFOUND discordapp.com
      at RequestHandler.execute (C:\Users\jaces\Desktop\Corebot\node_modules\discord.js\src\rest\RequestHandler.js:107:21)
      at runMicrotasks (<anonymous>)
      at processTicksAndRejections (internal/process/task_queues.js:93:5) {
    code: 500,
    method: 'patch',
    path: '/channels/840041596874391572'
  }
}
-------------------------------------------------------------------------------------------------------------------------------------
[CALLER: RequestHandler.js:107:21 | MS: 1620353658720 | DATE: 5/6/2021, 9:14:18 PM]
-------------------------------------------------------------------------------------------------------------------------------------
FetchError: request to https://discordapp.com/api/v7/channels/840041597390684250 failed, reason: getaddrinfo ENOTFOUND discordapp.com
EXTRA INFO:
Promise {
  <rejected> HTTPError [FetchError]: request to https://discordapp.com/api/v7/channels/840041597390684250 failed, reason: getaddrinfo ENOTFOUND discordapp.com
      at RequestHandler.execute (C:\Users\jaces\Desktop\Corebot\node_modules\discord.js\src\rest\RequestHandler.js:107:21)
      at runMicrotasks (<anonymous>)
      at processTicksAndRejections (internal/process/task_queues.js:93:5) {
    code: 500,
    method: 'patch',
    path: '/channels/840041597390684250'
  }
}
-------------------------------------------------------------------------------------------------------------------------------------
[CALLER: RequestHandler.js:107:21 | MS: 1620353658721 | DATE: 5/6/2021, 9:14:18 PM]
-------------------------------------------------------------------------------------------------------------------------------------
FetchError: request to https://discordapp.com/api/v7/channels/840041597918773258 failed, reason: getaddrinfo ENOTFOUND discordapp.com
EXTRA INFO:
Promise {
  <rejected> HTTPError [FetchError]: request to https://discordapp.com/api/v7/channels/840041597918773258 failed, reason: getaddrinfo ENOTFOUND discordapp.com
      at RequestHandler.execute (C:\Users\jaces\Desktop\Corebot\node_modules\discord.js\src\rest\RequestHandler.js:107:21)
      at runMicrotasks (<anonymous>)
      at processTicksAndRejections (internal/process/task_queues.js:93:5) {
    code: 500,
    method: 'patch',
    path: '/channels/840041597918773258'
  }
}
-------------------------------------------------------------------------------------------------------------------------------------
[CALLER: RequestHandler.js:107:21 | MS: 1620353658722 | DATE: 5/6/2021, 9:14:18 PM]
--------------------------------------------------------------------------------------------------------------------------------------------
FetchError: request to https://discordapp.com/api/v7/guilds/832046329068650526/channels failed, reason: getaddrinfo ENOTFOUND discordapp.com
EXTRA INFO:
Promise {
  <rejected> HTTPError [FetchError]: request to https://discordapp.com/api/v7/guilds/832046329068650526/channels failed, reason: getaddrinfo ENOTFOUND discordapp.com
      at RequestHandler.execute (C:\Users\jaces\Desktop\Corebot\node_modules\discord.js\src\rest\RequestHandler.js:107:21)
      at runMicrotasks (<anonymous>)
      at processTicksAndRejections (internal/process/task_queues.js:93:5) {
    code: 500,
    method: 'post',
    path: '/guilds/832046329068650526/channels'
  }
}
--------------------------------------------------------------------------------------------------------------------------------------------
[CALLER: RequestHandler.js:107:21 | MS: 1620353658724 | DATE: 5/6/2021, 9:14:18 PM]
-------------------------------------------------------------------------------------------------------------------------------------
FetchError: request to https://discordapp.com/api/v7/channels/840041597562781708 failed, reason: getaddrinfo ENOTFOUND discordapp.com
EXTRA INFO:
Promise {
  <rejected> HTTPError [FetchError]: request to https://discordapp.com/api/v7/channels/840041597562781708 failed, reason: getaddrinfo ENOTFOUND discordapp.com
      at RequestHandler.execute (C:\Users\jaces\Desktop\Corebot\node_modules\discord.js\src\rest\RequestHandler.js:107:21)
      at runMicrotasks (<anonymous>)
      at processTicksAndRejections (internal/process/task_queues.js:93:5) {
    code: 500,
    method: 'patch',
    path: '/channels/840041597562781708'
  }
}
-------------------------------------------------------------------------------------------------------------------------------------
[CALLER: RequestHandler.js:107:21 | MS: 1620353658722 | DATE: 5/6/2021, 9:14:18 PM]
-------------------------------------------------------------------------------------------------------------------------------------
FetchError: request to https://discordapp.com/api/v7/channels/840041596803612672 failed, reason: getaddrinfo ENOTFOUND discordapp.com
EXTRA INFO:
Promise {
  <rejected> HTTPError [FetchError]: request to https://discordapp.com/api/v7/channels/840041596803612672 failed, reason: getaddrinfo ENOTFOUND discordapp.com
      at RequestHandler.execute (C:\Users\jaces\Desktop\Corebot\node_modules\discord.js\src\rest\RequestHandler.js:107:21)
      at runMicrotasks (<anonymous>)
      at processTicksAndRejections (internal/process/task_queues.js:93:5) {
    code: 500,
    method: 'patch',
    path: '/channels/840041596803612672'
  }
}
-------------------------------------------------------------------------------------------------------------------------------------
[CALLER: RequestHandler.js:107:21 | MS: 1620353658724 | DATE: 5/6/2021, 9:14:18 PM]
--------------------------------------------------------------------------------------------------------------------------------------------
FetchError: request to https://discordapp.com/api/v7/guilds/837104198419611649/channels failed, reason: getaddrinfo ENOTFOUND discordapp.com
EXTRA INFO:
Promise {
  <rejected> HTTPError [FetchError]: request to https://discordapp.com/api/v7/guilds/837104198419611649/channels failed, reason: getaddrinfo ENOTFOUND discordapp.com
      at RequestHandler.execute (C:\Users\jaces\Desktop\Corebot\node_modules\discord.js\src\rest\RequestHandler.js:107:21)
      at runMicrotasks (<anonymous>)
      at processTicksAndRejections (internal/process/task_queues.js:93:5) {
    code: 500,
    method: 'post',
    path: '/guilds/837104198419611649/channels'
  }
}
--------------------------------------------------------------------------------------------------------------------------------------------
[CALLER: RequestHandler.js:107:21 | MS: 1620353658723 | DATE: 5/6/2021, 9:14:18 PM]
-------------------------------------------------------------------------------------------------------------------------------------
FetchError: request to https://discordapp.com/api/v7/channels/840041597273767977 failed, reason: getaddrinfo ENOTFOUND discordapp.com
EXTRA INFO:
Promise {
  <rejected> HTTPError [FetchError]: request to https://discordapp.com/api/v7/channels/840041597273767977 failed, reason: getaddrinfo ENOTFOUND discordapp.com
      at RequestHandler.execute (C:\Users\jaces\Desktop\Corebot\node_modules\discord.js\src\rest\RequestHandler.js:107:21)
      at runMicrotasks (<anonymous>)
      at processTicksAndRejections (internal/process/task_queues.js:93:5) {
    code: 500,
    method: 'patch',
    path: '/channels/840041597273767977'
  }
}
-------------------------------------------------------------------------------------------------------------------------------------
[CALLER: RequestHandler.js:107:21 | MS: 1620353663330 | DATE: 5/6/2021, 9:14:23 PM]
------------------------------------------------------------------------------------------------------------------------------------------------
FetchError: request to https://discordapp.com/api/v7/guilds/837104198419611649/channels failed, reason: connect ECONNABORTED 162.159.129.233:443
EXTRA INFO:
Promise {
  <rejected> HTTPError [FetchError]: request to https://discordapp.com/api/v7/guilds/837104198419611649/channels failed, reason: connect ECONNABORTED 162.159.129.233:443
      at RequestHandler.execute (C:\Users\jaces\Desktop\Corebot\node_modules\discord.js\src\rest\RequestHandler.js:107:21)
      at runMicrotasks (<anonymous>)
      at processTicksAndRejections (internal/process/task_queues.js:93:5) {
    code: 500,
    method: 'post',
    path: '/guilds/837104198419611649/channels'
  }
}
------------------------------------------------------------------------------------------------------------------------------------------------
[CALLER: RequestHandler.js:107:21 | MS: 1620353663344 | DATE: 5/6/2021, 9:14:23 PM]
-----------------------------------------------------------------------------------------------------------------------------------------
FetchError: request to https://discordapp.com/api/v7/channels/840041597562781708 failed, reason: connect ECONNABORTED 162.159.129.233:443
EXTRA INFO:
Promise {
  <rejected> HTTPError [FetchError]: request to https://discordapp.com/api/v7/channels/840041597562781708 failed, reason: connect ECONNABORTED 162.159.129.233:443
      at RequestHandler.execute (C:\Users\jaces\Desktop\Corebot\node_modules\discord.js\src\rest\RequestHandler.js:107:21)
      at runMicrotasks (<anonymous>)
      at processTicksAndRejections (internal/process/task_queues.js:93:5) {
    code: 500,
    method: 'patch',
    path: '/channels/840041597562781708'
  }
}
-----------------------------------------------------------------------------------------------------------------------------------------
[CALLER: RequestHandler.js:107:21 | MS: 1620353663361 | DATE: 5/6/2021, 9:14:23 PM]
-----------------------------------------------------------------------------------------------------------------------------------------
FetchError: request to https://discordapp.com/api/v7/channels/840041596803612672 failed, reason: connect ECONNABORTED 162.159.129.233:443
EXTRA INFO:
Promise {
  <rejected> HTTPError [FetchError]: request to https://discordapp.com/api/v7/channels/840041596803612672 failed, reason: connect ECONNABORTED 162.159.129.233:443
      at RequestHandler.execute (C:\Users\jaces\Desktop\Corebot\node_modules\discord.js\src\rest\RequestHandler.js:107:21)
      at runMicrotasks (<anonymous>)
      at processTicksAndRejections (internal/process/task_queues.js:93:5) {
    code: 500,
    method: 'patch',
    path: '/channels/840041596803612672'
  }
}
-----------------------------------------------------------------------------------------------------------------------------------------
[CALLER: RequestHandler.js:107:21 | MS: 1620353663366 | DATE: 5/6/2021, 9:14:23 PM]
-----------------------------------------------------------------------------------------------------------------------------------------
FetchError: request to https://discordapp.com/api/v7/channels/840041596874391572 failed, reason: connect ECONNABORTED 162.159.129.233:443
EXTRA INFO:
Promise {
  <rejected> HTTPError [FetchError]: request to https://discordapp.com/api/v7/channels/840041596874391572 failed, reason: connect ECONNABORTED 162.159.129.233:443
      at RequestHandler.execute (C:\Users\jaces\Desktop\Corebot\node_modules\discord.js\src\rest\RequestHandler.js:107:21)
      at runMicrotasks (<anonymous>)
      at processTicksAndRejections (internal/process/task_queues.js:93:5) {
    code: 500,
    method: 'patch',
    path: '/channels/840041596874391572'
  }
}
-----------------------------------------------------------------------------------------------------------------------------------------
[CALLER: RequestHandler.js:107:21 | MS: 1620353663368 | DATE: 5/6/2021, 9:14:23 PM]
-----------------------------------------------------------------------------------------------------------------------------------------
FetchError: request to https://discordapp.com/api/v7/channels/840041597390684250 failed, reason: connect ECONNABORTED 162.159.129.233:443
EXTRA INFO:
Promise {
  <rejected> HTTPError [FetchError]: request to https://discordapp.com/api/v7/channels/840041597390684250 failed, reason: connect ECONNABORTED 162.159.129.233:443
      at RequestHandler.execute (C:\Users\jaces\Desktop\Corebot\node_modules\discord.js\src\rest\RequestHandler.js:107:21)
      at runMicrotasks (<anonymous>)
      at processTicksAndRejections (internal/process/task_queues.js:93:5) {
    code: 500,
    method: 'patch',
    path: '/channels/840041597390684250'
  }
}
-----------------------------------------------------------------------------------------------------------------------------------------
[CALLER: RequestHandler.js:107:21 | MS: 1620353663368 | DATE: 5/6/2021, 9:14:23 PM]
-----------------------------------------------------------------------------------------------------------------------------------------
FetchError: request to https://discordapp.com/api/v7/channels/840041597918773258 failed, reason: connect ECONNABORTED 162.159.129.233:443
EXTRA INFO:
Promise {
  <rejected> HTTPError [FetchError]: request to https://discordapp.com/api/v7/channels/840041597918773258 failed, reason: connect ECONNABORTED 162.159.129.233:443
      at RequestHandler.execute (C:\Users\jaces\Desktop\Corebot\node_modules\discord.js\src\rest\RequestHandler.js:107:21)
      at runMicrotasks (<anonymous>)
      at processTicksAndRejections (internal/process/task_queues.js:93:5) {
    code: 500,
    method: 'patch',
    path: '/channels/840041597918773258'
  }
}
-----------------------------------------------------------------------------------------------------------------------------------------
[CALLER: RequestHandler.js:107:21 | MS: 1620353663370 | DATE: 5/6/2021, 9:14:23 PM]
------------------------------------------------------------------------------------------------------------------------------------------------
FetchError: request to https://discordapp.com/api/v7/guilds/832046329068650526/channels failed, reason: connect ECONNABORTED 162.159.129.233:443
EXTRA INFO:
Promise {
  <rejected> HTTPError [FetchError]: request to https://discordapp.com/api/v7/guilds/832046329068650526/channels failed, reason: connect ECONNABORTED 162.159.129.233:443
      at RequestHandler.execute (C:\Users\jaces\Desktop\Corebot\node_modules\discord.js\src\rest\RequestHandler.js:107:21)
      at runMicrotasks (<anonymous>)
      at processTicksAndRejections (internal/process/task_queues.js:93:5) {
    code: 500,
    method: 'post',
    path: '/guilds/832046329068650526/channels'
  }
}
------------------------------------------------------------------------------------------------------------------------------------------------
[CALLER: RequestHandler.js:107:21 | MS: 1620353663369 | DATE: 5/6/2021, 9:14:23 PM]
-----------------------------------------------------------------------------------------------------------------------------------------
FetchError: request to https://discordapp.com/api/v7/channels/840041597273767977 failed, reason: connect ECONNABORTED 162.159.129.233:443
EXTRA INFO:
Promise {
  <rejected> HTTPError [FetchError]: request to https://discordapp.com/api/v7/channels/840041597273767977 failed, reason: connect ECONNABORTED 162.159.129.233:443
      at RequestHandler.execute (C:\Users\jaces\Desktop\Corebot\node_modules\discord.js\src\rest\RequestHandler.js:107:21)
      at runMicrotasks (<anonymous>)
      at processTicksAndRejections (internal/process/task_queues.js:93:5) {
    code: 500,
    method: 'patch',
    path: '/channels/840041597273767977'
  }
}
-----------------------------------------------------------------------------------------------------------------------------------------
[CALLER: Promise {
  <rejected> DiscordAPIError: Invalid Form Body
  name: This field is required
      at RequestHandler.execute (C:\Users\jaces\Desktop\Corebot\node_modules\discord.js\src\rest\RequestHandler.js:170:25)
      at runMicrotasks (<anonymous>)
      at processTicksAndRejections (internal/process/task_queues.js:93:5) {
    method: 'post',
    path: '/guilds/832046329068650526/channels',
    code: 50035,
    httpStatus: 400
  }
} | MS: 1620353671551 | DATE: 5/6/2021, 9:14:31 PM]
----------------------------------
DiscordAPIError: Invalid Form Body
name: This field is required
EXTRA INFO:
Unknown
----------------------------------
[CALLER: Promise {
  <rejected> DiscordAPIError: Invalid Form Body
  name: This field is required
      at RequestHandler.execute (C:\Users\jaces\Desktop\Corebot\node_modules\discord.js\src\rest\RequestHandler.js:170:25)
      at runMicrotasks (<anonymous>)
      at processTicksAndRejections (internal/process/task_queues.js:93:5) {
    method: 'post',
    path: '/guilds/837104198419611649/channels',
    code: 50035,
    httpStatus: 400
  }
} | MS: 1620353671555 | DATE: 5/6/2021, 9:14:31 PM]
----------------------------------
DiscordAPIError: Invalid Form Body
name: This field is required
EXTRA INFO:
Unknown
----------------------------------
[CALLER: Promise {
  <rejected> DiscordAPIError: Invalid Form Body
  name: This field is required
      at RequestHandler.execute (C:\Users\jaces\Desktop\Corebot\node_modules\discord.js\src\rest\RequestHandler.js:170:25)
      at runMicrotasks (<anonymous>)
      at processTicksAndRejections (internal/process/task_queues.js:93:5) {
    method: 'post',
    path: '/guilds/832046329068650526/channels',
    code: 50035,
    httpStatus: 400
  }
} | MS: 1620353688865 | DATE: 5/6/2021, 9:14:48 PM]
----------------------------------
DiscordAPIError: Invalid Form Body
name: This field is required
EXTRA INFO:
Unknown
----------------------------------
[CALLER: Promise {
  <rejected> DiscordAPIError: Invalid Form Body
  name: This field is required
      at RequestHandler.execute (C:\Users\jaces\Desktop\Corebot\node_modules\discord.js\src\rest\RequestHandler.js:170:25)
      at runMicrotasks (<anonymous>)
      at processTicksAndRejections (internal/process/task_queues.js:93:5) {
    method: 'post',
    path: '/guilds/837104198419611649/channels',
    code: 50035,
    httpStatus: 400
  }
} | MS: 1620353688865 | DATE: 5/6/2021, 9:14:48 PM]
----------------------------------
DiscordAPIError: Invalid Form Body
name: This field is required
EXTRA INFO:
Unknown
----------------------------------
[CALLER: Promise {
  <rejected> DiscordAPIError: Invalid Form Body
  name: This field is required
      at RequestHandler.execute (C:\Users\jaces\Desktop\Corebot\node_modules\discord.js\src\rest\RequestHandler.js:170:25)
      at runMicrotasks (<anonymous>)
      at processTicksAndRejections (internal/process/task_queues.js:93:5) {
    method: 'post',
    path: '/guilds/832046329068650526/channels',
    code: 50035,
    httpStatus: 400
  }
} | MS: 1620353692547 | DATE: 5/6/2021, 9:14:52 PM]
----------------------------------
DiscordAPIError: Invalid Form Body
name: This field is required
EXTRA INFO:
Unknown
----------------------------------
[CALLER: Promise {
  <rejected> DiscordAPIError: Invalid Form Body
  name: This field is required
      at RequestHandler.execute (C:\Users\jaces\Desktop\Corebot\node_modules\discord.js\src\rest\RequestHandler.js:170:25)
      at runMicrotasks (<anonymous>)
      at processTicksAndRejections (internal/process/task_queues.js:93:5) {
    method: 'post',
    path: '/guilds/837104198419611649/channels',
    code: 50035,
    httpStatus: 400
  }
} | MS: 1620353692552 | DATE: 5/6/2021, 9:14:52 PM]
----------------------------------
DiscordAPIError: Invalid Form Body
name: This field is required
EXTRA INFO:
Unknown
----------------------------------
[CALLER: Promise {
  <rejected> DiscordAPIError: Invalid Form Body
  name: This field is required
      at RequestHandler.execute (C:\Users\jaces\Desktop\Corebot\node_modules\discord.js\src\rest\RequestHandler.js:170:25)
      at runMicrotasks (<anonymous>)
      at processTicksAndRejections (internal/process/task_queues.js:93:5) {
    method: 'post',
    path: '/guilds/837104198419611649/channels',
    code: 50035,
    httpStatus: 400
  }
} | MS: 1620353701359 | DATE: 5/6/2021, 9:15:01 PM]
----------------------------------
DiscordAPIError: Invalid Form Body
name: This field is required
EXTRA INFO:
Unknown
----------------------------------
[CALLER: Promise {
  <rejected> DiscordAPIError: Invalid Form Body
  name: This field is required
      at RequestHandler.execute (C:\Users\jaces\Desktop\Corebot\node_modules\discord.js\src\rest\RequestHandler.js:170:25)
      at runMicrotasks (<anonymous>)
      at processTicksAndRejections (internal/process/task_queues.js:93:5) {
    method: 'post',
    path: '/guilds/832046329068650526/channels',
    code: 50035,
    httpStatus: 400
  }
} | MS: 1620353701377 | DATE: 5/6/2021, 9:15:01 PM]
----------------------------------
DiscordAPIError: Invalid Form Body
name: This field is required
EXTRA INFO:
Unknown
----------------------------------
[CALLER: Promise {
  <rejected> DiscordAPIError: Invalid Form Body
  name: This field is required
      at RequestHandler.execute (C:\Users\jaces\Desktop\Corebot\node_modules\discord.js\src\rest\RequestHandler.js:170:25)
      at runMicrotasks (<anonymous>)
      at processTicksAndRejections (internal/process/task_queues.js:93:5) {
    method: 'post',
    path: '/guilds/832046329068650526/channels',
    code: 50035,
    httpStatus: 400
  }
} | MS: 1620353718823 | DATE: 5/6/2021, 9:15:18 PM]
----------------------------------
DiscordAPIError: Invalid Form Body
name: This field is required
EXTRA INFO:
Unknown
----------------------------------
[CALLER: Promise {
  <rejected> DiscordAPIError: Invalid Form Body
  name: This field is required
      at RequestHandler.execute (C:\Users\jaces\Desktop\Corebot\node_modules\discord.js\src\rest\RequestHandler.js:170:25)
      at runMicrotasks (<anonymous>)
      at processTicksAndRejections (internal/process/task_queues.js:93:5) {
    method: 'post',
    path: '/guilds/837104198419611649/channels',
    code: 50035,
    httpStatus: 400
  }
} | MS: 1620353718826 | DATE: 5/6/2021, 9:15:18 PM]
----------------------------------
DiscordAPIError: Invalid Form Body
name: This field is required
EXTRA INFO:
Unknown
----------------------------------
[CALLER: Promise {
  <rejected> DiscordAPIError: Invalid Form Body
  name: This field is required
      at RequestHandler.execute (C:\Users\jaces\Desktop\Corebot\node_modules\discord.js\src\rest\RequestHandler.js:170:25)
      at runMicrotasks (<anonymous>)
      at processTicksAndRejections (internal/process/task_queues.js:93:5) {
    method: 'post',
    path: '/guilds/832046329068650526/channels',
    code: 50035,
    httpStatus: 400
  }
} | MS: 1620353722546 | DATE: 5/6/2021, 9:15:22 PM]
----------------------------------
DiscordAPIError: Invalid Form Body
name: This field is required
EXTRA INFO:
Unknown
----------------------------------
[CALLER: Promise {
  <rejected> DiscordAPIError: Invalid Form Body
  name: This field is required
      at RequestHandler.execute (C:\Users\jaces\Desktop\Corebot\node_modules\discord.js\src\rest\RequestHandler.js:170:25)
      at runMicrotasks (<anonymous>)
      at processTicksAndRejections (internal/process/task_queues.js:93:5) {
    method: 'post',
    path: '/guilds/837104198419611649/channels',
    code: 50035,
    httpStatus: 400
  }
} | MS: 1620353722631 | DATE: 5/6/2021, 9:15:22 PM]
----------------------------------
DiscordAPIError: Invalid Form Body
name: This field is required
EXTRA INFO:
Unknown
----------------------------------
[CALLER: Promise {
  <rejected> DiscordAPIError: Invalid Form Body
  name: This field is required
      at RequestHandler.execute (C:\Users\jaces\Desktop\Corebot\node_modules\discord.js\src\rest\RequestHandler.js:170:25)
      at runMicrotasks (<anonymous>)
      at processTicksAndRejections (internal/process/task_queues.js:93:5) {
    method: 'post',
    path: '/guilds/832046329068650526/channels',
    code: 50035,
    httpStatus: 400
  }
} | MS: 1620353731344 | DATE: 5/6/2021, 9:15:31 PM]
----------------------------------
DiscordAPIError: Invalid Form Body
name: This field is required
EXTRA INFO:
Unknown
----------------------------------
[CALLER: Promise {
  <rejected> DiscordAPIError: Invalid Form Body
  name: This field is required
      at RequestHandler.execute (C:\Users\jaces\Desktop\Corebot\node_modules\discord.js\src\rest\RequestHandler.js:170:25)
      at runMicrotasks (<anonymous>)
      at processTicksAndRejections (internal/process/task_queues.js:93:5) {
    method: 'post',
    path: '/guilds/837104198419611649/channels',
    code: 50035,
    httpStatus: 400
  }
} | MS: 1620353731345 | DATE: 5/6/2021, 9:15:31 PM]
----------------------------------
DiscordAPIError: Invalid Form Body
name: This field is required
EXTRA INFO:
Unknown
----------------------------------
[CALLER: Promise {
  <rejected> DiscordAPIError: Invalid Form Body
  name: This field is required
      at RequestHandler.execute (C:\Users\jaces\Desktop\Corebot\node_modules\discord.js\src\rest\RequestHandler.js:170:25)
      at runMicrotasks (<anonymous>)
      at processTicksAndRejections (internal/process/task_queues.js:93:5) {
    method: 'post',
    path: '/guilds/837104198419611649/channels',
    code: 50035,
    httpStatus: 400
  }
} | MS: 1620353748824 | DATE: 5/6/2021, 9:15:48 PM]
----------------------------------
DiscordAPIError: Invalid Form Body
name: This field is required
EXTRA INFO:
Unknown
----------------------------------
[CALLER: Promise {
  <rejected> DiscordAPIError: Invalid Form Body
  name: This field is required
      at RequestHandler.execute (C:\Users\jaces\Desktop\Corebot\node_modules\discord.js\src\rest\RequestHandler.js:170:25)
      at runMicrotasks (<anonymous>)
      at processTicksAndRejections (internal/process/task_queues.js:93:5) {
    method: 'post',
    path: '/guilds/832046329068650526/channels',
    code: 50035,
    httpStatus: 400
  }
} | MS: 1620353748849 | DATE: 5/6/2021, 9:15:48 PM]
----------------------------------
DiscordAPIError: Invalid Form Body
name: This field is required
EXTRA INFO:
Unknown
----------------------------------
[CALLER: Promise {
  <rejected> DiscordAPIError: Invalid Form Body
  name: This field is required
      at RequestHandler.execute (C:\Users\jaces\Desktop\Corebot\node_modules\discord.js\src\rest\RequestHandler.js:170:25)
      at runMicrotasks (<anonymous>)
      at processTicksAndRejections (internal/process/task_queues.js:93:5) {
    method: 'post',
    path: '/guilds/837104198419611649/channels',
    code: 50035,
    httpStatus: 400
  }
} | MS: 1620353752553 | DATE: 5/6/2021, 9:15:52 PM]
----------------------------------
DiscordAPIError: Invalid Form Body
name: This field is required
EXTRA INFO:
Unknown
----------------------------------
[CALLER: Promise {
  <rejected> DiscordAPIError: Invalid Form Body
  name: This field is required
      at RequestHandler.execute (C:\Users\jaces\Desktop\Corebot\node_modules\discord.js\src\rest\RequestHandler.js:170:25)
      at runMicrotasks (<anonymous>)
      at processTicksAndRejections (internal/process/task_queues.js:93:5) {
    method: 'post',
    path: '/guilds/832046329068650526/channels',
    code: 50035,
    httpStatus: 400
  }
} | MS: 1620353752582 | DATE: 5/6/2021, 9:15:52 PM]
----------------------------------
DiscordAPIError: Invalid Form Body
name: This field is required
EXTRA INFO:
Unknown
----------------------------------
[CALLER: Promise {
  <rejected> DiscordAPIError: Invalid Form Body
  name: This field is required
      at RequestHandler.execute (C:\Users\jaces\Desktop\Corebot\node_modules\discord.js\src\rest\RequestHandler.js:170:25)
      at runMicrotasks (<anonymous>)
      at processTicksAndRejections (internal/process/task_queues.js:93:5) {
    method: 'post',
    path: '/guilds/837104198419611649/channels',
    code: 50035,
    httpStatus: 400
  }
} | MS: 1620353761378 | DATE: 5/6/2021, 9:16:01 PM]
----------------------------------
DiscordAPIError: Invalid Form Body
name: This field is required
EXTRA INFO:
Unknown
----------------------------------
[CALLER: Promise {
  <rejected> DiscordAPIError: Invalid Form Body
  name: This field is required
      at RequestHandler.execute (C:\Users\jaces\Desktop\Corebot\node_modules\discord.js\src\rest\RequestHandler.js:170:25)
      at runMicrotasks (<anonymous>)
      at processTicksAndRejections (internal/process/task_queues.js:93:5) {
    method: 'post',
    path: '/guilds/832046329068650526/channels',
    code: 50035,
    httpStatus: 400
  }
} | MS: 1620353761611 | DATE: 5/6/2021, 9:16:01 PM]
----------------------------------
DiscordAPIError: Invalid Form Body
name: This field is required
EXTRA INFO:
Unknown
----------------------------------
[CALLER: Promise {
  <rejected> DiscordAPIError: Invalid Form Body
  name: This field is required
      at RequestHandler.execute (C:\Users\jaces\Desktop\Corebot\node_modules\discord.js\src\rest\RequestHandler.js:170:25)
      at runMicrotasks (<anonymous>)
      at processTicksAndRejections (internal/process/task_queues.js:93:5) {
    method: 'post',
    path: '/guilds/832046329068650526/channels',
    code: 50035,
    httpStatus: 400
  }
} | MS: 1620353778813 | DATE: 5/6/2021, 9:16:18 PM]
----------------------------------
DiscordAPIError: Invalid Form Body
name: This field is required
EXTRA INFO:
Unknown
----------------------------------
[CALLER: Promise {
  <rejected> DiscordAPIError: Invalid Form Body
  name: This field is required
      at RequestHandler.execute (C:\Users\jaces\Desktop\Corebot\node_modules\discord.js\src\rest\RequestHandler.js:170:25)
      at runMicrotasks (<anonymous>)
      at processTicksAndRejections (internal/process/task_queues.js:93:5) {
    method: 'post',
    path: '/guilds/837104198419611649/channels',
    code: 50035,
    httpStatus: 400
  }
} | MS: 1620353778831 | DATE: 5/6/2021, 9:16:18 PM]
----------------------------------
DiscordAPIError: Invalid Form Body
name: This field is required
EXTRA INFO:
Unknown
----------------------------------
[CALLER: Promise {
  <rejected> DiscordAPIError: Invalid Form Body
  name: This field is required
      at RequestHandler.execute (C:\Users\jaces\Desktop\Corebot\node_modules\discord.js\src\rest\RequestHandler.js:170:25)
      at runMicrotasks (<anonymous>)
      at processTicksAndRejections (internal/process/task_queues.js:93:5) {
    method: 'post',
    path: '/guilds/837104198419611649/channels',
    code: 50035,
    httpStatus: 400
  }
} | MS: 1620353782542 | DATE: 5/6/2021, 9:16:22 PM]
----------------------------------
DiscordAPIError: Invalid Form Body
name: This field is required
EXTRA INFO:
Unknown
----------------------------------
[CALLER: Promise {
  <rejected> DiscordAPIError: Invalid Form Body
  name: This field is required
      at RequestHandler.execute (C:\Users\jaces\Desktop\Corebot\node_modules\discord.js\src\rest\RequestHandler.js:170:25)
      at runMicrotasks (<anonymous>)
      at processTicksAndRejections (internal/process/task_queues.js:93:5) {
    method: 'post',
    path: '/guilds/832046329068650526/channels',
    code: 50035,
    httpStatus: 400
  }
} | MS: 1620353782566 | DATE: 5/6/2021, 9:16:22 PM]
----------------------------------
DiscordAPIError: Invalid Form Body
name: This field is required
EXTRA INFO:
Unknown
----------------------------------
[CALLER: Promise {
  <rejected> DiscordAPIError: Invalid Form Body
  name: This field is required
      at RequestHandler.execute (C:\Users\jaces\Desktop\Corebot\node_modules\discord.js\src\rest\RequestHandler.js:170:25)
      at runMicrotasks (<anonymous>)
      at processTicksAndRejections (internal/process/task_queues.js:93:5) {
    method: 'post',
    path: '/guilds/832046329068650526/channels',
    code: 50035,
    httpStatus: 400
  }
} | MS: 1620353791343 | DATE: 5/6/2021, 9:16:31 PM]
----------------------------------
DiscordAPIError: Invalid Form Body
name: This field is required
EXTRA INFO:
Unknown
----------------------------------
[CALLER: Promise {
  <rejected> DiscordAPIError: Invalid Form Body
  name: This field is required
      at RequestHandler.execute (C:\Users\jaces\Desktop\Corebot\node_modules\discord.js\src\rest\RequestHandler.js:170:25)
      at runMicrotasks (<anonymous>)
      at processTicksAndRejections (internal/process/task_queues.js:93:5) {
    method: 'post',
    path: '/guilds/837104198419611649/channels',
    code: 50035,
    httpStatus: 400
  }
} | MS: 1620353791355 | DATE: 5/6/2021, 9:16:31 PM]
----------------------------------
DiscordAPIError: Invalid Form Body
name: This field is required
EXTRA INFO:
Unknown
----------------------------------
[CALLER: Promise {
  <rejected> DiscordAPIError: Invalid Form Body
  name: This field is required
      at RequestHandler.execute (C:\Users\jaces\Desktop\Corebot\node_modules\discord.js\src\rest\RequestHandler.js:170:25)
      at runMicrotasks (<anonymous>)
      at processTicksAndRejections (internal/process/task_queues.js:93:5) {
    method: 'post',
    path: '/guilds/837104198419611649/channels',
    code: 50035,
    httpStatus: 400
  }
} | MS: 1620353808841 | DATE: 5/6/2021, 9:16:48 PM]
----------------------------------
DiscordAPIError: Invalid Form Body
name: This field is required
EXTRA INFO:
Unknown
----------------------------------
[CALLER: Promise {
  <rejected> DiscordAPIError: Invalid Form Body
  name: This field is required
      at RequestHandler.execute (C:\Users\jaces\Desktop\Corebot\node_modules\discord.js\src\rest\RequestHandler.js:170:25)
      at runMicrotasks (<anonymous>)
      at processTicksAndRejections (internal/process/task_queues.js:93:5) {
    method: 'post',
    path: '/guilds/832046329068650526/channels',
    code: 50035,
    httpStatus: 400
  }
} | MS: 1620353808848 | DATE: 5/6/2021, 9:16:48 PM]
----------------------------------
DiscordAPIError: Invalid Form Body
name: This field is required
EXTRA INFO:
Unknown
----------------------------------
[CALLER: Promise {
  <rejected> DiscordAPIError: Invalid Form Body
  name: This field is required
      at RequestHandler.execute (C:\Users\jaces\Desktop\Corebot\node_modules\discord.js\src\rest\RequestHandler.js:170:25)
      at runMicrotasks (<anonymous>)
      at processTicksAndRejections (internal/process/task_queues.js:93:5) {
    method: 'post',
    path: '/guilds/837104198419611649/channels',
    code: 50035,
    httpStatus: 400
  }
} | MS: 1620353812565 | DATE: 5/6/2021, 9:16:52 PM]
----------------------------------
DiscordAPIError: Invalid Form Body
name: This field is required
EXTRA INFO:
Unknown
----------------------------------
[CALLER: Promise {
  <rejected> DiscordAPIError: Invalid Form Body
  name: This field is required
      at RequestHandler.execute (C:\Users\jaces\Desktop\Corebot\node_modules\discord.js\src\rest\RequestHandler.js:170:25)
      at runMicrotasks (<anonymous>)
      at processTicksAndRejections (internal/process/task_queues.js:93:5) {
    method: 'post',
    path: '/guilds/832046329068650526/channels',
    code: 50035,
    httpStatus: 400
  }
} | MS: 1620353812565 | DATE: 5/6/2021, 9:16:52 PM]
----------------------------------
DiscordAPIError: Invalid Form Body
name: This field is required
EXTRA INFO:
Unknown
----------------------------------
[CALLER: Promise {
  <rejected> DiscordAPIError: Invalid Form Body
  name: This field is required
      at RequestHandler.execute (C:\Users\jaces\Desktop\Corebot\node_modules\discord.js\src\rest\RequestHandler.js:170:25)
      at runMicrotasks (<anonymous>)
      at processTicksAndRejections (internal/process/task_queues.js:93:5) {
    method: 'post',
    path: '/guilds/832046329068650526/channels',
    code: 50035,
    httpStatus: 400
  }
} | MS: 1620353821356 | DATE: 5/6/2021, 9:17:01 PM]
----------------------------------
DiscordAPIError: Invalid Form Body
name: This field is required
EXTRA INFO:
Unknown
----------------------------------
[CALLER: Promise {
  <rejected> DiscordAPIError: Invalid Form Body
  name: This field is required
      at RequestHandler.execute (C:\Users\jaces\Desktop\Corebot\node_modules\discord.js\src\rest\RequestHandler.js:170:25)
      at runMicrotasks (<anonymous>)
      at processTicksAndRejections (internal/process/task_queues.js:93:5) {
    method: 'post',
    path: '/guilds/837104198419611649/channels',
    code: 50035,
    httpStatus: 400
  }
} | MS: 1620353821382 | DATE: 5/6/2021, 9:17:01 PM]
----------------------------------
DiscordAPIError: Invalid Form Body
name: This field is required
EXTRA INFO:
Unknown
----------------------------------
[CALLER: Promise {
  <rejected> DiscordAPIError: Invalid Form Body
  name: This field is required
      at RequestHandler.execute (C:\Users\jaces\Desktop\Corebot\node_modules\discord.js\src\rest\RequestHandler.js:170:25)
      at runMicrotasks (<anonymous>)
      at processTicksAndRejections (internal/process/task_queues.js:93:5) {
    method: 'post',
    path: '/guilds/837104198419611649/channels',
    code: 50035,
    httpStatus: 400
  }
} | MS: 1620353838817 | DATE: 5/6/2021, 9:17:18 PM]
----------------------------------
DiscordAPIError: Invalid Form Body
name: This field is required
EXTRA INFO:
Unknown
----------------------------------
[CALLER: Promise {
  <rejected> DiscordAPIError: Invalid Form Body
  name: This field is required
      at RequestHandler.execute (C:\Users\jaces\Desktop\Corebot\node_modules\discord.js\src\rest\RequestHandler.js:170:25)
      at runMicrotasks (<anonymous>)
      at processTicksAndRejections (internal/process/task_queues.js:93:5) {
    method: 'post',
    path: '/guilds/832046329068650526/channels',
    code: 50035,
    httpStatus: 400
  }
} | MS: 1620353838825 | DATE: 5/6/2021, 9:17:18 PM]
----------------------------------
DiscordAPIError: Invalid Form Body
name: This field is required
EXTRA INFO:
Unknown
----------------------------------
[CALLER: Promise {
  <rejected> DiscordAPIError: Invalid Form Body
  name: This field is required
      at RequestHandler.execute (C:\Users\jaces\Desktop\Corebot\node_modules\discord.js\src\rest\RequestHandler.js:170:25)
      at runMicrotasks (<anonymous>)
      at processTicksAndRejections (internal/process/task_queues.js:93:5) {
    method: 'post',
    path: '/guilds/837104198419611649/channels',
    code: 50035,
    httpStatus: 400
  }
} | MS: 1620353842573 | DATE: 5/6/2021, 9:17:22 PM]
----------------------------------
DiscordAPIError: Invalid Form Body
name: This field is required
EXTRA INFO:
Unknown
----------------------------------
[CALLER: Promise {
  <rejected> DiscordAPIError: Invalid Form Body
  name: This field is required
      at RequestHandler.execute (C:\Users\jaces\Desktop\Corebot\node_modules\discord.js\src\rest\RequestHandler.js:170:25)
      at runMicrotasks (<anonymous>)
      at processTicksAndRejections (internal/process/task_queues.js:93:5) {
    method: 'post',
    path: '/guilds/832046329068650526/channels',
    code: 50035,
    httpStatus: 400
  }
} | MS: 1620353842598 | DATE: 5/6/2021, 9:17:22 PM]
----------------------------------
DiscordAPIError: Invalid Form Body
name: This field is required
EXTRA INFO:
Unknown
----------------------------------
[CALLER: RequestHandler.js:107:21 | MS: 1620353851259 | DATE: 5/6/2021, 9:17:31 PM]
-------------------------------------------------------------------------------------------------------------------------------------
FetchError: request to https://discordapp.com/api/v7/channels/840041596874391572 failed, reason: getaddrinfo ENOTFOUND discordapp.com
EXTRA INFO:
Promise {
  <rejected> HTTPError [FetchError]: request to https://discordapp.com/api/v7/channels/840041596874391572 failed, reason: getaddrinfo ENOTFOUND discordapp.com
      at RequestHandler.execute (C:\Users\jaces\Desktop\Corebot\node_modules\discord.js\src\rest\RequestHandler.js:107:21)
      at runMicrotasks (<anonymous>)
      at processTicksAndRejections (internal/process/task_queues.js:93:5) {
    code: 500,
    method: 'patch',
    path: '/channels/840041596874391572'
  }
}
-------------------------------------------------------------------------------------------------------------------------------------
[CALLER: RequestHandler.js:107:21 | MS: 1620353851259 | DATE: 5/6/2021, 9:17:31 PM]
-------------------------------------------------------------------------------------------------------------------------------------
FetchError: request to https://discordapp.com/api/v7/channels/840041597390684250 failed, reason: getaddrinfo ENOTFOUND discordapp.com
EXTRA INFO:
Promise {
  <rejected> HTTPError [FetchError]: request to https://discordapp.com/api/v7/channels/840041597390684250 failed, reason: getaddrinfo ENOTFOUND discordapp.com
      at RequestHandler.execute (C:\Users\jaces\Desktop\Corebot\node_modules\discord.js\src\rest\RequestHandler.js:107:21)
      at runMicrotasks (<anonymous>)
      at processTicksAndRejections (internal/process/task_queues.js:93:5) {
    code: 500,
    method: 'patch',
    path: '/channels/840041597390684250'
  }
}
-------------------------------------------------------------------------------------------------------------------------------------
[CALLER: RequestHandler.js:107:21 | MS: 1620353851260 | DATE: 5/6/2021, 9:17:31 PM]
-------------------------------------------------------------------------------------------------------------------------------------
FetchError: request to https://discordapp.com/api/v7/channels/840041597918773258 failed, reason: getaddrinfo ENOTFOUND discordapp.com
EXTRA INFO:
Promise {
  <rejected> HTTPError [FetchError]: request to https://discordapp.com/api/v7/channels/840041597918773258 failed, reason: getaddrinfo ENOTFOUND discordapp.com
      at RequestHandler.execute (C:\Users\jaces\Desktop\Corebot\node_modules\discord.js\src\rest\RequestHandler.js:107:21)
      at runMicrotasks (<anonymous>)
      at processTicksAndRejections (internal/process/task_queues.js:93:5) {
    code: 500,
    method: 'patch',
    path: '/channels/840041597918773258'
  }
}
-------------------------------------------------------------------------------------------------------------------------------------
[CALLER: RequestHandler.js:107:21 | MS: 1620353851262 | DATE: 5/6/2021, 9:17:31 PM]
--------------------------------------------------------------------------------------------------------------------------------------------
FetchError: request to https://discordapp.com/api/v7/guilds/832046329068650526/channels failed, reason: getaddrinfo ENOTFOUND discordapp.com
EXTRA INFO:
Promise {
  <rejected> HTTPError [FetchError]: request to https://discordapp.com/api/v7/guilds/832046329068650526/channels failed, reason: getaddrinfo ENOTFOUND discordapp.com
      at RequestHandler.execute (C:\Users\jaces\Desktop\Corebot\node_modules\discord.js\src\rest\RequestHandler.js:107:21)
      at runMicrotasks (<anonymous>)
      at processTicksAndRejections (internal/process/task_queues.js:93:5) {
    code: 500,
    method: 'post',
    path: '/guilds/832046329068650526/channels'
  }
}
--------------------------------------------------------------------------------------------------------------------------------------------
[CALLER: RequestHandler.js:107:21 | MS: 1620353851263 | DATE: 5/6/2021, 9:17:31 PM]
--------------------------------------------------------------------------------------------------------------------------------------------
FetchError: request to https://discordapp.com/api/v7/guilds/837104198419611649/channels failed, reason: getaddrinfo ENOTFOUND discordapp.com
EXTRA INFO:
Promise {
  <rejected> HTTPError [FetchError]: request to https://discordapp.com/api/v7/guilds/837104198419611649/channels failed, reason: getaddrinfo ENOTFOUND discordapp.com
      at RequestHandler.execute (C:\Users\jaces\Desktop\Corebot\node_modules\discord.js\src\rest\RequestHandler.js:107:21)
      at runMicrotasks (<anonymous>)
      at processTicksAndRejections (internal/process/task_queues.js:93:5) {
    code: 500,
    method: 'post',
    path: '/guilds/837104198419611649/channels'
  }
}
--------------------------------------------------------------------------------------------------------------------------------------------
[CALLER: RequestHandler.js:107:21 | MS: 1620353851262 | DATE: 5/6/2021, 9:17:31 PM]
-------------------------------------------------------------------------------------------------------------------------------------
FetchError: request to https://discordapp.com/api/v7/channels/840041596803612672 failed, reason: getaddrinfo ENOTFOUND discordapp.com
EXTRA INFO:
Promise {
  <rejected> HTTPError [FetchError]: request to https://discordapp.com/api/v7/channels/840041596803612672 failed, reason: getaddrinfo ENOTFOUND discordapp.com
      at RequestHandler.execute (C:\Users\jaces\Desktop\Corebot\node_modules\discord.js\src\rest\RequestHandler.js:107:21)
      at runMicrotasks (<anonymous>)
      at processTicksAndRejections (internal/process/task_queues.js:93:5) {
    code: 500,
    method: 'patch',
    path: '/channels/840041596803612672'
  }
}
-------------------------------------------------------------------------------------------------------------------------------------
[CALLER: RequestHandler.js:107:21 | MS: 1620353851263 | DATE: 5/6/2021, 9:17:31 PM]
-------------------------------------------------------------------------------------------------------------------------------------
FetchError: request to https://discordapp.com/api/v7/channels/840041597273767977 failed, reason: getaddrinfo ENOTFOUND discordapp.com
EXTRA INFO:
Promise {
  <rejected> HTTPError [FetchError]: request to https://discordapp.com/api/v7/channels/840041597273767977 failed, reason: getaddrinfo ENOTFOUND discordapp.com
      at RequestHandler.execute (C:\Users\jaces\Desktop\Corebot\node_modules\discord.js\src\rest\RequestHandler.js:107:21)
      at runMicrotasks (<anonymous>)
      at processTicksAndRejections (internal/process/task_queues.js:93:5) {
    code: 500,
    method: 'patch',
    path: '/channels/840041597273767977'
  }
}
-------------------------------------------------------------------------------------------------------------------------------------
[CALLER: RequestHandler.js:107:21 | MS: 1620353851264 | DATE: 5/6/2021, 9:17:31 PM]
-------------------------------------------------------------------------------------------------------------------------------------
FetchError: request to https://discordapp.com/api/v7/channels/840041597562781708 failed, reason: getaddrinfo ENOTFOUND discordapp.com
EXTRA INFO:
Promise {
  <rejected> HTTPError [FetchError]: request to https://discordapp.com/api/v7/channels/840041597562781708 failed, reason: getaddrinfo ENOTFOUND discordapp.com
      at RequestHandler.execute (C:\Users\jaces\Desktop\Corebot\node_modules\discord.js\src\rest\RequestHandler.js:107:21)
      at runMicrotasks (<anonymous>)
      at processTicksAndRejections (internal/process/task_queues.js:93:5) {
    code: 500,
    method: 'patch',
    path: '/channels/840041597562781708'
  }
}
-------------------------------------------------------------------------------------------------------------------------------------
[CALLER: RequestHandler.js:107:21 | MS: 1620353868721 | DATE: 5/6/2021, 9:17:48 PM]
-------------------------------------------------------------------------------------------------------------------------------------
FetchError: request to https://discordapp.com/api/v7/channels/840041596874391572 failed, reason: getaddrinfo ENOTFOUND discordapp.com
EXTRA INFO:
Promise {
  <rejected> HTTPError [FetchError]: request to https://discordapp.com/api/v7/channels/840041596874391572 failed, reason: getaddrinfo ENOTFOUND discordapp.com
      at RequestHandler.execute (C:\Users\jaces\Desktop\Corebot\node_modules\discord.js\src\rest\RequestHandler.js:107:21)
      at runMicrotasks (<anonymous>)
      at processTicksAndRejections (internal/process/task_queues.js:93:5) {
    code: 500,
    method: 'patch',
    path: '/channels/840041596874391572'
  }
}
-------------------------------------------------------------------------------------------------------------------------------------
[CALLER: RequestHandler.js:107:21 | MS: 1620353868723 | DATE: 5/6/2021, 9:17:48 PM]
-------------------------------------------------------------------------------------------------------------------------------------
FetchError: request to https://discordapp.com/api/v7/channels/840041597390684250 failed, reason: getaddrinfo ENOTFOUND discordapp.com
EXTRA INFO:
Promise {
  <rejected> HTTPError [FetchError]: request to https://discordapp.com/api/v7/channels/840041597390684250 failed, reason: getaddrinfo ENOTFOUND discordapp.com
      at RequestHandler.execute (C:\Users\jaces\Desktop\Corebot\node_modules\discord.js\src\rest\RequestHandler.js:107:21)
      at runMicrotasks (<anonymous>)
      at processTicksAndRejections (internal/process/task_queues.js:93:5) {
    code: 500,
    method: 'patch',
    path: '/channels/840041597390684250'
  }
}
-------------------------------------------------------------------------------------------------------------------------------------
[CALLER: RequestHandler.js:107:21 | MS: 1620353868723 | DATE: 5/6/2021, 9:17:48 PM]
-------------------------------------------------------------------------------------------------------------------------------------
FetchError: request to https://discordapp.com/api/v7/channels/840041597918773258 failed, reason: getaddrinfo ENOTFOUND discordapp.com
EXTRA INFO:
Promise {
  <rejected> HTTPError [FetchError]: request to https://discordapp.com/api/v7/channels/840041597918773258 failed, reason: getaddrinfo ENOTFOUND discordapp.com
      at RequestHandler.execute (C:\Users\jaces\Desktop\Corebot\node_modules\discord.js\src\rest\RequestHandler.js:107:21)
      at runMicrotasks (<anonymous>)
      at processTicksAndRejections (internal/process/task_queues.js:93:5) {
    code: 500,
    method: 'patch',
    path: '/channels/840041597918773258'
  }
}
-------------------------------------------------------------------------------------------------------------------------------------
[CALLER: RequestHandler.js:107:21 | MS: 1620353868724 | DATE: 5/6/2021, 9:17:48 PM]
-------------------------------------------------------------------------------------------------------------------------------------
FetchError: request to https://discordapp.com/api/v7/channels/840041596803612672 failed, reason: getaddrinfo ENOTFOUND discordapp.com
EXTRA INFO:
Promise {
  <rejected> HTTPError [FetchError]: request to https://discordapp.com/api/v7/channels/840041596803612672 failed, reason: getaddrinfo ENOTFOUND discordapp.com
      at RequestHandler.execute (C:\Users\jaces\Desktop\Corebot\node_modules\discord.js\src\rest\RequestHandler.js:107:21)
      at runMicrotasks (<anonymous>)
      at processTicksAndRejections (internal/process/task_queues.js:93:5) {
    code: 500,
    method: 'patch',
    path: '/channels/840041596803612672'
  }
}
-------------------------------------------------------------------------------------------------------------------------------------
[CALLER: RequestHandler.js:107:21 | MS: 1620353868725 | DATE: 5/6/2021, 9:17:48 PM]
-------------------------------------------------------------------------------------------------------------------------------------
FetchError: request to https://discordapp.com/api/v7/channels/840041597273767977 failed, reason: getaddrinfo ENOTFOUND discordapp.com
EXTRA INFO:
Promise {
  <rejected> HTTPError [FetchError]: request to https://discordapp.com/api/v7/channels/840041597273767977 failed, reason: getaddrinfo ENOTFOUND discordapp.com
      at RequestHandler.execute (C:\Users\jaces\Desktop\Corebot\node_modules\discord.js\src\rest\RequestHandler.js:107:21)
      at runMicrotasks (<anonymous>)
      at processTicksAndRejections (internal/process/task_queues.js:93:5) {
    code: 500,
    method: 'patch',
    path: '/channels/840041597273767977'
  }
}
-------------------------------------------------------------------------------------------------------------------------------------
[CALLER: RequestHandler.js:107:21 | MS: 1620353868724 | DATE: 5/6/2021, 9:17:48 PM]
--------------------------------------------------------------------------------------------------------------------------------------------
FetchError: request to https://discordapp.com/api/v7/guilds/832046329068650526/channels failed, reason: getaddrinfo ENOTFOUND discordapp.com
EXTRA INFO:
Promise {
  <rejected> HTTPError [FetchError]: request to https://discordapp.com/api/v7/guilds/832046329068650526/channels failed, reason: getaddrinfo ENOTFOUND discordapp.com
      at RequestHandler.execute (C:\Users\jaces\Desktop\Corebot\node_modules\discord.js\src\rest\RequestHandler.js:107:21)
      at runMicrotasks (<anonymous>)
      at processTicksAndRejections (internal/process/task_queues.js:93:5) {
    code: 500,
    method: 'post',
    path: '/guilds/832046329068650526/channels'
  }
}
--------------------------------------------------------------------------------------------------------------------------------------------
[CALLER: RequestHandler.js:107:21 | MS: 1620353868726 | DATE: 5/6/2021, 9:17:48 PM]
-------------------------------------------------------------------------------------------------------------------------------------
FetchError: request to https://discordapp.com/api/v7/channels/840041597562781708 failed, reason: getaddrinfo ENOTFOUND discordapp.com
EXTRA INFO:
Promise {
  <rejected> HTTPError [FetchError]: request to https://discordapp.com/api/v7/channels/840041597562781708 failed, reason: getaddrinfo ENOTFOUND discordapp.com
      at RequestHandler.execute (C:\Users\jaces\Desktop\Corebot\node_modules\discord.js\src\rest\RequestHandler.js:107:21)
      at runMicrotasks (<anonymous>)
      at processTicksAndRejections (internal/process/task_queues.js:93:5) {
    code: 500,
    method: 'patch',
    path: '/channels/840041597562781708'
  }
}
-------------------------------------------------------------------------------------------------------------------------------------
[CALLER: RequestHandler.js:107:21 | MS: 1620353868726 | DATE: 5/6/2021, 9:17:48 PM]
--------------------------------------------------------------------------------------------------------------------------------------------
FetchError: request to https://discordapp.com/api/v7/guilds/837104198419611649/channels failed, reason: getaddrinfo ENOTFOUND discordapp.com
EXTRA INFO:
Promise {
  <rejected> HTTPError [FetchError]: request to https://discordapp.com/api/v7/guilds/837104198419611649/channels failed, reason: getaddrinfo ENOTFOUND discordapp.com
      at RequestHandler.execute (C:\Users\jaces\Desktop\Corebot\node_modules\discord.js\src\rest\RequestHandler.js:107:21)
      at runMicrotasks (<anonymous>)
      at processTicksAndRejections (internal/process/task_queues.js:93:5) {
    code: 500,
    method: 'post',
    path: '/guilds/837104198419611649/channels'
  }
}
--------------------------------------------------------------------------------------------------------------------------------------------
[CALLER: RequestHandler.js:107:21 | MS: 1620353876447 | DATE: 5/6/2021, 9:17:56 PM]
-------------------------------------------------------------------------------------------------------------------------------------
FetchError: request to https://discordapp.com/api/v7/channels/840041596874391572 failed, reason: getaddrinfo ENOTFOUND discordapp.com
EXTRA INFO:
Promise {
  <rejected> HTTPError [FetchError]: request to https://discordapp.com/api/v7/channels/840041596874391572 failed, reason: getaddrinfo ENOTFOUND discordapp.com
      at RequestHandler.execute (C:\Users\jaces\Desktop\Corebot\node_modules\discord.js\src\rest\RequestHandler.js:107:21)
      at runMicrotasks (<anonymous>)
      at processTicksAndRejections (internal/process/task_queues.js:93:5) {
    code: 500,
    method: 'patch',
    path: '/channels/840041596874391572'
  }
}
-------------------------------------------------------------------------------------------------------------------------------------
[CALLER: RequestHandler.js:107:21 | MS: 1620353876448 | DATE: 5/6/2021, 9:17:56 PM]
-------------------------------------------------------------------------------------------------------------------------------------
FetchError: request to https://discordapp.com/api/v7/channels/840041597390684250 failed, reason: getaddrinfo ENOTFOUND discordapp.com
EXTRA INFO:
Promise {
  <rejected> HTTPError [FetchError]: request to https://discordapp.com/api/v7/channels/840041597390684250 failed, reason: getaddrinfo ENOTFOUND discordapp.com
      at RequestHandler.execute (C:\Users\jaces\Desktop\Corebot\node_modules\discord.js\src\rest\RequestHandler.js:107:21)
      at runMicrotasks (<anonymous>)
      at processTicksAndRejections (internal/process/task_queues.js:93:5) {
    code: 500,
    method: 'patch',
    path: '/channels/840041597390684250'
  }
}
-------------------------------------------------------------------------------------------------------------------------------------
[CALLER: RequestHandler.js:107:21 | MS: 1620353876449 | DATE: 5/6/2021, 9:17:56 PM]
-------------------------------------------------------------------------------------------------------------------------------------
FetchError: request to https://discordapp.com/api/v7/channels/840041597918773258 failed, reason: getaddrinfo ENOTFOUND discordapp.com
EXTRA INFO:
Promise {
  <rejected> HTTPError [FetchError]: request to https://discordapp.com/api/v7/channels/840041597918773258 failed, reason: getaddrinfo ENOTFOUND discordapp.com
      at RequestHandler.execute (C:\Users\jaces\Desktop\Corebot\node_modules\discord.js\src\rest\RequestHandler.js:107:21)
      at runMicrotasks (<anonymous>)
      at processTicksAndRejections (internal/process/task_queues.js:93:5) {
    code: 500,
    method: 'patch',
    path: '/channels/840041597918773258'
  }
}
-------------------------------------------------------------------------------------------------------------------------------------
[CALLER: RequestHandler.js:107:21 | MS: 1620353876449 | DATE: 5/6/2021, 9:17:56 PM]
--------------------------------------------------------------------------------------------------------------------------------------------
FetchError: request to https://discordapp.com/api/v7/guilds/832046329068650526/channels failed, reason: getaddrinfo ENOTFOUND discordapp.com
EXTRA INFO:
Promise {
  <rejected> HTTPError [FetchError]: request to https://discordapp.com/api/v7/guilds/832046329068650526/channels failed, reason: getaddrinfo ENOTFOUND discordapp.com
      at RequestHandler.execute (C:\Users\jaces\Desktop\Corebot\node_modules\discord.js\src\rest\RequestHandler.js:107:21)
      at runMicrotasks (<anonymous>)
      at processTicksAndRejections (internal/process/task_queues.js:93:5) {
    code: 500,
    method: 'post',
    path: '/guilds/832046329068650526/channels'
  }
}
--------------------------------------------------------------------------------------------------------------------------------------------
[CALLER: RequestHandler.js:107:21 | MS: 1620353876450 | DATE: 5/6/2021, 9:17:56 PM]
-------------------------------------------------------------------------------------------------------------------------------------
FetchError: request to https://discordapp.com/api/v7/channels/840041597273767977 failed, reason: getaddrinfo ENOTFOUND discordapp.com
EXTRA INFO:
Promise {
  <rejected> HTTPError [FetchError]: request to https://discordapp.com/api/v7/channels/840041597273767977 failed, reason: getaddrinfo ENOTFOUND discordapp.com
      at RequestHandler.execute (C:\Users\jaces\Desktop\Corebot\node_modules\discord.js\src\rest\RequestHandler.js:107:21)
      at runMicrotasks (<anonymous>)
      at processTicksAndRejections (internal/process/task_queues.js:93:5) {
    code: 500,
    method: 'patch',
    path: '/channels/840041597273767977'
  }
}
-------------------------------------------------------------------------------------------------------------------------------------
[CALLER: RequestHandler.js:107:21 | MS: 1620353876451 | DATE: 5/6/2021, 9:17:56 PM]
-------------------------------------------------------------------------------------------------------------------------------------
FetchError: request to https://discordapp.com/api/v7/channels/840041597562781708 failed, reason: getaddrinfo ENOTFOUND discordapp.com
EXTRA INFO:
Promise {
  <rejected> HTTPError [FetchError]: request to https://discordapp.com/api/v7/channels/840041597562781708 failed, reason: getaddrinfo ENOTFOUND discordapp.com
      at RequestHandler.execute (C:\Users\jaces\Desktop\Corebot\node_modules\discord.js\src\rest\RequestHandler.js:107:21)
      at runMicrotasks (<anonymous>)
      at processTicksAndRejections (internal/process/task_queues.js:93:5) {
    code: 500,
    method: 'patch',
    path: '/channels/840041597562781708'
  }
}
-------------------------------------------------------------------------------------------------------------------------------------
[CALLER: RequestHandler.js:107:21 | MS: 1620353876452 | DATE: 5/6/2021, 9:17:56 PM]
--------------------------------------------------------------------------------------------------------------------------------------------
FetchError: request to https://discordapp.com/api/v7/guilds/837104198419611649/channels failed, reason: getaddrinfo ENOTFOUND discordapp.com
EXTRA INFO:
Promise {
  <rejected> HTTPError [FetchError]: request to https://discordapp.com/api/v7/guilds/837104198419611649/channels failed, reason: getaddrinfo ENOTFOUND discordapp.com
      at RequestHandler.execute (C:\Users\jaces\Desktop\Corebot\node_modules\discord.js\src\rest\RequestHandler.js:107:21)
      at runMicrotasks (<anonymous>)
      at processTicksAndRejections (internal/process/task_queues.js:93:5) {
    code: 500,
    method: 'post',
    path: '/guilds/837104198419611649/channels'
  }
}
--------------------------------------------------------------------------------------------------------------------------------------------
[CALLER: RequestHandler.js:107:21 | MS: 1620353876450 | DATE: 5/6/2021, 9:17:56 PM]
-------------------------------------------------------------------------------------------------------------------------------------
FetchError: request to https://discordapp.com/api/v7/channels/840041596803612672 failed, reason: getaddrinfo ENOTFOUND discordapp.com
EXTRA INFO:
Promise {
  <rejected> HTTPError [FetchError]: request to https://discordapp.com/api/v7/channels/840041596803612672 failed, reason: getaddrinfo ENOTFOUND discordapp.com
      at RequestHandler.execute (C:\Users\jaces\Desktop\Corebot\node_modules\discord.js\src\rest\RequestHandler.js:107:21)
      at runMicrotasks (<anonymous>)
      at processTicksAndRejections (internal/process/task_queues.js:93:5) {
    code: 500,
    method: 'patch',
    path: '/channels/840041596803612672'
  }
}
-------------------------------------------------------------------------------------------------------------------------------------
[CALLER: RequestHandler.js:107:21 | MS: 1620353885267 | DATE: 5/6/2021, 9:18:05 PM]
-------------------------------------------------------------------------------------------------------------------------------------
FetchError: request to https://discordapp.com/api/v7/channels/840041597390684250 failed, reason: getaddrinfo ENOTFOUND discordapp.com
EXTRA INFO:
Promise {
  <rejected> HTTPError [FetchError]: request to https://discordapp.com/api/v7/channels/840041597390684250 failed, reason: getaddrinfo ENOTFOUND discordapp.com
      at RequestHandler.execute (C:\Users\jaces\Desktop\Corebot\node_modules\discord.js\src\rest\RequestHandler.js:107:21)
      at runMicrotasks (<anonymous>)
      at processTicksAndRejections (internal/process/task_queues.js:93:5) {
    code: 500,
    method: 'patch',
    path: '/channels/840041597390684250'
  }
}
-------------------------------------------------------------------------------------------------------------------------------------
[CALLER: RequestHandler.js:107:21 | MS: 1620353885268 | DATE: 5/6/2021, 9:18:05 PM]
-------------------------------------------------------------------------------------------------------------------------------------
FetchError: request to https://discordapp.com/api/v7/channels/840041596874391572 failed, reason: getaddrinfo ENOTFOUND discordapp.com
EXTRA INFO:
Promise {
  <rejected> HTTPError [FetchError]: request to https://discordapp.com/api/v7/channels/840041596874391572 failed, reason: getaddrinfo ENOTFOUND discordapp.com
      at RequestHandler.execute (C:\Users\jaces\Desktop\Corebot\node_modules\discord.js\src\rest\RequestHandler.js:107:21)
      at runMicrotasks (<anonymous>)
      at processTicksAndRejections (internal/process/task_queues.js:93:5) {
    code: 500,
    method: 'patch',
    path: '/channels/840041596874391572'
  }
}
-------------------------------------------------------------------------------------------------------------------------------------
[CALLER: RequestHandler.js:107:21 | MS: 1620353885270 | DATE: 5/6/2021, 9:18:05 PM]
-------------------------------------------------------------------------------------------------------------------------------------
FetchError: request to https://discordapp.com/api/v7/channels/840041597918773258 failed, reason: getaddrinfo ENOTFOUND discordapp.com
EXTRA INFO:
Promise {
  <rejected> HTTPError [FetchError]: request to https://discordapp.com/api/v7/channels/840041597918773258 failed, reason: getaddrinfo ENOTFOUND discordapp.com
      at RequestHandler.execute (C:\Users\jaces\Desktop\Corebot\node_modules\discord.js\src\rest\RequestHandler.js:107:21)
      at runMicrotasks (<anonymous>)
      at processTicksAndRejections (internal/process/task_queues.js:93:5) {
    code: 500,
    method: 'patch',
    path: '/channels/840041597918773258'
  }
}
-------------------------------------------------------------------------------------------------------------------------------------
[CALLER: RequestHandler.js:107:21 | MS: 1620353885270 | DATE: 5/6/2021, 9:18:05 PM]
--------------------------------------------------------------------------------------------------------------------------------------------
FetchError: request to https://discordapp.com/api/v7/guilds/832046329068650526/channels failed, reason: getaddrinfo ENOTFOUND discordapp.com
EXTRA INFO:
Promise {
  <rejected> HTTPError [FetchError]: request to https://discordapp.com/api/v7/guilds/832046329068650526/channels failed, reason: getaddrinfo ENOTFOUND discordapp.com
      at RequestHandler.execute (C:\Users\jaces\Desktop\Corebot\node_modules\discord.js\src\rest\RequestHandler.js:107:21)
      at runMicrotasks (<anonymous>)
      at processTicksAndRejections (internal/process/task_queues.js:93:5) {
    code: 500,
    method: 'post',
    path: '/guilds/832046329068650526/channels'
  }
}
--------------------------------------------------------------------------------------------------------------------------------------------
[CALLER: RequestHandler.js:107:21 | MS: 1620353885271 | DATE: 5/6/2021, 9:18:05 PM]
-------------------------------------------------------------------------------------------------------------------------------------
FetchError: request to https://discordapp.com/api/v7/channels/840041596803612672 failed, reason: getaddrinfo ENOTFOUND discordapp.com
EXTRA INFO:
Promise {
  <rejected> HTTPError [FetchError]: request to https://discordapp.com/api/v7/channels/840041596803612672 failed, reason: getaddrinfo ENOTFOUND discordapp.com
      at RequestHandler.execute (C:\Users\jaces\Desktop\Corebot\node_modules\discord.js\src\rest\RequestHandler.js:107:21)
      at runMicrotasks (<anonymous>)
      at processTicksAndRejections (internal/process/task_queues.js:93:5) {
    code: 500,
    method: 'patch',
    path: '/channels/840041596803612672'
  }
}
-------------------------------------------------------------------------------------------------------------------------------------
[CALLER: RequestHandler.js:107:21 | MS: 1620353885272 | DATE: 5/6/2021, 9:18:05 PM]
--------------------------------------------------------------------------------------------------------------------------------------------
FetchError: request to https://discordapp.com/api/v7/guilds/837104198419611649/channels failed, reason: getaddrinfo ENOTFOUND discordapp.com
EXTRA INFO:
Promise {
  <rejected> HTTPError [FetchError]: request to https://discordapp.com/api/v7/guilds/837104198419611649/channels failed, reason: getaddrinfo ENOTFOUND discordapp.com
      at RequestHandler.execute (C:\Users\jaces\Desktop\Corebot\node_modules\discord.js\src\rest\RequestHandler.js:107:21)
      at runMicrotasks (<anonymous>)
      at processTicksAndRejections (internal/process/task_queues.js:93:5) {
    code: 500,
    method: 'post',
    path: '/guilds/837104198419611649/channels'
  }
}
--------------------------------------------------------------------------------------------------------------------------------------------
[CALLER: RequestHandler.js:107:21 | MS: 1620353885271 | DATE: 5/6/2021, 9:18:05 PM]
-------------------------------------------------------------------------------------------------------------------------------------
FetchError: request to https://discordapp.com/api/v7/channels/840041597273767977 failed, reason: getaddrinfo ENOTFOUND discordapp.com
EXTRA INFO:
Promise {
  <rejected> HTTPError [FetchError]: request to https://discordapp.com/api/v7/channels/840041597273767977 failed, reason: getaddrinfo ENOTFOUND discordapp.com
      at RequestHandler.execute (C:\Users\jaces\Desktop\Corebot\node_modules\discord.js\src\rest\RequestHandler.js:107:21)
      at runMicrotasks (<anonymous>)
      at processTicksAndRejections (internal/process/task_queues.js:93:5) {
    code: 500,
    method: 'patch',
    path: '/channels/840041597273767977'
  }
}
-------------------------------------------------------------------------------------------------------------------------------------
[CALLER: RequestHandler.js:107:21 | MS: 1620353885272 | DATE: 5/6/2021, 9:18:05 PM]
-------------------------------------------------------------------------------------------------------------------------------------
FetchError: request to https://discordapp.com/api/v7/channels/840041597562781708 failed, reason: getaddrinfo ENOTFOUND discordapp.com
EXTRA INFO:
Promise {
  <rejected> HTTPError [FetchError]: request to https://discordapp.com/api/v7/channels/840041597562781708 failed, reason: getaddrinfo ENOTFOUND discordapp.com
      at RequestHandler.execute (C:\Users\jaces\Desktop\Corebot\node_modules\discord.js\src\rest\RequestHandler.js:107:21)
      at runMicrotasks (<anonymous>)
      at processTicksAndRejections (internal/process/task_queues.js:93:5) {
    code: 500,
    method: 'patch',
    path: '/channels/840041597562781708'
  }
}
-------------------------------------------------------------------------------------------------------------------------------------
[CALLER: RequestHandler.js:107:21 | MS: 1620353890189 | DATE: 5/6/2021, 9:18:10 PM]
-------------------------------------------------------------------------------------------------------------------------------------
FetchError: request to https://discordapp.com/api/v7/channels/840041597273767977 failed, reason: getaddrinfo ENOTFOUND discordapp.com
EXTRA INFO:
Promise {
  <rejected> HTTPError [FetchError]: request to https://discordapp.com/api/v7/channels/840041597273767977 failed, reason: getaddrinfo ENOTFOUND discordapp.com
      at RequestHandler.execute (C:\Users\jaces\Desktop\Corebot\node_modules\discord.js\src\rest\RequestHandler.js:107:21)
      at runMicrotasks (<anonymous>)
      at processTicksAndRejections (internal/process/task_queues.js:93:5) {
    code: 500,
    method: 'patch',
    path: '/channels/840041597273767977'
  }
}
-------------------------------------------------------------------------------------------------------------------------------------
[CALLER: RequestHandler.js:107:21 | MS: 1620353890195 | DATE: 5/6/2021, 9:18:10 PM]
-------------------------------------------------------------------------------------------------------------------------------------
FetchError: request to https://discordapp.com/api/v7/channels/840041597273767977 failed, reason: getaddrinfo ENOTFOUND discordapp.com
EXTRA INFO:
Promise {
  <rejected> HTTPError [FetchError]: request to https://discordapp.com/api/v7/channels/840041597273767977 failed, reason: getaddrinfo ENOTFOUND discordapp.com
      at RequestHandler.execute (C:\Users\jaces\Desktop\Corebot\node_modules\discord.js\src\rest\RequestHandler.js:107:21)
      at runMicrotasks (<anonymous>)
      at processTicksAndRejections (internal/process/task_queues.js:93:5) {
    code: 500,
    method: 'patch',
    path: '/channels/840041597273767977'
  }
}
-------------------------------------------------------------------------------------------------------------------------------------
[CALLER: RequestHandler.js:107:21 | MS: 1620353890218 | DATE: 5/6/2021, 9:18:10 PM]
-------------------------------------------------------------------------------------------------------------------------------------
FetchError: request to https://discordapp.com/api/v7/channels/840041597273767977 failed, reason: getaddrinfo ENOTFOUND discordapp.com
EXTRA INFO:
Promise {
  <rejected> HTTPError [FetchError]: request to https://discordapp.com/api/v7/channels/840041597273767977 failed, reason: getaddrinfo ENOTFOUND discordapp.com
      at RequestHandler.execute (C:\Users\jaces\Desktop\Corebot\node_modules\discord.js\src\rest\RequestHandler.js:107:21)
      at runMicrotasks (<anonymous>)
      at processTicksAndRejections (internal/process/task_queues.js:93:5) {
    code: 500,
    method: 'patch',
    path: '/channels/840041597273767977'
  }
}
-------------------------------------------------------------------------------------------------------------------------------------
[CALLER: Promise {
  <rejected> DiscordAPIError: Invalid Form Body
  name: This field is required
      at RequestHandler.execute (C:\Users\jaces\Desktop\Corebot\node_modules\discord.js\src\rest\RequestHandler.js:170:25)
      at runMicrotasks (<anonymous>)
      at processTicksAndRejections (internal/process/task_queues.js:93:5) {
    method: 'post',
    path: '/guilds/832046329068650526/channels',
    code: 50035,
    httpStatus: 400
  }
} | MS: 1620353899112 | DATE: 5/6/2021, 9:18:19 PM]
----------------------------------
DiscordAPIError: Invalid Form Body
name: This field is required
EXTRA INFO:
Unknown
----------------------------------
[CALLER: Promise {
  <rejected> DiscordAPIError: Invalid Form Body
  name: This field is required
      at RequestHandler.execute (C:\Users\jaces\Desktop\Corebot\node_modules\discord.js\src\rest\RequestHandler.js:170:25)
      at runMicrotasks (<anonymous>)
      at processTicksAndRejections (internal/process/task_queues.js:93:5) {
    method: 'post',
    path: '/guilds/837104198419611649/channels',
    code: 50035,
    httpStatus: 400
  }
} | MS: 1620353899115 | DATE: 5/6/2021, 9:18:19 PM]
----------------------------------
DiscordAPIError: Invalid Form Body
name: This field is required
EXTRA INFO:
Unknown
----------------------------------
[CALLER: Promise {
  <rejected> DiscordAPIError: Invalid Form Body
  name: This field is required
      at RequestHandler.execute (C:\Users\jaces\Desktop\Corebot\node_modules\discord.js\src\rest\RequestHandler.js:170:25)
      at runMicrotasks (<anonymous>)
      at processTicksAndRejections (internal/process/task_queues.js:93:5) {
    method: 'post',
    path: '/guilds/832046329068650526/channels',
    code: 50035,
    httpStatus: 400
  }
} | MS: 1620353902671 | DATE: 5/6/2021, 9:18:22 PM]
----------------------------------
DiscordAPIError: Invalid Form Body
name: This field is required
EXTRA INFO:
Unknown
----------------------------------
[CALLER: Promise {
  <rejected> DiscordAPIError: Invalid Form Body
  name: This field is required
      at RequestHandler.execute (C:\Users\jaces\Desktop\Corebot\node_modules\discord.js\src\rest\RequestHandler.js:170:25)
      at runMicrotasks (<anonymous>)
      at processTicksAndRejections (internal/process/task_queues.js:93:5) {
    method: 'post',
    path: '/guilds/837104198419611649/channels',
    code: 50035,
    httpStatus: 400
  }
} | MS: 1620353902674 | DATE: 5/6/2021, 9:18:22 PM]
----------------------------------
DiscordAPIError: Invalid Form Body
name: This field is required
EXTRA INFO:
Unknown
----------------------------------
[CALLER: Promise {
  <rejected> DiscordAPIError: Invalid Form Body
  name: This field is required
      at RequestHandler.execute (C:\Users\jaces\Desktop\Corebot\node_modules\discord.js\src\rest\RequestHandler.js:170:25)
      at runMicrotasks (<anonymous>)
      at processTicksAndRejections (internal/process/task_queues.js:93:5) {
    method: 'post',
    path: '/guilds/837104198419611649/channels',
    code: 50035,
    httpStatus: 400
  }
} | MS: 1620353911391 | DATE: 5/6/2021, 9:18:31 PM]
----------------------------------
DiscordAPIError: Invalid Form Body
name: This field is required
EXTRA INFO:
Unknown
----------------------------------
[CALLER: Promise {
  <rejected> DiscordAPIError: Invalid Form Body
  name: This field is required
      at RequestHandler.execute (C:\Users\jaces\Desktop\Corebot\node_modules\discord.js\src\rest\RequestHandler.js:170:25)
      at runMicrotasks (<anonymous>)
      at processTicksAndRejections (internal/process/task_queues.js:93:5) {
    method: 'post',
    path: '/guilds/832046329068650526/channels',
    code: 50035,
    httpStatus: 400
  }
} | MS: 1620353911741 | DATE: 5/6/2021, 9:18:31 PM]
----------------------------------
DiscordAPIError: Invalid Form Body
name: This field is required
EXTRA INFO:
Unknown
----------------------------------
[CALLER: Promise {
  <rejected> DiscordAPIError: Invalid Form Body
  name: This field is required
      at RequestHandler.execute (C:\Users\jaces\Desktop\Corebot\node_modules\discord.js\src\rest\RequestHandler.js:170:25)
      at runMicrotasks (<anonymous>)
      at processTicksAndRejections (internal/process/task_queues.js:93:5) {
    method: 'post',
    path: '/guilds/837104198419611649/channels',
    code: 50035,
    httpStatus: 400
  }
} | MS: 1620353928835 | DATE: 5/6/2021, 9:18:48 PM]
----------------------------------
DiscordAPIError: Invalid Form Body
name: This field is required
EXTRA INFO:
Unknown
----------------------------------
[CALLER: Promise {
  <rejected> DiscordAPIError: Invalid Form Body
  name: This field is required
      at RequestHandler.execute (C:\Users\jaces\Desktop\Corebot\node_modules\discord.js\src\rest\RequestHandler.js:170:25)
      at runMicrotasks (<anonymous>)
      at processTicksAndRejections (internal/process/task_queues.js:93:5) {
    method: 'post',
    path: '/guilds/832046329068650526/channels',
    code: 50035,
    httpStatus: 400
  }
} | MS: 1620353928852 | DATE: 5/6/2021, 9:18:48 PM]
----------------------------------
DiscordAPIError: Invalid Form Body
name: This field is required
EXTRA INFO:
Unknown
----------------------------------
[CALLER: Promise {
  <rejected> DiscordAPIError: Invalid Form Body
  name: This field is required
      at RequestHandler.execute (C:\Users\jaces\Desktop\Corebot\node_modules\discord.js\src\rest\RequestHandler.js:170:25)
      at runMicrotasks (<anonymous>)
      at processTicksAndRejections (internal/process/task_queues.js:93:5) {
    method: 'post',
    path: '/guilds/832046329068650526/channels',
    code: 50035,
    httpStatus: 400
  }
} | MS: 1620353932544 | DATE: 5/6/2021, 9:18:52 PM]
----------------------------------
DiscordAPIError: Invalid Form Body
name: This field is required
EXTRA INFO:
Unknown
----------------------------------
[CALLER: Promise {
  <rejected> DiscordAPIError: Invalid Form Body
  name: This field is required
      at RequestHandler.execute (C:\Users\jaces\Desktop\Corebot\node_modules\discord.js\src\rest\RequestHandler.js:170:25)
      at runMicrotasks (<anonymous>)
      at processTicksAndRejections (internal/process/task_queues.js:93:5) {
    method: 'post',
    path: '/guilds/837104198419611649/channels',
    code: 50035,
    httpStatus: 400
  }
} | MS: 1620353932589 | DATE: 5/6/2021, 9:18:52 PM]
----------------------------------
DiscordAPIError: Invalid Form Body
name: This field is required
EXTRA INFO:
Unknown
----------------------------------
[CALLER: Promise {
  <rejected> DiscordAPIError: Invalid Form Body
  name: This field is required
      at RequestHandler.execute (C:\Users\jaces\Desktop\Corebot\node_modules\discord.js\src\rest\RequestHandler.js:170:25)
      at runMicrotasks (<anonymous>)
      at processTicksAndRejections (internal/process/task_queues.js:93:5) {
    method: 'post',
    path: '/guilds/837104198419611649/channels',
    code: 50035,
    httpStatus: 400
  }
} | MS: 1620353941396 | DATE: 5/6/2021, 9:19:01 PM]
----------------------------------
DiscordAPIError: Invalid Form Body
name: This field is required
EXTRA INFO:
Unknown
----------------------------------
[CALLER: Promise {
  <rejected> DiscordAPIError: Invalid Form Body
  name: This field is required
      at RequestHandler.execute (C:\Users\jaces\Desktop\Corebot\node_modules\discord.js\src\rest\RequestHandler.js:170:25)
      at runMicrotasks (<anonymous>)
      at processTicksAndRejections (internal/process/task_queues.js:93:5) {
    method: 'post',
    path: '/guilds/832046329068650526/channels',
    code: 50035,
    httpStatus: 400
  }
} | MS: 1620353941421 | DATE: 5/6/2021, 9:19:01 PM]
----------------------------------
DiscordAPIError: Invalid Form Body
name: This field is required
EXTRA INFO:
Unknown
----------------------------------
[CALLER: Promise {
  <rejected> DiscordAPIError: Invalid Form Body
  name: This field is required
      at RequestHandler.execute (C:\Users\jaces\Desktop\Corebot\node_modules\discord.js\src\rest\RequestHandler.js:170:25)
      at runMicrotasks (<anonymous>)
      at processTicksAndRejections (internal/process/task_queues.js:93:5) {
    method: 'post',
    path: '/guilds/832046329068650526/channels',
    code: 50035,
    httpStatus: 400
  }
} | MS: 1620353958825 | DATE: 5/6/2021, 9:19:18 PM]
----------------------------------
DiscordAPIError: Invalid Form Body
name: This field is required
EXTRA INFO:
Unknown
----------------------------------
[CALLER: Promise {
  <rejected> DiscordAPIError: Invalid Form Body
  name: This field is required
      at RequestHandler.execute (C:\Users\jaces\Desktop\Corebot\node_modules\discord.js\src\rest\RequestHandler.js:170:25)
      at runMicrotasks (<anonymous>)
      at processTicksAndRejections (internal/process/task_queues.js:93:5) {
    method: 'post',
    path: '/guilds/837104198419611649/channels',
    code: 50035,
    httpStatus: 400
  }
} | MS: 1620353958841 | DATE: 5/6/2021, 9:19:18 PM]
----------------------------------
DiscordAPIError: Invalid Form Body
name: This field is required
EXTRA INFO:
Unknown
----------------------------------
[CALLER: Promise {
  <rejected> DiscordAPIError: Invalid Form Body
  name: This field is required
      at RequestHandler.execute (C:\Users\jaces\Desktop\Corebot\node_modules\discord.js\src\rest\RequestHandler.js:170:25)
      at runMicrotasks (<anonymous>)
      at processTicksAndRejections (internal/process/task_queues.js:93:5) {
    method: 'post',
    path: '/guilds/837104198419611649/channels',
    code: 50035,
    httpStatus: 400
  }
} | MS: 1620353962549 | DATE: 5/6/2021, 9:19:22 PM]
----------------------------------
DiscordAPIError: Invalid Form Body
name: This field is required
EXTRA INFO:
Unknown
----------------------------------
[CALLER: Promise {
  <rejected> DiscordAPIError: Invalid Form Body
  name: This field is required
      at RequestHandler.execute (C:\Users\jaces\Desktop\Corebot\node_modules\discord.js\src\rest\RequestHandler.js:170:25)
      at runMicrotasks (<anonymous>)
      at processTicksAndRejections (internal/process/task_queues.js:93:5) {
    method: 'post',
    path: '/guilds/832046329068650526/channels',
    code: 50035,
    httpStatus: 400
  }
} | MS: 1620353962574 | DATE: 5/6/2021, 9:19:22 PM]
----------------------------------
DiscordAPIError: Invalid Form Body
name: This field is required
EXTRA INFO:
Unknown
----------------------------------
[CALLER: Promise {
  <rejected> DiscordAPIError: Invalid Form Body
  name: This field is required
      at RequestHandler.execute (C:\Users\jaces\Desktop\Corebot\node_modules\discord.js\src\rest\RequestHandler.js:170:25)
      at runMicrotasks (<anonymous>)
      at processTicksAndRejections (internal/process/task_queues.js:93:5) {
    method: 'post',
    path: '/guilds/832046329068650526/channels',
    code: 50035,
    httpStatus: 400
  }
} | MS: 1620353971366 | DATE: 5/6/2021, 9:19:31 PM]
----------------------------------
DiscordAPIError: Invalid Form Body
name: This field is required
EXTRA INFO:
Unknown
----------------------------------
[CALLER: Promise {
  <rejected> DiscordAPIError: Invalid Form Body
  name: This field is required
      at RequestHandler.execute (C:\Users\jaces\Desktop\Corebot\node_modules\discord.js\src\rest\RequestHandler.js:170:25)
      at runMicrotasks (<anonymous>)
      at processTicksAndRejections (internal/process/task_queues.js:93:5) {
    method: 'post',
    path: '/guilds/837104198419611649/channels',
    code: 50035,
    httpStatus: 400
  }
} | MS: 1620353971380 | DATE: 5/6/2021, 9:19:31 PM]
----------------------------------
DiscordAPIError: Invalid Form Body
name: This field is required
EXTRA INFO:
Unknown
----------------------------------
[CALLER: Promise {
  <rejected> DiscordAPIError: Invalid Form Body
  name: This field is required
      at RequestHandler.execute (C:\Users\jaces\Desktop\Corebot\node_modules\discord.js\src\rest\RequestHandler.js:170:25)
      at runMicrotasks (<anonymous>)
      at processTicksAndRejections (internal/process/task_queues.js:93:5) {
    method: 'post',
    path: '/guilds/832046329068650526/channels',
    code: 50035,
    httpStatus: 400
  }
} | MS: 1620353988819 | DATE: 5/6/2021, 9:19:48 PM]
----------------------------------
DiscordAPIError: Invalid Form Body
name: This field is required
EXTRA INFO:
Unknown
----------------------------------
[CALLER: Promise {
  <rejected> DiscordAPIError: Invalid Form Body
  name: This field is required
      at RequestHandler.execute (C:\Users\jaces\Desktop\Corebot\node_modules\discord.js\src\rest\RequestHandler.js:170:25)
      at runMicrotasks (<anonymous>)
      at processTicksAndRejections (internal/process/task_queues.js:93:5) {
    method: 'post',
    path: '/guilds/837104198419611649/channels',
    code: 50035,
    httpStatus: 400
  }
} | MS: 1620353988836 | DATE: 5/6/2021, 9:19:48 PM]
----------------------------------
DiscordAPIError: Invalid Form Body
name: This field is required
EXTRA INFO:
Unknown
----------------------------------
[CALLER: Promise {
  <rejected> DiscordAPIError: Invalid Form Body
  name: This field is required
      at RequestHandler.execute (C:\Users\jaces\Desktop\Corebot\node_modules\discord.js\src\rest\RequestHandler.js:170:25)
      at runMicrotasks (<anonymous>)
      at processTicksAndRejections (internal/process/task_queues.js:93:5) {
    method: 'post',
    path: '/guilds/837104198419611649/channels',
    code: 50035,
    httpStatus: 400
  }
} | MS: 1620353992561 | DATE: 5/6/2021, 9:19:52 PM]
----------------------------------
DiscordAPIError: Invalid Form Body
name: This field is required
EXTRA INFO:
Unknown
----------------------------------
[CALLER: Promise {
  <rejected> DiscordAPIError: Invalid Form Body
  name: This field is required
      at RequestHandler.execute (C:\Users\jaces\Desktop\Corebot\node_modules\discord.js\src\rest\RequestHandler.js:170:25)
      at runMicrotasks (<anonymous>)
      at processTicksAndRejections (internal/process/task_queues.js:93:5) {
    method: 'post',
    path: '/guilds/832046329068650526/channels',
    code: 50035,
    httpStatus: 400
  }
} | MS: 1620353992568 | DATE: 5/6/2021, 9:19:52 PM]
----------------------------------
DiscordAPIError: Invalid Form Body
name: This field is required
EXTRA INFO:
Unknown
----------------------------------
[CALLER: Promise {
  <rejected> DiscordAPIError: Invalid Form Body
  name: This field is required
      at RequestHandler.execute (C:\Users\jaces\Desktop\Corebot\node_modules\discord.js\src\rest\RequestHandler.js:170:25)
      at runMicrotasks (<anonymous>)
      at processTicksAndRejections (internal/process/task_queues.js:93:5) {
    method: 'post',
    path: '/guilds/832046329068650526/channels',
    code: 50035,
    httpStatus: 400
  }
} | MS: 1620354001394 | DATE: 5/6/2021, 9:20:01 PM]
----------------------------------
DiscordAPIError: Invalid Form Body
name: This field is required
EXTRA INFO:
Unknown
----------------------------------
[CALLER: Promise {
  <rejected> DiscordAPIError: Invalid Form Body
  name: This field is required
      at RequestHandler.execute (C:\Users\jaces\Desktop\Corebot\node_modules\discord.js\src\rest\RequestHandler.js:170:25)
      at runMicrotasks (<anonymous>)
      at processTicksAndRejections (internal/process/task_queues.js:93:5) {
    method: 'post',
    path: '/guilds/837104198419611649/channels',
    code: 50035,
    httpStatus: 400
  }
} | MS: 1620354001412 | DATE: 5/6/2021, 9:20:01 PM]
----------------------------------
DiscordAPIError: Invalid Form Body
name: This field is required
EXTRA INFO:
Unknown
----------------------------------
[CALLER: Promise {
  <rejected> DiscordAPIError: Invalid Form Body
  name: This field is required
      at RequestHandler.execute (C:\Users\jaces\Desktop\Corebot\node_modules\discord.js\src\rest\RequestHandler.js:170:25)
      at runMicrotasks (<anonymous>)
      at processTicksAndRejections (internal/process/task_queues.js:93:5) {
    method: 'post',
    path: '/guilds/837104198419611649/channels',
    code: 50035,
    httpStatus: 400
  }
} | MS: 1620354018815 | DATE: 5/6/2021, 9:20:18 PM]
----------------------------------
DiscordAPIError: Invalid Form Body
name: This field is required
EXTRA INFO:
Unknown
----------------------------------
[CALLER: Promise {
  <rejected> DiscordAPIError: Invalid Form Body
  name: This field is required
      at RequestHandler.execute (C:\Users\jaces\Desktop\Corebot\node_modules\discord.js\src\rest\RequestHandler.js:170:25)
      at runMicrotasks (<anonymous>)
      at processTicksAndRejections (internal/process/task_queues.js:93:5) {
    method: 'post',
    path: '/guilds/832046329068650526/channels',
    code: 50035,
    httpStatus: 400
  }
} | MS: 1620354018848 | DATE: 5/6/2021, 9:20:18 PM]
----------------------------------
DiscordAPIError: Invalid Form Body
name: This field is required
EXTRA INFO:
Unknown
----------------------------------
[CALLER: Promise {
  <rejected> DiscordAPIError: Invalid Form Body
  name: This field is required
      at RequestHandler.execute (C:\Users\jaces\Desktop\Corebot\node_modules\discord.js\src\rest\RequestHandler.js:170:25)
      at runMicrotasks (<anonymous>)
      at processTicksAndRejections (internal/process/task_queues.js:93:5) {
    method: 'post',
    path: '/guilds/837104198419611649/channels',
    code: 50035,
    httpStatus: 400
  }
} | MS: 1620354022569 | DATE: 5/6/2021, 9:20:22 PM]
----------------------------------
DiscordAPIError: Invalid Form Body
name: This field is required
EXTRA INFO:
Unknown
----------------------------------
[CALLER: Promise {
  <rejected> DiscordAPIError: Invalid Form Body
  name: This field is required
      at RequestHandler.execute (C:\Users\jaces\Desktop\Corebot\node_modules\discord.js\src\rest\RequestHandler.js:170:25)
      at runMicrotasks (<anonymous>)
      at processTicksAndRejections (internal/process/task_queues.js:93:5) {
    method: 'post',
    path: '/guilds/832046329068650526/channels',
    code: 50035,
    httpStatus: 400
  }
} | MS: 1620354022576 | DATE: 5/6/2021, 9:20:22 PM]
----------------------------------
DiscordAPIError: Invalid Form Body
name: This field is required
EXTRA INFO:
Unknown
----------------------------------
[CALLER: Promise {
  <rejected> DiscordAPIError: Invalid Form Body
  name: This field is required
      at RequestHandler.execute (C:\Users\jaces\Desktop\Corebot\node_modules\discord.js\src\rest\RequestHandler.js:170:25)
      at runMicrotasks (<anonymous>)
      at processTicksAndRejections (internal/process/task_queues.js:93:5) {
    method: 'post',
    path: '/guilds/832046329068650526/channels',
    code: 50035,
    httpStatus: 400
  }
} | MS: 1620354031372 | DATE: 5/6/2021, 9:20:31 PM]
----------------------------------
DiscordAPIError: Invalid Form Body
name: This field is required
EXTRA INFO:
Unknown
----------------------------------
[CALLER: Promise {
  <rejected> DiscordAPIError: Invalid Form Body
  name: This field is required
      at RequestHandler.execute (C:\Users\jaces\Desktop\Corebot\node_modules\discord.js\src\rest\RequestHandler.js:170:25)
      at runMicrotasks (<anonymous>)
      at processTicksAndRejections (internal/process/task_queues.js:93:5) {
    method: 'post',
    path: '/guilds/837104198419611649/channels',
    code: 50035,
    httpStatus: 400
  }
} | MS: 1620354031399 | DATE: 5/6/2021, 9:20:31 PM]
----------------------------------
DiscordAPIError: Invalid Form Body
name: This field is required
EXTRA INFO:
Unknown
----------------------------------
[CALLER: Promise {
  <rejected> DiscordAPIError: Invalid Form Body
  name: This field is required
      at RequestHandler.execute (C:\Users\jaces\Desktop\Corebot\node_modules\discord.js\src\rest\RequestHandler.js:170:25)
      at runMicrotasks (<anonymous>)
      at processTicksAndRejections (internal/process/task_queues.js:93:5) {
    method: 'post',
    path: '/guilds/837104198419611649/channels',
    code: 50035,
    httpStatus: 400
  }
} | MS: 1620354048842 | DATE: 5/6/2021, 9:20:48 PM]
----------------------------------
DiscordAPIError: Invalid Form Body
name: This field is required
EXTRA INFO:
Unknown
----------------------------------
[CALLER: Promise {
  <rejected> DiscordAPIError: Invalid Form Body
  name: This field is required
      at RequestHandler.execute (C:\Users\jaces\Desktop\Corebot\node_modules\discord.js\src\rest\RequestHandler.js:170:25)
      at runMicrotasks (<anonymous>)
      at processTicksAndRejections (internal/process/task_queues.js:93:5) {
    method: 'post',
    path: '/guilds/832046329068650526/channels',
    code: 50035,
    httpStatus: 400
  }
} | MS: 1620354048872 | DATE: 5/6/2021, 9:20:48 PM]
----------------------------------
DiscordAPIError: Invalid Form Body
name: This field is required
EXTRA INFO:
Unknown
----------------------------------
[CALLER: Promise {
  <rejected> DiscordAPIError: Invalid Form Body
  name: This field is required
      at RequestHandler.execute (C:\Users\jaces\Desktop\Corebot\node_modules\discord.js\src\rest\RequestHandler.js:170:25)
      at runMicrotasks (<anonymous>)
      at processTicksAndRejections (internal/process/task_queues.js:93:5) {
    method: 'post',
    path: '/guilds/837104198419611649/channels',
    code: 50035,
    httpStatus: 400
  }
} | MS: 1620354052551 | DATE: 5/6/2021, 9:20:52 PM]
----------------------------------
DiscordAPIError: Invalid Form Body
name: This field is required
EXTRA INFO:
Unknown
----------------------------------
[CALLER: Promise {
  <rejected> DiscordAPIError: Invalid Form Body
  name: This field is required
      at RequestHandler.execute (C:\Users\jaces\Desktop\Corebot\node_modules\discord.js\src\rest\RequestHandler.js:170:25)
      at runMicrotasks (<anonymous>)
      at processTicksAndRejections (internal/process/task_queues.js:93:5) {
    method: 'post',
    path: '/guilds/832046329068650526/channels',
    code: 50035,
    httpStatus: 400
  }
} | MS: 1620354052802 | DATE: 5/6/2021, 9:20:52 PM]
----------------------------------
DiscordAPIError: Invalid Form Body
name: This field is required
EXTRA INFO:
Unknown
----------------------------------
[CALLER: AddonHandler.js:123:44 | MS: 1620354061151 | DATE: 5/6/2021, 9:21:01 PM]
-------------------------------------------------------------------
Cannot find module 'paypal-rest-sdk'
Require stack:
- C:\Users\jaces\Desktop\Corebot\addons\BusinessPayPal.js
- C:\Users\jaces\Desktop\Corebot\modules\handlers\AddonHandler.js
- C:\Users\jaces\Desktop\Corebot\commands\management\addon.js
- C:\Users\jaces\Desktop\Corebot\modules\handlers\CommandHandler.js
- C:\Users\jaces\Desktop\Corebot\index.js
EXTRA INFO:
Error: Cannot find module 'paypal-rest-sdk'
Require stack:
- C:\Users\jaces\Desktop\Corebot\addons\BusinessPayPal.js
- C:\Users\jaces\Desktop\Corebot\modules\handlers\AddonHandler.js
- C:\Users\jaces\Desktop\Corebot\commands\management\addon.js
- C:\Users\jaces\Desktop\Corebot\modules\handlers\CommandHandler.js
- C:\Users\jaces\Desktop\Corebot\index.js
    at Function.Module._resolveFilename (internal/modules/cjs/loader.js:880:15)
    at Function.Module._load (internal/modules/cjs/loader.js:725:27)
    at Module.require (internal/modules/cjs/loader.js:952:19)
    at require (internal/modules/cjs/helpers.js:88:18)
    at Object.<anonymous> (C:\Users\jaces\Desktop\Corebot\addons\BusinessPayPal.js:1:1680)
    at Module._compile (internal/modules/cjs/loader.js:1063:30)
    at Object.Module._extensions..js (internal/modules/cjs/loader.js:1092:10)
    at Module.load (internal/modules/cjs/loader.js:928:32)
    at Function.Module._load (internal/modules/cjs/loader.js:769:14)
    at Module.require (internal/modules/cjs/loader.js:952:19)
    at require (internal/modules/cjs/helpers.js:88:18)
    at C:\Users\jaces\Desktop\Corebot\modules\handlers\AddonHandler.js:112:35
    at Array.forEach (<anonymous>)
    at C:\Users\jaces\Desktop\Corebot\modules\handlers\AddonHandler.js:110:18
    at FSReqCallback.oncomplete (fs.js:171:23)
-------------------------------------------------------------------
[CALLER: Promise {
  <rejected> DiscordAPIError: Invalid Form Body
  name: This field is required
      at RequestHandler.execute (C:\Users\jaces\Desktop\Corebot\node_modules\discord.js\src\rest\RequestHandler.js:170:25)
      at runMicrotasks (<anonymous>)
      at processTicksAndRejections (internal/process/task_queues.js:93:5) {
    method: 'post',
    path: '/guilds/837104198419611649/channels',
    code: 50035,
    httpStatus: 400
  }
} | MS: 1620354061273 | DATE: 5/6/2021, 9:21:01 PM]
----------------------------------
DiscordAPIError: Invalid Form Body
name: This field is required
EXTRA INFO:
Unknown
----------------------------------
[CALLER: Promise {
  <rejected> DiscordAPIError: Invalid Form Body
  name: This field is required
      at RequestHandler.execute (C:\Users\jaces\Desktop\Corebot\node_modules\discord.js\src\rest\RequestHandler.js:170:25)
      at runMicrotasks (<anonymous>)
      at processTicksAndRejections (internal/process/task_queues.js:93:5) {
    method: 'post',
    path: '/guilds/832046329068650526/channels',
    code: 50035,
    httpStatus: 400
  }
} | MS: 1620354061314 | DATE: 5/6/2021, 9:21:01 PM]
----------------------------------
DiscordAPIError: Invalid Form Body
name: This field is required
EXTRA INFO:
Unknown
----------------------------------
[CALLER: Promise {
  <rejected> DiscordAPIError: Invalid Form Body
  name: This field is required
      at RequestHandler.execute (C:\Users\jaces\Desktop\Corebot\node_modules\discord.js\src\rest\RequestHandler.js:170:25)
      at processTicksAndRejections (internal/process/task_queues.js:93:5) {
    method: 'post',
    path: '/guilds/832046329068650526/channels',
    code: 50035,
    httpStatus: 400
  }
} | MS: 1620354078824 | DATE: 5/6/2021, 9:21:18 PM]
----------------------------------
DiscordAPIError: Invalid Form Body
name: This field is required
EXTRA INFO:
Unknown
----------------------------------
[CALLER: Promise {
  <rejected> DiscordAPIError: Invalid Form Body
  name: This field is required
      at RequestHandler.execute (C:\Users\jaces\Desktop\Corebot\node_modules\discord.js\src\rest\RequestHandler.js:170:25)
      at processTicksAndRejections (internal/process/task_queues.js:93:5) {
    method: 'post',
    path: '/guilds/837104198419611649/channels',
    code: 50035,
    httpStatus: 400
  }
} | MS: 1620354078865 | DATE: 5/6/2021, 9:21:18 PM]
----------------------------------
DiscordAPIError: Invalid Form Body
name: This field is required
EXTRA INFO:
Unknown
----------------------------------
[CALLER: Promise {
  <rejected> DiscordAPIError: Invalid Form Body
  name: This field is required
      at RequestHandler.execute (C:\Users\jaces\Desktop\Corebot\node_modules\discord.js\src\rest\RequestHandler.js:170:25)
      at processTicksAndRejections (internal/process/task_queues.js:93:5) {
    method: 'post',
    path: '/guilds/837104198419611649/channels',
    code: 50035,
    httpStatus: 400
  }
} | MS: 1620354082582 | DATE: 5/6/2021, 9:21:22 PM]
----------------------------------
DiscordAPIError: Invalid Form Body
name: This field is required
EXTRA INFO:
Unknown
----------------------------------
[CALLER: Promise {
  <rejected> DiscordAPIError: Invalid Form Body
  name: This field is required
      at RequestHandler.execute (C:\Users\jaces\Desktop\Corebot\node_modules\discord.js\src\rest\RequestHandler.js:170:25)
      at processTicksAndRejections (internal/process/task_queues.js:93:5) {
    method: 'post',
    path: '/guilds/832046329068650526/channels',
    code: 50035,
    httpStatus: 400
  }
} | MS: 1620354082594 | DATE: 5/6/2021, 9:21:22 PM]
----------------------------------
DiscordAPIError: Invalid Form Body
name: This field is required
EXTRA INFO:
Unknown
----------------------------------
[CALLER: AddonHandler.js:123:44 | MS: 1620354087838 | DATE: 5/6/2021, 9:21:27 PM]
-------------------------------------------------------------------
Cannot find module 'paypal-rest-sdk'
Require stack:
- C:\Users\jaces\Desktop\Corebot\addons\BusinessPayPal.js
- C:\Users\jaces\Desktop\Corebot\modules\handlers\AddonHandler.js
- C:\Users\jaces\Desktop\Corebot\commands\management\addon.js
- C:\Users\jaces\Desktop\Corebot\modules\handlers\CommandHandler.js
- C:\Users\jaces\Desktop\Corebot\index.js
EXTRA INFO:
Error: Cannot find module 'paypal-rest-sdk'
Require stack:
- C:\Users\jaces\Desktop\Corebot\addons\BusinessPayPal.js
- C:\Users\jaces\Desktop\Corebot\modules\handlers\AddonHandler.js
- C:\Users\jaces\Desktop\Corebot\commands\management\addon.js
- C:\Users\jaces\Desktop\Corebot\modules\handlers\CommandHandler.js
- C:\Users\jaces\Desktop\Corebot\index.js
    at Function.Module._resolveFilename (internal/modules/cjs/loader.js:880:15)
    at Function.Module._load (internal/modules/cjs/loader.js:725:27)
    at Module.require (internal/modules/cjs/loader.js:952:19)
    at require (internal/modules/cjs/helpers.js:88:18)
    at Object.<anonymous> (C:\Users\jaces\Desktop\Corebot\addons\BusinessPayPal.js:1:1680)
    at Module._compile (internal/modules/cjs/loader.js:1063:30)
    at Object.Module._extensions..js (internal/modules/cjs/loader.js:1092:10)
    at Module.load (internal/modules/cjs/loader.js:928:32)
    at Function.Module._load (internal/modules/cjs/loader.js:769:14)
    at Module.require (internal/modules/cjs/loader.js:952:19)
    at require (internal/modules/cjs/helpers.js:88:18)
    at C:\Users\jaces\Desktop\Corebot\modules\handlers\AddonHandler.js:112:35
    at Array.forEach (<anonymous>)
    at C:\Users\jaces\Desktop\Corebot\modules\handlers\AddonHandler.js:110:18
    at FSReqCallback.oncomplete (fs.js:171:23)
-------------------------------------------------------------------
[CALLER: Promise {
  <rejected> DiscordAPIError: Invalid Form Body
  name: This field is required
      at RequestHandler.execute (C:\Users\jaces\Desktop\Corebot\node_modules\discord.js\src\rest\RequestHandler.js:170:25)
      at processTicksAndRejections (internal/process/task_queues.js:93:5) {
    method: 'post',
    path: '/guilds/837104198419611649/channels',
    code: 50035,
    httpStatus: 400
  }
} | MS: 1620354087982 | DATE: 5/6/2021, 9:21:27 PM]
----------------------------------
DiscordAPIError: Invalid Form Body
name: This field is required
EXTRA INFO:
Unknown
----------------------------------
[CALLER: Promise {
  <rejected> DiscordAPIError: Invalid Form Body
  name: This field is required
      at RequestHandler.execute (C:\Users\jaces\Desktop\Corebot\node_modules\discord.js\src\rest\RequestHandler.js:170:25)
      at processTicksAndRejections (internal/process/task_queues.js:93:5) {
    method: 'post',
    path: '/guilds/832046329068650526/channels',
    code: 50035,
    httpStatus: 400
  }
} | MS: 1620354087991 | DATE: 5/6/2021, 9:21:27 PM]
----------------------------------
DiscordAPIError: Invalid Form Body
name: This field is required
EXTRA INFO:
Unknown
----------------------------------
[CALLER: Promise {
  <rejected> DiscordAPIError: Invalid Form Body
  name: This field is required
      at RequestHandler.execute (C:\Users\jaces\Desktop\Corebot\node_modules\discord.js\src\rest\RequestHandler.js:170:25)
      at processTicksAndRejections (internal/process/task_queues.js:93:5) {
    method: 'post',
    path: '/guilds/837104198419611649/channels',
    code: 50035,
    httpStatus: 400
  }
} | MS: 1620354091255 | DATE: 5/6/2021, 9:21:31 PM]
----------------------------------
DiscordAPIError: Invalid Form Body
name: This field is required
EXTRA INFO:
Unknown
----------------------------------
[CALLER: Promise {
  <rejected> DiscordAPIError: Invalid Form Body
  name: This field is required
      at RequestHandler.execute (C:\Users\jaces\Desktop\Corebot\node_modules\discord.js\src\rest\RequestHandler.js:170:25)
      at processTicksAndRejections (internal/process/task_queues.js:93:5) {
    method: 'post',
    path: '/guilds/832046329068650526/channels',
    code: 50035,
    httpStatus: 400
  }
} | MS: 1620354091264 | DATE: 5/6/2021, 9:21:31 PM]
----------------------------------
DiscordAPIError: Invalid Form Body
name: This field is required
EXTRA INFO:
Unknown
----------------------------------
[CALLER: Promise {
  <rejected> DiscordAPIError: Invalid Form Body
  name: This field is required
      at RequestHandler.execute (C:\Users\jaces\Desktop\Corebot\node_modules\discord.js\src\rest\RequestHandler.js:170:25)
      at processTicksAndRejections (internal/process/task_queues.js:93:5) {
    method: 'post',
    path: '/guilds/837104198419611649/channels',
    code: 50035,
    httpStatus: 400
  }
} | MS: 1620354091345 | DATE: 5/6/2021, 9:21:31 PM]
----------------------------------
DiscordAPIError: Invalid Form Body
name: This field is required
EXTRA INFO:
Unknown
----------------------------------
[CALLER: Promise {
  <rejected> DiscordAPIError: Invalid Form Body
  name: This field is required
      at RequestHandler.execute (C:\Users\jaces\Desktop\Corebot\node_modules\discord.js\src\rest\RequestHandler.js:170:25)
      at processTicksAndRejections (internal/process/task_queues.js:93:5) {
    method: 'post',
    path: '/guilds/837104198419611649/channels',
    code: 50035,
    httpStatus: 400
  }
} | MS: 1620354109004 | DATE: 5/6/2021, 9:21:49 PM]
----------------------------------
DiscordAPIError: Invalid Form Body
name: This field is required
EXTRA INFO:
Unknown
----------------------------------
[CALLER: Promise {
  <rejected> DiscordAPIError: Invalid Form Body
  name: This field is required
      at RequestHandler.execute (C:\Users\jaces\Desktop\Corebot\node_modules\discord.js\src\rest\RequestHandler.js:170:25)
      at processTicksAndRejections (internal/process/task_queues.js:93:5) {
    method: 'post',
    path: '/guilds/832046329068650526/channels',
    code: 50035,
    httpStatus: 400
  }
} | MS: 1620354109005 | DATE: 5/6/2021, 9:21:49 PM]
----------------------------------
DiscordAPIError: Invalid Form Body
name: This field is required
EXTRA INFO:
Unknown
----------------------------------
[CALLER: Promise {
  <rejected> DiscordAPIError: Invalid Form Body
  name: This field is required
      at RequestHandler.execute (C:\Users\jaces\Desktop\Corebot\node_modules\discord.js\src\rest\RequestHandler.js:170:25)
      at processTicksAndRejections (internal/process/task_queues.js:93:5) {
    method: 'post',
    path: '/guilds/837104198419611649/channels',
    code: 50035,
    httpStatus: 400
  }
} | MS: 1620354112537 | DATE: 5/6/2021, 9:21:52 PM]
----------------------------------
DiscordAPIError: Invalid Form Body
name: This field is required
EXTRA INFO:
Unknown
----------------------------------
[CALLER: Promise {
  <rejected> DiscordAPIError: Invalid Form Body
  name: This field is required
      at RequestHandler.execute (C:\Users\jaces\Desktop\Corebot\node_modules\discord.js\src\rest\RequestHandler.js:170:25)
      at processTicksAndRejections (internal/process/task_queues.js:93:5) {
    method: 'post',
    path: '/guilds/832046329068650526/channels',
    code: 50035,
    httpStatus: 400
  }
} | MS: 1620354112579 | DATE: 5/6/2021, 9:21:52 PM]
----------------------------------
DiscordAPIError: Invalid Form Body
name: This field is required
EXTRA INFO:
Unknown
----------------------------------
[CALLER: Promise {
  <rejected> DiscordAPIError: Invalid Form Body
  name: This field is required
      at RequestHandler.execute (C:\Users\jaces\Desktop\Corebot\node_modules\discord.js\src\rest\RequestHandler.js:170:25)
      at processTicksAndRejections (internal/process/task_queues.js:93:5) {
    method: 'post',
    path: '/guilds/832046329068650526/channels',
    code: 50035,
    httpStatus: 400
  }
} | MS: 1620354117961 | DATE: 5/6/2021, 9:21:57 PM]
----------------------------------
DiscordAPIError: Invalid Form Body
name: This field is required
EXTRA INFO:
Unknown
----------------------------------
[CALLER: Promise {
  <rejected> DiscordAPIError: Invalid Form Body
  name: This field is required
      at RequestHandler.execute (C:\Users\jaces\Desktop\Corebot\node_modules\discord.js\src\rest\RequestHandler.js:170:25)
      at processTicksAndRejections (internal/process/task_queues.js:93:5) {
    method: 'post',
    path: '/guilds/837104198419611649/channels',
    code: 50035,
    httpStatus: 400
  }
} | MS: 1620354117994 | DATE: 5/6/2021, 9:21:57 PM]
----------------------------------
DiscordAPIError: Invalid Form Body
name: This field is required
EXTRA INFO:
Unknown
----------------------------------
[CALLER: Promise {
  <rejected> DiscordAPIError: Invalid Form Body
  name: This field is required
      at RequestHandler.execute (C:\Users\jaces\Desktop\Corebot\node_modules\discord.js\src\rest\RequestHandler.js:170:25)
      at processTicksAndRejections (internal/process/task_queues.js:93:5) {
    method: 'post',
    path: '/guilds/837104198419611649/channels',
    code: 50035,
    httpStatus: 400
  }
} | MS: 1620354121450 | DATE: 5/6/2021, 9:22:01 PM]
----------------------------------
DiscordAPIError: Invalid Form Body
name: This field is required
EXTRA INFO:
Unknown
----------------------------------
[CALLER: Promise {
  <rejected> DiscordAPIError: Invalid Form Body
  name: This field is required
      at RequestHandler.execute (C:\Users\jaces\Desktop\Corebot\node_modules\discord.js\src\rest\RequestHandler.js:170:25)
      at processTicksAndRejections (internal/process/task_queues.js:93:5) {
    method: 'post',
    path: '/guilds/832046329068650526/channels',
    code: 50035,
    httpStatus: 400
  }
} | MS: 1620354121451 | DATE: 5/6/2021, 9:22:01 PM]
----------------------------------
DiscordAPIError: Invalid Form Body
name: This field is required
EXTRA INFO:
Unknown
----------------------------------
[CALLER: Promise {
  <rejected> DiscordAPIError: Invalid Form Body
  name: This field is required
      at RequestHandler.execute (C:\Users\jaces\Desktop\Corebot\node_modules\discord.js\src\rest\RequestHandler.js:170:25)
      at processTicksAndRejections (internal/process/task_queues.js:93:5) {
    method: 'post',
    path: '/guilds/837104198419611649/channels',
    code: 50035,
    httpStatus: 400
  }
} | MS: 1620354127454 | DATE: 5/6/2021, 9:22:07 PM]
----------------------------------
DiscordAPIError: Invalid Form Body
name: This field is required
EXTRA INFO:
Unknown
----------------------------------
[CALLER: Promise {
  <rejected> DiscordAPIError: Invalid Form Body
  name: This field is required
      at RequestHandler.execute (C:\Users\jaces\Desktop\Corebot\node_modules\discord.js\src\rest\RequestHandler.js:170:25)
      at processTicksAndRejections (internal/process/task_queues.js:93:5) {
    method: 'post',
    path: '/guilds/832046329068650526/channels',
    code: 50035,
    httpStatus: 400
  }
} | MS: 1620354139002 | DATE: 5/6/2021, 9:22:19 PM]
----------------------------------
DiscordAPIError: Invalid Form Body
name: This field is required
EXTRA INFO:
Unknown
----------------------------------
[CALLER: Promise {
  <rejected> DiscordAPIError: Invalid Form Body
  name: This field is required
      at RequestHandler.execute (C:\Users\jaces\Desktop\Corebot\node_modules\discord.js\src\rest\RequestHandler.js:170:25)
      at processTicksAndRejections (internal/process/task_queues.js:93:5) {
    method: 'post',
    path: '/guilds/837104198419611649/channels',
    code: 50035,
    httpStatus: 400
  }
} | MS: 1620354139018 | DATE: 5/6/2021, 9:22:19 PM]
----------------------------------
DiscordAPIError: Invalid Form Body
name: This field is required
EXTRA INFO:
Unknown
----------------------------------
[CALLER: Promise {
  <rejected> DiscordAPIError: Invalid Form Body
  name: This field is required
      at RequestHandler.execute (C:\Users\jaces\Desktop\Corebot\node_modules\discord.js\src\rest\RequestHandler.js:170:25)
      at processTicksAndRejections (internal/process/task_queues.js:93:5) {
    method: 'post',
    path: '/guilds/837104198419611649/channels',
    code: 50035,
    httpStatus: 400
  }
} | MS: 1620354142560 | DATE: 5/6/2021, 9:22:22 PM]
----------------------------------
DiscordAPIError: Invalid Form Body
name: This field is required
EXTRA INFO:
Unknown
----------------------------------
[CALLER: Promise {
  <rejected> DiscordAPIError: Invalid Form Body
  name: This field is required
      at RequestHandler.execute (C:\Users\jaces\Desktop\Corebot\node_modules\discord.js\src\rest\RequestHandler.js:170:25)
      at processTicksAndRejections (internal/process/task_queues.js:93:5) {
    method: 'post',
    path: '/guilds/832046329068650526/channels',
    code: 50035,
    httpStatus: 400
  }
} | MS: 1620354142582 | DATE: 5/6/2021, 9:22:22 PM]
----------------------------------
DiscordAPIError: Invalid Form Body
name: This field is required
EXTRA INFO:
Unknown
----------------------------------
[CALLER: Promise {
  <rejected> DiscordAPIError: Invalid Form Body
  name: This field is required
      at RequestHandler.execute (C:\Users\jaces\Desktop\Corebot\node_modules\discord.js\src\rest\RequestHandler.js:170:25)
      at processTicksAndRejections (internal/process/task_queues.js:93:5) {
    method: 'post',
    path: '/guilds/832046329068650526/channels',
    code: 50035,
    httpStatus: 400
  }
} | MS: 1620354147960 | DATE: 5/6/2021, 9:22:27 PM]
----------------------------------
DiscordAPIError: Invalid Form Body
name: This field is required
EXTRA INFO:
Unknown
----------------------------------
[CALLER: Promise {
  <rejected> DiscordAPIError: Invalid Form Body
  name: This field is required
      at RequestHandler.execute (C:\Users\jaces\Desktop\Corebot\node_modules\discord.js\src\rest\RequestHandler.js:170:25)
      at processTicksAndRejections (internal/process/task_queues.js:93:5) {
    method: 'post',
    path: '/guilds/837104198419611649/channels',
    code: 50035,
    httpStatus: 400
  }
} | MS: 1620354147998 | DATE: 5/6/2021, 9:22:27 PM]
----------------------------------
DiscordAPIError: Invalid Form Body
name: This field is required
EXTRA INFO:
Unknown
----------------------------------
[CALLER: Promise {
  <rejected> DiscordAPIError: Invalid Form Body
  name: This field is required
      at RequestHandler.execute (C:\Users\jaces\Desktop\Corebot\node_modules\discord.js\src\rest\RequestHandler.js:170:25)
      at processTicksAndRejections (internal/process/task_queues.js:93:5) {
    method: 'post',
    path: '/guilds/837104198419611649/channels',
    code: 50035,
    httpStatus: 400
  }
} | MS: 1620354151267 | DATE: 5/6/2021, 9:22:31 PM]
----------------------------------
DiscordAPIError: Invalid Form Body
name: This field is required
EXTRA INFO:
Unknown
----------------------------------
[CALLER: Promise {
  <rejected> DiscordAPIError: Invalid Form Body
  name: This field is required
      at RequestHandler.execute (C:\Users\jaces\Desktop\Corebot\node_modules\discord.js\src\rest\RequestHandler.js:170:25)
      at processTicksAndRejections (internal/process/task_queues.js:93:5) {
    method: 'post',
    path: '/guilds/832046329068650526/channels',
    code: 50035,
    httpStatus: 400
  }
} | MS: 1620354151276 | DATE: 5/6/2021, 9:22:31 PM]
----------------------------------
DiscordAPIError: Invalid Form Body
name: This field is required
EXTRA INFO:
Unknown
----------------------------------
[CALLER: Promise {
  <rejected> DiscordAPIError: Invalid Form Body
  name: This field is required
      at RequestHandler.execute (C:\Users\jaces\Desktop\Corebot\node_modules\discord.js\src\rest\RequestHandler.js:170:25)
      at processTicksAndRejections (internal/process/task_queues.js:93:5) {
    method: 'post',
    path: '/guilds/837104198419611649/channels',
    code: 50035,
    httpStatus: 400
  }
} | MS: 1620354168820 | DATE: 5/6/2021, 9:22:48 PM]
----------------------------------
DiscordAPIError: Invalid Form Body
name: This field is required
EXTRA INFO:
Unknown
----------------------------------
[CALLER: Promise {
  <rejected> DiscordAPIError: Invalid Form Body
  name: This field is required
      at RequestHandler.execute (C:\Users\jaces\Desktop\Corebot\node_modules\discord.js\src\rest\RequestHandler.js:170:25)
      at processTicksAndRejections (internal/process/task_queues.js:93:5) {
    method: 'post',
    path: '/guilds/832046329068650526/channels',
    code: 50035,
    httpStatus: 400
  }
} | MS: 1620354168829 | DATE: 5/6/2021, 9:22:48 PM]
----------------------------------
DiscordAPIError: Invalid Form Body
name: This field is required
EXTRA INFO:
Unknown
----------------------------------
[CALLER: Promise {
  <rejected> DiscordAPIError: Invalid Form Body
  name: This field is required
      at RequestHandler.execute (C:\Users\jaces\Desktop\Corebot\node_modules\discord.js\src\rest\RequestHandler.js:170:25)
      at runMicrotasks (<anonymous>)
      at processTicksAndRejections (internal/process/task_queues.js:93:5) {
    method: 'post',
    path: '/guilds/832046329068650526/channels',
    code: 50035,
    httpStatus: 400
  }
} | MS: 1620354172545 | DATE: 5/6/2021, 9:22:52 PM]
----------------------------------
DiscordAPIError: Invalid Form Body
name: This field is required
EXTRA INFO:
Unknown
----------------------------------
[CALLER: Promise {
  <rejected> DiscordAPIError: Invalid Form Body
  name: This field is required
      at RequestHandler.execute (C:\Users\jaces\Desktop\Corebot\node_modules\discord.js\src\rest\RequestHandler.js:170:25)
      at runMicrotasks (<anonymous>)
      at processTicksAndRejections (internal/process/task_queues.js:93:5) {
    method: 'post',
    path: '/guilds/837104198419611649/channels',
    code: 50035,
    httpStatus: 400
  }
} | MS: 1620354172577 | DATE: 5/6/2021, 9:22:52 PM]
----------------------------------
DiscordAPIError: Invalid Form Body
name: This field is required
EXTRA INFO:
Unknown
----------------------------------
[CALLER: Promise {
  <rejected> DiscordAPIError: Invalid Form Body
  name: This field is required
      at RequestHandler.execute (C:\Users\jaces\Desktop\Corebot\node_modules\discord.js\src\rest\RequestHandler.js:170:25)
      at runMicrotasks (<anonymous>)
      at processTicksAndRejections (internal/process/task_queues.js:93:5) {
    method: 'post',
    path: '/guilds/837104198419611649/channels',
    code: 50035,
    httpStatus: 400
  }
} | MS: 1620354177940 | DATE: 5/6/2021, 9:22:57 PM]
----------------------------------
DiscordAPIError: Invalid Form Body
name: This field is required
EXTRA INFO:
Unknown
----------------------------------
[CALLER: Promise {
  <rejected> DiscordAPIError: Invalid Form Body
  name: This field is required
      at RequestHandler.execute (C:\Users\jaces\Desktop\Corebot\node_modules\discord.js\src\rest\RequestHandler.js:170:25)
      at runMicrotasks (<anonymous>)
      at processTicksAndRejections (internal/process/task_queues.js:93:5) {
    method: 'post',
    path: '/guilds/832046329068650526/channels',
    code: 50035,
    httpStatus: 400
  }
} | MS: 1620354177954 | DATE: 5/6/2021, 9:22:57 PM]
----------------------------------
DiscordAPIError: Invalid Form Body
name: This field is required
EXTRA INFO:
Unknown
----------------------------------
[CALLER: Promise {
  <rejected> DiscordAPIError: Invalid Form Body
  name: This field is required
      at RequestHandler.execute (C:\Users\jaces\Desktop\Corebot\node_modules\discord.js\src\rest\RequestHandler.js:170:25)
      at runMicrotasks (<anonymous>)
      at processTicksAndRejections (internal/process/task_queues.js:93:5) {
    method: 'post',
    path: '/guilds/837104198419611649/channels',
    code: 50035,
    httpStatus: 400
  }
} | MS: 1620354181304 | DATE: 5/6/2021, 9:23:01 PM]
----------------------------------
DiscordAPIError: Invalid Form Body
name: This field is required
EXTRA INFO:
Unknown
----------------------------------
[CALLER: Promise {
  <rejected> DiscordAPIError: Invalid Form Body
  name: This field is required
      at RequestHandler.execute (C:\Users\jaces\Desktop\Corebot\node_modules\discord.js\src\rest\RequestHandler.js:170:25)
      at runMicrotasks (<anonymous>)
      at processTicksAndRejections (internal/process/task_queues.js:93:5) {
    method: 'post',
    path: '/guilds/832046329068650526/channels',
    code: 50035,
    httpStatus: 400
  }
} | MS: 1620354181305 | DATE: 5/6/2021, 9:23:01 PM]
----------------------------------
DiscordAPIError: Invalid Form Body
name: This field is required
EXTRA INFO:
Unknown
----------------------------------
[CALLER: Promise {
  <rejected> DiscordAPIError: Invalid Form Body
  name: This field is required
      at RequestHandler.execute (C:\Users\jaces\Desktop\Corebot\node_modules\discord.js\src\rest\RequestHandler.js:170:25)
      at runMicrotasks (<anonymous>)
      at processTicksAndRejections (internal/process/task_queues.js:93:5) {
    method: 'post',
    path: '/guilds/837104198419611649/channels',
    code: 50035,
    httpStatus: 400
  }
} | MS: 1620354198817 | DATE: 5/6/2021, 9:23:18 PM]
----------------------------------
DiscordAPIError: Invalid Form Body
name: This field is required
EXTRA INFO:
Unknown
----------------------------------
[CALLER: Promise {
  <rejected> DiscordAPIError: Invalid Form Body
  name: This field is required
      at RequestHandler.execute (C:\Users\jaces\Desktop\Corebot\node_modules\discord.js\src\rest\RequestHandler.js:170:25)
      at runMicrotasks (<anonymous>)
      at processTicksAndRejections (internal/process/task_queues.js:93:5) {
    method: 'post',
    path: '/guilds/832046329068650526/channels',
    code: 50035,
    httpStatus: 400
  }
} | MS: 1620354198829 | DATE: 5/6/2021, 9:23:18 PM]
----------------------------------
DiscordAPIError: Invalid Form Body
name: This field is required
EXTRA INFO:
Unknown
----------------------------------
[CALLER: Promise {
  <rejected> DiscordAPIError: Invalid Form Body
  name: This field is required
      at RequestHandler.execute (C:\Users\jaces\Desktop\Corebot\node_modules\discord.js\src\rest\RequestHandler.js:170:25)
      at runMicrotasks (<anonymous>)
      at processTicksAndRejections (internal/process/task_queues.js:93:5) {
    method: 'post',
    path: '/guilds/832046329068650526/channels',
    code: 50035,
    httpStatus: 400
  }
} | MS: 1620354202580 | DATE: 5/6/2021, 9:23:22 PM]
----------------------------------
DiscordAPIError: Invalid Form Body
name: This field is required
EXTRA INFO:
Unknown
----------------------------------
[CALLER: Promise {
  <rejected> DiscordAPIError: Invalid Form Body
  name: This field is required
      at RequestHandler.execute (C:\Users\jaces\Desktop\Corebot\node_modules\discord.js\src\rest\RequestHandler.js:170:25)
      at runMicrotasks (<anonymous>)
      at processTicksAndRejections (internal/process/task_queues.js:93:5) {
    method: 'post',
    path: '/guilds/837104198419611649/channels',
    code: 50035,
    httpStatus: 400
  }
} | MS: 1620354202583 | DATE: 5/6/2021, 9:23:22 PM]
----------------------------------
DiscordAPIError: Invalid Form Body
name: This field is required
EXTRA INFO:
Unknown
----------------------------------
[CALLER: Promise {
  <rejected> DiscordAPIError: Invalid Form Body
  name: This field is required
      at RequestHandler.execute (C:\Users\jaces\Desktop\Corebot\node_modules\discord.js\src\rest\RequestHandler.js:170:25)
      at runMicrotasks (<anonymous>)
      at processTicksAndRejections (internal/process/task_queues.js:93:5) {
    method: 'post',
    path: '/guilds/837104198419611649/channels',
    code: 50035,
    httpStatus: 400
  }
} | MS: 1620354207961 | DATE: 5/6/2021, 9:23:27 PM]
----------------------------------
DiscordAPIError: Invalid Form Body
name: This field is required
EXTRA INFO:
Unknown
----------------------------------
[CALLER: Promise {
  <rejected> DiscordAPIError: Invalid Form Body
  name: This field is required
      at RequestHandler.execute (C:\Users\jaces\Desktop\Corebot\node_modules\discord.js\src\rest\RequestHandler.js:170:25)
      at runMicrotasks (<anonymous>)
      at processTicksAndRejections (internal/process/task_queues.js:93:5) {
    method: 'post',
    path: '/guilds/832046329068650526/channels',
    code: 50035,
    httpStatus: 400
  }
} | MS: 1620354207973 | DATE: 5/6/2021, 9:23:27 PM]
----------------------------------
DiscordAPIError: Invalid Form Body
name: This field is required
EXTRA INFO:
Unknown
----------------------------------
[CALLER: Promise {
  <rejected> DiscordAPIError: Invalid Form Body
  name: This field is required
      at RequestHandler.execute (C:\Users\jaces\Desktop\Corebot\node_modules\discord.js\src\rest\RequestHandler.js:170:25)
      at runMicrotasks (<anonymous>)
      at processTicksAndRejections (internal/process/task_queues.js:93:5) {
    method: 'post',
    path: '/guilds/832046329068650526/channels',
    code: 50035,
    httpStatus: 400
  }
} | MS: 1620354211260 | DATE: 5/6/2021, 9:23:31 PM]
----------------------------------
DiscordAPIError: Invalid Form Body
name: This field is required
EXTRA INFO:
Unknown
----------------------------------
[CALLER: Promise {
  <rejected> DiscordAPIError: Invalid Form Body
  name: This field is required
      at RequestHandler.execute (C:\Users\jaces\Desktop\Corebot\node_modules\discord.js\src\rest\RequestHandler.js:170:25)
      at runMicrotasks (<anonymous>)
      at processTicksAndRejections (internal/process/task_queues.js:93:5) {
    method: 'post',
    path: '/guilds/837104198419611649/channels',
    code: 50035,
    httpStatus: 400
  }
} | MS: 1620354211265 | DATE: 5/6/2021, 9:23:31 PM]
----------------------------------
DiscordAPIError: Invalid Form Body
name: This field is required
EXTRA INFO:
Unknown
----------------------------------
[CALLER: Promise {
  <rejected> DiscordAPIError: Invalid Form Body
  name: This field is required
      at RequestHandler.execute (C:\Users\jaces\Desktop\Corebot\node_modules\discord.js\src\rest\RequestHandler.js:170:25)
      at runMicrotasks (<anonymous>)
      at processTicksAndRejections (internal/process/task_queues.js:93:5) {
    method: 'post',
    path: '/guilds/832046329068650526/channels',
    code: 50035,
    httpStatus: 400
  }
} | MS: 1620354228815 | DATE: 5/6/2021, 9:23:48 PM]
----------------------------------
DiscordAPIError: Invalid Form Body
name: This field is required
EXTRA INFO:
Unknown
----------------------------------
[CALLER: Promise {
  <rejected> DiscordAPIError: Invalid Form Body
  name: This field is required
      at RequestHandler.execute (C:\Users\jaces\Desktop\Corebot\node_modules\discord.js\src\rest\RequestHandler.js:170:25)
      at runMicrotasks (<anonymous>)
      at processTicksAndRejections (internal/process/task_queues.js:93:5) {
    method: 'post',
    path: '/guilds/837104198419611649/channels',
    code: 50035,
    httpStatus: 400
  }
} | MS: 1620354228849 | DATE: 5/6/2021, 9:23:48 PM]
----------------------------------
DiscordAPIError: Invalid Form Body
name: This field is required
EXTRA INFO:
Unknown
----------------------------------
[CALLER: Promise {
  <rejected> DiscordAPIError: Invalid Form Body
  name: This field is required
      at RequestHandler.execute (C:\Users\jaces\Desktop\Corebot\node_modules\discord.js\src\rest\RequestHandler.js:170:25)
      at runMicrotasks (<anonymous>)
      at processTicksAndRejections (internal/process/task_queues.js:93:5) {
    method: 'post',
    path: '/guilds/832046329068650526/channels',
    code: 50035,
    httpStatus: 400
  }
} | MS: 1620354232567 | DATE: 5/6/2021, 9:23:52 PM]
----------------------------------
DiscordAPIError: Invalid Form Body
name: This field is required
EXTRA INFO:
Unknown
----------------------------------
[CALLER: Promise {
  <rejected> DiscordAPIError: Invalid Form Body
  name: This field is required
      at RequestHandler.execute (C:\Users\jaces\Desktop\Corebot\node_modules\discord.js\src\rest\RequestHandler.js:170:25)
      at runMicrotasks (<anonymous>)
      at processTicksAndRejections (internal/process/task_queues.js:93:5) {
    method: 'post',
    path: '/guilds/837104198419611649/channels',
    code: 50035,
    httpStatus: 400
  }
} | MS: 1620354232669 | DATE: 5/6/2021, 9:23:52 PM]
----------------------------------
DiscordAPIError: Invalid Form Body
name: This field is required
EXTRA INFO:
Unknown
----------------------------------
[CALLER: Promise {
  <rejected> DiscordAPIError: Invalid Form Body
  name: This field is required
      at RequestHandler.execute (C:\Users\jaces\Desktop\Corebot\node_modules\discord.js\src\rest\RequestHandler.js:170:25)
      at runMicrotasks (<anonymous>)
      at processTicksAndRejections (internal/process/task_queues.js:93:5) {
    method: 'post',
    path: '/guilds/832046329068650526/channels',
    code: 50035,
    httpStatus: 400
  }
} | MS: 1620354237946 | DATE: 5/6/2021, 9:23:57 PM]
----------------------------------
DiscordAPIError: Invalid Form Body
name: This field is required
EXTRA INFO:
Unknown
----------------------------------
[CALLER: Promise {
  <rejected> DiscordAPIError: Invalid Form Body
  name: This field is required
      at RequestHandler.execute (C:\Users\jaces\Desktop\Corebot\node_modules\discord.js\src\rest\RequestHandler.js:170:25)
      at runMicrotasks (<anonymous>)
      at processTicksAndRejections (internal/process/task_queues.js:93:5) {
    method: 'post',
    path: '/guilds/837104198419611649/channels',
    code: 50035,
    httpStatus: 400
  }
} | MS: 1620354237954 | DATE: 5/6/2021, 9:23:57 PM]
----------------------------------
DiscordAPIError: Invalid Form Body
name: This field is required
EXTRA INFO:
Unknown
----------------------------------
[CALLER: Promise {
  <rejected> DiscordAPIError: Invalid Form Body
  name: This field is required
      at RequestHandler.execute (C:\Users\jaces\Desktop\Corebot\node_modules\discord.js\src\rest\RequestHandler.js:170:25)
      at runMicrotasks (<anonymous>)
      at processTicksAndRejections (internal/process/task_queues.js:93:5) {
    method: 'post',
    path: '/guilds/832046329068650526/channels',
    code: 50035,
    httpStatus: 400
  }
} | MS: 1620354241252 | DATE: 5/6/2021, 9:24:01 PM]
----------------------------------
DiscordAPIError: Invalid Form Body
name: This field is required
EXTRA INFO:
Unknown
----------------------------------
[CALLER: Promise {
  <rejected> DiscordAPIError: Invalid Form Body
  name: This field is required
      at RequestHandler.execute (C:\Users\jaces\Desktop\Corebot\node_modules\discord.js\src\rest\RequestHandler.js:170:25)
      at runMicrotasks (<anonymous>)
      at processTicksAndRejections (internal/process/task_queues.js:93:5) {
    method: 'post',
    path: '/guilds/837104198419611649/channels',
    code: 50035,
    httpStatus: 400
  }
} | MS: 1620354241260 | DATE: 5/6/2021, 9:24:01 PM]
----------------------------------
DiscordAPIError: Invalid Form Body
name: This field is required
EXTRA INFO:
Unknown
----------------------------------
[CALLER: Promise {
  <rejected> DiscordAPIError: Invalid Form Body
  name: This field is required
      at RequestHandler.execute (C:\Users\jaces\Desktop\Corebot\node_modules\discord.js\src\rest\RequestHandler.js:170:25)
      at runMicrotasks (<anonymous>)
      at processTicksAndRejections (internal/process/task_queues.js:93:5) {
    method: 'post',
    path: '/guilds/832046329068650526/channels',
    code: 50035,
    httpStatus: 400
  }
} | MS: 1620354241339 | DATE: 5/6/2021, 9:24:01 PM]
----------------------------------
DiscordAPIError: Invalid Form Body
name: This field is required
EXTRA INFO:
Unknown
----------------------------------
[CALLER: Promise {
  <rejected> DiscordAPIError: Invalid Form Body
  name: This field is required
      at RequestHandler.execute (C:\Users\jaces\Desktop\Corebot\node_modules\discord.js\src\rest\RequestHandler.js:170:25)
      at runMicrotasks (<anonymous>)
      at processTicksAndRejections (internal/process/task_queues.js:93:5) {
    method: 'post',
    path: '/guilds/832046329068650526/channels',
    code: 50035,
    httpStatus: 400
  }
} | MS: 1620354258817 | DATE: 5/6/2021, 9:24:18 PM]
----------------------------------
DiscordAPIError: Invalid Form Body
name: This field is required
EXTRA INFO:
Unknown
----------------------------------
[CALLER: Promise {
  <rejected> DiscordAPIError: Invalid Form Body
  name: This field is required
      at RequestHandler.execute (C:\Users\jaces\Desktop\Corebot\node_modules\discord.js\src\rest\RequestHandler.js:170:25)
      at runMicrotasks (<anonymous>)
      at processTicksAndRejections (internal/process/task_queues.js:93:5) {
    method: 'post',
    path: '/guilds/837104198419611649/channels',
    code: 50035,
    httpStatus: 400
  }
} | MS: 1620354258861 | DATE: 5/6/2021, 9:24:18 PM]
----------------------------------
DiscordAPIError: Invalid Form Body
name: This field is required
EXTRA INFO:
Unknown
----------------------------------
[CALLER: Promise {
  <rejected> DiscordAPIError: Invalid Form Body
  name: This field is required
      at RequestHandler.execute (C:\Users\jaces\Desktop\Corebot\node_modules\discord.js\src\rest\RequestHandler.js:170:25)
      at runMicrotasks (<anonymous>)
      at processTicksAndRejections (internal/process/task_queues.js:93:5) {
    method: 'post',
    path: '/guilds/832046329068650526/channels',
    code: 50035,
    httpStatus: 400
  }
} | MS: 1620354262550 | DATE: 5/6/2021, 9:24:22 PM]
----------------------------------
DiscordAPIError: Invalid Form Body
name: This field is required
EXTRA INFO:
Unknown
----------------------------------
[CALLER: Promise {
  <rejected> DiscordAPIError: Invalid Form Body
  name: This field is required
      at RequestHandler.execute (C:\Users\jaces\Desktop\Corebot\node_modules\discord.js\src\rest\RequestHandler.js:170:25)
      at runMicrotasks (<anonymous>)
      at processTicksAndRejections (internal/process/task_queues.js:93:5) {
    method: 'post',
    path: '/guilds/837104198419611649/channels',
    code: 50035,
    httpStatus: 400
  }
} | MS: 1620354262551 | DATE: 5/6/2021, 9:24:22 PM]
----------------------------------
DiscordAPIError: Invalid Form Body
name: This field is required
EXTRA INFO:
Unknown
----------------------------------
[CALLER: Promise {
  <rejected> DiscordAPIError: Invalid Form Body
  name: This field is required
      at RequestHandler.execute (C:\Users\jaces\Desktop\Corebot\node_modules\discord.js\src\rest\RequestHandler.js:170:25)
      at runMicrotasks (<anonymous>)
      at processTicksAndRejections (internal/process/task_queues.js:93:5) {
    method: 'post',
    path: '/guilds/832046329068650526/channels',
    code: 50035,
    httpStatus: 400
  }
} | MS: 1620354267972 | DATE: 5/6/2021, 9:24:27 PM]
----------------------------------
DiscordAPIError: Invalid Form Body
name: This field is required
EXTRA INFO:
Unknown
----------------------------------
[CALLER: Promise {
  <rejected> DiscordAPIError: Invalid Form Body
  name: This field is required
      at RequestHandler.execute (C:\Users\jaces\Desktop\Corebot\node_modules\discord.js\src\rest\RequestHandler.js:170:25)
      at runMicrotasks (<anonymous>)
      at processTicksAndRejections (internal/process/task_queues.js:93:5) {
    method: 'post',
    path: '/guilds/837104198419611649/channels',
    code: 50035,
    httpStatus: 400
  }
} | MS: 1620354267982 | DATE: 5/6/2021, 9:24:27 PM]
----------------------------------
DiscordAPIError: Invalid Form Body
name: This field is required
EXTRA INFO:
Unknown
----------------------------------
[CALLER: Promise {
  <rejected> DiscordAPIError: Invalid Form Body
  name: This field is required
      at RequestHandler.execute (C:\Users\jaces\Desktop\Corebot\node_modules\discord.js\src\rest\RequestHandler.js:170:25)
      at runMicrotasks (<anonymous>)
      at processTicksAndRejections (internal/process/task_queues.js:93:5) {
    method: 'post',
    path: '/guilds/837104198419611649/channels',
    code: 50035,
    httpStatus: 400
  }
} | MS: 1620354271269 | DATE: 5/6/2021, 9:24:31 PM]
----------------------------------
DiscordAPIError: Invalid Form Body
name: This field is required
EXTRA INFO:
Unknown
----------------------------------
[CALLER: Promise {
  <rejected> DiscordAPIError: Invalid Form Body
  name: This field is required
      at RequestHandler.execute (C:\Users\jaces\Desktop\Corebot\node_modules\discord.js\src\rest\RequestHandler.js:170:25)
      at runMicrotasks (<anonymous>)
      at processTicksAndRejections (internal/process/task_queues.js:93:5) {
    method: 'post',
    path: '/guilds/832046329068650526/channels',
    code: 50035,
    httpStatus: 400
  }
} | MS: 1620354271280 | DATE: 5/6/2021, 9:24:31 PM]
----------------------------------
DiscordAPIError: Invalid Form Body
name: This field is required
EXTRA INFO:
Unknown
----------------------------------
[CALLER: Promise {
  <rejected> DiscordAPIError: Invalid Form Body
  name: This field is required
      at RequestHandler.execute (C:\Users\jaces\Desktop\Corebot\node_modules\discord.js\src\rest\RequestHandler.js:170:25)
      at runMicrotasks (<anonymous>)
      at processTicksAndRejections (internal/process/task_queues.js:93:5) {
    method: 'post',
    path: '/guilds/837104198419611649/channels',
    code: 50035,
    httpStatus: 400
  }
} | MS: 1620354288838 | DATE: 5/6/2021, 9:24:48 PM]
----------------------------------
DiscordAPIError: Invalid Form Body
name: This field is required
EXTRA INFO:
Unknown
----------------------------------
[CALLER: Promise {
  <rejected> DiscordAPIError: Invalid Form Body
  name: This field is required
      at RequestHandler.execute (C:\Users\jaces\Desktop\Corebot\node_modules\discord.js\src\rest\RequestHandler.js:170:25)
      at runMicrotasks (<anonymous>)
      at processTicksAndRejections (internal/process/task_queues.js:93:5) {
    method: 'post',
    path: '/guilds/832046329068650526/channels',
    code: 50035,
    httpStatus: 400
  }
} | MS: 1620354288840 | DATE: 5/6/2021, 9:24:48 PM]
----------------------------------
DiscordAPIError: Invalid Form Body
name: This field is required
EXTRA INFO:
Unknown
----------------------------------
[CALLER: Promise {
  <rejected> DiscordAPIError: Invalid Form Body
  name: This field is required
      at RequestHandler.execute (C:\Users\jaces\Desktop\Corebot\node_modules\discord.js\src\rest\RequestHandler.js:170:25)
      at runMicrotasks (<anonymous>)
      at processTicksAndRejections (internal/process/task_queues.js:93:5) {
    method: 'post',
    path: '/guilds/832046329068650526/channels',
    code: 50035,
    httpStatus: 400
  }
} | MS: 1620354292561 | DATE: 5/6/2021, 9:24:52 PM]
----------------------------------
DiscordAPIError: Invalid Form Body
name: This field is required
EXTRA INFO:
Unknown
----------------------------------
[CALLER: Promise {
  <rejected> DiscordAPIError: Invalid Form Body
  name: This field is required
      at RequestHandler.execute (C:\Users\jaces\Desktop\Corebot\node_modules\discord.js\src\rest\RequestHandler.js:170:25)
      at runMicrotasks (<anonymous>)
      at processTicksAndRejections (internal/process/task_queues.js:93:5) {
    method: 'post',
    path: '/guilds/837104198419611649/channels',
    code: 50035,
    httpStatus: 400
  }
} | MS: 1620354292579 | DATE: 5/6/2021, 9:24:52 PM]
----------------------------------
DiscordAPIError: Invalid Form Body
name: This field is required
EXTRA INFO:
Unknown
----------------------------------
[CALLER: Promise {
  <rejected> DiscordAPIError: Invalid Form Body
  name: This field is required
      at RequestHandler.execute (C:\Users\jaces\Desktop\Corebot\node_modules\discord.js\src\rest\RequestHandler.js:170:25)
      at runMicrotasks (<anonymous>)
      at processTicksAndRejections (internal/process/task_queues.js:93:5) {
    method: 'post',
    path: '/guilds/837104198419611649/channels',
    code: 50035,
    httpStatus: 400
  }
} | MS: 1620354297946 | DATE: 5/6/2021, 9:24:57 PM]
----------------------------------
DiscordAPIError: Invalid Form Body
name: This field is required
EXTRA INFO:
Unknown
----------------------------------
[CALLER: Promise {
  <rejected> DiscordAPIError: Invalid Form Body
  name: This field is required
      at RequestHandler.execute (C:\Users\jaces\Desktop\Corebot\node_modules\discord.js\src\rest\RequestHandler.js:170:25)
      at runMicrotasks (<anonymous>)
      at processTicksAndRejections (internal/process/task_queues.js:93:5) {
    method: 'post',
    path: '/guilds/832046329068650526/channels',
    code: 50035,
    httpStatus: 400
  }
} | MS: 1620354297948 | DATE: 5/6/2021, 9:24:57 PM]
----------------------------------
DiscordAPIError: Invalid Form Body
name: This field is required
EXTRA INFO:
Unknown
----------------------------------
[CALLER: Promise {
  <rejected> DiscordAPIError: Invalid Form Body
  name: This field is required
      at RequestHandler.execute (C:\Users\jaces\Desktop\Corebot\node_modules\discord.js\src\rest\RequestHandler.js:170:25)
      at runMicrotasks (<anonymous>)
      at processTicksAndRejections (internal/process/task_queues.js:93:5) {
    method: 'post',
    path: '/guilds/832046329068650526/channels',
    code: 50035,
    httpStatus: 400
  }
} | MS: 1620354301296 | DATE: 5/6/2021, 9:25:01 PM]
----------------------------------
DiscordAPIError: Invalid Form Body
name: This field is required
EXTRA INFO:
Unknown
----------------------------------
[CALLER: Promise {
  <rejected> DiscordAPIError: Invalid Form Body
  name: This field is required
      at RequestHandler.execute (C:\Users\jaces\Desktop\Corebot\node_modules\discord.js\src\rest\RequestHandler.js:170:25)
      at runMicrotasks (<anonymous>)
      at processTicksAndRejections (internal/process/task_queues.js:93:5) {
    method: 'post',
    path: '/guilds/837104198419611649/channels',
    code: 50035,
    httpStatus: 400
  }
} | MS: 1620354301321 | DATE: 5/6/2021, 9:25:01 PM]
----------------------------------
DiscordAPIError: Invalid Form Body
name: This field is required
EXTRA INFO:
Unknown
----------------------------------
[CALLER: Promise {
  <rejected> DiscordAPIError: Invalid Form Body
  name: This field is required
      at RequestHandler.execute (C:\Users\jaces\Desktop\Corebot\node_modules\discord.js\src\rest\RequestHandler.js:170:25)
      at runMicrotasks (<anonymous>)
      at processTicksAndRejections (internal/process/task_queues.js:93:5) {
    method: 'post',
    path: '/guilds/837104198419611649/channels',
    code: 50035,
    httpStatus: 400
  }
} | MS: 1620354318809 | DATE: 5/6/2021, 9:25:18 PM]
----------------------------------
DiscordAPIError: Invalid Form Body
name: This field is required
EXTRA INFO:
Unknown
----------------------------------
[CALLER: Promise {
  <rejected> DiscordAPIError: Invalid Form Body
  name: This field is required
      at RequestHandler.execute (C:\Users\jaces\Desktop\Corebot\node_modules\discord.js\src\rest\RequestHandler.js:170:25)
      at runMicrotasks (<anonymous>)
      at processTicksAndRejections (internal/process/task_queues.js:93:5) {
    method: 'post',
    path: '/guilds/832046329068650526/channels',
    code: 50035,
    httpStatus: 400
  }
} | MS: 1620354318817 | DATE: 5/6/2021, 9:25:18 PM]
----------------------------------
DiscordAPIError: Invalid Form Body
name: This field is required
EXTRA INFO:
Unknown
----------------------------------
[CALLER: Promise {
  <rejected> DiscordAPIError: Invalid Form Body
  name: This field is required
      at RequestHandler.execute (C:\Users\jaces\Desktop\Corebot\node_modules\discord.js\src\rest\RequestHandler.js:170:25)
      at runMicrotasks (<anonymous>)
      at processTicksAndRejections (internal/process/task_queues.js:93:5) {
    method: 'post',
    path: '/guilds/832046329068650526/channels',
    code: 50035,
    httpStatus: 400
  }
} | MS: 1620354322552 | DATE: 5/6/2021, 9:25:22 PM]
----------------------------------
DiscordAPIError: Invalid Form Body
name: This field is required
EXTRA INFO:
Unknown
----------------------------------
[CALLER: Promise {
  <rejected> DiscordAPIError: Invalid Form Body
  name: This field is required
      at RequestHandler.execute (C:\Users\jaces\Desktop\Corebot\node_modules\discord.js\src\rest\RequestHandler.js:170:25)
      at runMicrotasks (<anonymous>)
      at processTicksAndRejections (internal/process/task_queues.js:93:5) {
    method: 'post',
    path: '/guilds/837104198419611649/channels',
    code: 50035,
    httpStatus: 400
  }
} | MS: 1620354322566 | DATE: 5/6/2021, 9:25:22 PM]
----------------------------------
DiscordAPIError: Invalid Form Body
name: This field is required
EXTRA INFO:
Unknown
----------------------------------
[CALLER: Promise {
  <rejected> DiscordAPIError: Invalid Form Body
  name: This field is required
      at RequestHandler.execute (C:\Users\jaces\Desktop\Corebot\node_modules\discord.js\src\rest\RequestHandler.js:170:25)
      at runMicrotasks (<anonymous>)
      at processTicksAndRejections (internal/process/task_queues.js:93:5) {
    method: 'post',
    path: '/guilds/837104198419611649/channels',
    code: 50035,
    httpStatus: 400
  }
} | MS: 1620354327952 | DATE: 5/6/2021, 9:25:27 PM]
----------------------------------
DiscordAPIError: Invalid Form Body
name: This field is required
EXTRA INFO:
Unknown
----------------------------------
[CALLER: Promise {
  <rejected> DiscordAPIError: Invalid Form Body
  name: This field is required
      at RequestHandler.execute (C:\Users\jaces\Desktop\Corebot\node_modules\discord.js\src\rest\RequestHandler.js:170:25)
      at runMicrotasks (<anonymous>)
      at processTicksAndRejections (internal/process/task_queues.js:93:5) {
    method: 'post',
    path: '/guilds/832046329068650526/channels',
    code: 50035,
    httpStatus: 400
  }
} | MS: 1620354328003 | DATE: 5/6/2021, 9:25:28 PM]
----------------------------------
DiscordAPIError: Invalid Form Body
name: This field is required
EXTRA INFO:
Unknown
----------------------------------
[CALLER: Promise {
  <rejected> DiscordAPIError: Invalid Form Body
  name: This field is required
      at RequestHandler.execute (C:\Users\jaces\Desktop\Corebot\node_modules\discord.js\src\rest\RequestHandler.js:170:25)
      at runMicrotasks (<anonymous>)
      at processTicksAndRejections (internal/process/task_queues.js:93:5) {
    method: 'post',
    path: '/guilds/837104198419611649/channels',
    code: 50035,
    httpStatus: 400
  }
} | MS: 1620354331287 | DATE: 5/6/2021, 9:25:31 PM]
----------------------------------
DiscordAPIError: Invalid Form Body
name: This field is required
EXTRA INFO:
Unknown
----------------------------------
[CALLER: Promise {
  <rejected> DiscordAPIError: Invalid Form Body
  name: This field is required
      at RequestHandler.execute (C:\Users\jaces\Desktop\Corebot\node_modules\discord.js\src\rest\RequestHandler.js:170:25)
      at runMicrotasks (<anonymous>)
      at processTicksAndRejections (internal/process/task_queues.js:93:5) {
    method: 'post',
    path: '/guilds/832046329068650526/channels',
    code: 50035,
    httpStatus: 400
  }
} | MS: 1620354331288 | DATE: 5/6/2021, 9:25:31 PM]
----------------------------------
DiscordAPIError: Invalid Form Body
name: This field is required
EXTRA INFO:
Unknown
----------------------------------
[CALLER: Promise {
  <rejected> DiscordAPIError: Invalid Form Body
  name: This field is required
      at RequestHandler.execute (C:\Users\jaces\Desktop\Corebot\node_modules\discord.js\src\rest\RequestHandler.js:170:25)
      at runMicrotasks (<anonymous>)
      at processTicksAndRejections (internal/process/task_queues.js:93:5) {
    method: 'post',
    path: '/guilds/837104198419611649/channels',
    code: 50035,
    httpStatus: 400
  }
} | MS: 1620354348827 | DATE: 5/6/2021, 9:25:48 PM]
----------------------------------
DiscordAPIError: Invalid Form Body
name: This field is required
EXTRA INFO:
Unknown
----------------------------------
[CALLER: Promise {
  <rejected> DiscordAPIError: Invalid Form Body
  name: This field is required
      at RequestHandler.execute (C:\Users\jaces\Desktop\Corebot\node_modules\discord.js\src\rest\RequestHandler.js:170:25)
      at runMicrotasks (<anonymous>)
      at processTicksAndRejections (internal/process/task_queues.js:93:5) {
    method: 'post',
    path: '/guilds/832046329068650526/channels',
    code: 50035,
    httpStatus: 400
  }
} | MS: 1620354348844 | DATE: 5/6/2021, 9:25:48 PM]
----------------------------------
DiscordAPIError: Invalid Form Body
name: This field is required
EXTRA INFO:
Unknown
----------------------------------
[CALLER: Promise {
  <rejected> DiscordAPIError: Invalid Form Body
  name: This field is required
      at RequestHandler.execute (C:\Users\jaces\Desktop\Corebot\node_modules\discord.js\src\rest\RequestHandler.js:170:25)
      at runMicrotasks (<anonymous>)
      at processTicksAndRejections (internal/process/task_queues.js:93:5) {
    method: 'post',
    path: '/guilds/837104198419611649/channels',
    code: 50035,
    httpStatus: 400
  }
} | MS: 1620354352566 | DATE: 5/6/2021, 9:25:52 PM]
----------------------------------
DiscordAPIError: Invalid Form Body
name: This field is required
EXTRA INFO:
Unknown
----------------------------------
[CALLER: Promise {
  <rejected> DiscordAPIError: Invalid Form Body
  name: This field is required
      at RequestHandler.execute (C:\Users\jaces\Desktop\Corebot\node_modules\discord.js\src\rest\RequestHandler.js:170:25)
      at runMicrotasks (<anonymous>)
      at processTicksAndRejections (internal/process/task_queues.js:93:5) {
    method: 'post',
    path: '/guilds/832046329068650526/channels',
    code: 50035,
    httpStatus: 400
  }
} | MS: 1620354352567 | DATE: 5/6/2021, 9:25:52 PM]
----------------------------------
DiscordAPIError: Invalid Form Body
name: This field is required
EXTRA INFO:
Unknown
----------------------------------
[CALLER: Promise {
  <rejected> DiscordAPIError: Invalid Form Body
  name: This field is required
      at RequestHandler.execute (C:\Users\jaces\Desktop\Corebot\node_modules\discord.js\src\rest\RequestHandler.js:170:25)
      at runMicrotasks (<anonymous>)
      at processTicksAndRejections (internal/process/task_queues.js:93:5) {
    method: 'post',
    path: '/guilds/832046329068650526/channels',
    code: 50035,
    httpStatus: 400
  }
} | MS: 1620354357941 | DATE: 5/6/2021, 9:25:57 PM]
----------------------------------
DiscordAPIError: Invalid Form Body
name: This field is required
EXTRA INFO:
Unknown
----------------------------------
[CALLER: Promise {
  <rejected> DiscordAPIError: Invalid Form Body
  name: This field is required
      at RequestHandler.execute (C:\Users\jaces\Desktop\Corebot\node_modules\discord.js\src\rest\RequestHandler.js:170:25)
      at runMicrotasks (<anonymous>)
      at processTicksAndRejections (internal/process/task_queues.js:93:5) {
    method: 'post',
    path: '/guilds/837104198419611649/channels',
    code: 50035,
    httpStatus: 400
  }
} | MS: 1620354357950 | DATE: 5/6/2021, 9:25:57 PM]
----------------------------------
DiscordAPIError: Invalid Form Body
name: This field is required
EXTRA INFO:
Unknown
----------------------------------
[CALLER: Promise {
  <rejected> DiscordAPIError: Invalid Form Body
  name: This field is required
      at RequestHandler.execute (C:\Users\jaces\Desktop\Corebot\node_modules\discord.js\src\rest\RequestHandler.js:170:25)
      at runMicrotasks (<anonymous>)
      at processTicksAndRejections (internal/process/task_queues.js:93:5) {
    method: 'post',
    path: '/guilds/837104198419611649/channels',
    code: 50035,
    httpStatus: 400
  }
} | MS: 1620354361280 | DATE: 5/6/2021, 9:26:01 PM]
----------------------------------
DiscordAPIError: Invalid Form Body
name: This field is required
EXTRA INFO:
Unknown
----------------------------------
[CALLER: Promise {
  <rejected> DiscordAPIError: Invalid Form Body
  name: This field is required
      at RequestHandler.execute (C:\Users\jaces\Desktop\Corebot\node_modules\discord.js\src\rest\RequestHandler.js:170:25)
      at runMicrotasks (<anonymous>)
      at processTicksAndRejections (internal/process/task_queues.js:93:5) {
    method: 'post',
    path: '/guilds/832046329068650526/channels',
    code: 50035,
    httpStatus: 400
  }
} | MS: 1620354361383 | DATE: 5/6/2021, 9:26:01 PM]
----------------------------------
DiscordAPIError: Invalid Form Body
name: This field is required
EXTRA INFO:
Unknown
----------------------------------
[CALLER: Promise {
  <rejected> DiscordAPIError: Invalid Form Body
  name: This field is required
      at RequestHandler.execute (C:\Users\jaces\Desktop\Corebot\node_modules\discord.js\src\rest\RequestHandler.js:170:25)
      at runMicrotasks (<anonymous>)
      at processTicksAndRejections (internal/process/task_queues.js:93:5) {
    method: 'post',
    path: '/guilds/832046329068650526/channels',
    code: 50035,
    httpStatus: 400
  }
} | MS: 1620354378819 | DATE: 5/6/2021, 9:26:18 PM]
----------------------------------
DiscordAPIError: Invalid Form Body
name: This field is required
EXTRA INFO:
Unknown
----------------------------------
[CALLER: Promise {
  <rejected> DiscordAPIError: Invalid Form Body
  name: This field is required
      at RequestHandler.execute (C:\Users\jaces\Desktop\Corebot\node_modules\discord.js\src\rest\RequestHandler.js:170:25)
      at runMicrotasks (<anonymous>)
      at processTicksAndRejections (internal/process/task_queues.js:93:5) {
    method: 'post',
    path: '/guilds/837104198419611649/channels',
    code: 50035,
    httpStatus: 400
  }
} | MS: 1620354378847 | DATE: 5/6/2021, 9:26:18 PM]
----------------------------------
DiscordAPIError: Invalid Form Body
name: This field is required
EXTRA INFO:
Unknown
----------------------------------
[CALLER: Promise {
  <rejected> DiscordAPIError: Invalid Form Body
  name: This field is required
      at RequestHandler.execute (C:\Users\jaces\Desktop\Corebot\node_modules\discord.js\src\rest\RequestHandler.js:170:25)
      at runMicrotasks (<anonymous>)
      at processTicksAndRejections (internal/process/task_queues.js:93:5) {
    method: 'post',
    path: '/guilds/832046329068650526/channels',
    code: 50035,
    httpStatus: 400
  }
} | MS: 1620354382569 | DATE: 5/6/2021, 9:26:22 PM]
----------------------------------
DiscordAPIError: Invalid Form Body
name: This field is required
EXTRA INFO:
Unknown
----------------------------------
[CALLER: Promise {
  <rejected> DiscordAPIError: Invalid Form Body
  name: This field is required
      at RequestHandler.execute (C:\Users\jaces\Desktop\Corebot\node_modules\discord.js\src\rest\RequestHandler.js:170:25)
      at runMicrotasks (<anonymous>)
      at processTicksAndRejections (internal/process/task_queues.js:93:5) {
    method: 'post',
    path: '/guilds/837104198419611649/channels',
    code: 50035,
    httpStatus: 400
  }
} | MS: 1620354382587 | DATE: 5/6/2021, 9:26:22 PM]
----------------------------------
DiscordAPIError: Invalid Form Body
name: This field is required
EXTRA INFO:
Unknown
----------------------------------
[CALLER: Promise {
  <rejected> DiscordAPIError: Invalid Form Body
  name: This field is required
      at RequestHandler.execute (C:\Users\jaces\Desktop\Corebot\node_modules\discord.js\src\rest\RequestHandler.js:170:25)
      at runMicrotasks (<anonymous>)
      at processTicksAndRejections (internal/process/task_queues.js:93:5) {
    method: 'post',
    path: '/guilds/832046329068650526/channels',
    code: 50035,
    httpStatus: 400
  }
} | MS: 1620354387972 | DATE: 5/6/2021, 9:26:27 PM]
----------------------------------
DiscordAPIError: Invalid Form Body
name: This field is required
EXTRA INFO:
Unknown
----------------------------------
[CALLER: Promise {
  <rejected> DiscordAPIError: Invalid Form Body
  name: This field is required
      at RequestHandler.execute (C:\Users\jaces\Desktop\Corebot\node_modules\discord.js\src\rest\RequestHandler.js:170:25)
      at runMicrotasks (<anonymous>)
      at processTicksAndRejections (internal/process/task_queues.js:93:5) {
    method: 'post',
    path: '/guilds/837104198419611649/channels',
    code: 50035,
    httpStatus: 400
  }
} | MS: 1620354387973 | DATE: 5/6/2021, 9:26:27 PM]
----------------------------------
DiscordAPIError: Invalid Form Body
name: This field is required
EXTRA INFO:
Unknown
----------------------------------
[CALLER: Promise {
  <rejected> DiscordAPIError: Invalid Form Body
  name: This field is required
      at RequestHandler.execute (C:\Users\jaces\Desktop\Corebot\node_modules\discord.js\src\rest\RequestHandler.js:170:25)
      at runMicrotasks (<anonymous>)
      at processTicksAndRejections (internal/process/task_queues.js:93:5) {
    method: 'post',
    path: '/guilds/832046329068650526/channels',
    code: 50035,
    httpStatus: 400
  }
} | MS: 1620354391274 | DATE: 5/6/2021, 9:26:31 PM]
----------------------------------
DiscordAPIError: Invalid Form Body
name: This field is required
EXTRA INFO:
Unknown
----------------------------------
[CALLER: Promise {
  <rejected> DiscordAPIError: Invalid Form Body
  name: This field is required
      at RequestHandler.execute (C:\Users\jaces\Desktop\Corebot\node_modules\discord.js\src\rest\RequestHandler.js:170:25)
      at runMicrotasks (<anonymous>)
      at processTicksAndRejections (internal/process/task_queues.js:93:5) {
    method: 'post',
    path: '/guilds/837104198419611649/channels',
    code: 50035,
    httpStatus: 400
  }
} | MS: 1620354391324 | DATE: 5/6/2021, 9:26:31 PM]
----------------------------------
DiscordAPIError: Invalid Form Body
name: This field is required
EXTRA INFO:
Unknown
----------------------------------
[CALLER: Promise {
  <rejected> DiscordAPIError: Invalid Form Body
  name: This field is required
      at RequestHandler.execute (C:\Users\jaces\Desktop\Corebot\node_modules\discord.js\src\rest\RequestHandler.js:170:25)
      at runMicrotasks (<anonymous>)
      at processTicksAndRejections (internal/process/task_queues.js:93:5) {
    method: 'post',
    path: '/guilds/837104198419611649/channels',
    code: 50035,
    httpStatus: 400
  }
} | MS: 1620354408847 | DATE: 5/6/2021, 9:26:48 PM]
----------------------------------
DiscordAPIError: Invalid Form Body
name: This field is required
EXTRA INFO:
Unknown
----------------------------------
[CALLER: Promise {
  <rejected> DiscordAPIError: Invalid Form Body
  name: This field is required
      at RequestHandler.execute (C:\Users\jaces\Desktop\Corebot\node_modules\discord.js\src\rest\RequestHandler.js:170:25)
      at runMicrotasks (<anonymous>)
      at processTicksAndRejections (internal/process/task_queues.js:93:5) {
    method: 'post',
    path: '/guilds/832046329068650526/channels',
    code: 50035,
    httpStatus: 400
  }
} | MS: 1620354408849 | DATE: 5/6/2021, 9:26:48 PM]
----------------------------------
DiscordAPIError: Invalid Form Body
name: This field is required
EXTRA INFO:
Unknown
----------------------------------
[CALLER: Promise {
  <rejected> DiscordAPIError: Invalid Form Body
  name: This field is required
      at RequestHandler.execute (C:\Users\jaces\Desktop\Corebot\node_modules\discord.js\src\rest\RequestHandler.js:170:25)
      at runMicrotasks (<anonymous>)
      at processTicksAndRejections (internal/process/task_queues.js:93:5) {
    method: 'post',
    path: '/guilds/837104198419611649/channels',
    code: 50035,
    httpStatus: 400
  }
} | MS: 1620354412546 | DATE: 5/6/2021, 9:26:52 PM]
----------------------------------
DiscordAPIError: Invalid Form Body
name: This field is required
EXTRA INFO:
Unknown
----------------------------------
[CALLER: Promise {
  <rejected> DiscordAPIError: Invalid Form Body
  name: This field is required
      at RequestHandler.execute (C:\Users\jaces\Desktop\Corebot\node_modules\discord.js\src\rest\RequestHandler.js:170:25)
      at runMicrotasks (<anonymous>)
      at processTicksAndRejections (internal/process/task_queues.js:93:5) {
    method: 'post',
    path: '/guilds/832046329068650526/channels',
    code: 50035,
    httpStatus: 400
  }
} | MS: 1620354412547 | DATE: 5/6/2021, 9:26:52 PM]
----------------------------------
DiscordAPIError: Invalid Form Body
name: This field is required
EXTRA INFO:
Unknown
----------------------------------
[CALLER: Promise {
  <rejected> DiscordAPIError: Invalid Form Body
  name: This field is required
      at RequestHandler.execute (C:\Users\jaces\Desktop\Corebot\node_modules\discord.js\src\rest\RequestHandler.js:170:25)
      at runMicrotasks (<anonymous>)
      at processTicksAndRejections (internal/process/task_queues.js:93:5) {
    method: 'post',
    path: '/guilds/837104198419611649/channels',
    code: 50035,
    httpStatus: 400
  }
} | MS: 1620354417961 | DATE: 5/6/2021, 9:26:57 PM]
----------------------------------
DiscordAPIError: Invalid Form Body
name: This field is required
EXTRA INFO:
Unknown
----------------------------------
[CALLER: Promise {
  <rejected> DiscordAPIError: Invalid Form Body
  name: This field is required
      at RequestHandler.execute (C:\Users\jaces\Desktop\Corebot\node_modules\discord.js\src\rest\RequestHandler.js:170:25)
      at runMicrotasks (<anonymous>)
      at processTicksAndRejections (internal/process/task_queues.js:93:5) {
    method: 'post',
    path: '/guilds/832046329068650526/channels',
    code: 50035,
    httpStatus: 400
  }
} | MS: 1620354417965 | DATE: 5/6/2021, 9:26:57 PM]
----------------------------------
DiscordAPIError: Invalid Form Body
name: This field is required
EXTRA INFO:
Unknown
----------------------------------
[CALLER: Promise {
  <rejected> DiscordAPIError: Invalid Form Body
  name: This field is required
      at RequestHandler.execute (C:\Users\jaces\Desktop\Corebot\node_modules\discord.js\src\rest\RequestHandler.js:170:25)
      at runMicrotasks (<anonymous>)
      at processTicksAndRejections (internal/process/task_queues.js:93:5) {
    method: 'post',
    path: '/guilds/837104198419611649/channels',
    code: 50035,
    httpStatus: 400
  }
} | MS: 1620354421291 | DATE: 5/6/2021, 9:27:01 PM]
----------------------------------
DiscordAPIError: Invalid Form Body
name: This field is required
EXTRA INFO:
Unknown
----------------------------------
[CALLER: Promise {
  <rejected> DiscordAPIError: Invalid Form Body
  name: This field is required
      at RequestHandler.execute (C:\Users\jaces\Desktop\Corebot\node_modules\discord.js\src\rest\RequestHandler.js:170:25)
      at runMicrotasks (<anonymous>)
      at processTicksAndRejections (internal/process/task_queues.js:93:5) {
    method: 'post',
    path: '/guilds/832046329068650526/channels',
    code: 50035,
    httpStatus: 400
  }
} | MS: 1620354421293 | DATE: 5/6/2021, 9:27:01 PM]
----------------------------------
DiscordAPIError: Invalid Form Body
name: This field is required
EXTRA INFO:
Unknown
----------------------------------
[CALLER: Promise {
  <rejected> DiscordAPIError: Invalid Form Body
  name: This field is required
      at RequestHandler.execute (C:\Users\jaces\Desktop\Corebot\node_modules\discord.js\src\rest\RequestHandler.js:170:25)
      at runMicrotasks (<anonymous>)
      at processTicksAndRejections (internal/process/task_queues.js:93:5) {
    method: 'post',
    path: '/guilds/832046329068650526/channels',
    code: 50035,
    httpStatus: 400
  }
} | MS: 1620354438833 | DATE: 5/6/2021, 9:27:18 PM]
----------------------------------
DiscordAPIError: Invalid Form Body
name: This field is required
EXTRA INFO:
Unknown
----------------------------------
[CALLER: Promise {
  <rejected> DiscordAPIError: Invalid Form Body
  name: This field is required
      at RequestHandler.execute (C:\Users\jaces\Desktop\Corebot\node_modules\discord.js\src\rest\RequestHandler.js:170:25)
      at runMicrotasks (<anonymous>)
      at processTicksAndRejections (internal/process/task_queues.js:93:5) {
    method: 'post',
    path: '/guilds/837104198419611649/channels',
    code: 50035,
    httpStatus: 400
  }
} | MS: 1620354438845 | DATE: 5/6/2021, 9:27:18 PM]
----------------------------------
DiscordAPIError: Invalid Form Body
name: This field is required
EXTRA INFO:
Unknown
----------------------------------
[CALLER: Promise {
  <rejected> DiscordAPIError: Invalid Form Body
  name: This field is required
      at RequestHandler.execute (C:\Users\jaces\Desktop\Corebot\node_modules\discord.js\src\rest\RequestHandler.js:170:25)
      at runMicrotasks (<anonymous>)
      at processTicksAndRejections (internal/process/task_queues.js:93:5) {
    method: 'post',
    path: '/guilds/832046329068650526/channels',
    code: 50035,
    httpStatus: 400
  }
} | MS: 1620354442560 | DATE: 5/6/2021, 9:27:22 PM]
----------------------------------
DiscordAPIError: Invalid Form Body
name: This field is required
EXTRA INFO:
Unknown
----------------------------------
[CALLER: Promise {
  <rejected> DiscordAPIError: Invalid Form Body
  name: This field is required
      at RequestHandler.execute (C:\Users\jaces\Desktop\Corebot\node_modules\discord.js\src\rest\RequestHandler.js:170:25)
      at runMicrotasks (<anonymous>)
      at processTicksAndRejections (internal/process/task_queues.js:93:5) {
    method: 'post',
    path: '/guilds/837104198419611649/channels',
    code: 50035,
    httpStatus: 400
  }
} | MS: 1620354442615 | DATE: 5/6/2021, 9:27:22 PM]
----------------------------------
DiscordAPIError: Invalid Form Body
name: This field is required
EXTRA INFO:
Unknown
----------------------------------
[CALLER: Promise {
  <rejected> DiscordAPIError: Invalid Form Body
  name: This field is required
      at RequestHandler.execute (C:\Users\jaces\Desktop\Corebot\node_modules\discord.js\src\rest\RequestHandler.js:170:25)
      at runMicrotasks (<anonymous>)
      at processTicksAndRejections (internal/process/task_queues.js:93:5) {
    method: 'post',
    path: '/guilds/837104198419611649/channels',
    code: 50035,
    httpStatus: 400
  }
} | MS: 1620354447949 | DATE: 5/6/2021, 9:27:27 PM]
----------------------------------
DiscordAPIError: Invalid Form Body
name: This field is required
EXTRA INFO:
Unknown
----------------------------------
[CALLER: Promise {
  <rejected> DiscordAPIError: Invalid Form Body
  name: This field is required
      at RequestHandler.execute (C:\Users\jaces\Desktop\Corebot\node_modules\discord.js\src\rest\RequestHandler.js:170:25)
      at runMicrotasks (<anonymous>)
      at processTicksAndRejections (internal/process/task_queues.js:93:5) {
    method: 'post',
    path: '/guilds/832046329068650526/channels',
    code: 50035,
    httpStatus: 400
  }
} | MS: 1620354448013 | DATE: 5/6/2021, 9:27:28 PM]
----------------------------------
DiscordAPIError: Invalid Form Body
name: This field is required
EXTRA INFO:
Unknown
----------------------------------
[CALLER: Promise {
  <rejected> DiscordAPIError: Invalid Form Body
  name: This field is required
      at RequestHandler.execute (C:\Users\jaces\Desktop\Corebot\node_modules\discord.js\src\rest\RequestHandler.js:170:25)
      at runMicrotasks (<anonymous>)
      at processTicksAndRejections (internal/process/task_queues.js:93:5) {
    method: 'post',
    path: '/guilds/832046329068650526/channels',
    code: 50035,
    httpStatus: 400
  }
} | MS: 1620354451280 | DATE: 5/6/2021, 9:27:31 PM]
----------------------------------
DiscordAPIError: Invalid Form Body
name: This field is required
EXTRA INFO:
Unknown
----------------------------------
[CALLER: Promise {
  <rejected> DiscordAPIError: Invalid Form Body
  name: This field is required
      at RequestHandler.execute (C:\Users\jaces\Desktop\Corebot\node_modules\discord.js\src\rest\RequestHandler.js:170:25)
      at runMicrotasks (<anonymous>)
      at processTicksAndRejections (internal/process/task_queues.js:93:5) {
    method: 'post',
    path: '/guilds/837104198419611649/channels',
    code: 50035,
    httpStatus: 400
  }
} | MS: 1620354451330 | DATE: 5/6/2021, 9:27:31 PM]
----------------------------------
DiscordAPIError: Invalid Form Body
name: This field is required
EXTRA INFO:
Unknown
----------------------------------
[CALLER: Promise {
  <rejected> DiscordAPIError: Invalid Form Body
  name: This field is required
      at RequestHandler.execute (C:\Users\jaces\Desktop\Corebot\node_modules\discord.js\src\rest\RequestHandler.js:170:25)
      at runMicrotasks (<anonymous>)
      at processTicksAndRejections (internal/process/task_queues.js:93:5) {
    method: 'post',
    path: '/guilds/837104198419611649/channels',
    code: 50035,
    httpStatus: 400
  }
} | MS: 1620354468822 | DATE: 5/6/2021, 9:27:48 PM]
----------------------------------
DiscordAPIError: Invalid Form Body
name: This field is required
EXTRA INFO:
Unknown
----------------------------------
[CALLER: Promise {
  <rejected> DiscordAPIError: Invalid Form Body
  name: This field is required
      at RequestHandler.execute (C:\Users\jaces\Desktop\Corebot\node_modules\discord.js\src\rest\RequestHandler.js:170:25)
      at runMicrotasks (<anonymous>)
      at processTicksAndRejections (internal/process/task_queues.js:93:5) {
    method: 'post',
    path: '/guilds/832046329068650526/channels',
    code: 50035,
    httpStatus: 400
  }
} | MS: 1620354468856 | DATE: 5/6/2021, 9:27:48 PM]
----------------------------------
DiscordAPIError: Invalid Form Body
name: This field is required
EXTRA INFO:
Unknown
----------------------------------
[CALLER: Promise {
  <rejected> DiscordAPIError: Invalid Form Body
  name: This field is required
      at RequestHandler.execute (C:\Users\jaces\Desktop\Corebot\node_modules\discord.js\src\rest\RequestHandler.js:170:25)
      at runMicrotasks (<anonymous>)
      at processTicksAndRejections (internal/process/task_queues.js:93:5) {
    method: 'post',
    path: '/guilds/832046329068650526/channels',
    code: 50035,
    httpStatus: 400
  }
} | MS: 1620354472559 | DATE: 5/6/2021, 9:27:52 PM]
----------------------------------
DiscordAPIError: Invalid Form Body
name: This field is required
EXTRA INFO:
Unknown
----------------------------------
[CALLER: Promise {
  <rejected> DiscordAPIError: Invalid Form Body
  name: This field is required
      at RequestHandler.execute (C:\Users\jaces\Desktop\Corebot\node_modules\discord.js\src\rest\RequestHandler.js:170:25)
      at runMicrotasks (<anonymous>)
      at processTicksAndRejections (internal/process/task_queues.js:93:5) {
    method: 'post',
    path: '/guilds/837104198419611649/channels',
    code: 50035,
    httpStatus: 400
  }
} | MS: 1620354472597 | DATE: 5/6/2021, 9:27:52 PM]
----------------------------------
DiscordAPIError: Invalid Form Body
name: This field is required
EXTRA INFO:
Unknown
----------------------------------
[CALLER: Promise {
  <rejected> DiscordAPIError: Invalid Form Body
  name: This field is required
      at RequestHandler.execute (C:\Users\jaces\Desktop\Corebot\node_modules\discord.js\src\rest\RequestHandler.js:170:25)
      at runMicrotasks (<anonymous>)
      at processTicksAndRejections (internal/process/task_queues.js:93:5) {
    method: 'post',
    path: '/guilds/837104198419611649/channels',
    code: 50035,
    httpStatus: 400
  }
} | MS: 1620354477955 | DATE: 5/6/2021, 9:27:57 PM]
----------------------------------
DiscordAPIError: Invalid Form Body
name: This field is required
EXTRA INFO:
Unknown
----------------------------------
[CALLER: Promise {
  <rejected> DiscordAPIError: Invalid Form Body
  name: This field is required
      at RequestHandler.execute (C:\Users\jaces\Desktop\Corebot\node_modules\discord.js\src\rest\RequestHandler.js:170:25)
      at runMicrotasks (<anonymous>)
      at processTicksAndRejections (internal/process/task_queues.js:93:5) {
    method: 'post',
    path: '/guilds/832046329068650526/channels',
    code: 50035,
    httpStatus: 400
  }
} | MS: 1620354477985 | DATE: 5/6/2021, 9:27:57 PM]
----------------------------------
DiscordAPIError: Invalid Form Body
name: This field is required
EXTRA INFO:
Unknown
----------------------------------
[CALLER: Promise {
  <rejected> DiscordAPIError: Invalid Form Body
  name: This field is required
      at RequestHandler.execute (C:\Users\jaces\Desktop\Corebot\node_modules\discord.js\src\rest\RequestHandler.js:170:25)
      at runMicrotasks (<anonymous>)
      at processTicksAndRejections (internal/process/task_queues.js:93:5) {
    method: 'post',
    path: '/guilds/832046329068650526/channels',
    code: 50035,
    httpStatus: 400
  }
} | MS: 1620354481291 | DATE: 5/6/2021, 9:28:01 PM]
----------------------------------
DiscordAPIError: Invalid Form Body
name: This field is required
EXTRA INFO:
Unknown
----------------------------------
[CALLER: Promise {
  <rejected> DiscordAPIError: Invalid Form Body
  name: This field is required
      at RequestHandler.execute (C:\Users\jaces\Desktop\Corebot\node_modules\discord.js\src\rest\RequestHandler.js:170:25)
      at runMicrotasks (<anonymous>)
      at processTicksAndRejections (internal/process/task_queues.js:93:5) {
    method: 'post',
    path: '/guilds/837104198419611649/channels',
    code: 50035,
    httpStatus: 400
  }
} | MS: 1620354481344 | DATE: 5/6/2021, 9:28:01 PM]
----------------------------------
DiscordAPIError: Invalid Form Body
name: This field is required
EXTRA INFO:
Unknown
----------------------------------
[CALLER: Promise {
  <rejected> DiscordAPIError: Invalid Form Body
  name: This field is required
      at RequestHandler.execute (C:\Users\jaces\Desktop\Corebot\node_modules\discord.js\src\rest\RequestHandler.js:170:25)
      at runMicrotasks (<anonymous>)
      at processTicksAndRejections (internal/process/task_queues.js:93:5) {
    method: 'post',
    path: '/guilds/837104198419611649/channels',
    code: 50035,
    httpStatus: 400
  }
} | MS: 1620354498838 | DATE: 5/6/2021, 9:28:18 PM]
----------------------------------
DiscordAPIError: Invalid Form Body
name: This field is required
EXTRA INFO:
Unknown
----------------------------------
[CALLER: Promise {
  <rejected> DiscordAPIError: Invalid Form Body
  name: This field is required
      at RequestHandler.execute (C:\Users\jaces\Desktop\Corebot\node_modules\discord.js\src\rest\RequestHandler.js:170:25)
      at runMicrotasks (<anonymous>)
      at processTicksAndRejections (internal/process/task_queues.js:93:5) {
    method: 'post',
    path: '/guilds/832046329068650526/channels',
    code: 50035,
    httpStatus: 400
  }
} | MS: 1620354498839 | DATE: 5/6/2021, 9:28:18 PM]
----------------------------------
DiscordAPIError: Invalid Form Body
name: This field is required
EXTRA INFO:
Unknown
----------------------------------
[CALLER: Promise {
  <rejected> DiscordAPIError: Invalid Form Body
  name: This field is required
      at RequestHandler.execute (C:\Users\jaces\Desktop\Corebot\node_modules\discord.js\src\rest\RequestHandler.js:170:25)
      at runMicrotasks (<anonymous>)
      at processTicksAndRejections (internal/process/task_queues.js:93:5) {
    method: 'post',
    path: '/guilds/837104198419611649/channels',
    code: 50035,
    httpStatus: 400
  }
} | MS: 1620354502545 | DATE: 5/6/2021, 9:28:22 PM]
----------------------------------
DiscordAPIError: Invalid Form Body
name: This field is required
EXTRA INFO:
Unknown
----------------------------------
[CALLER: Promise {
  <rejected> DiscordAPIError: Invalid Form Body
  name: This field is required
      at RequestHandler.execute (C:\Users\jaces\Desktop\Corebot\node_modules\discord.js\src\rest\RequestHandler.js:170:25)
      at runMicrotasks (<anonymous>)
      at processTicksAndRejections (internal/process/task_queues.js:93:5) {
    method: 'post',
    path: '/guilds/832046329068650526/channels',
    code: 50035,
    httpStatus: 400
  }
} | MS: 1620354502578 | DATE: 5/6/2021, 9:28:22 PM]
----------------------------------
DiscordAPIError: Invalid Form Body
name: This field is required
EXTRA INFO:
Unknown
----------------------------------
[CALLER: Promise {
  <rejected> DiscordAPIError: Invalid Form Body
  name: This field is required
      at RequestHandler.execute (C:\Users\jaces\Desktop\Corebot\node_modules\discord.js\src\rest\RequestHandler.js:170:25)
      at runMicrotasks (<anonymous>)
      at processTicksAndRejections (internal/process/task_queues.js:93:5) {
    method: 'post',
    path: '/guilds/832046329068650526/channels',
    code: 50035,
    httpStatus: 400
  }
} | MS: 1620354508021 | DATE: 5/6/2021, 9:28:28 PM]
----------------------------------
DiscordAPIError: Invalid Form Body
name: This field is required
EXTRA INFO:
Unknown
----------------------------------
[CALLER: Promise {
  <rejected> DiscordAPIError: Invalid Form Body
  name: This field is required
      at RequestHandler.execute (C:\Users\jaces\Desktop\Corebot\node_modules\discord.js\src\rest\RequestHandler.js:170:25)
      at runMicrotasks (<anonymous>)
      at processTicksAndRejections (internal/process/task_queues.js:93:5) {
    method: 'post',
    path: '/guilds/837104198419611649/channels',
    code: 50035,
    httpStatus: 400
  }
} | MS: 1620354508047 | DATE: 5/6/2021, 9:28:28 PM]
----------------------------------
DiscordAPIError: Invalid Form Body
name: This field is required
EXTRA INFO:
Unknown
----------------------------------
[CALLER: Promise {
  <rejected> DiscordAPIError: Invalid Form Body
  name: This field is required
      at RequestHandler.execute (C:\Users\jaces\Desktop\Corebot\node_modules\discord.js\src\rest\RequestHandler.js:170:25)
      at runMicrotasks (<anonymous>)
      at processTicksAndRejections (internal/process/task_queues.js:93:5) {
    method: 'post',
    path: '/guilds/837104198419611649/channels',
    code: 50035,
    httpStatus: 400
  }
} | MS: 1620354511270 | DATE: 5/6/2021, 9:28:31 PM]
----------------------------------
DiscordAPIError: Invalid Form Body
name: This field is required
EXTRA INFO:
Unknown
----------------------------------
[CALLER: Promise {
  <rejected> DiscordAPIError: Invalid Form Body
  name: This field is required
      at RequestHandler.execute (C:\Users\jaces\Desktop\Corebot\node_modules\discord.js\src\rest\RequestHandler.js:170:25)
      at runMicrotasks (<anonymous>)
      at processTicksAndRejections (internal/process/task_queues.js:93:5) {
    method: 'post',
    path: '/guilds/832046329068650526/channels',
    code: 50035,
    httpStatus: 400
  }
} | MS: 1620354511310 | DATE: 5/6/2021, 9:28:31 PM]
----------------------------------
DiscordAPIError: Invalid Form Body
name: This field is required
EXTRA INFO:
Unknown
----------------------------------
[CALLER: Promise {
  <rejected> DiscordAPIError: Invalid Form Body
  name: This field is required
      at RequestHandler.execute (C:\Users\jaces\Desktop\Corebot\node_modules\discord.js\src\rest\RequestHandler.js:170:25)
      at runMicrotasks (<anonymous>)
      at processTicksAndRejections (internal/process/task_queues.js:93:5) {
    method: 'post',
    path: '/guilds/837104198419611649/channels',
    code: 50035,
    httpStatus: 400
  }
} | MS: 1620354528829 | DATE: 5/6/2021, 9:28:48 PM]
----------------------------------
DiscordAPIError: Invalid Form Body
name: This field is required
EXTRA INFO:
Unknown
----------------------------------
[CALLER: Promise {
  <rejected> DiscordAPIError: Invalid Form Body
  name: This field is required
      at RequestHandler.execute (C:\Users\jaces\Desktop\Corebot\node_modules\discord.js\src\rest\RequestHandler.js:170:25)
      at runMicrotasks (<anonymous>)
      at processTicksAndRejections (internal/process/task_queues.js:93:5) {
    method: 'post',
    path: '/guilds/832046329068650526/channels',
    code: 50035,
    httpStatus: 400
  }
} | MS: 1620354528837 | DATE: 5/6/2021, 9:28:48 PM]
----------------------------------
DiscordAPIError: Invalid Form Body
name: This field is required
EXTRA INFO:
Unknown
----------------------------------
[CALLER: Promise {
  <rejected> DiscordAPIError: Invalid Form Body
  name: This field is required
      at RequestHandler.execute (C:\Users\jaces\Desktop\Corebot\node_modules\discord.js\src\rest\RequestHandler.js:170:25)
      at runMicrotasks (<anonymous>)
      at processTicksAndRejections (internal/process/task_queues.js:93:5) {
    method: 'post',
    path: '/guilds/832046329068650526/channels',
    code: 50035,
    httpStatus: 400
  }
} | MS: 1620354532552 | DATE: 5/6/2021, 9:28:52 PM]
----------------------------------
DiscordAPIError: Invalid Form Body
name: This field is required
EXTRA INFO:
Unknown
----------------------------------
[CALLER: Promise {
  <rejected> DiscordAPIError: Invalid Form Body
  name: This field is required
      at RequestHandler.execute (C:\Users\jaces\Desktop\Corebot\node_modules\discord.js\src\rest\RequestHandler.js:170:25)
      at runMicrotasks (<anonymous>)
      at processTicksAndRejections (internal/process/task_queues.js:93:5) {
    method: 'post',
    path: '/guilds/837104198419611649/channels',
    code: 50035,
    httpStatus: 400
  }
} | MS: 1620354532562 | DATE: 5/6/2021, 9:28:52 PM]
----------------------------------
DiscordAPIError: Invalid Form Body
name: This field is required
EXTRA INFO:
Unknown
----------------------------------
[CALLER: Promise {
  <rejected> DiscordAPIError: Invalid Form Body
  name: This field is required
      at RequestHandler.execute (C:\Users\jaces\Desktop\Corebot\node_modules\discord.js\src\rest\RequestHandler.js:170:25)
      at runMicrotasks (<anonymous>)
      at processTicksAndRejections (internal/process/task_queues.js:93:5) {
    method: 'post',
    path: '/guilds/837104198419611649/channels',
    code: 50035,
    httpStatus: 400
  }
} | MS: 1620354537954 | DATE: 5/6/2021, 9:28:57 PM]
----------------------------------
DiscordAPIError: Invalid Form Body
name: This field is required
EXTRA INFO:
Unknown
----------------------------------
[CALLER: Promise {
  <rejected> DiscordAPIError: Invalid Form Body
  name: This field is required
      at RequestHandler.execute (C:\Users\jaces\Desktop\Corebot\node_modules\discord.js\src\rest\RequestHandler.js:170:25)
      at runMicrotasks (<anonymous>)
      at processTicksAndRejections (internal/process/task_queues.js:93:5) {
    method: 'post',
    path: '/guilds/832046329068650526/channels',
    code: 50035,
    httpStatus: 400
  }
} | MS: 1620354537961 | DATE: 5/6/2021, 9:28:57 PM]
----------------------------------
DiscordAPIError: Invalid Form Body
name: This field is required
EXTRA INFO:
Unknown
----------------------------------
[CALLER: Promise {
  <rejected> DiscordAPIError: Invalid Form Body
  name: This field is required
      at RequestHandler.execute (C:\Users\jaces\Desktop\Corebot\node_modules\discord.js\src\rest\RequestHandler.js:170:25)
      at runMicrotasks (<anonymous>)
      at processTicksAndRejections (internal/process/task_queues.js:93:5) {
    method: 'post',
    path: '/guilds/837104198419611649/channels',
    code: 50035,
    httpStatus: 400
  }
} | MS: 1620354541290 | DATE: 5/6/2021, 9:29:01 PM]
----------------------------------
DiscordAPIError: Invalid Form Body
name: This field is required
EXTRA INFO:
Unknown
----------------------------------
[CALLER: Promise {
  <rejected> DiscordAPIError: Invalid Form Body
  name: This field is required
      at RequestHandler.execute (C:\Users\jaces\Desktop\Corebot\node_modules\discord.js\src\rest\RequestHandler.js:170:25)
      at runMicrotasks (<anonymous>)
      at processTicksAndRejections (internal/process/task_queues.js:93:5) {
    method: 'post',
    path: '/guilds/832046329068650526/channels',
    code: 50035,
    httpStatus: 400
  }
} | MS: 1620354541330 | DATE: 5/6/2021, 9:29:01 PM]
----------------------------------
DiscordAPIError: Invalid Form Body
name: This field is required
EXTRA INFO:
Unknown
----------------------------------
[CALLER: Promise {
  <rejected> DiscordAPIError: Invalid Form Body
  name: This field is required
      at RequestHandler.execute (C:\Users\jaces\Desktop\Corebot\node_modules\discord.js\src\rest\RequestHandler.js:170:25)
      at runMicrotasks (<anonymous>)
      at processTicksAndRejections (internal/process/task_queues.js:93:5) {
    method: 'post',
    path: '/guilds/837104198419611649/channels',
    code: 50035,
    httpStatus: 400
  }
} | MS: 1620354562728 | DATE: 5/6/2021, 9:29:22 PM]
----------------------------------
DiscordAPIError: Invalid Form Body
name: This field is required
EXTRA INFO:
Unknown
----------------------------------
[CALLER: Promise {
  <rejected> DiscordAPIError: Invalid Form Body
  name: This field is required
      at RequestHandler.execute (C:\Users\jaces\Desktop\Corebot\node_modules\discord.js\src\rest\RequestHandler.js:170:25)
      at runMicrotasks (<anonymous>)
      at processTicksAndRejections (internal/process/task_queues.js:93:5) {
    method: 'post',
    path: '/guilds/832046329068650526/channels',
    code: 50035,
    httpStatus: 400
  }
} | MS: 1620354562732 | DATE: 5/6/2021, 9:29:22 PM]
----------------------------------
DiscordAPIError: Invalid Form Body
name: This field is required
EXTRA INFO:
Unknown
----------------------------------
[CALLER: Promise {
  <rejected> DiscordAPIError: Invalid Form Body
  name: This field is required
      at RequestHandler.execute (C:\Users\jaces\Desktop\Corebot\node_modules\discord.js\src\rest\RequestHandler.js:170:25)
      at runMicrotasks (<anonymous>)
      at processTicksAndRejections (internal/process/task_queues.js:93:5) {
    method: 'post',
    path: '/guilds/832046329068650526/channels',
    code: 50035,
    httpStatus: 400
  }
} | MS: 1620354569175 | DATE: 5/6/2021, 9:29:29 PM]
----------------------------------
DiscordAPIError: Invalid Form Body
name: This field is required
EXTRA INFO:
Unknown
----------------------------------
[CALLER: Promise {
  <rejected> DiscordAPIError: Invalid Form Body
  name: This field is required
      at RequestHandler.execute (C:\Users\jaces\Desktop\Corebot\node_modules\discord.js\src\rest\RequestHandler.js:170:25)
      at runMicrotasks (<anonymous>)
      at processTicksAndRejections (internal/process/task_queues.js:93:5) {
    method: 'post',
    path: '/guilds/837104198419611649/channels',
    code: 50035,
    httpStatus: 400
  }
} | MS: 1620354571185 | DATE: 5/6/2021, 9:29:31 PM]
----------------------------------
DiscordAPIError: Invalid Form Body
name: This field is required
EXTRA INFO:
Unknown
----------------------------------
[CALLER: Promise {
  <rejected> DiscordAPIError: Invalid Form Body
  name: This field is required
      at RequestHandler.execute (C:\Users\jaces\Desktop\Corebot\node_modules\discord.js\src\rest\RequestHandler.js:170:25)
      at runMicrotasks (<anonymous>)
      at processTicksAndRejections (internal/process/task_queues.js:93:5) {
    method: 'post',
    path: '/guilds/832046329068650526/channels',
    code: 50035,
    httpStatus: 400
  }
} | MS: 1620354571274 | DATE: 5/6/2021, 9:29:31 PM]
----------------------------------
DiscordAPIError: Invalid Form Body
name: This field is required
EXTRA INFO:
Unknown
----------------------------------
[CALLER: Promise {
  <rejected> DiscordAPIError: Invalid Form Body
  name: This field is required
      at RequestHandler.execute (C:\Users\jaces\Desktop\Corebot\node_modules\discord.js\src\rest\RequestHandler.js:170:25)
      at runMicrotasks (<anonymous>)
      at processTicksAndRejections (internal/process/task_queues.js:93:5) {
    method: 'post',
    path: '/guilds/837104198419611649/channels',
    code: 50035,
    httpStatus: 400
  }
} | MS: 1620354571360 | DATE: 5/6/2021, 9:29:31 PM]
----------------------------------
DiscordAPIError: Invalid Form Body
name: This field is required
EXTRA INFO:
Unknown
----------------------------------
[CALLER: Promise {
  <rejected> DiscordAPIError: Invalid Form Body
  name: This field is required
      at RequestHandler.execute (C:\Users\jaces\Desktop\Corebot\node_modules\discord.js\src\rest\RequestHandler.js:170:25)
      at runMicrotasks (<anonymous>)
      at processTicksAndRejections (internal/process/task_queues.js:93:5) {
    method: 'post',
    path: '/guilds/837104198419611649/channels',
    code: 50035,
    httpStatus: 400
  }
} | MS: 1620354590715 | DATE: 5/6/2021, 9:29:50 PM]
----------------------------------
DiscordAPIError: Invalid Form Body
name: This field is required
EXTRA INFO:
Unknown
----------------------------------
[CALLER: Promise {
  <rejected> DiscordAPIError: Invalid Form Body
  name: This field is required
      at RequestHandler.execute (C:\Users\jaces\Desktop\Corebot\node_modules\discord.js\src\rest\RequestHandler.js:170:25)
      at runMicrotasks (<anonymous>)
      at processTicksAndRejections (internal/process/task_queues.js:93:5) {
    method: 'post',
    path: '/guilds/832046329068650526/channels',
    code: 50035,
    httpStatus: 400
  }
} | MS: 1620354590732 | DATE: 5/6/2021, 9:29:50 PM]
----------------------------------
DiscordAPIError: Invalid Form Body
name: This field is required
EXTRA INFO:
Unknown
----------------------------------
[CALLER: Promise {
  <rejected> DiscordAPIError: Invalid Form Body
  name: This field is required
      at RequestHandler.execute (C:\Users\jaces\Desktop\Corebot\node_modules\discord.js\src\rest\RequestHandler.js:170:25)
      at runMicrotasks (<anonymous>)
      at processTicksAndRejections (internal/process/task_queues.js:93:5) {
    method: 'post',
    path: '/guilds/832046329068650526/channels',
    code: 50035,
    httpStatus: 400
  }
} | MS: 1620354592819 | DATE: 5/6/2021, 9:29:52 PM]
----------------------------------
DiscordAPIError: Invalid Form Body
name: This field is required
EXTRA INFO:
Unknown
----------------------------------
[CALLER: Promise {
  <rejected> DiscordAPIError: Invalid Form Body
  name: This field is required
      at RequestHandler.execute (C:\Users\jaces\Desktop\Corebot\node_modules\discord.js\src\rest\RequestHandler.js:170:25)
      at runMicrotasks (<anonymous>)
      at processTicksAndRejections (internal/process/task_queues.js:93:5) {
    method: 'post',
    path: '/guilds/837104198419611649/channels',
    code: 50035,
    httpStatus: 400
  }
} | MS: 1620354592823 | DATE: 5/6/2021, 9:29:52 PM]
----------------------------------
DiscordAPIError: Invalid Form Body
name: This field is required
EXTRA INFO:
Unknown
----------------------------------
[CALLER: Promise {
  <rejected> DiscordAPIError: Invalid Form Body
  name: This field is required
      at RequestHandler.execute (C:\Users\jaces\Desktop\Corebot\node_modules\discord.js\src\rest\RequestHandler.js:170:25)
      at runMicrotasks (<anonymous>)
      at processTicksAndRejections (internal/process/task_queues.js:93:5) {
    method: 'post',
    path: '/guilds/832046329068650526/channels',
    code: 50035,
    httpStatus: 400
  }
} | MS: 1620354599194 | DATE: 5/6/2021, 9:29:59 PM]
----------------------------------
DiscordAPIError: Invalid Form Body
name: This field is required
EXTRA INFO:
Unknown
----------------------------------
[CALLER: Promise {
  <rejected> DiscordAPIError: Invalid Form Body
  name: This field is required
      at RequestHandler.execute (C:\Users\jaces\Desktop\Corebot\node_modules\discord.js\src\rest\RequestHandler.js:170:25)
      at runMicrotasks (<anonymous>)
      at processTicksAndRejections (internal/process/task_queues.js:93:5) {
    method: 'post',
    path: '/guilds/837104198419611649/channels',
    code: 50035,
    httpStatus: 400
  }
} | MS: 1620354599204 | DATE: 5/6/2021, 9:29:59 PM]
----------------------------------
DiscordAPIError: Invalid Form Body
name: This field is required
EXTRA INFO:
Unknown
----------------------------------
[CALLER: Promise {
  <rejected> DiscordAPIError: Invalid Form Body
  name: This field is required
      at RequestHandler.execute (C:\Users\jaces\Desktop\Corebot\node_modules\discord.js\src\rest\RequestHandler.js:170:25)
      at runMicrotasks (<anonymous>)
      at processTicksAndRejections (internal/process/task_queues.js:93:5) {
    method: 'post',
    path: '/guilds/832046329068650526/channels',
    code: 50035,
    httpStatus: 400
  }
} | MS: 1620354601291 | DATE: 5/6/2021, 9:30:01 PM]
----------------------------------
DiscordAPIError: Invalid Form Body
name: This field is required
EXTRA INFO:
Unknown
----------------------------------
[CALLER: Promise {
  <rejected> DiscordAPIError: Invalid Form Body
  name: This field is required
      at RequestHandler.execute (C:\Users\jaces\Desktop\Corebot\node_modules\discord.js\src\rest\RequestHandler.js:170:25)
      at runMicrotasks (<anonymous>)
      at processTicksAndRejections (internal/process/task_queues.js:93:5) {
    method: 'post',
    path: '/guilds/837104198419611649/channels',
    code: 50035,
    httpStatus: 400
  }
} | MS: 1620354601347 | DATE: 5/6/2021, 9:30:01 PM]
----------------------------------
DiscordAPIError: Invalid Form Body
name: This field is required
EXTRA INFO:
Unknown
----------------------------------
[CALLER: Promise {
  <rejected> DiscordAPIError: Invalid Form Body
  name: This field is required
      at RequestHandler.execute (C:\Users\jaces\Desktop\Corebot\node_modules\discord.js\src\rest\RequestHandler.js:170:25)
      at runMicrotasks (<anonymous>)
      at processTicksAndRejections (internal/process/task_queues.js:93:5) {
    method: 'post',
    path: '/guilds/832046329068650526/channels',
    code: 50035,
    httpStatus: 400
  }
} | MS: 1620354620761 | DATE: 5/6/2021, 9:30:20 PM]
----------------------------------
DiscordAPIError: Invalid Form Body
name: This field is required
EXTRA INFO:
Unknown
----------------------------------
[CALLER: Promise {
  <rejected> DiscordAPIError: Invalid Form Body
  name: This field is required
      at RequestHandler.execute (C:\Users\jaces\Desktop\Corebot\node_modules\discord.js\src\rest\RequestHandler.js:170:25)
      at runMicrotasks (<anonymous>)
      at processTicksAndRejections (internal/process/task_queues.js:93:5) {
    method: 'post',
    path: '/guilds/837104198419611649/channels',
    code: 50035,
    httpStatus: 400
  }
} | MS: 1620354620766 | DATE: 5/6/2021, 9:30:20 PM]
----------------------------------
DiscordAPIError: Invalid Form Body
name: This field is required
EXTRA INFO:
Unknown
----------------------------------
[CALLER: Promise {
  <rejected> DiscordAPIError: Invalid Form Body
  name: This field is required
      at RequestHandler.execute (C:\Users\jaces\Desktop\Corebot\node_modules\discord.js\src\rest\RequestHandler.js:170:25)
      at runMicrotasks (<anonymous>)
      at processTicksAndRejections (internal/process/task_queues.js:93:5) {
    method: 'post',
    path: '/guilds/832046329068650526/channels',
    code: 50035,
    httpStatus: 400
  }
} | MS: 1620354622846 | DATE: 5/6/2021, 9:30:22 PM]
----------------------------------
DiscordAPIError: Invalid Form Body
name: This field is required
EXTRA INFO:
Unknown
----------------------------------
[CALLER: Promise {
  <rejected> DiscordAPIError: Invalid Form Body
  name: This field is required
      at RequestHandler.execute (C:\Users\jaces\Desktop\Corebot\node_modules\discord.js\src\rest\RequestHandler.js:170:25)
      at runMicrotasks (<anonymous>)
      at processTicksAndRejections (internal/process/task_queues.js:93:5) {
    method: 'post',
    path: '/guilds/837104198419611649/channels',
    code: 50035,
    httpStatus: 400
  }
} | MS: 1620354622851 | DATE: 5/6/2021, 9:30:22 PM]
----------------------------------
DiscordAPIError: Invalid Form Body
name: This field is required
EXTRA INFO:
Unknown
----------------------------------
[CALLER: Promise {
  <rejected> DiscordAPIError: Invalid Form Body
  name: This field is required
      at RequestHandler.execute (C:\Users\jaces\Desktop\Corebot\node_modules\discord.js\src\rest\RequestHandler.js:170:25)
      at runMicrotasks (<anonymous>)
      at processTicksAndRejections (internal/process/task_queues.js:93:5) {
    method: 'post',
    path: '/guilds/832046329068650526/channels',
    code: 50035,
    httpStatus: 400
  }
} | MS: 1620354629179 | DATE: 5/6/2021, 9:30:29 PM]
----------------------------------
DiscordAPIError: Invalid Form Body
name: This field is required
EXTRA INFO:
Unknown
----------------------------------
[CALLER: Promise {
  <rejected> DiscordAPIError: Invalid Form Body
  name: This field is required
      at RequestHandler.execute (C:\Users\jaces\Desktop\Corebot\node_modules\discord.js\src\rest\RequestHandler.js:170:25)
      at runMicrotasks (<anonymous>)
      at processTicksAndRejections (internal/process/task_queues.js:93:5) {
    method: 'post',
    path: '/guilds/837104198419611649/channels',
    code: 50035,
    httpStatus: 400
  }
} | MS: 1620354629190 | DATE: 5/6/2021, 9:30:29 PM]
----------------------------------
DiscordAPIError: Invalid Form Body
name: This field is required
EXTRA INFO:
Unknown
----------------------------------
[CALLER: Promise {
  <rejected> DiscordAPIError: Invalid Form Body
  name: This field is required
      at RequestHandler.execute (C:\Users\jaces\Desktop\Corebot\node_modules\discord.js\src\rest\RequestHandler.js:170:25)
      at runMicrotasks (<anonymous>)
      at processTicksAndRejections (internal/process/task_queues.js:93:5) {
    method: 'post',
    path: '/guilds/832046329068650526/channels',
    code: 50035,
    httpStatus: 400
  }
} | MS: 1620354631308 | DATE: 5/6/2021, 9:30:31 PM]
----------------------------------
DiscordAPIError: Invalid Form Body
name: This field is required
EXTRA INFO:
Unknown
----------------------------------
[CALLER: Promise {
  <rejected> DiscordAPIError: Invalid Form Body
  name: This field is required
      at RequestHandler.execute (C:\Users\jaces\Desktop\Corebot\node_modules\discord.js\src\rest\RequestHandler.js:170:25)
      at runMicrotasks (<anonymous>)
      at processTicksAndRejections (internal/process/task_queues.js:93:5) {
    method: 'post',
    path: '/guilds/837104198419611649/channels',
    code: 50035,
    httpStatus: 400
  }
} | MS: 1620354631310 | DATE: 5/6/2021, 9:30:31 PM]
----------------------------------
DiscordAPIError: Invalid Form Body
name: This field is required
EXTRA INFO:
Unknown
----------------------------------
[CALLER: Promise {
  <rejected> DiscordAPIError: Invalid Form Body
  name: This field is required
      at RequestHandler.execute (C:\Users\jaces\Desktop\Corebot\node_modules\discord.js\src\rest\RequestHandler.js:170:25)
      at runMicrotasks (<anonymous>)
      at processTicksAndRejections (internal/process/task_queues.js:93:5) {
    method: 'post',
    path: '/guilds/837104198419611649/channels',
    code: 50035,
    httpStatus: 400
  }
} | MS: 1620354650743 | DATE: 5/6/2021, 9:30:50 PM]
----------------------------------
DiscordAPIError: Invalid Form Body
name: This field is required
EXTRA INFO:
Unknown
----------------------------------
[CALLER: Promise {
  <rejected> DiscordAPIError: Invalid Form Body
  name: This field is required
      at RequestHandler.execute (C:\Users\jaces\Desktop\Corebot\node_modules\discord.js\src\rest\RequestHandler.js:170:25)
      at runMicrotasks (<anonymous>)
      at processTicksAndRejections (internal/process/task_queues.js:93:5) {
    method: 'post',
    path: '/guilds/832046329068650526/channels',
    code: 50035,
    httpStatus: 400
  }
} | MS: 1620354650786 | DATE: 5/6/2021, 9:30:50 PM]
----------------------------------
DiscordAPIError: Invalid Form Body
name: This field is required
EXTRA INFO:
Unknown
----------------------------------
[CALLER: Promise {
  <rejected> DiscordAPIError: Invalid Form Body
  name: This field is required
      at RequestHandler.execute (C:\Users\jaces\Desktop\Corebot\node_modules\discord.js\src\rest\RequestHandler.js:170:25)
      at runMicrotasks (<anonymous>)
      at processTicksAndRejections (internal/process/task_queues.js:93:5) {
    method: 'post',
    path: '/guilds/837104198419611649/channels',
    code: 50035,
    httpStatus: 400
  }
} | MS: 1620354652830 | DATE: 5/6/2021, 9:30:52 PM]
----------------------------------
DiscordAPIError: Invalid Form Body
name: This field is required
EXTRA INFO:
Unknown
----------------------------------
[CALLER: Promise {
  <rejected> DiscordAPIError: Invalid Form Body
  name: This field is required
      at RequestHandler.execute (C:\Users\jaces\Desktop\Corebot\node_modules\discord.js\src\rest\RequestHandler.js:170:25)
      at runMicrotasks (<anonymous>)
      at processTicksAndRejections (internal/process/task_queues.js:93:5) {
    method: 'post',
    path: '/guilds/832046329068650526/channels',
    code: 50035,
    httpStatus: 400
  }
} | MS: 1620354652843 | DATE: 5/6/2021, 9:30:52 PM]
----------------------------------
DiscordAPIError: Invalid Form Body
name: This field is required
EXTRA INFO:
Unknown
----------------------------------
[CALLER: Promise {
  <rejected> DiscordAPIError: Invalid Form Body
  name: This field is required
      at RequestHandler.execute (C:\Users\jaces\Desktop\Corebot\node_modules\discord.js\src\rest\RequestHandler.js:170:25)
      at runMicrotasks (<anonymous>)
      at processTicksAndRejections (internal/process/task_queues.js:93:5) {
    method: 'post',
    path: '/guilds/837104198419611649/channels',
    code: 50035,
    httpStatus: 400
  }
} | MS: 1620354659195 | DATE: 5/6/2021, 9:30:59 PM]
----------------------------------
DiscordAPIError: Invalid Form Body
name: This field is required
EXTRA INFO:
Unknown
----------------------------------
[CALLER: Promise {
  <rejected> DiscordAPIError: Invalid Form Body
  name: This field is required
      at RequestHandler.execute (C:\Users\jaces\Desktop\Corebot\node_modules\discord.js\src\rest\RequestHandler.js:170:25)
      at runMicrotasks (<anonymous>)
      at processTicksAndRejections (internal/process/task_queues.js:93:5) {
    method: 'post',
    path: '/guilds/832046329068650526/channels',
    code: 50035,
    httpStatus: 400
  }
} | MS: 1620354659210 | DATE: 5/6/2021, 9:30:59 PM]
----------------------------------
DiscordAPIError: Invalid Form Body
name: This field is required
EXTRA INFO:
Unknown
----------------------------------
[CALLER: Promise {
  <rejected> DiscordAPIError: Invalid Form Body
  name: This field is required
      at RequestHandler.execute (C:\Users\jaces\Desktop\Corebot\node_modules\discord.js\src\rest\RequestHandler.js:170:25)
      at runMicrotasks (<anonymous>)
      at processTicksAndRejections (internal/process/task_queues.js:93:5) {
    method: 'post',
    path: '/guilds/832046329068650526/channels',
    code: 50035,
    httpStatus: 400
  }
} | MS: 1620354661301 | DATE: 5/6/2021, 9:31:01 PM]
----------------------------------
DiscordAPIError: Invalid Form Body
name: This field is required
EXTRA INFO:
Unknown
----------------------------------
[CALLER: Promise {
  <rejected> DiscordAPIError: Invalid Form Body
  name: This field is required
      at RequestHandler.execute (C:\Users\jaces\Desktop\Corebot\node_modules\discord.js\src\rest\RequestHandler.js:170:25)
      at runMicrotasks (<anonymous>)
      at processTicksAndRejections (internal/process/task_queues.js:93:5) {
    method: 'post',
    path: '/guilds/837104198419611649/channels',
    code: 50035,
    httpStatus: 400
  }
} | MS: 1620354661359 | DATE: 5/6/2021, 9:31:01 PM]
----------------------------------
DiscordAPIError: Invalid Form Body
name: This field is required
EXTRA INFO:
Unknown
----------------------------------
[CALLER: AddonHandler.js:123:44 | MS: 1620354665142 | DATE: 5/6/2021, 9:31:05 PM]
-------------------------------------------------------------------
Cannot find module 'paypal-rest-sdk'
Require stack:
- C:\Users\jaces\Desktop\Corebot\addons\BusinessPayPal.js
- C:\Users\jaces\Desktop\Corebot\modules\handlers\AddonHandler.js
- C:\Users\jaces\Desktop\Corebot\commands\management\addon.js
- C:\Users\jaces\Desktop\Corebot\modules\handlers\CommandHandler.js
- C:\Users\jaces\Desktop\Corebot\index.js
EXTRA INFO:
Error: Cannot find module 'paypal-rest-sdk'
Require stack:
- C:\Users\jaces\Desktop\Corebot\addons\BusinessPayPal.js
- C:\Users\jaces\Desktop\Corebot\modules\handlers\AddonHandler.js
- C:\Users\jaces\Desktop\Corebot\commands\management\addon.js
- C:\Users\jaces\Desktop\Corebot\modules\handlers\CommandHandler.js
- C:\Users\jaces\Desktop\Corebot\index.js
    at Function.Module._resolveFilename (internal/modules/cjs/loader.js:880:15)
    at Function.Module._load (internal/modules/cjs/loader.js:725:27)
    at Module.require (internal/modules/cjs/loader.js:952:19)
    at require (internal/modules/cjs/helpers.js:88:18)
    at Object.<anonymous> (C:\Users\jaces\Desktop\Corebot\addons\BusinessPayPal.js:1:1680)
    at Module._compile (internal/modules/cjs/loader.js:1063:30)
    at Object.Module._extensions..js (internal/modules/cjs/loader.js:1092:10)
    at Module.load (internal/modules/cjs/loader.js:928:32)
    at Function.Module._load (internal/modules/cjs/loader.js:769:14)
    at Module.require (internal/modules/cjs/loader.js:952:19)
    at require (internal/modules/cjs/helpers.js:88:18)
    at C:\Users\jaces\Desktop\Corebot\modules\handlers\AddonHandler.js:112:35
    at Array.forEach (<anonymous>)
    at C:\Users\jaces\Desktop\Corebot\modules\handlers\AddonHandler.js:110:18
    at FSReqCallback.oncomplete (fs.js:171:23)
-------------------------------------------------------------------
[CALLER: Promise {
  <rejected> DiscordAPIError: Invalid Form Body
  name: This field is required
      at RequestHandler.execute (C:\Users\jaces\Desktop\Corebot\node_modules\discord.js\src\rest\RequestHandler.js:170:25)
      at runMicrotasks (<anonymous>)
      at processTicksAndRejections (internal/process/task_queues.js:93:5) {
    method: 'post',
    path: '/guilds/837104198419611649/channels',
    code: 50035,
    httpStatus: 400
  }
} | MS: 1620354665262 | DATE: 5/6/2021, 9:31:05 PM]
----------------------------------
DiscordAPIError: Invalid Form Body
name: This field is required
EXTRA INFO:
Unknown
----------------------------------
[CALLER: Promise {
  <rejected> DiscordAPIError: Invalid Form Body
  name: This field is required
      at RequestHandler.execute (C:\Users\jaces\Desktop\Corebot\node_modules\discord.js\src\rest\RequestHandler.js:170:25)
      at runMicrotasks (<anonymous>)
      at processTicksAndRejections (internal/process/task_queues.js:93:5) {
    method: 'post',
    path: '/guilds/832046329068650526/channels',
    code: 50035,
    httpStatus: 400
  }
} | MS: 1620354665297 | DATE: 5/6/2021, 9:31:05 PM]
----------------------------------
DiscordAPIError: Invalid Form Body
name: This field is required
EXTRA INFO:
Unknown
----------------------------------
[CALLER: Promise {
  <rejected> DiscordAPIError: Invalid Form Body
  name: This field is required
      at RequestHandler.execute (C:\Users\jaces\Desktop\Corebot\node_modules\discord.js\src\rest\RequestHandler.js:170:25)
      at runMicrotasks (<anonymous>)
      at processTicksAndRejections (internal/process/task_queues.js:93:5) {
    method: 'post',
    path: '/guilds/837104198419611649/channels',
    code: 50035,
    httpStatus: 400
  }
} | MS: 1620354667619 | DATE: 5/6/2021, 9:31:07 PM]
----------------------------------
DiscordAPIError: Invalid Form Body
name: This field is required
EXTRA INFO:
Unknown
----------------------------------
[CALLER: RequestHandler.js:170:25 | MS: 1620354677089 | DATE: 5/6/2021, 9:31:17 PM]
--------------------------------
DiscordAPIError: Unknown Channel
EXTRA INFO:
Promise {
  <rejected> DiscordAPIError: Unknown Channel
      at RequestHandler.execute (C:\Users\jaces\Desktop\Corebot\node_modules\discord.js\src\rest\RequestHandler.js:170:25)
      at processTicksAndRejections (internal/process/task_queues.js:93:5) {
    method: 'delete',
    path: '/channels/840053106418515978/messages/840053126551699467',
    code: 10003,
    httpStatus: 404
  }
}
--------------------------------
[CALLER: Promise {
  <rejected> DiscordAPIError: Invalid Form Body
  name: This field is required
      at RequestHandler.execute (C:\Users\jaces\Desktop\Corebot\node_modules\discord.js\src\rest\RequestHandler.js:170:25)
      at processTicksAndRejections (internal/process/task_queues.js:93:5) {
    method: 'post',
    path: '/guilds/832046329068650526/channels',
    code: 50035,
    httpStatus: 400
  }
} | MS: 1620354680742 | DATE: 5/6/2021, 9:31:20 PM]
----------------------------------
DiscordAPIError: Invalid Form Body
name: This field is required
EXTRA INFO:
Unknown
----------------------------------
[CALLER: Promise {
  <rejected> DiscordAPIError: Invalid Form Body
  name: This field is required
      at RequestHandler.execute (C:\Users\jaces\Desktop\Corebot\node_modules\discord.js\src\rest\RequestHandler.js:170:25)
      at processTicksAndRejections (internal/process/task_queues.js:93:5) {
    method: 'post',
    path: '/guilds/837104198419611649/channels',
    code: 50035,
    httpStatus: 400
  }
} | MS: 1620354680753 | DATE: 5/6/2021, 9:31:20 PM]
----------------------------------
DiscordAPIError: Invalid Form Body
name: This field is required
EXTRA INFO:
Unknown
----------------------------------
[CALLER: Promise {
  <rejected> DiscordAPIError: Invalid Form Body
  name: This field is required
      at RequestHandler.execute (C:\Users\jaces\Desktop\Corebot\node_modules\discord.js\src\rest\RequestHandler.js:170:25)
      at processTicksAndRejections (internal/process/task_queues.js:93:5) {
    method: 'post',
    path: '/guilds/832046329068650526/channels',
    code: 50035,
    httpStatus: 400
  }
} | MS: 1620354682837 | DATE: 5/6/2021, 9:31:22 PM]
----------------------------------
DiscordAPIError: Invalid Form Body
name: This field is required
EXTRA INFO:
Unknown
----------------------------------
[CALLER: Promise {
  <rejected> DiscordAPIError: Invalid Form Body
  name: This field is required
      at RequestHandler.execute (C:\Users\jaces\Desktop\Corebot\node_modules\discord.js\src\rest\RequestHandler.js:170:25)
      at processTicksAndRejections (internal/process/task_queues.js:93:5) {
    method: 'post',
    path: '/guilds/837104198419611649/channels',
    code: 50035,
    httpStatus: 400
  }
} | MS: 1620354682844 | DATE: 5/6/2021, 9:31:22 PM]
----------------------------------
DiscordAPIError: Invalid Form Body
name: This field is required
EXTRA INFO:
Unknown
----------------------------------
[CALLER: Promise {
  <rejected> DiscordAPIError: Invalid Form Body
  name: This field is required
      at RequestHandler.execute (C:\Users\jaces\Desktop\Corebot\node_modules\discord.js\src\rest\RequestHandler.js:170:25)
      at processTicksAndRejections (internal/process/task_queues.js:93:5) {
    method: 'post',
    path: '/guilds/832046329068650526/channels',
    code: 50035,
    httpStatus: 400
  }
} | MS: 1620354689184 | DATE: 5/6/2021, 9:31:29 PM]
----------------------------------
DiscordAPIError: Invalid Form Body
name: This field is required
EXTRA INFO:
Unknown
----------------------------------
[CALLER: Promise {
  <rejected> DiscordAPIError: Invalid Form Body
  name: This field is required
      at RequestHandler.execute (C:\Users\jaces\Desktop\Corebot\node_modules\discord.js\src\rest\RequestHandler.js:170:25)
      at processTicksAndRejections (internal/process/task_queues.js:93:5) {
    method: 'post',
    path: '/guilds/837104198419611649/channels',
    code: 50035,
    httpStatus: 400
  }
} | MS: 1620354689205 | DATE: 5/6/2021, 9:31:29 PM]
----------------------------------
DiscordAPIError: Invalid Form Body
name: This field is required
EXTRA INFO:
Unknown
----------------------------------
[CALLER: Promise {
  <rejected> DiscordAPIError: Invalid Form Body
  name: This field is required
      at RequestHandler.execute (C:\Users\jaces\Desktop\Corebot\node_modules\discord.js\src\rest\RequestHandler.js:170:25)
      at processTicksAndRejections (internal/process/task_queues.js:93:5) {
    method: 'post',
    path: '/guilds/837104198419611649/channels',
    code: 50035,
    httpStatus: 400
  }
} | MS: 1620354691275 | DATE: 5/6/2021, 9:31:31 PM]
----------------------------------
DiscordAPIError: Invalid Form Body
name: This field is required
EXTRA INFO:
Unknown
----------------------------------
[CALLER: Promise {
  <rejected> DiscordAPIError: Invalid Form Body
  name: This field is required
      at RequestHandler.execute (C:\Users\jaces\Desktop\Corebot\node_modules\discord.js\src\rest\RequestHandler.js:170:25)
      at processTicksAndRejections (internal/process/task_queues.js:93:5) {
    method: 'post',
    path: '/guilds/832046329068650526/channels',
    code: 50035,
    httpStatus: 400
  }
} | MS: 1620354691283 | DATE: 5/6/2021, 9:31:31 PM]
----------------------------------
DiscordAPIError: Invalid Form Body
name: This field is required
EXTRA INFO:
Unknown
----------------------------------
[CALLER: AddonHandler.js:123:44 | MS: 1620354693511 | DATE: 5/6/2021, 9:31:33 PM]
-------------------------------------------------------------------
Cannot find module 'paypal-rest-sdk'
Require stack:
- C:\Users\jaces\Desktop\Corebot\addons\BusinessPayPal.js
- C:\Users\jaces\Desktop\Corebot\modules\handlers\AddonHandler.js
- C:\Users\jaces\Desktop\Corebot\commands\management\addon.js
- C:\Users\jaces\Desktop\Corebot\modules\handlers\CommandHandler.js
- C:\Users\jaces\Desktop\Corebot\index.js
EXTRA INFO:
Error: Cannot find module 'paypal-rest-sdk'
Require stack:
- C:\Users\jaces\Desktop\Corebot\addons\BusinessPayPal.js
- C:\Users\jaces\Desktop\Corebot\modules\handlers\AddonHandler.js
- C:\Users\jaces\Desktop\Corebot\commands\management\addon.js
- C:\Users\jaces\Desktop\Corebot\modules\handlers\CommandHandler.js
- C:\Users\jaces\Desktop\Corebot\index.js
    at Function.Module._resolveFilename (internal/modules/cjs/loader.js:880:15)
    at Function.Module._load (internal/modules/cjs/loader.js:725:27)
    at Module.require (internal/modules/cjs/loader.js:952:19)
    at require (internal/modules/cjs/helpers.js:88:18)
    at Object.<anonymous> (C:\Users\jaces\Desktop\Corebot\addons\BusinessPayPal.js:1:1680)
    at Module._compile (internal/modules/cjs/loader.js:1063:30)
    at Object.Module._extensions..js (internal/modules/cjs/loader.js:1092:10)
    at Module.load (internal/modules/cjs/loader.js:928:32)
    at Function.Module._load (internal/modules/cjs/loader.js:769:14)
    at Module.require (internal/modules/cjs/loader.js:952:19)
    at require (internal/modules/cjs/helpers.js:88:18)
    at C:\Users\jaces\Desktop\Corebot\modules\handlers\AddonHandler.js:112:35
    at Array.forEach (<anonymous>)
    at C:\Users\jaces\Desktop\Corebot\modules\handlers\AddonHandler.js:110:18
    at FSReqCallback.oncomplete (fs.js:171:23)
-------------------------------------------------------------------
[CALLER: Promise {
  <rejected> DiscordAPIError: Invalid Form Body
  name: This field is required
      at RequestHandler.execute (C:\Users\jaces\Desktop\Corebot\node_modules\discord.js\src\rest\RequestHandler.js:170:25)
      at processTicksAndRejections (internal/process/task_queues.js:93:5) {
    method: 'post',
    path: '/guilds/837104198419611649/channels',
    code: 50035,
    httpStatus: 400
  }
} | MS: 1620354693629 | DATE: 5/6/2021, 9:31:33 PM]
----------------------------------
DiscordAPIError: Invalid Form Body
name: This field is required
EXTRA INFO:
Unknown
----------------------------------
[CALLER: Promise {
  <rejected> DiscordAPIError: Invalid Form Body
  name: This field is required
      at RequestHandler.execute (C:\Users\jaces\Desktop\Corebot\node_modules\discord.js\src\rest\RequestHandler.js:170:25)
      at processTicksAndRejections (internal/process/task_queues.js:93:5) {
    method: 'post',
    path: '/guilds/832046329068650526/channels',
    code: 50035,
    httpStatus: 400
  }
} | MS: 1620354693647 | DATE: 5/6/2021, 9:31:33 PM]
----------------------------------
DiscordAPIError: Invalid Form Body
name: This field is required
EXTRA INFO:
Unknown
----------------------------------
[CALLER: Promise {
  <rejected> DiscordAPIError: Invalid Form Body
  name: This field is required
      at RequestHandler.execute (C:\Users\jaces\Desktop\Corebot\node_modules\discord.js\src\rest\RequestHandler.js:170:25)
      at processTicksAndRejections (internal/process/task_queues.js:93:5) {
    method: 'post',
    path: '/guilds/832046329068650526/channels',
    code: 50035,
    httpStatus: 400
  }
} | MS: 1620354695269 | DATE: 5/6/2021, 9:31:35 PM]
----------------------------------
DiscordAPIError: Invalid Form Body
name: This field is required
EXTRA INFO:
Unknown
----------------------------------
[CALLER: Promise {
  <rejected> DiscordAPIError: Invalid Form Body
  name: This field is required
      at RequestHandler.execute (C:\Users\jaces\Desktop\Corebot\node_modules\discord.js\src\rest\RequestHandler.js:170:25)
      at processTicksAndRejections (internal/process/task_queues.js:93:5) {
    method: 'post',
    path: '/guilds/837104198419611649/channels',
    code: 50035,
    httpStatus: 400
  }
} | MS: 1620354695398 | DATE: 5/6/2021, 9:31:35 PM]
----------------------------------
DiscordAPIError: Invalid Form Body
name: This field is required
EXTRA INFO:
Unknown
----------------------------------
[CALLER: Promise {
  <rejected> DiscordAPIError: Invalid Form Body
  name: This field is required
      at RequestHandler.execute (C:\Users\jaces\Desktop\Corebot\node_modules\discord.js\src\rest\RequestHandler.js:170:25)
      at processTicksAndRejections (internal/process/task_queues.js:93:5) {
    method: 'post',
    path: '/guilds/832046329068650526/channels',
    code: 50035,
    httpStatus: 400
  }
} | MS: 1620354710717 | DATE: 5/6/2021, 9:31:50 PM]
----------------------------------
DiscordAPIError: Invalid Form Body
name: This field is required
EXTRA INFO:
Unknown
----------------------------------
[CALLER: Promise {
  <rejected> DiscordAPIError: Invalid Form Body
  name: This field is required
      at RequestHandler.execute (C:\Users\jaces\Desktop\Corebot\node_modules\discord.js\src\rest\RequestHandler.js:170:25)
      at processTicksAndRejections (internal/process/task_queues.js:93:5) {
    method: 'post',
    path: '/guilds/837104198419611649/channels',
    code: 50035,
    httpStatus: 400
  }
} | MS: 1620354710749 | DATE: 5/6/2021, 9:31:50 PM]
----------------------------------
DiscordAPIError: Invalid Form Body
name: This field is required
EXTRA INFO:
Unknown
----------------------------------
[CALLER: Promise {
  <rejected> DiscordAPIError: Invalid Form Body
  name: This field is required
      at RequestHandler.execute (C:\Users\jaces\Desktop\Corebot\node_modules\discord.js\src\rest\RequestHandler.js:170:25)
      at processTicksAndRejections (internal/process/task_queues.js:93:5) {
    method: 'post',
    path: '/guilds/837104198419611649/channels',
    code: 50035,
    httpStatus: 400
  }
} | MS: 1620354712822 | DATE: 5/6/2021, 9:31:52 PM]
----------------------------------
DiscordAPIError: Invalid Form Body
name: This field is required
EXTRA INFO:
Unknown
----------------------------------
[CALLER: Promise {
  <rejected> DiscordAPIError: Invalid Form Body
  name: This field is required
      at RequestHandler.execute (C:\Users\jaces\Desktop\Corebot\node_modules\discord.js\src\rest\RequestHandler.js:170:25)
      at processTicksAndRejections (internal/process/task_queues.js:93:5) {
    method: 'post',
    path: '/guilds/832046329068650526/channels',
    code: 50035,
    httpStatus: 400
  }
} | MS: 1620354712921 | DATE: 5/6/2021, 9:31:52 PM]
----------------------------------
DiscordAPIError: Invalid Form Body
name: This field is required
EXTRA INFO:
Unknown
----------------------------------
[CALLER: Promise {
  <rejected> DiscordAPIError: Invalid Form Body
  name: This field is required
      at RequestHandler.execute (C:\Users\jaces\Desktop\Corebot\node_modules\discord.js\src\rest\RequestHandler.js:170:25)
      at processTicksAndRejections (internal/process/task_queues.js:93:5) {
    method: 'post',
    path: '/guilds/832046329068650526/channels',
    code: 50035,
    httpStatus: 400
  }
} | MS: 1620354719203 | DATE: 5/6/2021, 9:31:59 PM]
----------------------------------
DiscordAPIError: Invalid Form Body
name: This field is required
EXTRA INFO:
Unknown
----------------------------------
[CALLER: Promise {
  <rejected> DiscordAPIError: Invalid Form Body
  name: This field is required
      at RequestHandler.execute (C:\Users\jaces\Desktop\Corebot\node_modules\discord.js\src\rest\RequestHandler.js:170:25)
      at processTicksAndRejections (internal/process/task_queues.js:93:5) {
    method: 'post',
    path: '/guilds/837104198419611649/channels',
    code: 50035,
    httpStatus: 400
  }
} | MS: 1620354719213 | DATE: 5/6/2021, 9:31:59 PM]
----------------------------------
DiscordAPIError: Invalid Form Body
name: This field is required
EXTRA INFO:
Unknown
----------------------------------
[CALLER: Promise {
  <rejected> DiscordAPIError: Invalid Form Body
  name: This field is required
      at RequestHandler.execute (C:\Users\jaces\Desktop\Corebot\node_modules\discord.js\src\rest\RequestHandler.js:170:25)
      at processTicksAndRejections (internal/process/task_queues.js:93:5) {
    method: 'post',
    path: '/guilds/832046329068650526/channels',
    code: 50035,
    httpStatus: 400
  }
} | MS: 1620354721277 | DATE: 5/6/2021, 9:32:01 PM]
----------------------------------
DiscordAPIError: Invalid Form Body
name: This field is required
EXTRA INFO:
Unknown
----------------------------------
[CALLER: Promise {
  <rejected> DiscordAPIError: Invalid Form Body
  name: This field is required
      at RequestHandler.execute (C:\Users\jaces\Desktop\Corebot\node_modules\discord.js\src\rest\RequestHandler.js:170:25)
      at processTicksAndRejections (internal/process/task_queues.js:93:5) {
    method: 'post',
    path: '/guilds/837104198419611649/channels',
    code: 50035,
    httpStatus: 400
  }
} | MS: 1620354721295 | DATE: 5/6/2021, 9:32:01 PM]
----------------------------------
DiscordAPIError: Invalid Form Body
name: This field is required
EXTRA INFO:
Unknown
----------------------------------
[CALLER: Promise {
  <rejected> DiscordAPIError: Invalid Form Body
  name: This field is required
      at RequestHandler.execute (C:\Users\jaces\Desktop\Corebot\node_modules\discord.js\src\rest\RequestHandler.js:170:25)
      at processTicksAndRejections (internal/process/task_queues.js:93:5) {
    method: 'post',
    path: '/guilds/837104198419611649/channels',
    code: 50035,
    httpStatus: 400
  }
} | MS: 1620354723616 | DATE: 5/6/2021, 9:32:03 PM]
----------------------------------
DiscordAPIError: Invalid Form Body
name: This field is required
EXTRA INFO:
Unknown
----------------------------------
[CALLER: Promise {
  <rejected> DiscordAPIError: Invalid Form Body
  name: This field is required
      at RequestHandler.execute (C:\Users\jaces\Desktop\Corebot\node_modules\discord.js\src\rest\RequestHandler.js:170:25)
      at processTicksAndRejections (internal/process/task_queues.js:93:5) {
    method: 'post',
    path: '/guilds/832046329068650526/channels',
    code: 50035,
    httpStatus: 400
  }
} | MS: 1620354723633 | DATE: 5/6/2021, 9:32:03 PM]
----------------------------------
DiscordAPIError: Invalid Form Body
name: This field is required
EXTRA INFO:
Unknown
----------------------------------
[CALLER: Promise {
  <rejected> DiscordAPIError: Invalid Form Body
  name: This field is required
      at RequestHandler.execute (C:\Users\jaces\Desktop\Corebot\node_modules\discord.js\src\rest\RequestHandler.js:170:25)
      at processTicksAndRejections (internal/process/task_queues.js:93:5) {
    method: 'post',
    path: '/guilds/837104198419611649/channels',
    code: 50035,
    httpStatus: 400
  }
} | MS: 1620354725253 | DATE: 5/6/2021, 9:32:05 PM]
----------------------------------
DiscordAPIError: Invalid Form Body
name: This field is required
EXTRA INFO:
Unknown
----------------------------------
[CALLER: Promise {
  <rejected> DiscordAPIError: Invalid Form Body
  name: This field is required
      at RequestHandler.execute (C:\Users\jaces\Desktop\Corebot\node_modules\discord.js\src\rest\RequestHandler.js:170:25)
      at processTicksAndRejections (internal/process/task_queues.js:93:5) {
    method: 'post',
    path: '/guilds/832046329068650526/channels',
    code: 50035,
    httpStatus: 400
  }
} | MS: 1620354725258 | DATE: 5/6/2021, 9:32:05 PM]
----------------------------------
DiscordAPIError: Invalid Form Body
name: This field is required
EXTRA INFO:
Unknown
----------------------------------
[CALLER: Promise {
  <rejected> DiscordAPIError: Invalid Form Body
  name: This field is required
      at RequestHandler.execute (C:\Users\jaces\Desktop\Corebot\node_modules\discord.js\src\rest\RequestHandler.js:170:25)
      at processTicksAndRejections (internal/process/task_queues.js:93:5) {
    method: 'post',
    path: '/guilds/832046329068650526/channels',
    code: 50035,
    httpStatus: 400
  }
} | MS: 1620354740734 | DATE: 5/6/2021, 9:32:20 PM]
----------------------------------
DiscordAPIError: Invalid Form Body
name: This field is required
EXTRA INFO:
Unknown
----------------------------------
[CALLER: Promise {
  <rejected> DiscordAPIError: Invalid Form Body
  name: This field is required
      at RequestHandler.execute (C:\Users\jaces\Desktop\Corebot\node_modules\discord.js\src\rest\RequestHandler.js:170:25)
      at processTicksAndRejections (internal/process/task_queues.js:93:5) {
    method: 'post',
    path: '/guilds/837104198419611649/channels',
    code: 50035,
    httpStatus: 400
  }
} | MS: 1620354740751 | DATE: 5/6/2021, 9:32:20 PM]
----------------------------------
DiscordAPIError: Invalid Form Body
name: This field is required
EXTRA INFO:
Unknown
----------------------------------
[CALLER: Promise {
  <rejected> DiscordAPIError: Invalid Form Body
  name: This field is required
      at RequestHandler.execute (C:\Users\jaces\Desktop\Corebot\node_modules\discord.js\src\rest\RequestHandler.js:170:25)
      at processTicksAndRejections (internal/process/task_queues.js:93:5) {
    method: 'post',
    path: '/guilds/837104198419611649/channels',
    code: 50035,
    httpStatus: 400
  }
} | MS: 1620354742833 | DATE: 5/6/2021, 9:32:22 PM]
----------------------------------
DiscordAPIError: Invalid Form Body
name: This field is required
EXTRA INFO:
Unknown
----------------------------------
[CALLER: Promise {
  <rejected> DiscordAPIError: Invalid Form Body
  name: This field is required
      at RequestHandler.execute (C:\Users\jaces\Desktop\Corebot\node_modules\discord.js\src\rest\RequestHandler.js:170:25)
      at processTicksAndRejections (internal/process/task_queues.js:93:5) {
    method: 'post',
    path: '/guilds/832046329068650526/channels',
    code: 50035,
    httpStatus: 400
  }
} | MS: 1620354742851 | DATE: 5/6/2021, 9:32:22 PM]
----------------------------------
DiscordAPIError: Invalid Form Body
name: This field is required
EXTRA INFO:
Unknown
----------------------------------
[CALLER: Promise {
  <rejected> DiscordAPIError: Invalid Form Body
  name: This field is required
      at RequestHandler.execute (C:\Users\jaces\Desktop\Corebot\node_modules\discord.js\src\rest\RequestHandler.js:170:25)
      at runMicrotasks (<anonymous>)
      at processTicksAndRejections (internal/process/task_queues.js:93:5) {
    method: 'post',
    path: '/guilds/837104198419611649/channels',
    code: 50035,
    httpStatus: 400
  }
} | MS: 1620354749179 | DATE: 5/6/2021, 9:32:29 PM]
----------------------------------
DiscordAPIError: Invalid Form Body
name: This field is required
EXTRA INFO:
Unknown
----------------------------------
[CALLER: Promise {
  <rejected> DiscordAPIError: Invalid Form Body
  name: This field is required
      at RequestHandler.execute (C:\Users\jaces\Desktop\Corebot\node_modules\discord.js\src\rest\RequestHandler.js:170:25)
      at runMicrotasks (<anonymous>)
      at processTicksAndRejections (internal/process/task_queues.js:93:5) {
    method: 'post',
    path: '/guilds/832046329068650526/channels',
    code: 50035,
    httpStatus: 400
  }
} | MS: 1620354749180 | DATE: 5/6/2021, 9:32:29 PM]
----------------------------------
DiscordAPIError: Invalid Form Body
name: This field is required
EXTRA INFO:
Unknown
----------------------------------
[CALLER: Promise {
  <rejected> DiscordAPIError: Invalid Form Body
  name: This field is required
      at RequestHandler.execute (C:\Users\jaces\Desktop\Corebot\node_modules\discord.js\src\rest\RequestHandler.js:170:25)
      at runMicrotasks (<anonymous>)
      at processTicksAndRejections (internal/process/task_queues.js:93:5) {
    method: 'post',
    path: '/guilds/832046329068650526/channels',
    code: 50035,
    httpStatus: 400
  }
} | MS: 1620354751305 | DATE: 5/6/2021, 9:32:31 PM]
----------------------------------
DiscordAPIError: Invalid Form Body
name: This field is required
EXTRA INFO:
Unknown
----------------------------------
[CALLER: Promise {
  <rejected> DiscordAPIError: Invalid Form Body
  name: This field is required
      at RequestHandler.execute (C:\Users\jaces\Desktop\Corebot\node_modules\discord.js\src\rest\RequestHandler.js:170:25)
      at runMicrotasks (<anonymous>)
      at processTicksAndRejections (internal/process/task_queues.js:93:5) {
    method: 'post',
    path: '/guilds/837104198419611649/channels',
    code: 50035,
    httpStatus: 400
  }
} | MS: 1620354751329 | DATE: 5/6/2021, 9:32:31 PM]
----------------------------------
DiscordAPIError: Invalid Form Body
name: This field is required
EXTRA INFO:
Unknown
----------------------------------
[CALLER: Promise {
  <rejected> DiscordAPIError: Invalid Form Body
  name: This field is required
      at RequestHandler.execute (C:\Users\jaces\Desktop\Corebot\node_modules\discord.js\src\rest\RequestHandler.js:170:25)
      at runMicrotasks (<anonymous>)
      at processTicksAndRejections (internal/process/task_queues.js:93:5) {
    method: 'post',
    path: '/guilds/837104198419611649/channels',
    code: 50035,
    httpStatus: 400
  }
} | MS: 1620354753621 | DATE: 5/6/2021, 9:32:33 PM]
----------------------------------
DiscordAPIError: Invalid Form Body
name: This field is required
EXTRA INFO:
Unknown
----------------------------------
[CALLER: Promise {
  <rejected> DiscordAPIError: Invalid Form Body
  name: This field is required
      at RequestHandler.execute (C:\Users\jaces\Desktop\Corebot\node_modules\discord.js\src\rest\RequestHandler.js:170:25)
      at runMicrotasks (<anonymous>)
      at processTicksAndRejections (internal/process/task_queues.js:93:5) {
    method: 'post',
    path: '/guilds/832046329068650526/channels',
    code: 50035,
    httpStatus: 400
  }
} | MS: 1620354753631 | DATE: 5/6/2021, 9:32:33 PM]
----------------------------------
DiscordAPIError: Invalid Form Body
name: This field is required
EXTRA INFO:
Unknown
----------------------------------
[CALLER: Promise {
  <rejected> DiscordAPIError: Invalid Form Body
  name: This field is required
      at RequestHandler.execute (C:\Users\jaces\Desktop\Corebot\node_modules\discord.js\src\rest\RequestHandler.js:170:25)
      at runMicrotasks (<anonymous>)
      at processTicksAndRejections (internal/process/task_queues.js:93:5) {
    method: 'post',
    path: '/guilds/837104198419611649/channels',
    code: 50035,
    httpStatus: 400
  }
} | MS: 1620354755248 | DATE: 5/6/2021, 9:32:35 PM]
----------------------------------
DiscordAPIError: Invalid Form Body
name: This field is required
EXTRA INFO:
Unknown
----------------------------------
[CALLER: Promise {
  <rejected> DiscordAPIError: Invalid Form Body
  name: This field is required
      at RequestHandler.execute (C:\Users\jaces\Desktop\Corebot\node_modules\discord.js\src\rest\RequestHandler.js:170:25)
      at runMicrotasks (<anonymous>)
      at processTicksAndRejections (internal/process/task_queues.js:93:5) {
    method: 'post',
    path: '/guilds/832046329068650526/channels',
    code: 50035,
    httpStatus: 400
  }
} | MS: 1620354755297 | DATE: 5/6/2021, 9:32:35 PM]
----------------------------------
DiscordAPIError: Invalid Form Body
name: This field is required
EXTRA INFO:
Unknown
----------------------------------
[CALLER: Promise {
  <rejected> DiscordAPIError: Invalid Form Body
  name: This field is required
      at RequestHandler.execute (C:\Users\jaces\Desktop\Corebot\node_modules\discord.js\src\rest\RequestHandler.js:170:25)
      at runMicrotasks (<anonymous>)
      at processTicksAndRejections (internal/process/task_queues.js:93:5) {
    method: 'post',
    path: '/guilds/837104198419611649/channels',
    code: 50035,
    httpStatus: 400
  }
} | MS: 1620354770713 | DATE: 5/6/2021, 9:32:50 PM]
----------------------------------
DiscordAPIError: Invalid Form Body
name: This field is required
EXTRA INFO:
Unknown
----------------------------------
[CALLER: Promise {
  <rejected> DiscordAPIError: Invalid Form Body
  name: This field is required
      at RequestHandler.execute (C:\Users\jaces\Desktop\Corebot\node_modules\discord.js\src\rest\RequestHandler.js:170:25)
      at runMicrotasks (<anonymous>)
      at processTicksAndRejections (internal/process/task_queues.js:93:5) {
    method: 'post',
    path: '/guilds/832046329068650526/channels',
    code: 50035,
    httpStatus: 400
  }
} | MS: 1620354770727 | DATE: 5/6/2021, 9:32:50 PM]
----------------------------------
DiscordAPIError: Invalid Form Body
name: This field is required
EXTRA INFO:
Unknown
----------------------------------
[CALLER: Promise {
  <rejected> DiscordAPIError: Invalid Form Body
  name: This field is required
      at RequestHandler.execute (C:\Users\jaces\Desktop\Corebot\node_modules\discord.js\src\rest\RequestHandler.js:170:25)
      at runMicrotasks (<anonymous>)
      at processTicksAndRejections (internal/process/task_queues.js:93:5) {
    method: 'post',
    path: '/guilds/837104198419611649/channels',
    code: 50035,
    httpStatus: 400
  }
} | MS: 1620354772826 | DATE: 5/6/2021, 9:32:52 PM]
----------------------------------
DiscordAPIError: Invalid Form Body
name: This field is required
EXTRA INFO:
Unknown
----------------------------------
[CALLER: Promise {
  <rejected> DiscordAPIError: Invalid Form Body
  name: This field is required
      at RequestHandler.execute (C:\Users\jaces\Desktop\Corebot\node_modules\discord.js\src\rest\RequestHandler.js:170:25)
      at runMicrotasks (<anonymous>)
      at processTicksAndRejections (internal/process/task_queues.js:93:5) {
    method: 'post',
    path: '/guilds/832046329068650526/channels',
    code: 50035,
    httpStatus: 400
  }
} | MS: 1620354772834 | DATE: 5/6/2021, 9:32:52 PM]
----------------------------------
DiscordAPIError: Invalid Form Body
name: This field is required
EXTRA INFO:
Unknown
----------------------------------
[CALLER: Promise {
  <rejected> DiscordAPIError: Invalid Form Body
  name: This field is required
      at RequestHandler.execute (C:\Users\jaces\Desktop\Corebot\node_modules\discord.js\src\rest\RequestHandler.js:170:25)
      at runMicrotasks (<anonymous>)
      at processTicksAndRejections (internal/process/task_queues.js:93:5) {
    method: 'post',
    path: '/guilds/837104198419611649/channels',
    code: 50035,
    httpStatus: 400
  }
} | MS: 1620354779212 | DATE: 5/6/2021, 9:32:59 PM]
----------------------------------
DiscordAPIError: Invalid Form Body
name: This field is required
EXTRA INFO:
Unknown
----------------------------------
[CALLER: Promise {
  <rejected> DiscordAPIError: Invalid Form Body
  name: This field is required
      at RequestHandler.execute (C:\Users\jaces\Desktop\Corebot\node_modules\discord.js\src\rest\RequestHandler.js:170:25)
      at runMicrotasks (<anonymous>)
      at processTicksAndRejections (internal/process/task_queues.js:93:5) {
    method: 'post',
    path: '/guilds/832046329068650526/channels',
    code: 50035,
    httpStatus: 400
  }
} | MS: 1620354779229 | DATE: 5/6/2021, 9:32:59 PM]
----------------------------------
DiscordAPIError: Invalid Form Body
name: This field is required
EXTRA INFO:
Unknown
----------------------------------
[CALLER: Promise {
  <rejected> DiscordAPIError: Invalid Form Body
  name: This field is required
      at RequestHandler.execute (C:\Users\jaces\Desktop\Corebot\node_modules\discord.js\src\rest\RequestHandler.js:170:25)
      at runMicrotasks (<anonymous>)
      at processTicksAndRejections (internal/process/task_queues.js:93:5) {
    method: 'post',
    path: '/guilds/837104198419611649/channels',
    code: 50035,
    httpStatus: 400
  }
} | MS: 1620354781278 | DATE: 5/6/2021, 9:33:01 PM]
----------------------------------
DiscordAPIError: Invalid Form Body
name: This field is required
EXTRA INFO:
Unknown
----------------------------------
[CALLER: Promise {
  <rejected> DiscordAPIError: Invalid Form Body
  name: This field is required
      at RequestHandler.execute (C:\Users\jaces\Desktop\Corebot\node_modules\discord.js\src\rest\RequestHandler.js:170:25)
      at runMicrotasks (<anonymous>)
      at processTicksAndRejections (internal/process/task_queues.js:93:5) {
    method: 'post',
    path: '/guilds/832046329068650526/channels',
    code: 50035,
    httpStatus: 400
  }
} | MS: 1620354781318 | DATE: 5/6/2021, 9:33:01 PM]
----------------------------------
DiscordAPIError: Invalid Form Body
name: This field is required
EXTRA INFO:
Unknown
----------------------------------
[CALLER: Promise {
  <rejected> DiscordAPIError: Invalid Form Body
  name: This field is required
      at RequestHandler.execute (C:\Users\jaces\Desktop\Corebot\node_modules\discord.js\src\rest\RequestHandler.js:170:25)
      at runMicrotasks (<anonymous>)
      at processTicksAndRejections (internal/process/task_queues.js:93:5) {
    method: 'post',
    path: '/guilds/832046329068650526/channels',
    code: 50035,
    httpStatus: 400
  }
} | MS: 1620354783818 | DATE: 5/6/2021, 9:33:03 PM]
----------------------------------
DiscordAPIError: Invalid Form Body
name: This field is required
EXTRA INFO:
Unknown
----------------------------------
[CALLER: Promise {
  <rejected> DiscordAPIError: Invalid Form Body
  name: This field is required
      at RequestHandler.execute (C:\Users\jaces\Desktop\Corebot\node_modules\discord.js\src\rest\RequestHandler.js:170:25)
      at runMicrotasks (<anonymous>)
      at processTicksAndRejections (internal/process/task_queues.js:93:5) {
    method: 'post',
    path: '/guilds/837104198419611649/channels',
    code: 50035,
    httpStatus: 400
  }
} | MS: 1620354783826 | DATE: 5/6/2021, 9:33:03 PM]
----------------------------------
DiscordAPIError: Invalid Form Body
name: This field is required
EXTRA INFO:
Unknown
----------------------------------
[CALLER: Promise {
  <rejected> DiscordAPIError: Invalid Form Body
  name: This field is required
      at RequestHandler.execute (C:\Users\jaces\Desktop\Corebot\node_modules\discord.js\src\rest\RequestHandler.js:170:25)
      at runMicrotasks (<anonymous>)
      at processTicksAndRejections (internal/process/task_queues.js:93:5) {
    method: 'post',
    path: '/guilds/832046329068650526/channels',
    code: 50035,
    httpStatus: 400
  }
} | MS: 1620354785259 | DATE: 5/6/2021, 9:33:05 PM]
----------------------------------
DiscordAPIError: Invalid Form Body
name: This field is required
EXTRA INFO:
Unknown
----------------------------------
[CALLER: Promise {
  <rejected> DiscordAPIError: Invalid Form Body
  name: This field is required
      at RequestHandler.execute (C:\Users\jaces\Desktop\Corebot\node_modules\discord.js\src\rest\RequestHandler.js:170:25)
      at runMicrotasks (<anonymous>)
      at processTicksAndRejections (internal/process/task_queues.js:93:5) {
    method: 'post',
    path: '/guilds/837104198419611649/channels',
    code: 50035,
    httpStatus: 400
  }
} | MS: 1620354785328 | DATE: 5/6/2021, 9:33:05 PM]
----------------------------------
DiscordAPIError: Invalid Form Body
name: This field is required
EXTRA INFO:
Unknown
----------------------------------
[CALLER: AddonHandler.js:123:44 | MS: 1620354796540 | DATE: 5/6/2021, 9:33:16 PM]
-------------------------------------------------------------------
Cannot find module 'paypal-rest-sdk'
Require stack:
- C:\Users\jaces\Desktop\Corebot\addons\BusinessPayPal.js
- C:\Users\jaces\Desktop\Corebot\modules\handlers\AddonHandler.js
- C:\Users\jaces\Desktop\Corebot\commands\management\addon.js
- C:\Users\jaces\Desktop\Corebot\modules\handlers\CommandHandler.js
- C:\Users\jaces\Desktop\Corebot\index.js
EXTRA INFO:
Error: Cannot find module 'paypal-rest-sdk'
Require stack:
- C:\Users\jaces\Desktop\Corebot\addons\BusinessPayPal.js
- C:\Users\jaces\Desktop\Corebot\modules\handlers\AddonHandler.js
- C:\Users\jaces\Desktop\Corebot\commands\management\addon.js
- C:\Users\jaces\Desktop\Corebot\modules\handlers\CommandHandler.js
- C:\Users\jaces\Desktop\Corebot\index.js
    at Function.Module._resolveFilename (internal/modules/cjs/loader.js:880:15)
    at Function.Module._load (internal/modules/cjs/loader.js:725:27)
    at Module.require (internal/modules/cjs/loader.js:952:19)
    at require (internal/modules/cjs/helpers.js:88:18)
    at Object.<anonymous> (C:\Users\jaces\Desktop\Corebot\addons\BusinessPayPal.js:1:1680)
    at Module._compile (internal/modules/cjs/loader.js:1063:30)
    at Object.Module._extensions..js (internal/modules/cjs/loader.js:1092:10)
    at Module.load (internal/modules/cjs/loader.js:928:32)
    at Function.Module._load (internal/modules/cjs/loader.js:769:14)
    at Module.require (internal/modules/cjs/loader.js:952:19)
    at require (internal/modules/cjs/helpers.js:88:18)
    at C:\Users\jaces\Desktop\Corebot\modules\handlers\AddonHandler.js:112:35
    at Array.forEach (<anonymous>)
    at C:\Users\jaces\Desktop\Corebot\modules\handlers\AddonHandler.js:110:18
    at FSReqCallback.oncomplete (fs.js:171:23)
-------------------------------------------------------------------
[CALLER: Promise {
  <rejected> DiscordAPIError: Invalid Form Body
  name: This field is required
      at RequestHandler.execute (C:\Users\jaces\Desktop\Corebot\node_modules\discord.js\src\rest\RequestHandler.js:170:25)
      at runMicrotasks (<anonymous>)
      at processTicksAndRejections (internal/process/task_queues.js:93:5) {
    method: 'post',
    path: '/guilds/832046329068650526/channels',
    code: 50035,
    httpStatus: 400
  }
} | MS: 1620354796646 | DATE: 5/6/2021, 9:33:16 PM]
----------------------------------
DiscordAPIError: Invalid Form Body
name: This field is required
EXTRA INFO:
Unknown
----------------------------------
[CALLER: Promise {
  <rejected> DiscordAPIError: Invalid Form Body
  name: This field is required
      at RequestHandler.execute (C:\Users\jaces\Desktop\Corebot\node_modules\discord.js\src\rest\RequestHandler.js:170:25)
      at runMicrotasks (<anonymous>)
      at processTicksAndRejections (internal/process/task_queues.js:93:5) {
    method: 'post',
    path: '/guilds/837104198419611649/channels',
    code: 50035,
    httpStatus: 400
  }
} | MS: 1620354796672 | DATE: 5/6/2021, 9:33:16 PM]
----------------------------------
DiscordAPIError: Invalid Form Body
name: This field is required
EXTRA INFO:
Unknown
----------------------------------
[CALLER: Promise {
  <rejected> DiscordAPIError: Invalid Form Body
  name: This field is required
      at RequestHandler.execute (C:\Users\jaces\Desktop\Corebot\node_modules\discord.js\src\rest\RequestHandler.js:170:25)
      at runMicrotasks (<anonymous>)
      at processTicksAndRejections (internal/process/task_queues.js:93:5) {
    method: 'post',
    path: '/guilds/837104198419611649/channels',
    code: 50035,
    httpStatus: 400
  }
} | MS: 1620354798380 | DATE: 5/6/2021, 9:33:18 PM]
----------------------------------
DiscordAPIError: Invalid Form Body
name: This field is required
EXTRA INFO:
Unknown
----------------------------------
[CALLER: Promise {
  <rejected> DiscordAPIError: Invalid Form Body
  name: This field is required
      at RequestHandler.execute (C:\Users\jaces\Desktop\Corebot\node_modules\discord.js\src\rest\RequestHandler.js:170:25)
      at runMicrotasks (<anonymous>)
      at processTicksAndRejections (internal/process/task_queues.js:93:5) {
    method: 'post',
    path: '/guilds/832046329068650526/channels',
    code: 50035,
    httpStatus: 400
  }
} | MS: 1620354800729 | DATE: 5/6/2021, 9:33:20 PM]
----------------------------------
DiscordAPIError: Invalid Form Body
name: This field is required
EXTRA INFO:
Unknown
----------------------------------
[CALLER: Promise {
  <rejected> DiscordAPIError: Invalid Form Body
  name: This field is required
      at RequestHandler.execute (C:\Users\jaces\Desktop\Corebot\node_modules\discord.js\src\rest\RequestHandler.js:170:25)
      at runMicrotasks (<anonymous>)
      at processTicksAndRejections (internal/process/task_queues.js:93:5) {
    method: 'post',
    path: '/guilds/837104198419611649/channels',
    code: 50035,
    httpStatus: 400
  }
} | MS: 1620354800768 | DATE: 5/6/2021, 9:33:20 PM]
----------------------------------
DiscordAPIError: Invalid Form Body
name: This field is required
EXTRA INFO:
Unknown
----------------------------------
[CALLER: Promise {
  <rejected> DiscordAPIError: Invalid Form Body
  name: This field is required
      at RequestHandler.execute (C:\Users\jaces\Desktop\Corebot\node_modules\discord.js\src\rest\RequestHandler.js:170:25)
      at runMicrotasks (<anonymous>)
      at processTicksAndRejections (internal/process/task_queues.js:93:5) {
    method: 'post',
    path: '/guilds/832046329068650526/channels',
    code: 50035,
    httpStatus: 400
  }
} | MS: 1620354802828 | DATE: 5/6/2021, 9:33:22 PM]
----------------------------------
DiscordAPIError: Invalid Form Body
name: This field is required
EXTRA INFO:
Unknown
----------------------------------
[CALLER: Promise {
  <rejected> DiscordAPIError: Invalid Form Body
  name: This field is required
      at RequestHandler.execute (C:\Users\jaces\Desktop\Corebot\node_modules\discord.js\src\rest\RequestHandler.js:170:25)
      at runMicrotasks (<anonymous>)
      at processTicksAndRejections (internal/process/task_queues.js:93:5) {
    method: 'post',
    path: '/guilds/837104198419611649/channels',
    code: 50035,
    httpStatus: 400
  }
} | MS: 1620354802844 | DATE: 5/6/2021, 9:33:22 PM]
----------------------------------
DiscordAPIError: Invalid Form Body
name: This field is required
EXTRA INFO:
Unknown
----------------------------------
[CALLER: AddonHandler.js:123:44 | MS: 1620354804302 | DATE: 5/6/2021, 9:33:24 PM]
-------------------------------------------------------------------
Cannot find module 'paypal-rest-sdk'
Require stack:
- C:\Users\jaces\Desktop\Corebot\addons\BusinessPayPal.js
- C:\Users\jaces\Desktop\Corebot\modules\handlers\AddonHandler.js
- C:\Users\jaces\Desktop\Corebot\commands\management\addon.js
- C:\Users\jaces\Desktop\Corebot\modules\handlers\CommandHandler.js
- C:\Users\jaces\Desktop\Corebot\index.js
EXTRA INFO:
Error: Cannot find module 'paypal-rest-sdk'
Require stack:
- C:\Users\jaces\Desktop\Corebot\addons\BusinessPayPal.js
- C:\Users\jaces\Desktop\Corebot\modules\handlers\AddonHandler.js
- C:\Users\jaces\Desktop\Corebot\commands\management\addon.js
- C:\Users\jaces\Desktop\Corebot\modules\handlers\CommandHandler.js
- C:\Users\jaces\Desktop\Corebot\index.js
    at Function.Module._resolveFilename (internal/modules/cjs/loader.js:880:15)
    at Function.Module._load (internal/modules/cjs/loader.js:725:27)
    at Module.require (internal/modules/cjs/loader.js:952:19)
    at require (internal/modules/cjs/helpers.js:88:18)
    at Object.<anonymous> (C:\Users\jaces\Desktop\Corebot\addons\BusinessPayPal.js:1:1680)
    at Module._compile (internal/modules/cjs/loader.js:1063:30)
    at Object.Module._extensions..js (internal/modules/cjs/loader.js:1092:10)
    at Module.load (internal/modules/cjs/loader.js:928:32)
    at Function.Module._load (internal/modules/cjs/loader.js:769:14)
    at Module.require (internal/modules/cjs/loader.js:952:19)
    at require (internal/modules/cjs/helpers.js:88:18)
    at C:\Users\jaces\Desktop\Corebot\modules\handlers\AddonHandler.js:112:35
    at Array.forEach (<anonymous>)
    at C:\Users\jaces\Desktop\Corebot\modules\handlers\AddonHandler.js:110:18
    at FSReqCallback.oncomplete (fs.js:171:23)
-------------------------------------------------------------------
[CALLER: Promise {
  <rejected> DiscordAPIError: Invalid Form Body
  name: This field is required
      at RequestHandler.execute (C:\Users\jaces\Desktop\Corebot\node_modules\discord.js\src\rest\RequestHandler.js:170:25)
      at runMicrotasks (<anonymous>)
      at processTicksAndRejections (internal/process/task_queues.js:93:5) {
    method: 'post',
    path: '/guilds/832046329068650526/channels',
    code: 50035,
    httpStatus: 400
  }
} | MS: 1620354804423 | DATE: 5/6/2021, 9:33:24 PM]
----------------------------------
DiscordAPIError: Invalid Form Body
name: This field is required
EXTRA INFO:
Unknown
----------------------------------
[CALLER: Promise {
  <rejected> DiscordAPIError: Invalid Form Body
  name: This field is required
      at RequestHandler.execute (C:\Users\jaces\Desktop\Corebot\node_modules\discord.js\src\rest\RequestHandler.js:170:25)
      at runMicrotasks (<anonymous>)
      at processTicksAndRejections (internal/process/task_queues.js:93:5) {
    method: 'post',
    path: '/guilds/837104198419611649/channels',
    code: 50035,
    httpStatus: 400
  }
} | MS: 1620354804454 | DATE: 5/6/2021, 9:33:24 PM]
----------------------------------
DiscordAPIError: Invalid Form Body
name: This field is required
EXTRA INFO:
Unknown
----------------------------------
[CALLER: Promise {
  <rejected> DiscordAPIError: Invalid Form Body
  name: This field is required
      at RequestHandler.execute (C:\Users\jaces\Desktop\Corebot\node_modules\discord.js\src\rest\RequestHandler.js:170:25)
      at runMicrotasks (<anonymous>)
      at processTicksAndRejections (internal/process/task_queues.js:93:5) {
    method: 'post',
    path: '/guilds/837104198419611649/channels',
    code: 50035,
    httpStatus: 400
  }
} | MS: 1620354809190 | DATE: 5/6/2021, 9:33:29 PM]
----------------------------------
DiscordAPIError: Invalid Form Body
name: This field is required
EXTRA INFO:
Unknown
----------------------------------
[CALLER: Promise {
  <rejected> DiscordAPIError: Invalid Form Body
  name: This field is required
      at RequestHandler.execute (C:\Users\jaces\Desktop\Corebot\node_modules\discord.js\src\rest\RequestHandler.js:170:25)
      at runMicrotasks (<anonymous>)
      at processTicksAndRejections (internal/process/task_queues.js:93:5) {
    method: 'post',
    path: '/guilds/832046329068650526/channels',
    code: 50035,
    httpStatus: 400
  }
} | MS: 1620354809194 | DATE: 5/6/2021, 9:33:29 PM]
----------------------------------
DiscordAPIError: Invalid Form Body
name: This field is required
EXTRA INFO:
Unknown
----------------------------------
[CALLER: Promise {
  <rejected> DiscordAPIError: Invalid Form Body
  name: This field is required
      at RequestHandler.execute (C:\Users\jaces\Desktop\Corebot\node_modules\discord.js\src\rest\RequestHandler.js:170:25)
      at runMicrotasks (<anonymous>)
      at processTicksAndRejections (internal/process/task_queues.js:93:5) {
    method: 'post',
    path: '/guilds/832046329068650526/channels',
    code: 50035,
    httpStatus: 400
  }
} | MS: 1620354811287 | DATE: 5/6/2021, 9:33:31 PM]
----------------------------------
DiscordAPIError: Invalid Form Body
name: This field is required
EXTRA INFO:
Unknown
----------------------------------
[CALLER: Promise {
  <rejected> DiscordAPIError: Invalid Form Body
  name: This field is required
      at RequestHandler.execute (C:\Users\jaces\Desktop\Corebot\node_modules\discord.js\src\rest\RequestHandler.js:170:25)
      at runMicrotasks (<anonymous>)
      at processTicksAndRejections (internal/process/task_queues.js:93:5) {
    method: 'post',
    path: '/guilds/837104198419611649/channels',
    code: 50035,
    httpStatus: 400
  }
} | MS: 1620354811303 | DATE: 5/6/2021, 9:33:31 PM]
----------------------------------
DiscordAPIError: Invalid Form Body
name: This field is required
EXTRA INFO:
Unknown
----------------------------------
[CALLER: Promise {
  <rejected> DiscordAPIError: Invalid Form Body
  name: This field is required
      at RequestHandler.execute (C:\Users\jaces\Desktop\Corebot\node_modules\discord.js\src\rest\RequestHandler.js:170:25)
      at processTicksAndRejections (internal/process/task_queues.js:93:5) {
    method: 'post',
    path: '/guilds/832046329068650526/channels',
    code: 50035,
    httpStatus: 400
  }
} | MS: 1620354813640 | DATE: 5/6/2021, 9:33:33 PM]
----------------------------------
DiscordAPIError: Invalid Form Body
name: This field is required
EXTRA INFO:
Unknown
----------------------------------
[CALLER: Promise {
  <rejected> DiscordAPIError: Invalid Form Body
  name: This field is required
      at RequestHandler.execute (C:\Users\jaces\Desktop\Corebot\node_modules\discord.js\src\rest\RequestHandler.js:170:25)
      at processTicksAndRejections (internal/process/task_queues.js:93:5) {
    method: 'post',
    path: '/guilds/837104198419611649/channels',
    code: 50035,
    httpStatus: 400
  }
} | MS: 1620354813743 | DATE: 5/6/2021, 9:33:33 PM]
----------------------------------
DiscordAPIError: Invalid Form Body
name: This field is required
EXTRA INFO:
Unknown
----------------------------------
[CALLER: Promise {
  <rejected> DiscordAPIError: Invalid Form Body
  name: This field is required
      at RequestHandler.execute (C:\Users\jaces\Desktop\Corebot\node_modules\discord.js\src\rest\RequestHandler.js:170:25)
      at processTicksAndRejections (internal/process/task_queues.js:93:5) {
    method: 'post',
    path: '/guilds/832046329068650526/channels',
    code: 50035,
    httpStatus: 400
  }
} | MS: 1620354815279 | DATE: 5/6/2021, 9:33:35 PM]
----------------------------------
DiscordAPIError: Invalid Form Body
name: This field is required
EXTRA INFO:
Unknown
----------------------------------
[CALLER: Promise {
  <rejected> DiscordAPIError: Invalid Form Body
  name: This field is required
      at RequestHandler.execute (C:\Users\jaces\Desktop\Corebot\node_modules\discord.js\src\rest\RequestHandler.js:170:25)
      at processTicksAndRejections (internal/process/task_queues.js:93:5) {
    method: 'post',
    path: '/guilds/837104198419611649/channels',
    code: 50035,
    httpStatus: 400
  }
} | MS: 1620354815280 | DATE: 5/6/2021, 9:33:35 PM]
----------------------------------
DiscordAPIError: Invalid Form Body
name: This field is required
EXTRA INFO:
Unknown
----------------------------------
[CALLER: Promise {
  <rejected> DiscordAPIError: Invalid Form Body
  name: This field is required
      at RequestHandler.execute (C:\Users\jaces\Desktop\Corebot\node_modules\discord.js\src\rest\RequestHandler.js:170:25)
      at processTicksAndRejections (internal/process/task_queues.js:93:5) {
    method: 'post',
    path: '/guilds/832046329068650526/channels',
    code: 50035,
    httpStatus: 400
  }
} | MS: 1620354826677 | DATE: 5/6/2021, 9:33:46 PM]
----------------------------------
DiscordAPIError: Invalid Form Body
name: This field is required
EXTRA INFO:
Unknown
----------------------------------
[CALLER: Promise {
  <rejected> DiscordAPIError: Invalid Form Body
  name: This field is required
      at RequestHandler.execute (C:\Users\jaces\Desktop\Corebot\node_modules\discord.js\src\rest\RequestHandler.js:170:25)
      at processTicksAndRejections (internal/process/task_queues.js:93:5) {
    method: 'post',
    path: '/guilds/837104198419611649/channels',
    code: 50035,
    httpStatus: 400
  }
} | MS: 1620354826679 | DATE: 5/6/2021, 9:33:46 PM]
----------------------------------
DiscordAPIError: Invalid Form Body
name: This field is required
EXTRA INFO:
Unknown
----------------------------------
[CALLER: Promise {
  <rejected> DiscordAPIError: Invalid Form Body
  name: This field is required
      at RequestHandler.execute (C:\Users\jaces\Desktop\Corebot\node_modules\discord.js\src\rest\RequestHandler.js:170:25)
      at processTicksAndRejections (internal/process/task_queues.js:93:5) {
    method: 'post',
    path: '/guilds/832046329068650526/channels',
    code: 50035,
    httpStatus: 400
  }
} | MS: 1620354830735 | DATE: 5/6/2021, 9:33:50 PM]
----------------------------------
DiscordAPIError: Invalid Form Body
name: This field is required
EXTRA INFO:
Unknown
----------------------------------
[CALLER: Promise {
  <rejected> DiscordAPIError: Invalid Form Body
  name: This field is required
      at RequestHandler.execute (C:\Users\jaces\Desktop\Corebot\node_modules\discord.js\src\rest\RequestHandler.js:170:25)
      at processTicksAndRejections (internal/process/task_queues.js:93:5) {
    method: 'post',
    path: '/guilds/837104198419611649/channels',
    code: 50035,
    httpStatus: 400
  }
} | MS: 1620354830736 | DATE: 5/6/2021, 9:33:50 PM]
----------------------------------
DiscordAPIError: Invalid Form Body
name: This field is required
EXTRA INFO:
Unknown
----------------------------------
[CALLER: Promise {
  <rejected> DiscordAPIError: Invalid Form Body
  name: This field is required
      at RequestHandler.execute (C:\Users\jaces\Desktop\Corebot\node_modules\discord.js\src\rest\RequestHandler.js:170:25)
      at processTicksAndRejections (internal/process/task_queues.js:93:5) {
    method: 'post',
    path: '/guilds/837104198419611649/channels',
    code: 50035,
    httpStatus: 400
  }
} | MS: 1620354832819 | DATE: 5/6/2021, 9:33:52 PM]
----------------------------------
DiscordAPIError: Invalid Form Body
name: This field is required
EXTRA INFO:
Unknown
----------------------------------
[CALLER: Promise {
  <rejected> DiscordAPIError: Invalid Form Body
  name: This field is required
      at RequestHandler.execute (C:\Users\jaces\Desktop\Corebot\node_modules\discord.js\src\rest\RequestHandler.js:170:25)
      at processTicksAndRejections (internal/process/task_queues.js:93:5) {
    method: 'post',
    path: '/guilds/832046329068650526/channels',
    code: 50035,
    httpStatus: 400
  }
} | MS: 1620354832860 | DATE: 5/6/2021, 9:33:52 PM]
----------------------------------
DiscordAPIError: Invalid Form Body
name: This field is required
EXTRA INFO:
Unknown
----------------------------------
[CALLER: Promise {
  <rejected> DiscordAPIError: Invalid Form Body
  name: This field is required
      at RequestHandler.execute (C:\Users\jaces\Desktop\Corebot\node_modules\discord.js\src\rest\RequestHandler.js:170:25)
      at processTicksAndRejections (internal/process/task_queues.js:93:5) {
    method: 'post',
    path: '/guilds/837104198419611649/channels',
    code: 50035,
    httpStatus: 400
  }
} | MS: 1620354834403 | DATE: 5/6/2021, 9:33:54 PM]
----------------------------------
DiscordAPIError: Invalid Form Body
name: This field is required
EXTRA INFO:
Unknown
----------------------------------
[CALLER: Promise {
  <rejected> DiscordAPIError: Invalid Form Body
  name: This field is required
      at RequestHandler.execute (C:\Users\jaces\Desktop\Corebot\node_modules\discord.js\src\rest\RequestHandler.js:170:25)
      at processTicksAndRejections (internal/process/task_queues.js:93:5) {
    method: 'post',
    path: '/guilds/832046329068650526/channels',
    code: 50035,
    httpStatus: 400
  }
} | MS: 1620354834446 | DATE: 5/6/2021, 9:33:54 PM]
----------------------------------
DiscordAPIError: Invalid Form Body
name: This field is required
EXTRA INFO:
Unknown
----------------------------------
[CALLER: Promise {
  <rejected> DiscordAPIError: Invalid Form Body
  name: This field is required
      at RequestHandler.execute (C:\Users\jaces\Desktop\Corebot\node_modules\discord.js\src\rest\RequestHandler.js:170:25)
      at processTicksAndRejections (internal/process/task_queues.js:93:5) {
    method: 'post',
    path: '/guilds/837104198419611649/channels',
    code: 50035,
    httpStatus: 400
  }
} | MS: 1620354839188 | DATE: 5/6/2021, 9:33:59 PM]
----------------------------------
DiscordAPIError: Invalid Form Body
name: This field is required
EXTRA INFO:
Unknown
----------------------------------
[CALLER: Promise {
  <rejected> DiscordAPIError: Invalid Form Body
  name: This field is required
      at RequestHandler.execute (C:\Users\jaces\Desktop\Corebot\node_modules\discord.js\src\rest\RequestHandler.js:170:25)
      at processTicksAndRejections (internal/process/task_queues.js:93:5) {
    method: 'post',
    path: '/guilds/832046329068650526/channels',
    code: 50035,
    httpStatus: 400
  }
} | MS: 1620354839189 | DATE: 5/6/2021, 9:33:59 PM]
----------------------------------
DiscordAPIError: Invalid Form Body
name: This field is required
EXTRA INFO:
Unknown
----------------------------------
[CALLER: Promise {
  <rejected> DiscordAPIError: Invalid Form Body
  name: This field is required
      at RequestHandler.execute (C:\Users\jaces\Desktop\Corebot\node_modules\discord.js\src\rest\RequestHandler.js:170:25)
      at processTicksAndRejections (internal/process/task_queues.js:93:5) {
    method: 'post',
    path: '/guilds/837104198419611649/channels',
    code: 50035,
    httpStatus: 400
  }
} | MS: 1620354841281 | DATE: 5/6/2021, 9:34:01 PM]
----------------------------------
DiscordAPIError: Invalid Form Body
name: This field is required
EXTRA INFO:
Unknown
----------------------------------
[CALLER: Promise {
  <rejected> DiscordAPIError: Invalid Form Body
  name: This field is required
      at RequestHandler.execute (C:\Users\jaces\Desktop\Corebot\node_modules\discord.js\src\rest\RequestHandler.js:170:25)
      at processTicksAndRejections (internal/process/task_queues.js:93:5) {
    method: 'post',
    path: '/guilds/832046329068650526/channels',
    code: 50035,
    httpStatus: 400
  }
} | MS: 1620354841309 | DATE: 5/6/2021, 9:34:01 PM]
----------------------------------
DiscordAPIError: Invalid Form Body
name: This field is required
EXTRA INFO:
Unknown
----------------------------------
[CALLER: Promise {
  <rejected> DiscordAPIError: Invalid Form Body
  name: This field is required
      at RequestHandler.execute (C:\Users\jaces\Desktop\Corebot\node_modules\discord.js\src\rest\RequestHandler.js:170:25)
      at processTicksAndRejections (internal/process/task_queues.js:93:5) {
    method: 'post',
    path: '/guilds/832046329068650526/channels',
    code: 50035,
    httpStatus: 400
  }
} | MS: 1620354843653 | DATE: 5/6/2021, 9:34:03 PM]
----------------------------------
DiscordAPIError: Invalid Form Body
name: This field is required
EXTRA INFO:
Unknown
----------------------------------
[CALLER: Promise {
  <rejected> DiscordAPIError: Invalid Form Body
  name: This field is required
      at RequestHandler.execute (C:\Users\jaces\Desktop\Corebot\node_modules\discord.js\src\rest\RequestHandler.js:170:25)
      at processTicksAndRejections (internal/process/task_queues.js:93:5) {
    method: 'post',
    path: '/guilds/837104198419611649/channels',
    code: 50035,
    httpStatus: 400
  }
} | MS: 1620354843654 | DATE: 5/6/2021, 9:34:03 PM]
----------------------------------
DiscordAPIError: Invalid Form Body
name: This field is required
EXTRA INFO:
Unknown
----------------------------------
[CALLER: Promise {
  <rejected> DiscordAPIError: Invalid Form Body
  name: This field is required
      at RequestHandler.execute (C:\Users\jaces\Desktop\Corebot\node_modules\discord.js\src\rest\RequestHandler.js:170:25)
      at processTicksAndRejections (internal/process/task_queues.js:93:5) {
    method: 'post',
    path: '/guilds/832046329068650526/channels',
    code: 50035,
    httpStatus: 400
  }
} | MS: 1620354845251 | DATE: 5/6/2021, 9:34:05 PM]
----------------------------------
DiscordAPIError: Invalid Form Body
name: This field is required
EXTRA INFO:
Unknown
----------------------------------
[CALLER: Promise {
  <rejected> DiscordAPIError: Invalid Form Body
  name: This field is required
      at RequestHandler.execute (C:\Users\jaces\Desktop\Corebot\node_modules\discord.js\src\rest\RequestHandler.js:170:25)
      at processTicksAndRejections (internal/process/task_queues.js:93:5) {
    method: 'post',
    path: '/guilds/837104198419611649/channels',
    code: 50035,
    httpStatus: 400
  }
} | MS: 1620354845264 | DATE: 5/6/2021, 9:34:05 PM]
----------------------------------
DiscordAPIError: Invalid Form Body
name: This field is required
EXTRA INFO:
Unknown
----------------------------------
[CALLER: Promise {
  <rejected> DiscordAPIError: Invalid Form Body
  name: This field is required
      at RequestHandler.execute (C:\Users\jaces\Desktop\Corebot\node_modules\discord.js\src\rest\RequestHandler.js:170:25)
      at processTicksAndRejections (internal/process/task_queues.js:93:5) {
    method: 'post',
    path: '/guilds/837104198419611649/channels',
    code: 50035,
    httpStatus: 400
  }
} | MS: 1620354856667 | DATE: 5/6/2021, 9:34:16 PM]
----------------------------------
DiscordAPIError: Invalid Form Body
name: This field is required
EXTRA INFO:
Unknown
----------------------------------
[CALLER: Promise {
  <rejected> DiscordAPIError: Invalid Form Body
  name: This field is required
      at RequestHandler.execute (C:\Users\jaces\Desktop\Corebot\node_modules\discord.js\src\rest\RequestHandler.js:170:25)
      at processTicksAndRejections (internal/process/task_queues.js:93:5) {
    method: 'post',
    path: '/guilds/832046329068650526/channels',
    code: 50035,
    httpStatus: 400
  }
} | MS: 1620354856697 | DATE: 5/6/2021, 9:34:16 PM]
----------------------------------
DiscordAPIError: Invalid Form Body
name: This field is required
EXTRA INFO:
Unknown
----------------------------------
[CALLER: Promise {
  <rejected> DiscordAPIError: Invalid Form Body
  name: This field is required
      at RequestHandler.execute (C:\Users\jaces\Desktop\Corebot\node_modules\discord.js\src\rest\RequestHandler.js:170:25)
      at processTicksAndRejections (internal/process/task_queues.js:93:5) {
    method: 'post',
    path: '/guilds/837104198419611649/channels',
    code: 50035,
    httpStatus: 400
  }
} | MS: 1620354860707 | DATE: 5/6/2021, 9:34:20 PM]
----------------------------------
DiscordAPIError: Invalid Form Body
name: This field is required
EXTRA INFO:
Unknown
----------------------------------
[CALLER: Promise {
  <rejected> DiscordAPIError: Invalid Form Body
  name: This field is required
      at RequestHandler.execute (C:\Users\jaces\Desktop\Corebot\node_modules\discord.js\src\rest\RequestHandler.js:170:25)
      at processTicksAndRejections (internal/process/task_queues.js:93:5) {
    method: 'post',
    path: '/guilds/832046329068650526/channels',
    code: 50035,
    httpStatus: 400
  }
} | MS: 1620354860768 | DATE: 5/6/2021, 9:34:20 PM]
----------------------------------
DiscordAPIError: Invalid Form Body
name: This field is required
EXTRA INFO:
Unknown
----------------------------------
[CALLER: Promise {
  <rejected> DiscordAPIError: Invalid Form Body
  name: This field is required
      at RequestHandler.execute (C:\Users\jaces\Desktop\Corebot\node_modules\discord.js\src\rest\RequestHandler.js:170:25)
      at processTicksAndRejections (internal/process/task_queues.js:93:5) {
    method: 'post',
    path: '/guilds/832046329068650526/channels',
    code: 50035,
    httpStatus: 400
  }
} | MS: 1620354862827 | DATE: 5/6/2021, 9:34:22 PM]
----------------------------------
DiscordAPIError: Invalid Form Body
name: This field is required
EXTRA INFO:
Unknown
----------------------------------
[CALLER: Promise {
  <rejected> DiscordAPIError: Invalid Form Body
  name: This field is required
      at RequestHandler.execute (C:\Users\jaces\Desktop\Corebot\node_modules\discord.js\src\rest\RequestHandler.js:170:25)
      at processTicksAndRejections (internal/process/task_queues.js:93:5) {
    method: 'post',
    path: '/guilds/837104198419611649/channels',
    code: 50035,
    httpStatus: 400
  }
} | MS: 1620354862828 | DATE: 5/6/2021, 9:34:22 PM]
----------------------------------
DiscordAPIError: Invalid Form Body
name: This field is required
EXTRA INFO:
Unknown
----------------------------------
[CALLER: Promise {
  <rejected> DiscordAPIError: Invalid Form Body
  name: This field is required
      at RequestHandler.execute (C:\Users\jaces\Desktop\Corebot\node_modules\discord.js\src\rest\RequestHandler.js:170:25)
      at processTicksAndRejections (internal/process/task_queues.js:93:5) {
    method: 'post',
    path: '/guilds/832046329068650526/channels',
    code: 50035,
    httpStatus: 400
  }
} | MS: 1620354864407 | DATE: 5/6/2021, 9:34:24 PM]
----------------------------------
DiscordAPIError: Invalid Form Body
name: This field is required
EXTRA INFO:
Unknown
----------------------------------
[CALLER: Promise {
  <rejected> DiscordAPIError: Invalid Form Body
  name: This field is required
      at RequestHandler.execute (C:\Users\jaces\Desktop\Corebot\node_modules\discord.js\src\rest\RequestHandler.js:170:25)
      at processTicksAndRejections (internal/process/task_queues.js:93:5) {
    method: 'post',
    path: '/guilds/837104198419611649/channels',
    code: 50035,
    httpStatus: 400
  }
} | MS: 1620354864418 | DATE: 5/6/2021, 9:34:24 PM]
----------------------------------
DiscordAPIError: Invalid Form Body
name: This field is required
EXTRA INFO:
Unknown
----------------------------------
[CALLER: Promise {
  <rejected> DiscordAPIError: Invalid Form Body
  name: This field is required
      at RequestHandler.execute (C:\Users\jaces\Desktop\Corebot\node_modules\discord.js\src\rest\RequestHandler.js:170:25)
      at processTicksAndRejections (internal/process/task_queues.js:93:5) {
    method: 'post',
    path: '/guilds/837104198419611649/channels',
    code: 50035,
    httpStatus: 400
  }
} | MS: 1620354869200 | DATE: 5/6/2021, 9:34:29 PM]
----------------------------------
DiscordAPIError: Invalid Form Body
name: This field is required
EXTRA INFO:
Unknown
----------------------------------
[CALLER: Promise {
  <rejected> DiscordAPIError: Invalid Form Body
  name: This field is required
      at RequestHandler.execute (C:\Users\jaces\Desktop\Corebot\node_modules\discord.js\src\rest\RequestHandler.js:170:25)
      at processTicksAndRejections (internal/process/task_queues.js:93:5) {
    method: 'post',
    path: '/guilds/832046329068650526/channels',
    code: 50035,
    httpStatus: 400
  }
} | MS: 1620354869204 | DATE: 5/6/2021, 9:34:29 PM]
----------------------------------
DiscordAPIError: Invalid Form Body
name: This field is required
EXTRA INFO:
Unknown
----------------------------------
[CALLER: Promise {
  <rejected> DiscordAPIError: Invalid Form Body
  name: This field is required
      at RequestHandler.execute (C:\Users\jaces\Desktop\Corebot\node_modules\discord.js\src\rest\RequestHandler.js:170:25)
      at processTicksAndRejections (internal/process/task_queues.js:93:5) {
    method: 'post',
    path: '/guilds/837104198419611649/channels',
    code: 50035,
    httpStatus: 400
  }
} | MS: 1620354871279 | DATE: 5/6/2021, 9:34:31 PM]
----------------------------------
DiscordAPIError: Invalid Form Body
name: This field is required
EXTRA INFO:
Unknown
----------------------------------
[CALLER: Promise {
  <rejected> DiscordAPIError: Invalid Form Body
  name: This field is required
      at RequestHandler.execute (C:\Users\jaces\Desktop\Corebot\node_modules\discord.js\src\rest\RequestHandler.js:170:25)
      at processTicksAndRejections (internal/process/task_queues.js:93:5) {
    method: 'post',
    path: '/guilds/832046329068650526/channels',
    code: 50035,
    httpStatus: 400
  }
} | MS: 1620354871318 | DATE: 5/6/2021, 9:34:31 PM]
----------------------------------
DiscordAPIError: Invalid Form Body
name: This field is required
EXTRA INFO:
Unknown
----------------------------------
[CALLER: Promise {
  <rejected> DiscordAPIError: Invalid Form Body
  name: This field is required
      at RequestHandler.execute (C:\Users\jaces\Desktop\Corebot\node_modules\discord.js\src\rest\RequestHandler.js:170:25)
      at processTicksAndRejections (internal/process/task_queues.js:93:5) {
    method: 'post',
    path: '/guilds/832046329068650526/channels',
    code: 50035,
    httpStatus: 400
  }
} | MS: 1620354873642 | DATE: 5/6/2021, 9:34:33 PM]
----------------------------------
DiscordAPIError: Invalid Form Body
name: This field is required
EXTRA INFO:
Unknown
----------------------------------
[CALLER: Promise {
  <rejected> DiscordAPIError: Invalid Form Body
  name: This field is required
      at RequestHandler.execute (C:\Users\jaces\Desktop\Corebot\node_modules\discord.js\src\rest\RequestHandler.js:170:25)
      at runMicrotasks (<anonymous>)
      at processTicksAndRejections (internal/process/task_queues.js:93:5) {
    method: 'post',
    path: '/guilds/837104198419611649/channels',
    code: 50035,
    httpStatus: 400
  }
} | MS: 1620354873670 | DATE: 5/6/2021, 9:34:33 PM]
----------------------------------
DiscordAPIError: Invalid Form Body
name: This field is required
EXTRA INFO:
Unknown
----------------------------------
[CALLER: Promise {
  <rejected> DiscordAPIError: Invalid Form Body
  name: This field is required
      at RequestHandler.execute (C:\Users\jaces\Desktop\Corebot\node_modules\discord.js\src\rest\RequestHandler.js:170:25)
      at runMicrotasks (<anonymous>)
      at processTicksAndRejections (internal/process/task_queues.js:93:5) {
    method: 'post',
    path: '/guilds/832046329068650526/channels',
    code: 50035,
    httpStatus: 400
  }
} | MS: 1620354875311 | DATE: 5/6/2021, 9:34:35 PM]
----------------------------------
DiscordAPIError: Invalid Form Body
name: This field is required
EXTRA INFO:
Unknown
----------------------------------
[CALLER: Promise {
  <rejected> DiscordAPIError: Invalid Form Body
  name: This field is required
      at RequestHandler.execute (C:\Users\jaces\Desktop\Corebot\node_modules\discord.js\src\rest\RequestHandler.js:170:25)
      at runMicrotasks (<anonymous>)
      at processTicksAndRejections (internal/process/task_queues.js:93:5) {
    method: 'post',
    path: '/guilds/837104198419611649/channels',
    code: 50035,
    httpStatus: 400
  }
} | MS: 1620354875312 | DATE: 5/6/2021, 9:34:35 PM]
----------------------------------
DiscordAPIError: Invalid Form Body
name: This field is required
EXTRA INFO:
Unknown
----------------------------------
[CALLER: Promise {
  <rejected> DiscordAPIError: Invalid Form Body
  name: This field is required
      at RequestHandler.execute (C:\Users\jaces\Desktop\Corebot\node_modules\discord.js\src\rest\RequestHandler.js:170:25)
      at runMicrotasks (<anonymous>)
      at processTicksAndRejections (internal/process/task_queues.js:93:5) {
    method: 'post',
    path: '/guilds/837104198419611649/channels',
    code: 50035,
    httpStatus: 400
  }
} | MS: 1620354886652 | DATE: 5/6/2021, 9:34:46 PM]
----------------------------------
DiscordAPIError: Invalid Form Body
name: This field is required
EXTRA INFO:
Unknown
----------------------------------
[CALLER: Promise {
  <rejected> DiscordAPIError: Invalid Form Body
  name: This field is required
      at RequestHandler.execute (C:\Users\jaces\Desktop\Corebot\node_modules\discord.js\src\rest\RequestHandler.js:170:25)
      at runMicrotasks (<anonymous>)
      at processTicksAndRejections (internal/process/task_queues.js:93:5) {
    method: 'post',
    path: '/guilds/832046329068650526/channels',
    code: 50035,
    httpStatus: 400
  }
} | MS: 1620354886673 | DATE: 5/6/2021, 9:34:46 PM]
----------------------------------
DiscordAPIError: Invalid Form Body
name: This field is required
EXTRA INFO:
Unknown
----------------------------------
[CALLER: Promise {
  <rejected> DiscordAPIError: Invalid Form Body
  name: This field is required
      at RequestHandler.execute (C:\Users\jaces\Desktop\Corebot\node_modules\discord.js\src\rest\RequestHandler.js:170:25)
      at runMicrotasks (<anonymous>)
      at processTicksAndRejections (internal/process/task_queues.js:93:5) {
    method: 'post',
    path: '/guilds/832046329068650526/channels',
    code: 50035,
    httpStatus: 400
  }
} | MS: 1620354890718 | DATE: 5/6/2021, 9:34:50 PM]
----------------------------------
DiscordAPIError: Invalid Form Body
name: This field is required
EXTRA INFO:
Unknown
----------------------------------
[CALLER: Promise {
  <rejected> DiscordAPIError: Invalid Form Body
  name: This field is required
      at RequestHandler.execute (C:\Users\jaces\Desktop\Corebot\node_modules\discord.js\src\rest\RequestHandler.js:170:25)
      at runMicrotasks (<anonymous>)
      at processTicksAndRejections (internal/process/task_queues.js:93:5) {
    method: 'post',
    path: '/guilds/837104198419611649/channels',
    code: 50035,
    httpStatus: 400
  }
} | MS: 1620354890733 | DATE: 5/6/2021, 9:34:50 PM]
----------------------------------
DiscordAPIError: Invalid Form Body
name: This field is required
EXTRA INFO:
Unknown
----------------------------------
[CALLER: Promise {
  <rejected> DiscordAPIError: Invalid Form Body
  name: This field is required
      at RequestHandler.execute (C:\Users\jaces\Desktop\Corebot\node_modules\discord.js\src\rest\RequestHandler.js:170:25)
      at runMicrotasks (<anonymous>)
      at processTicksAndRejections (internal/process/task_queues.js:93:5) {
    method: 'post',
    path: '/guilds/832046329068650526/channels',
    code: 50035,
    httpStatus: 400
  }
} | MS: 1620354892842 | DATE: 5/6/2021, 9:34:52 PM]
----------------------------------
DiscordAPIError: Invalid Form Body
name: This field is required
EXTRA INFO:
Unknown
----------------------------------
[CALLER: Promise {
  <rejected> DiscordAPIError: Invalid Form Body
  name: This field is required
      at RequestHandler.execute (C:\Users\jaces\Desktop\Corebot\node_modules\discord.js\src\rest\RequestHandler.js:170:25)
      at runMicrotasks (<anonymous>)
      at processTicksAndRejections (internal/process/task_queues.js:93:5) {
    method: 'post',
    path: '/guilds/837104198419611649/channels',
    code: 50035,
    httpStatus: 400
  }
} | MS: 1620354892865 | DATE: 5/6/2021, 9:34:52 PM]
----------------------------------
DiscordAPIError: Invalid Form Body
name: This field is required
EXTRA INFO:
Unknown
----------------------------------
[CALLER: Promise {
  <rejected> DiscordAPIError: Invalid Form Body
  name: This field is required
      at RequestHandler.execute (C:\Users\jaces\Desktop\Corebot\node_modules\discord.js\src\rest\RequestHandler.js:170:25)
      at runMicrotasks (<anonymous>)
      at processTicksAndRejections (internal/process/task_queues.js:93:5) {
    method: 'post',
    path: '/guilds/832046329068650526/channels',
    code: 50035,
    httpStatus: 400
  }
} | MS: 1620354894423 | DATE: 5/6/2021, 9:34:54 PM]
----------------------------------
DiscordAPIError: Invalid Form Body
name: This field is required
EXTRA INFO:
Unknown
----------------------------------
[CALLER: Promise {
  <rejected> DiscordAPIError: Invalid Form Body
  name: This field is required
      at RequestHandler.execute (C:\Users\jaces\Desktop\Corebot\node_modules\discord.js\src\rest\RequestHandler.js:170:25)
      at runMicrotasks (<anonymous>)
      at processTicksAndRejections (internal/process/task_queues.js:93:5) {
    method: 'post',
    path: '/guilds/837104198419611649/channels',
    code: 50035,
    httpStatus: 400
  }
} | MS: 1620354894467 | DATE: 5/6/2021, 9:34:54 PM]
----------------------------------
DiscordAPIError: Invalid Form Body
name: This field is required
EXTRA INFO:
Unknown
----------------------------------
[CALLER: Promise {
  <rejected> DiscordAPIError: Invalid Form Body
  name: This field is required
      at RequestHandler.execute (C:\Users\jaces\Desktop\Corebot\node_modules\discord.js\src\rest\RequestHandler.js:170:25)
      at runMicrotasks (<anonymous>)
      at processTicksAndRejections (internal/process/task_queues.js:93:5) {
    method: 'post',
    path: '/guilds/837104198419611649/channels',
    code: 50035,
    httpStatus: 400
  }
} | MS: 1620354899187 | DATE: 5/6/2021, 9:34:59 PM]
----------------------------------
DiscordAPIError: Invalid Form Body
name: This field is required
EXTRA INFO:
Unknown
----------------------------------
[CALLER: Promise {
  <rejected> DiscordAPIError: Invalid Form Body
  name: This field is required
      at RequestHandler.execute (C:\Users\jaces\Desktop\Corebot\node_modules\discord.js\src\rest\RequestHandler.js:170:25)
      at runMicrotasks (<anonymous>)
      at processTicksAndRejections (internal/process/task_queues.js:93:5) {
    method: 'post',
    path: '/guilds/832046329068650526/channels',
    code: 50035,
    httpStatus: 400
  }
} | MS: 1620354899200 | DATE: 5/6/2021, 9:34:59 PM]
----------------------------------
DiscordAPIError: Invalid Form Body
name: This field is required
EXTRA INFO:
Unknown
----------------------------------
[CALLER: AddonHandler.js:123:44 | MS: 1620354900251 | DATE: 5/6/2021, 9:35:00 PM]
-------------------------------------------------------------------
Cannot find module 'paypal-rest-sdk'
Require stack:
- C:\Users\jaces\Desktop\Corebot\addons\BusinessPayPal.js
- C:\Users\jaces\Desktop\Corebot\modules\handlers\AddonHandler.js
- C:\Users\jaces\Desktop\Corebot\commands\management\addon.js
- C:\Users\jaces\Desktop\Corebot\modules\handlers\CommandHandler.js
- C:\Users\jaces\Desktop\Corebot\index.js
EXTRA INFO:
Error: Cannot find module 'paypal-rest-sdk'
Require stack:
- C:\Users\jaces\Desktop\Corebot\addons\BusinessPayPal.js
- C:\Users\jaces\Desktop\Corebot\modules\handlers\AddonHandler.js
- C:\Users\jaces\Desktop\Corebot\commands\management\addon.js
- C:\Users\jaces\Desktop\Corebot\modules\handlers\CommandHandler.js
- C:\Users\jaces\Desktop\Corebot\index.js
    at Function.Module._resolveFilename (internal/modules/cjs/loader.js:880:15)
    at Function.Module._load (internal/modules/cjs/loader.js:725:27)
    at Module.require (internal/modules/cjs/loader.js:952:19)
    at require (internal/modules/cjs/helpers.js:88:18)
    at Object.<anonymous> (C:\Users\jaces\Desktop\Corebot\addons\BusinessPayPal.js:1:1680)
    at Module._compile (internal/modules/cjs/loader.js:1063:30)
    at Object.Module._extensions..js (internal/modules/cjs/loader.js:1092:10)
    at Module.load (internal/modules/cjs/loader.js:928:32)
    at Function.Module._load (internal/modules/cjs/loader.js:769:14)
    at Module.require (internal/modules/cjs/loader.js:952:19)
    at require (internal/modules/cjs/helpers.js:88:18)
    at C:\Users\jaces\Desktop\Corebot\modules\handlers\AddonHandler.js:112:35
    at Array.forEach (<anonymous>)
    at C:\Users\jaces\Desktop\Corebot\modules\handlers\AddonHandler.js:110:18
    at FSReqCallback.oncomplete (fs.js:171:23)
-------------------------------------------------------------------
[CALLER: Promise {
  <rejected> DiscordAPIError: Invalid Form Body
  name: This field is required
      at RequestHandler.execute (C:\Users\jaces\Desktop\Corebot\node_modules\discord.js\src\rest\RequestHandler.js:170:25)
      at runMicrotasks (<anonymous>)
      at processTicksAndRejections (internal/process/task_queues.js:93:5) {
    method: 'post',
    path: '/guilds/832046329068650526/channels',
    code: 50035,
    httpStatus: 400
  }
} | MS: 1620354900383 | DATE: 5/6/2021, 9:35:00 PM]
----------------------------------
DiscordAPIError: Invalid Form Body
name: This field is required
EXTRA INFO:
Unknown
----------------------------------
[CALLER: Promise {
  <rejected> DiscordAPIError: Invalid Form Body
  name: This field is required
      at RequestHandler.execute (C:\Users\jaces\Desktop\Corebot\node_modules\discord.js\src\rest\RequestHandler.js:170:25)
      at runMicrotasks (<anonymous>)
      at processTicksAndRejections (internal/process/task_queues.js:93:5) {
    method: 'post',
    path: '/guilds/837104198419611649/channels',
    code: 50035,
    httpStatus: 400
  }
} | MS: 1620354900414 | DATE: 5/6/2021, 9:35:00 PM]
----------------------------------
DiscordAPIError: Invalid Form Body
name: This field is required
EXTRA INFO:
Unknown
----------------------------------
[CALLER: Promise {
  <rejected> DiscordAPIError: Invalid Form Body
  name: This field is required
      at RequestHandler.execute (C:\Users\jaces\Desktop\Corebot\node_modules\discord.js\src\rest\RequestHandler.js:170:25)
      at runMicrotasks (<anonymous>)
      at processTicksAndRejections (internal/process/task_queues.js:93:5) {
    method: 'post',
    path: '/guilds/837104198419611649/channels',
    code: 50035,
    httpStatus: 400
  }
} | MS: 1620354901295 | DATE: 5/6/2021, 9:35:01 PM]
----------------------------------
DiscordAPIError: Invalid Form Body
name: This field is required
EXTRA INFO:
Unknown
----------------------------------
[CALLER: Promise {
  <rejected> DiscordAPIError: Invalid Form Body
  name: This field is required
      at RequestHandler.execute (C:\Users\jaces\Desktop\Corebot\node_modules\discord.js\src\rest\RequestHandler.js:170:25)
      at runMicrotasks (<anonymous>)
      at processTicksAndRejections (internal/process/task_queues.js:93:5) {
    method: 'post',
    path: '/guilds/832046329068650526/channels',
    code: 50035,
    httpStatus: 400
  }
} | MS: 1620354901340 | DATE: 5/6/2021, 9:35:01 PM]
----------------------------------
DiscordAPIError: Invalid Form Body
name: This field is required
EXTRA INFO:
Unknown
----------------------------------
[CALLER: Promise {
  <rejected> DiscordAPIError: Invalid Form Body
  name: This field is required
      at RequestHandler.execute (C:\Users\jaces\Desktop\Corebot\node_modules\discord.js\src\rest\RequestHandler.js:170:25)
      at runMicrotasks (<anonymous>)
      at processTicksAndRejections (internal/process/task_queues.js:93:5) {
    method: 'post',
    path: '/guilds/837104198419611649/channels',
    code: 50035,
    httpStatus: 400
  }
} | MS: 1620354903617 | DATE: 5/6/2021, 9:35:03 PM]
----------------------------------
DiscordAPIError: Invalid Form Body
name: This field is required
EXTRA INFO:
Unknown
----------------------------------
[CALLER: Promise {
  <rejected> DiscordAPIError: Invalid Form Body
  name: This field is required
      at RequestHandler.execute (C:\Users\jaces\Desktop\Corebot\node_modules\discord.js\src\rest\RequestHandler.js:170:25)
      at runMicrotasks (<anonymous>)
      at processTicksAndRejections (internal/process/task_queues.js:93:5) {
    method: 'post',
    path: '/guilds/832046329068650526/channels',
    code: 50035,
    httpStatus: 400
  }
} | MS: 1620354903626 | DATE: 5/6/2021, 9:35:03 PM]
----------------------------------
DiscordAPIError: Invalid Form Body
name: This field is required
EXTRA INFO:
Unknown
----------------------------------
[CALLER: Promise {
  <rejected> DiscordAPIError: Invalid Form Body
  name: This field is required
      at RequestHandler.execute (C:\Users\jaces\Desktop\Corebot\node_modules\discord.js\src\rest\RequestHandler.js:170:25)
      at runMicrotasks (<anonymous>)
      at processTicksAndRejections (internal/process/task_queues.js:93:5) {
    method: 'post',
    path: '/guilds/837104198419611649/channels',
    code: 50035,
    httpStatus: 400
  }
} | MS: 1620354905263 | DATE: 5/6/2021, 9:35:05 PM]
----------------------------------
DiscordAPIError: Invalid Form Body
name: This field is required
EXTRA INFO:
Unknown
----------------------------------
[CALLER: Promise {
  <rejected> DiscordAPIError: Invalid Form Body
  name: This field is required
      at RequestHandler.execute (C:\Users\jaces\Desktop\Corebot\node_modules\discord.js\src\rest\RequestHandler.js:170:25)
      at runMicrotasks (<anonymous>)
      at processTicksAndRejections (internal/process/task_queues.js:93:5) {
    method: 'post',
    path: '/guilds/832046329068650526/channels',
    code: 50035,
    httpStatus: 400
  }
} | MS: 1620354905290 | DATE: 5/6/2021, 9:35:05 PM]
----------------------------------
DiscordAPIError: Invalid Form Body
name: This field is required
EXTRA INFO:
Unknown
----------------------------------
[CALLER: Promise {
  <rejected> DiscordAPIError: Invalid Form Body
  name: This field is required
      at RequestHandler.execute (C:\Users\jaces\Desktop\Corebot\node_modules\discord.js\src\rest\RequestHandler.js:170:25)
      at runMicrotasks (<anonymous>)
      at processTicksAndRejections (internal/process/task_queues.js:93:5) {
    method: 'post',
    path: '/guilds/837104198419611649/channels',
    code: 50035,
    httpStatus: 400
  }
} | MS: 1620354916678 | DATE: 5/6/2021, 9:35:16 PM]
----------------------------------
DiscordAPIError: Invalid Form Body
name: This field is required
EXTRA INFO:
Unknown
----------------------------------
[CALLER: Promise {
  <rejected> DiscordAPIError: Invalid Form Body
  name: This field is required
      at RequestHandler.execute (C:\Users\jaces\Desktop\Corebot\node_modules\discord.js\src\rest\RequestHandler.js:170:25)
      at runMicrotasks (<anonymous>)
      at processTicksAndRejections (internal/process/task_queues.js:93:5) {
    method: 'post',
    path: '/guilds/832046329068650526/channels',
    code: 50035,
    httpStatus: 400
  }
} | MS: 1620354916680 | DATE: 5/6/2021, 9:35:16 PM]
----------------------------------
DiscordAPIError: Invalid Form Body
name: This field is required
EXTRA INFO:
Unknown
----------------------------------
[CALLER: Promise {
  <rejected> DiscordAPIError: Invalid Form Body
  name: This field is required
      at RequestHandler.execute (C:\Users\jaces\Desktop\Corebot\node_modules\discord.js\src\rest\RequestHandler.js:170:25)
      at runMicrotasks (<anonymous>)
      at processTicksAndRejections (internal/process/task_queues.js:93:5) {
    method: 'post',
    path: '/guilds/837104198419611649/channels',
    code: 50035,
    httpStatus: 400
  }
} | MS: 1620354920733 | DATE: 5/6/2021, 9:35:20 PM]
----------------------------------
DiscordAPIError: Invalid Form Body
name: This field is required
EXTRA INFO:
Unknown
----------------------------------
[CALLER: Promise {
  <rejected> DiscordAPIError: Invalid Form Body
  name: This field is required
      at RequestHandler.execute (C:\Users\jaces\Desktop\Corebot\node_modules\discord.js\src\rest\RequestHandler.js:170:25)
      at runMicrotasks (<anonymous>)
      at processTicksAndRejections (internal/process/task_queues.js:93:5) {
    method: 'post',
    path: '/guilds/832046329068650526/channels',
    code: 50035,
    httpStatus: 400
  }
} | MS: 1620354920759 | DATE: 5/6/2021, 9:35:20 PM]
----------------------------------
DiscordAPIError: Invalid Form Body
name: This field is required
EXTRA INFO:
Unknown
----------------------------------
[CALLER: Promise {
  <rejected> DiscordAPIError: Invalid Form Body
  name: This field is required
      at RequestHandler.execute (C:\Users\jaces\Desktop\Corebot\node_modules\discord.js\src\rest\RequestHandler.js:170:25)
      at runMicrotasks (<anonymous>)
      at processTicksAndRejections (internal/process/task_queues.js:93:5) {
    method: 'post',
    path: '/guilds/832046329068650526/channels',
    code: 50035,
    httpStatus: 400
  }
} | MS: 1620354922861 | DATE: 5/6/2021, 9:35:22 PM]
----------------------------------
DiscordAPIError: Invalid Form Body
name: This field is required
EXTRA INFO:
Unknown
----------------------------------
[CALLER: Promise {
  <rejected> DiscordAPIError: Invalid Form Body
  name: This field is required
      at RequestHandler.execute (C:\Users\jaces\Desktop\Corebot\node_modules\discord.js\src\rest\RequestHandler.js:170:25)
      at runMicrotasks (<anonymous>)
      at processTicksAndRejections (internal/process/task_queues.js:93:5) {
    method: 'post',
    path: '/guilds/837104198419611649/channels',
    code: 50035,
    httpStatus: 400
  }
} | MS: 1620354922871 | DATE: 5/6/2021, 9:35:22 PM]
----------------------------------
DiscordAPIError: Invalid Form Body
name: This field is required
EXTRA INFO:
Unknown
----------------------------------
[CALLER: Promise {
  <rejected> DiscordAPIError: Invalid Form Body
  name: This field is required
      at RequestHandler.execute (C:\Users\jaces\Desktop\Corebot\node_modules\discord.js\src\rest\RequestHandler.js:170:25)
      at runMicrotasks (<anonymous>)
      at processTicksAndRejections (internal/process/task_queues.js:93:5) {
    method: 'post',
    path: '/guilds/832046329068650526/channels',
    code: 50035,
    httpStatus: 400
  }
} | MS: 1620354924402 | DATE: 5/6/2021, 9:35:24 PM]
----------------------------------
DiscordAPIError: Invalid Form Body
name: This field is required
EXTRA INFO:
Unknown
----------------------------------
[CALLER: Promise {
  <rejected> DiscordAPIError: Invalid Form Body
  name: This field is required
      at RequestHandler.execute (C:\Users\jaces\Desktop\Corebot\node_modules\discord.js\src\rest\RequestHandler.js:170:25)
      at runMicrotasks (<anonymous>)
      at processTicksAndRejections (internal/process/task_queues.js:93:5) {
    method: 'post',
    path: '/guilds/837104198419611649/channels',
    code: 50035,
    httpStatus: 400
  }
} | MS: 1620354924424 | DATE: 5/6/2021, 9:35:24 PM]
----------------------------------
DiscordAPIError: Invalid Form Body
name: This field is required
EXTRA INFO:
Unknown
----------------------------------
[CALLER: Promise {
  <rejected> DiscordAPIError: Invalid Form Body
  name: This field is required
      at RequestHandler.execute (C:\Users\jaces\Desktop\Corebot\node_modules\discord.js\src\rest\RequestHandler.js:170:25)
      at runMicrotasks (<anonymous>)
      at processTicksAndRejections (internal/process/task_queues.js:93:5) {
    method: 'post',
    path: '/guilds/837104198419611649/channels',
    code: 50035,
    httpStatus: 400
  }
} | MS: 1620354929217 | DATE: 5/6/2021, 9:35:29 PM]
----------------------------------
DiscordAPIError: Invalid Form Body
name: This field is required
EXTRA INFO:
Unknown
----------------------------------
[CALLER: Promise {
  <rejected> DiscordAPIError: Invalid Form Body
  name: This field is required
      at RequestHandler.execute (C:\Users\jaces\Desktop\Corebot\node_modules\discord.js\src\rest\RequestHandler.js:170:25)
      at runMicrotasks (<anonymous>)
      at processTicksAndRejections (internal/process/task_queues.js:93:5) {
    method: 'post',
    path: '/guilds/832046329068650526/channels',
    code: 50035,
    httpStatus: 400
  }
} | MS: 1620354929229 | DATE: 5/6/2021, 9:35:29 PM]
----------------------------------
DiscordAPIError: Invalid Form Body
name: This field is required
EXTRA INFO:
Unknown
----------------------------------
[CALLER: Promise {
  <rejected> DiscordAPIError: Invalid Form Body
  name: This field is required
      at RequestHandler.execute (C:\Users\jaces\Desktop\Corebot\node_modules\discord.js\src\rest\RequestHandler.js:170:25)
      at runMicrotasks (<anonymous>)
      at processTicksAndRejections (internal/process/task_queues.js:93:5) {
    method: 'post',
    path: '/guilds/837104198419611649/channels',
    code: 50035,
    httpStatus: 400
  }
} | MS: 1620354930363 | DATE: 5/6/2021, 9:35:30 PM]
----------------------------------
DiscordAPIError: Invalid Form Body
name: This field is required
EXTRA INFO:
Unknown
----------------------------------
[CALLER: Promise {
  <rejected> DiscordAPIError: Invalid Form Body
  name: This field is required
      at RequestHandler.execute (C:\Users\jaces\Desktop\Corebot\node_modules\discord.js\src\rest\RequestHandler.js:170:25)
      at runMicrotasks (<anonymous>)
      at processTicksAndRejections (internal/process/task_queues.js:93:5) {
    method: 'post',
    path: '/guilds/832046329068650526/channels',
    code: 50035,
    httpStatus: 400
  }
} | MS: 1620354930392 | DATE: 5/6/2021, 9:35:30 PM]
----------------------------------
DiscordAPIError: Invalid Form Body
name: This field is required
EXTRA INFO:
Unknown
----------------------------------
[CALLER: Promise {
  <rejected> DiscordAPIError: Invalid Form Body
  name: This field is required
      at RequestHandler.execute (C:\Users\jaces\Desktop\Corebot\node_modules\discord.js\src\rest\RequestHandler.js:170:25)
      at runMicrotasks (<anonymous>)
      at processTicksAndRejections (internal/process/task_queues.js:93:5) {
    method: 'post',
    path: '/guilds/832046329068650526/channels',
    code: 50035,
    httpStatus: 400
  }
} | MS: 1620354931274 | DATE: 5/6/2021, 9:35:31 PM]
----------------------------------
DiscordAPIError: Invalid Form Body
name: This field is required
EXTRA INFO:
Unknown
----------------------------------
[CALLER: Promise {
  <rejected> DiscordAPIError: Invalid Form Body
  name: This field is required
      at RequestHandler.execute (C:\Users\jaces\Desktop\Corebot\node_modules\discord.js\src\rest\RequestHandler.js:170:25)
      at runMicrotasks (<anonymous>)
      at processTicksAndRejections (internal/process/task_queues.js:93:5) {
    method: 'post',
    path: '/guilds/837104198419611649/channels',
    code: 50035,
    httpStatus: 400
  }
} | MS: 1620354931301 | DATE: 5/6/2021, 9:35:31 PM]
----------------------------------
DiscordAPIError: Invalid Form Body
name: This field is required
EXTRA INFO:
Unknown
----------------------------------
[CALLER: Promise {
  <rejected> DiscordAPIError: Invalid Form Body
  name: This field is required
      at RequestHandler.execute (C:\Users\jaces\Desktop\Corebot\node_modules\discord.js\src\rest\RequestHandler.js:170:25)
      at runMicrotasks (<anonymous>)
      at processTicksAndRejections (internal/process/task_queues.js:93:5) {
    method: 'post',
    path: '/guilds/832046329068650526/channels',
    code: 50035,
    httpStatus: 400
  }
} | MS: 1620354933626 | DATE: 5/6/2021, 9:35:33 PM]
----------------------------------
DiscordAPIError: Invalid Form Body
name: This field is required
EXTRA INFO:
Unknown
----------------------------------
[CALLER: Promise {
  <rejected> DiscordAPIError: Invalid Form Body
  name: This field is required
      at RequestHandler.execute (C:\Users\jaces\Desktop\Corebot\node_modules\discord.js\src\rest\RequestHandler.js:170:25)
      at runMicrotasks (<anonymous>)
      at processTicksAndRejections (internal/process/task_queues.js:93:5) {
    method: 'post',
    path: '/guilds/837104198419611649/channels',
    code: 50035,
    httpStatus: 400
  }
} | MS: 1620354933651 | DATE: 5/6/2021, 9:35:33 PM]
----------------------------------
DiscordAPIError: Invalid Form Body
name: This field is required
EXTRA INFO:
Unknown
----------------------------------
[CALLER: Promise {
  <rejected> DiscordAPIError: Invalid Form Body
  name: This field is required
      at RequestHandler.execute (C:\Users\jaces\Desktop\Corebot\node_modules\discord.js\src\rest\RequestHandler.js:170:25)
      at runMicrotasks (<anonymous>)
      at processTicksAndRejections (internal/process/task_queues.js:93:5) {
    method: 'post',
    path: '/guilds/837104198419611649/channels',
    code: 50035,
    httpStatus: 400
  }
} | MS: 1620354935242 | DATE: 5/6/2021, 9:35:35 PM]
----------------------------------
DiscordAPIError: Invalid Form Body
name: This field is required
EXTRA INFO:
Unknown
----------------------------------
[CALLER: Promise {
  <rejected> DiscordAPIError: Invalid Form Body
  name: This field is required
      at RequestHandler.execute (C:\Users\jaces\Desktop\Corebot\node_modules\discord.js\src\rest\RequestHandler.js:170:25)
      at runMicrotasks (<anonymous>)
      at processTicksAndRejections (internal/process/task_queues.js:93:5) {
    method: 'post',
    path: '/guilds/832046329068650526/channels',
    code: 50035,
    httpStatus: 400
  }
} | MS: 1620354935249 | DATE: 5/6/2021, 9:35:35 PM]
----------------------------------
DiscordAPIError: Invalid Form Body
name: This field is required
EXTRA INFO:
Unknown
----------------------------------
[CALLER: Promise {
  <rejected> DiscordAPIError: Invalid Form Body
  name: This field is required
      at RequestHandler.execute (C:\Users\jaces\Desktop\Corebot\node_modules\discord.js\src\rest\RequestHandler.js:170:25)
      at runMicrotasks (<anonymous>)
      at processTicksAndRejections (internal/process/task_queues.js:93:5) {
    method: 'post',
    path: '/guilds/837104198419611649/channels',
    code: 50035,
    httpStatus: 400
  }
} | MS: 1620354946640 | DATE: 5/6/2021, 9:35:46 PM]
----------------------------------
DiscordAPIError: Invalid Form Body
name: This field is required
EXTRA INFO:
Unknown
----------------------------------
[CALLER: Promise {
  <rejected> DiscordAPIError: Invalid Form Body
  name: This field is required
      at RequestHandler.execute (C:\Users\jaces\Desktop\Corebot\node_modules\discord.js\src\rest\RequestHandler.js:170:25)
      at runMicrotasks (<anonymous>)
      at processTicksAndRejections (internal/process/task_queues.js:93:5) {
    method: 'post',
    path: '/guilds/832046329068650526/channels',
    code: 50035,
    httpStatus: 400
  }
} | MS: 1620354946648 | DATE: 5/6/2021, 9:35:46 PM]
----------------------------------
DiscordAPIError: Invalid Form Body
name: This field is required
EXTRA INFO:
Unknown
----------------------------------
[CALLER: Promise {
  <rejected> DiscordAPIError: Invalid Form Body
  name: This field is required
      at RequestHandler.execute (C:\Users\jaces\Desktop\Corebot\node_modules\discord.js\src\rest\RequestHandler.js:170:25)
      at runMicrotasks (<anonymous>)
      at processTicksAndRejections (internal/process/task_queues.js:93:5) {
    method: 'post',
    path: '/guilds/832046329068650526/channels',
    code: 50035,
    httpStatus: 400
  }
} | MS: 1620354950741 | DATE: 5/6/2021, 9:35:50 PM]
----------------------------------
DiscordAPIError: Invalid Form Body
name: This field is required
EXTRA INFO:
Unknown
----------------------------------
[CALLER: Promise {
  <rejected> DiscordAPIError: Invalid Form Body
  name: This field is required
      at RequestHandler.execute (C:\Users\jaces\Desktop\Corebot\node_modules\discord.js\src\rest\RequestHandler.js:170:25)
      at runMicrotasks (<anonymous>)
      at processTicksAndRejections (internal/process/task_queues.js:93:5) {
    method: 'post',
    path: '/guilds/837104198419611649/channels',
    code: 50035,
    httpStatus: 400
  }
} | MS: 1620354950742 | DATE: 5/6/2021, 9:35:50 PM]
----------------------------------
DiscordAPIError: Invalid Form Body
name: This field is required
EXTRA INFO:
Unknown
----------------------------------
[CALLER: Promise {
  <rejected> DiscordAPIError: Invalid Form Body
  name: This field is required
      at RequestHandler.execute (C:\Users\jaces\Desktop\Corebot\node_modules\discord.js\src\rest\RequestHandler.js:170:25)
      at runMicrotasks (<anonymous>)
      at processTicksAndRejections (internal/process/task_queues.js:93:5) {
    method: 'post',
    path: '/guilds/837104198419611649/channels',
    code: 50035,
    httpStatus: 400
  }
} | MS: 1620354952844 | DATE: 5/6/2021, 9:35:52 PM]
----------------------------------
DiscordAPIError: Invalid Form Body
name: This field is required
EXTRA INFO:
Unknown
----------------------------------
[CALLER: Promise {
  <rejected> DiscordAPIError: Invalid Form Body
  name: This field is required
      at RequestHandler.execute (C:\Users\jaces\Desktop\Corebot\node_modules\discord.js\src\rest\RequestHandler.js:170:25)
      at runMicrotasks (<anonymous>)
      at processTicksAndRejections (internal/process/task_queues.js:93:5) {
    method: 'post',
    path: '/guilds/832046329068650526/channels',
    code: 50035,
    httpStatus: 400
  }
} | MS: 1620354952846 | DATE: 5/6/2021, 9:35:52 PM]
----------------------------------
DiscordAPIError: Invalid Form Body
name: This field is required
EXTRA INFO:
Unknown
----------------------------------
[CALLER: Promise {
  <rejected> DiscordAPIError: Invalid Form Body
  name: This field is required
      at RequestHandler.execute (C:\Users\jaces\Desktop\Corebot\node_modules\discord.js\src\rest\RequestHandler.js:170:25)
      at runMicrotasks (<anonymous>)
      at processTicksAndRejections (internal/process/task_queues.js:93:5) {
    method: 'post',
    path: '/guilds/832046329068650526/channels',
    code: 50035,
    httpStatus: 400
  }
} | MS: 1620354954540 | DATE: 5/6/2021, 9:35:54 PM]
----------------------------------
DiscordAPIError: Invalid Form Body
name: This field is required
EXTRA INFO:
Unknown
----------------------------------
[CALLER: Promise {
  <rejected> DiscordAPIError: Invalid Form Body
  name: This field is required
      at RequestHandler.execute (C:\Users\jaces\Desktop\Corebot\node_modules\discord.js\src\rest\RequestHandler.js:170:25)
      at runMicrotasks (<anonymous>)
      at processTicksAndRejections (internal/process/task_queues.js:93:5) {
    method: 'post',
    path: '/guilds/837104198419611649/channels',
    code: 50035,
    httpStatus: 400
  }
} | MS: 1620354954543 | DATE: 5/6/2021, 9:35:54 PM]
----------------------------------
DiscordAPIError: Invalid Form Body
name: This field is required
EXTRA INFO:
Unknown
----------------------------------
[CALLER: Promise {
  <rejected> DiscordAPIError: Invalid Form Body
  name: This field is required
      at RequestHandler.execute (C:\Users\jaces\Desktop\Corebot\node_modules\discord.js\src\rest\RequestHandler.js:170:25)
      at runMicrotasks (<anonymous>)
      at processTicksAndRejections (internal/process/task_queues.js:93:5) {
    method: 'post',
    path: '/guilds/837104198419611649/channels',
    code: 50035,
    httpStatus: 400
  }
} | MS: 1620354959193 | DATE: 5/6/2021, 9:35:59 PM]
----------------------------------
DiscordAPIError: Invalid Form Body
name: This field is required
EXTRA INFO:
Unknown
----------------------------------
[CALLER: Promise {
  <rejected> DiscordAPIError: Invalid Form Body
  name: This field is required
      at RequestHandler.execute (C:\Users\jaces\Desktop\Corebot\node_modules\discord.js\src\rest\RequestHandler.js:170:25)
      at runMicrotasks (<anonymous>)
      at processTicksAndRejections (internal/process/task_queues.js:93:5) {
    method: 'post',
    path: '/guilds/832046329068650526/channels',
    code: 50035,
    httpStatus: 400
  }
} | MS: 1620354959195 | DATE: 5/6/2021, 9:35:59 PM]
----------------------------------
DiscordAPIError: Invalid Form Body
name: This field is required
EXTRA INFO:
Unknown
----------------------------------
[CALLER: Promise {
  <rejected> DiscordAPIError: Invalid Form Body
  name: This field is required
      at RequestHandler.execute (C:\Users\jaces\Desktop\Corebot\node_modules\discord.js\src\rest\RequestHandler.js:170:25)
      at runMicrotasks (<anonymous>)
      at processTicksAndRejections (internal/process/task_queues.js:93:5) {
    method: 'post',
    path: '/guilds/837104198419611649/channels',
    code: 50035,
    httpStatus: 400
  }
} | MS: 1620354960411 | DATE: 5/6/2021, 9:36:00 PM]
----------------------------------
DiscordAPIError: Invalid Form Body
name: This field is required
EXTRA INFO:
Unknown
----------------------------------
[CALLER: Promise {
  <rejected> DiscordAPIError: Invalid Form Body
  name: This field is required
      at RequestHandler.execute (C:\Users\jaces\Desktop\Corebot\node_modules\discord.js\src\rest\RequestHandler.js:170:25)
      at runMicrotasks (<anonymous>)
      at processTicksAndRejections (internal/process/task_queues.js:93:5) {
    method: 'post',
    path: '/guilds/832046329068650526/channels',
    code: 50035,
    httpStatus: 400
  }
} | MS: 1620354960415 | DATE: 5/6/2021, 9:36:00 PM]
----------------------------------
DiscordAPIError: Invalid Form Body
name: This field is required
EXTRA INFO:
Unknown
----------------------------------
[CALLER: Promise {
  <rejected> DiscordAPIError: Invalid Form Body
  name: This field is required
      at RequestHandler.execute (C:\Users\jaces\Desktop\Corebot\node_modules\discord.js\src\rest\RequestHandler.js:170:25)
      at runMicrotasks (<anonymous>)
      at processTicksAndRejections (internal/process/task_queues.js:93:5) {
    method: 'post',
    path: '/guilds/832046329068650526/channels',
    code: 50035,
    httpStatus: 400
  }
} | MS: 1620354961274 | DATE: 5/6/2021, 9:36:01 PM]
----------------------------------
DiscordAPIError: Invalid Form Body
name: This field is required
EXTRA INFO:
Unknown
----------------------------------
[CALLER: Promise {
  <rejected> DiscordAPIError: Invalid Form Body
  name: This field is required
      at RequestHandler.execute (C:\Users\jaces\Desktop\Corebot\node_modules\discord.js\src\rest\RequestHandler.js:170:25)
      at runMicrotasks (<anonymous>)
      at processTicksAndRejections (internal/process/task_queues.js:93:5) {
    method: 'post',
    path: '/guilds/837104198419611649/channels',
    code: 50035,
    httpStatus: 400
  }
} | MS: 1620354961310 | DATE: 5/6/2021, 9:36:01 PM]
----------------------------------
DiscordAPIError: Invalid Form Body
name: This field is required
EXTRA INFO:
Unknown
----------------------------------
[CALLER: Promise {
  <rejected> DiscordAPIError: Invalid Form Body
  name: This field is required
      at RequestHandler.execute (C:\Users\jaces\Desktop\Corebot\node_modules\discord.js\src\rest\RequestHandler.js:170:25)
      at runMicrotasks (<anonymous>)
      at processTicksAndRejections (internal/process/task_queues.js:93:5) {
    method: 'post',
    path: '/guilds/837104198419611649/channels',
    code: 50035,
    httpStatus: 400
  }
} | MS: 1620354963626 | DATE: 5/6/2021, 9:36:03 PM]
----------------------------------
DiscordAPIError: Invalid Form Body
name: This field is required
EXTRA INFO:
Unknown
----------------------------------
[CALLER: Promise {
  <rejected> DiscordAPIError: Invalid Form Body
  name: This field is required
      at RequestHandler.execute (C:\Users\jaces\Desktop\Corebot\node_modules\discord.js\src\rest\RequestHandler.js:170:25)
      at runMicrotasks (<anonymous>)
      at processTicksAndRejections (internal/process/task_queues.js:93:5) {
    method: 'post',
    path: '/guilds/832046329068650526/channels',
    code: 50035,
    httpStatus: 400
  }
} | MS: 1620354963637 | DATE: 5/6/2021, 9:36:03 PM]
----------------------------------
DiscordAPIError: Invalid Form Body
name: This field is required
EXTRA INFO:
Unknown
----------------------------------
[CALLER: Promise {
  <rejected> DiscordAPIError: Invalid Form Body
  name: This field is required
      at RequestHandler.execute (C:\Users\jaces\Desktop\Corebot\node_modules\discord.js\src\rest\RequestHandler.js:170:25)
      at runMicrotasks (<anonymous>)
      at processTicksAndRejections (internal/process/task_queues.js:93:5) {
    method: 'post',
    path: '/guilds/837104198419611649/channels',
    code: 50035,
    httpStatus: 400
  }
} | MS: 1620354965268 | DATE: 5/6/2021, 9:36:05 PM]
----------------------------------
DiscordAPIError: Invalid Form Body
name: This field is required
EXTRA INFO:
Unknown
----------------------------------
[CALLER: Promise {
  <rejected> DiscordAPIError: Invalid Form Body
  name: This field is required
      at RequestHandler.execute (C:\Users\jaces\Desktop\Corebot\node_modules\discord.js\src\rest\RequestHandler.js:170:25)
      at runMicrotasks (<anonymous>)
      at processTicksAndRejections (internal/process/task_queues.js:93:5) {
    method: 'post',
    path: '/guilds/832046329068650526/channels',
    code: 50035,
    httpStatus: 400
  }
} | MS: 1620354965283 | DATE: 5/6/2021, 9:36:05 PM]
----------------------------------
DiscordAPIError: Invalid Form Body
name: This field is required
EXTRA INFO:
Unknown
----------------------------------
[CALLER: Promise {
  <rejected> DiscordAPIError: Invalid Form Body
  name: This field is required
      at RequestHandler.execute (C:\Users\jaces\Desktop\Corebot\node_modules\discord.js\src\rest\RequestHandler.js:170:25)
      at runMicrotasks (<anonymous>)
      at processTicksAndRejections (internal/process/task_queues.js:93:5) {
    method: 'post',
    path: '/guilds/837104198419611649/channels',
    code: 50035,
    httpStatus: 400
  }
} | MS: 1620354976683 | DATE: 5/6/2021, 9:36:16 PM]
----------------------------------
DiscordAPIError: Invalid Form Body
name: This field is required
EXTRA INFO:
Unknown
----------------------------------
[CALLER: Promise {
  <rejected> DiscordAPIError: Invalid Form Body
  name: This field is required
      at RequestHandler.execute (C:\Users\jaces\Desktop\Corebot\node_modules\discord.js\src\rest\RequestHandler.js:170:25)
      at runMicrotasks (<anonymous>)
      at processTicksAndRejections (internal/process/task_queues.js:93:5) {
    method: 'post',
    path: '/guilds/832046329068650526/channels',
    code: 50035,
    httpStatus: 400
  }
} | MS: 1620354976698 | DATE: 5/6/2021, 9:36:16 PM]
----------------------------------
DiscordAPIError: Invalid Form Body
name: This field is required
EXTRA INFO:
Unknown
----------------------------------
[CALLER: Promise {
  <rejected> DiscordAPIError: Invalid Form Body
  name: This field is required
      at RequestHandler.execute (C:\Users\jaces\Desktop\Corebot\node_modules\discord.js\src\rest\RequestHandler.js:170:25)
      at runMicrotasks (<anonymous>)
      at processTicksAndRejections (internal/process/task_queues.js:93:5) {
    method: 'post',
    path: '/guilds/832046329068650526/channels',
    code: 50035,
    httpStatus: 400
  }
} | MS: 1620354980740 | DATE: 5/6/2021, 9:36:20 PM]
----------------------------------
DiscordAPIError: Invalid Form Body
name: This field is required
EXTRA INFO:
Unknown
----------------------------------
[CALLER: Promise {
  <rejected> DiscordAPIError: Invalid Form Body
  name: This field is required
      at RequestHandler.execute (C:\Users\jaces\Desktop\Corebot\node_modules\discord.js\src\rest\RequestHandler.js:170:25)
      at runMicrotasks (<anonymous>)
      at processTicksAndRejections (internal/process/task_queues.js:93:5) {
    method: 'post',
    path: '/guilds/837104198419611649/channels',
    code: 50035,
    httpStatus: 400
  }
} | MS: 1620354980745 | DATE: 5/6/2021, 9:36:20 PM]
----------------------------------
DiscordAPIError: Invalid Form Body
name: This field is required
EXTRA INFO:
Unknown
----------------------------------
[CALLER: Promise {
  <rejected> DiscordAPIError: Invalid Form Body
  name: This field is required
      at RequestHandler.execute (C:\Users\jaces\Desktop\Corebot\node_modules\discord.js\src\rest\RequestHandler.js:170:25)
      at runMicrotasks (<anonymous>)
      at processTicksAndRejections (internal/process/task_queues.js:93:5) {
    method: 'post',
    path: '/guilds/832046329068650526/channels',
    code: 50035,
    httpStatus: 400
  }
} | MS: 1620354982848 | DATE: 5/6/2021, 9:36:22 PM]
----------------------------------
DiscordAPIError: Invalid Form Body
name: This field is required
EXTRA INFO:
Unknown
----------------------------------
[CALLER: Promise {
  <rejected> DiscordAPIError: Invalid Form Body
  name: This field is required
      at RequestHandler.execute (C:\Users\jaces\Desktop\Corebot\node_modules\discord.js\src\rest\RequestHandler.js:170:25)
      at runMicrotasks (<anonymous>)
      at processTicksAndRejections (internal/process/task_queues.js:93:5) {
    method: 'post',
    path: '/guilds/837104198419611649/channels',
    code: 50035,
    httpStatus: 400
  }
} | MS: 1620354982865 | DATE: 5/6/2021, 9:36:22 PM]
----------------------------------
DiscordAPIError: Invalid Form Body
name: This field is required
EXTRA INFO:
Unknown
----------------------------------
[CALLER: Promise {
  <rejected> DiscordAPIError: Invalid Form Body
  name: This field is required
      at RequestHandler.execute (C:\Users\jaces\Desktop\Corebot\node_modules\discord.js\src\rest\RequestHandler.js:170:25)
      at runMicrotasks (<anonymous>)
      at processTicksAndRejections (internal/process/task_queues.js:93:5) {
    method: 'post',
    path: '/guilds/832046329068650526/channels',
    code: 50035,
    httpStatus: 400
  }
} | MS: 1620354984412 | DATE: 5/6/2021, 9:36:24 PM]
----------------------------------
DiscordAPIError: Invalid Form Body
name: This field is required
EXTRA INFO:
Unknown
----------------------------------
[CALLER: Promise {
  <rejected> DiscordAPIError: Invalid Form Body
  name: This field is required
      at RequestHandler.execute (C:\Users\jaces\Desktop\Corebot\node_modules\discord.js\src\rest\RequestHandler.js:170:25)
      at runMicrotasks (<anonymous>)
      at processTicksAndRejections (internal/process/task_queues.js:93:5) {
    method: 'post',
    path: '/guilds/837104198419611649/channels',
    code: 50035,
    httpStatus: 400
  }
} | MS: 1620354984414 | DATE: 5/6/2021, 9:36:24 PM]
----------------------------------
DiscordAPIError: Invalid Form Body
name: This field is required
EXTRA INFO:
Unknown
----------------------------------
[CALLER: Promise {
  <rejected> DiscordAPIError: Invalid Form Body
  name: This field is required
      at RequestHandler.execute (C:\Users\jaces\Desktop\Corebot\node_modules\discord.js\src\rest\RequestHandler.js:170:25)
      at runMicrotasks (<anonymous>)
      at processTicksAndRejections (internal/process/task_queues.js:93:5) {
    method: 'post',
    path: '/guilds/837104198419611649/channels',
    code: 50035,
    httpStatus: 400
  }
} | MS: 1620354989184 | DATE: 5/6/2021, 9:36:29 PM]
----------------------------------
DiscordAPIError: Invalid Form Body
name: This field is required
EXTRA INFO:
Unknown
----------------------------------
[CALLER: Promise {
  <rejected> DiscordAPIError: Invalid Form Body
  name: This field is required
      at RequestHandler.execute (C:\Users\jaces\Desktop\Corebot\node_modules\discord.js\src\rest\RequestHandler.js:170:25)
      at runMicrotasks (<anonymous>)
      at processTicksAndRejections (internal/process/task_queues.js:93:5) {
    method: 'post',
    path: '/guilds/832046329068650526/channels',
    code: 50035,
    httpStatus: 400
  }
} | MS: 1620354989202 | DATE: 5/6/2021, 9:36:29 PM]
----------------------------------
DiscordAPIError: Invalid Form Body
name: This field is required
EXTRA INFO:
Unknown
----------------------------------
[CALLER: Promise {
  <rejected> DiscordAPIError: Invalid Form Body
  name: This field is required
      at RequestHandler.execute (C:\Users\jaces\Desktop\Corebot\node_modules\discord.js\src\rest\RequestHandler.js:170:25)
      at runMicrotasks (<anonymous>)
      at processTicksAndRejections (internal/process/task_queues.js:93:5) {
    method: 'post',
    path: '/guilds/832046329068650526/channels',
    code: 50035,
    httpStatus: 400
  }
} | MS: 1620354990353 | DATE: 5/6/2021, 9:36:30 PM]
----------------------------------
DiscordAPIError: Invalid Form Body
name: This field is required
EXTRA INFO:
Unknown
----------------------------------
[CALLER: Promise {
  <rejected> DiscordAPIError: Invalid Form Body
  name: This field is required
      at RequestHandler.execute (C:\Users\jaces\Desktop\Corebot\node_modules\discord.js\src\rest\RequestHandler.js:170:25)
      at runMicrotasks (<anonymous>)
      at processTicksAndRejections (internal/process/task_queues.js:93:5) {
    method: 'post',
    path: '/guilds/837104198419611649/channels',
    code: 50035,
    httpStatus: 400
  }
} | MS: 1620354990358 | DATE: 5/6/2021, 9:36:30 PM]
----------------------------------
DiscordAPIError: Invalid Form Body
name: This field is required
EXTRA INFO:
Unknown
----------------------------------
[CALLER: Promise {
  <rejected> DiscordAPIError: Invalid Form Body
  name: This field is required
      at RequestHandler.execute (C:\Users\jaces\Desktop\Corebot\node_modules\discord.js\src\rest\RequestHandler.js:170:25)
      at runMicrotasks (<anonymous>)
      at processTicksAndRejections (internal/process/task_queues.js:93:5) {
    method: 'post',
    path: '/guilds/837104198419611649/channels',
    code: 50035,
    httpStatus: 400
  }
} | MS: 1620354991264 | DATE: 5/6/2021, 9:36:31 PM]
----------------------------------
DiscordAPIError: Invalid Form Body
name: This field is required
EXTRA INFO:
Unknown
----------------------------------
[CALLER: Promise {
  <rejected> DiscordAPIError: Invalid Form Body
  name: This field is required
      at RequestHandler.execute (C:\Users\jaces\Desktop\Corebot\node_modules\discord.js\src\rest\RequestHandler.js:170:25)
      at runMicrotasks (<anonymous>)
      at processTicksAndRejections (internal/process/task_queues.js:93:5) {
    method: 'post',
    path: '/guilds/832046329068650526/channels',
    code: 50035,
    httpStatus: 400
  }
} | MS: 1620354991288 | DATE: 5/6/2021, 9:36:31 PM]
----------------------------------
DiscordAPIError: Invalid Form Body
name: This field is required
EXTRA INFO:
Unknown
----------------------------------
[CALLER: Promise {
  <rejected> DiscordAPIError: Invalid Form Body
  name: This field is required
      at RequestHandler.execute (C:\Users\jaces\Desktop\Corebot\node_modules\discord.js\src\rest\RequestHandler.js:170:25)
      at runMicrotasks (<anonymous>)
      at processTicksAndRejections (internal/process/task_queues.js:93:5) {
    method: 'post',
    path: '/guilds/837104198419611649/channels',
    code: 50035,
    httpStatus: 400
  }
} | MS: 1620354991369 | DATE: 5/6/2021, 9:36:31 PM]
----------------------------------
DiscordAPIError: Invalid Form Body
name: This field is required
EXTRA INFO:
Unknown
----------------------------------
[CALLER: Promise {
  <rejected> DiscordAPIError: Invalid Form Body
  name: This field is required
      at RequestHandler.execute (C:\Users\jaces\Desktop\Corebot\node_modules\discord.js\src\rest\RequestHandler.js:170:25)
      at runMicrotasks (<anonymous>)
      at processTicksAndRejections (internal/process/task_queues.js:93:5) {
    method: 'post',
    path: '/guilds/832046329068650526/channels',
    code: 50035,
    httpStatus: 400
  }
} | MS: 1620354993625 | DATE: 5/6/2021, 9:36:33 PM]
----------------------------------
DiscordAPIError: Invalid Form Body
name: This field is required
EXTRA INFO:
Unknown
----------------------------------
[CALLER: Promise {
  <rejected> DiscordAPIError: Invalid Form Body
  name: This field is required
      at RequestHandler.execute (C:\Users\jaces\Desktop\Corebot\node_modules\discord.js\src\rest\RequestHandler.js:170:25)
      at runMicrotasks (<anonymous>)
      at processTicksAndRejections (internal/process/task_queues.js:93:5) {
    method: 'post',
    path: '/guilds/837104198419611649/channels',
    code: 50035,
    httpStatus: 400
  }
} | MS: 1620354993627 | DATE: 5/6/2021, 9:36:33 PM]
----------------------------------
DiscordAPIError: Invalid Form Body
name: This field is required
EXTRA INFO:
Unknown
----------------------------------
[CALLER: Promise {
  <rejected> DiscordAPIError: Invalid Form Body
  name: This field is required
      at RequestHandler.execute (C:\Users\jaces\Desktop\Corebot\node_modules\discord.js\src\rest\RequestHandler.js:170:25)
      at runMicrotasks (<anonymous>)
      at processTicksAndRejections (internal/process/task_queues.js:93:5) {
    method: 'post',
    path: '/guilds/837104198419611649/channels',
    code: 50035,
    httpStatus: 400
  }
} | MS: 1620354995255 | DATE: 5/6/2021, 9:36:35 PM]
----------------------------------
DiscordAPIError: Invalid Form Body
name: This field is required
EXTRA INFO:
Unknown
----------------------------------
[CALLER: Promise {
  <rejected> DiscordAPIError: Invalid Form Body
  name: This field is required
      at RequestHandler.execute (C:\Users\jaces\Desktop\Corebot\node_modules\discord.js\src\rest\RequestHandler.js:170:25)
      at runMicrotasks (<anonymous>)
      at processTicksAndRejections (internal/process/task_queues.js:93:5) {
    method: 'post',
    path: '/guilds/832046329068650526/channels',
    code: 50035,
    httpStatus: 400
  }
} | MS: 1620354995277 | DATE: 5/6/2021, 9:36:35 PM]
----------------------------------
DiscordAPIError: Invalid Form Body
name: This field is required
EXTRA INFO:
Unknown
----------------------------------
[CALLER: Promise {
  <rejected> DiscordAPIError: Invalid Form Body
  name: This field is required
      at RequestHandler.execute (C:\Users\jaces\Desktop\Corebot\node_modules\discord.js\src\rest\RequestHandler.js:170:25)
      at runMicrotasks (<anonymous>)
      at processTicksAndRejections (internal/process/task_queues.js:93:5) {
    method: 'post',
    path: '/guilds/832046329068650526/channels',
    code: 50035,
    httpStatus: 400
  }
} | MS: 1620355006662 | DATE: 5/6/2021, 9:36:46 PM]
----------------------------------
DiscordAPIError: Invalid Form Body
name: This field is required
EXTRA INFO:
Unknown
----------------------------------
[CALLER: Promise {
  <rejected> DiscordAPIError: Invalid Form Body
  name: This field is required
      at RequestHandler.execute (C:\Users\jaces\Desktop\Corebot\node_modules\discord.js\src\rest\RequestHandler.js:170:25)
      at runMicrotasks (<anonymous>)
      at processTicksAndRejections (internal/process/task_queues.js:93:5) {
    method: 'post',
    path: '/guilds/837104198419611649/channels',
    code: 50035,
    httpStatus: 400
  }
} | MS: 1620355006693 | DATE: 5/6/2021, 9:36:46 PM]
----------------------------------
DiscordAPIError: Invalid Form Body
name: This field is required
EXTRA INFO:
Unknown
----------------------------------
[CALLER: Promise {
  <rejected> DiscordAPIError: Invalid Form Body
  name: This field is required
      at RequestHandler.execute (C:\Users\jaces\Desktop\Corebot\node_modules\discord.js\src\rest\RequestHandler.js:170:25)
      at runMicrotasks (<anonymous>)
      at processTicksAndRejections (internal/process/task_queues.js:93:5) {
    method: 'post',
    path: '/guilds/837104198419611649/channels',
    code: 50035,
    httpStatus: 400
  }
} | MS: 1620355010718 | DATE: 5/6/2021, 9:36:50 PM]
----------------------------------
DiscordAPIError: Invalid Form Body
name: This field is required
EXTRA INFO:
Unknown
----------------------------------
[CALLER: Promise {
  <rejected> DiscordAPIError: Invalid Form Body
  name: This field is required
      at RequestHandler.execute (C:\Users\jaces\Desktop\Corebot\node_modules\discord.js\src\rest\RequestHandler.js:170:25)
      at runMicrotasks (<anonymous>)
      at processTicksAndRejections (internal/process/task_queues.js:93:5) {
    method: 'post',
    path: '/guilds/832046329068650526/channels',
    code: 50035,
    httpStatus: 400
  }
} | MS: 1620355010729 | DATE: 5/6/2021, 9:36:50 PM]
----------------------------------
DiscordAPIError: Invalid Form Body
name: This field is required
EXTRA INFO:
Unknown
----------------------------------
[CALLER: Promise {
  <rejected> DiscordAPIError: Invalid Form Body
  name: This field is required
      at RequestHandler.execute (C:\Users\jaces\Desktop\Corebot\node_modules\discord.js\src\rest\RequestHandler.js:170:25)
      at runMicrotasks (<anonymous>)
      at processTicksAndRejections (internal/process/task_queues.js:93:5) {
    method: 'post',
    path: '/guilds/837104198419611649/channels',
    code: 50035,
    httpStatus: 400
  }
} | MS: 1620355012830 | DATE: 5/6/2021, 9:36:52 PM]
----------------------------------
DiscordAPIError: Invalid Form Body
name: This field is required
EXTRA INFO:
Unknown
----------------------------------
[CALLER: Promise {
  <rejected> DiscordAPIError: Invalid Form Body
  name: This field is required
      at RequestHandler.execute (C:\Users\jaces\Desktop\Corebot\node_modules\discord.js\src\rest\RequestHandler.js:170:25)
      at runMicrotasks (<anonymous>)
      at processTicksAndRejections (internal/process/task_queues.js:93:5) {
    method: 'post',
    path: '/guilds/832046329068650526/channels',
    code: 50035,
    httpStatus: 400
  }
} | MS: 1620355012870 | DATE: 5/6/2021, 9:36:52 PM]
----------------------------------
DiscordAPIError: Invalid Form Body
name: This field is required
EXTRA INFO:
Unknown
----------------------------------
[CALLER: Promise {
  <rejected> DiscordAPIError: Invalid Form Body
  name: This field is required
      at RequestHandler.execute (C:\Users\jaces\Desktop\Corebot\node_modules\discord.js\src\rest\RequestHandler.js:170:25)
      at runMicrotasks (<anonymous>)
      at processTicksAndRejections (internal/process/task_queues.js:93:5) {
    method: 'post',
    path: '/guilds/832046329068650526/channels',
    code: 50035,
    httpStatus: 400
  }
} | MS: 1620355014402 | DATE: 5/6/2021, 9:36:54 PM]
----------------------------------
DiscordAPIError: Invalid Form Body
name: This field is required
EXTRA INFO:
Unknown
----------------------------------
[CALLER: Promise {
  <rejected> DiscordAPIError: Invalid Form Body
  name: This field is required
      at RequestHandler.execute (C:\Users\jaces\Desktop\Corebot\node_modules\discord.js\src\rest\RequestHandler.js:170:25)
      at runMicrotasks (<anonymous>)
      at processTicksAndRejections (internal/process/task_queues.js:93:5) {
    method: 'post',
    path: '/guilds/837104198419611649/channels',
    code: 50035,
    httpStatus: 400
  }
} | MS: 1620355014404 | DATE: 5/6/2021, 9:36:54 PM]
----------------------------------
DiscordAPIError: Invalid Form Body
name: This field is required
EXTRA INFO:
Unknown
----------------------------------
[CALLER: Promise {
  <rejected> DiscordAPIError: Invalid Form Body
  name: This field is required
      at RequestHandler.execute (C:\Users\jaces\Desktop\Corebot\node_modules\discord.js\src\rest\RequestHandler.js:170:25)
      at runMicrotasks (<anonymous>)
      at processTicksAndRejections (internal/process/task_queues.js:93:5) {
    method: 'post',
    path: '/guilds/837104198419611649/channels',
    code: 50035,
    httpStatus: 400
  }
} | MS: 1620355019206 | DATE: 5/6/2021, 9:36:59 PM]
----------------------------------
DiscordAPIError: Invalid Form Body
name: This field is required
EXTRA INFO:
Unknown
----------------------------------
[CALLER: Promise {
  <rejected> DiscordAPIError: Invalid Form Body
  name: This field is required
      at RequestHandler.execute (C:\Users\jaces\Desktop\Corebot\node_modules\discord.js\src\rest\RequestHandler.js:170:25)
      at runMicrotasks (<anonymous>)
      at processTicksAndRejections (internal/process/task_queues.js:93:5) {
    method: 'post',
    path: '/guilds/832046329068650526/channels',
    code: 50035,
    httpStatus: 400
  }
} | MS: 1620355019228 | DATE: 5/6/2021, 9:36:59 PM]
----------------------------------
DiscordAPIError: Invalid Form Body
name: This field is required
EXTRA INFO:
Unknown
----------------------------------
[CALLER: Promise {
  <rejected> DiscordAPIError: Invalid Form Body
  name: This field is required
      at RequestHandler.execute (C:\Users\jaces\Desktop\Corebot\node_modules\discord.js\src\rest\RequestHandler.js:170:25)
      at runMicrotasks (<anonymous>)
      at processTicksAndRejections (internal/process/task_queues.js:93:5) {
    method: 'post',
    path: '/guilds/837104198419611649/channels',
    code: 50035,
    httpStatus: 400
  }
} | MS: 1620355020383 | DATE: 5/6/2021, 9:37:00 PM]
----------------------------------
DiscordAPIError: Invalid Form Body
name: This field is required
EXTRA INFO:
Unknown
----------------------------------
[CALLER: Promise {
  <rejected> DiscordAPIError: Invalid Form Body
  name: This field is required
      at RequestHandler.execute (C:\Users\jaces\Desktop\Corebot\node_modules\discord.js\src\rest\RequestHandler.js:170:25)
      at runMicrotasks (<anonymous>)
      at processTicksAndRejections (internal/process/task_queues.js:93:5) {
    method: 'post',
    path: '/guilds/832046329068650526/channels',
    code: 50035,
    httpStatus: 400
  }
} | MS: 1620355020445 | DATE: 5/6/2021, 9:37:00 PM]
----------------------------------
DiscordAPIError: Invalid Form Body
name: This field is required
EXTRA INFO:
Unknown
----------------------------------
[CALLER: Promise {
  <rejected> DiscordAPIError: Invalid Form Body
  name: This field is required
      at RequestHandler.execute (C:\Users\jaces\Desktop\Corebot\node_modules\discord.js\src\rest\RequestHandler.js:170:25)
      at runMicrotasks (<anonymous>)
      at processTicksAndRejections (internal/process/task_queues.js:93:5) {
    method: 'post',
    path: '/guilds/837104198419611649/channels',
    code: 50035,
    httpStatus: 400
  }
} | MS: 1620355021282 | DATE: 5/6/2021, 9:37:01 PM]
----------------------------------
DiscordAPIError: Invalid Form Body
name: This field is required
EXTRA INFO:
Unknown
----------------------------------
[CALLER: Promise {
  <rejected> DiscordAPIError: Invalid Form Body
  name: This field is required
      at RequestHandler.execute (C:\Users\jaces\Desktop\Corebot\node_modules\discord.js\src\rest\RequestHandler.js:170:25)
      at runMicrotasks (<anonymous>)
      at processTicksAndRejections (internal/process/task_queues.js:93:5) {
    method: 'post',
    path: '/guilds/832046329068650526/channels',
    code: 50035,
    httpStatus: 400
  }
} | MS: 1620355021285 | DATE: 5/6/2021, 9:37:01 PM]
----------------------------------
DiscordAPIError: Invalid Form Body
name: This field is required
EXTRA INFO:
Unknown
----------------------------------
[CALLER: Promise {
  <rejected> DiscordAPIError: Invalid Form Body
  name: This field is required
      at RequestHandler.execute (C:\Users\jaces\Desktop\Corebot\node_modules\discord.js\src\rest\RequestHandler.js:170:25)
      at runMicrotasks (<anonymous>)
      at processTicksAndRejections (internal/process/task_queues.js:93:5) {
    method: 'post',
    path: '/guilds/832046329068650526/channels',
    code: 50035,
    httpStatus: 400
  }
} | MS: 1620355023636 | DATE: 5/6/2021, 9:37:03 PM]
----------------------------------
DiscordAPIError: Invalid Form Body
name: This field is required
EXTRA INFO:
Unknown
----------------------------------
[CALLER: Promise {
  <rejected> DiscordAPIError: Invalid Form Body
  name: This field is required
      at RequestHandler.execute (C:\Users\jaces\Desktop\Corebot\node_modules\discord.js\src\rest\RequestHandler.js:170:25)
      at runMicrotasks (<anonymous>)
      at processTicksAndRejections (internal/process/task_queues.js:93:5) {
    method: 'post',
    path: '/guilds/837104198419611649/channels',
    code: 50035,
    httpStatus: 400
  }
} | MS: 1620355023651 | DATE: 5/6/2021, 9:37:03 PM]
----------------------------------
DiscordAPIError: Invalid Form Body
name: This field is required
EXTRA INFO:
Unknown
----------------------------------
[CALLER: Promise {
  <rejected> DiscordAPIError: Invalid Form Body
  name: This field is required
      at RequestHandler.execute (C:\Users\jaces\Desktop\Corebot\node_modules\discord.js\src\rest\RequestHandler.js:170:25)
      at runMicrotasks (<anonymous>)
      at processTicksAndRejections (internal/process/task_queues.js:93:5) {
    method: 'post',
    path: '/guilds/832046329068650526/channels',
    code: 50035,
    httpStatus: 400
  }
} | MS: 1620355025268 | DATE: 5/6/2021, 9:37:05 PM]
----------------------------------
DiscordAPIError: Invalid Form Body
name: This field is required
EXTRA INFO:
Unknown
----------------------------------
[CALLER: Promise {
  <rejected> DiscordAPIError: Invalid Form Body
  name: This field is required
      at RequestHandler.execute (C:\Users\jaces\Desktop\Corebot\node_modules\discord.js\src\rest\RequestHandler.js:170:25)
      at runMicrotasks (<anonymous>)
      at processTicksAndRejections (internal/process/task_queues.js:93:5) {
    method: 'post',
    path: '/guilds/837104198419611649/channels',
    code: 50035,
    httpStatus: 400
  }
} | MS: 1620355025307 | DATE: 5/6/2021, 9:37:05 PM]
----------------------------------
DiscordAPIError: Invalid Form Body
name: This field is required
EXTRA INFO:
Unknown
----------------------------------
[CALLER: Promise {
  <rejected> DiscordAPIError: Invalid Form Body
  name: This field is required
      at RequestHandler.execute (C:\Users\jaces\Desktop\Corebot\node_modules\discord.js\src\rest\RequestHandler.js:170:25)
      at runMicrotasks (<anonymous>)
      at processTicksAndRejections (internal/process/task_queues.js:93:5) {
    method: 'post',
    path: '/guilds/832046329068650526/channels',
    code: 50035,
    httpStatus: 400
  }
} | MS: 1620355036666 | DATE: 5/6/2021, 9:37:16 PM]
----------------------------------
DiscordAPIError: Invalid Form Body
name: This field is required
EXTRA INFO:
Unknown
----------------------------------
[CALLER: Promise {
  <rejected> DiscordAPIError: Invalid Form Body
  name: This field is required
      at RequestHandler.execute (C:\Users\jaces\Desktop\Corebot\node_modules\discord.js\src\rest\RequestHandler.js:170:25)
      at runMicrotasks (<anonymous>)
      at processTicksAndRejections (internal/process/task_queues.js:93:5) {
    method: 'post',
    path: '/guilds/837104198419611649/channels',
    code: 50035,
    httpStatus: 400
  }
} | MS: 1620355036699 | DATE: 5/6/2021, 9:37:16 PM]
----------------------------------
DiscordAPIError: Invalid Form Body
name: This field is required
EXTRA INFO:
Unknown
----------------------------------
[CALLER: Promise {
  <rejected> DiscordAPIError: Invalid Form Body
  name: This field is required
      at RequestHandler.execute (C:\Users\jaces\Desktop\Corebot\node_modules\discord.js\src\rest\RequestHandler.js:170:25)
      at runMicrotasks (<anonymous>)
      at processTicksAndRejections (internal/process/task_queues.js:93:5) {
    method: 'post',
    path: '/guilds/832046329068650526/channels',
    code: 50035,
    httpStatus: 400
  }
} | MS: 1620355040722 | DATE: 5/6/2021, 9:37:20 PM]
----------------------------------
DiscordAPIError: Invalid Form Body
name: This field is required
EXTRA INFO:
Unknown
----------------------------------
[CALLER: Promise {
  <rejected> DiscordAPIError: Invalid Form Body
  name: This field is required
      at RequestHandler.execute (C:\Users\jaces\Desktop\Corebot\node_modules\discord.js\src\rest\RequestHandler.js:170:25)
      at runMicrotasks (<anonymous>)
      at processTicksAndRejections (internal/process/task_queues.js:93:5) {
    method: 'post',
    path: '/guilds/837104198419611649/channels',
    code: 50035,
    httpStatus: 400
  }
} | MS: 1620355040768 | DATE: 5/6/2021, 9:37:20 PM]
----------------------------------
DiscordAPIError: Invalid Form Body
name: This field is required
EXTRA INFO:
Unknown
----------------------------------
[CALLER: Promise {
  <rejected> DiscordAPIError: Invalid Form Body
  name: This field is required
      at RequestHandler.execute (C:\Users\jaces\Desktop\Corebot\node_modules\discord.js\src\rest\RequestHandler.js:170:25)
      at runMicrotasks (<anonymous>)
      at processTicksAndRejections (internal/process/task_queues.js:93:5) {
    method: 'post',
    path: '/guilds/832046329068650526/channels',
    code: 50035,
    httpStatus: 400
  }
} | MS: 1620355042836 | DATE: 5/6/2021, 9:37:22 PM]
----------------------------------
DiscordAPIError: Invalid Form Body
name: This field is required
EXTRA INFO:
Unknown
----------------------------------
[CALLER: Promise {
  <rejected> DiscordAPIError: Invalid Form Body
  name: This field is required
      at RequestHandler.execute (C:\Users\jaces\Desktop\Corebot\node_modules\discord.js\src\rest\RequestHandler.js:170:25)
      at runMicrotasks (<anonymous>)
      at processTicksAndRejections (internal/process/task_queues.js:93:5) {
    method: 'post',
    path: '/guilds/837104198419611649/channels',
    code: 50035,
    httpStatus: 400
  }
} | MS: 1620355042845 | DATE: 5/6/2021, 9:37:22 PM]
----------------------------------
DiscordAPIError: Invalid Form Body
name: This field is required
EXTRA INFO:
Unknown
----------------------------------
[CALLER: Promise {
  <rejected> DiscordAPIError: Invalid Form Body
  name: This field is required
      at RequestHandler.execute (C:\Users\jaces\Desktop\Corebot\node_modules\discord.js\src\rest\RequestHandler.js:170:25)
      at runMicrotasks (<anonymous>)
      at processTicksAndRejections (internal/process/task_queues.js:93:5) {
    method: 'post',
    path: '/guilds/832046329068650526/channels',
    code: 50035,
    httpStatus: 400
  }
} | MS: 1620355044449 | DATE: 5/6/2021, 9:37:24 PM]
----------------------------------
DiscordAPIError: Invalid Form Body
name: This field is required
EXTRA INFO:
Unknown
----------------------------------
[CALLER: Promise {
  <rejected> DiscordAPIError: Invalid Form Body
  name: This field is required
      at RequestHandler.execute (C:\Users\jaces\Desktop\Corebot\node_modules\discord.js\src\rest\RequestHandler.js:170:25)
      at runMicrotasks (<anonymous>)
      at processTicksAndRejections (internal/process/task_queues.js:93:5) {
    method: 'post',
    path: '/guilds/837104198419611649/channels',
    code: 50035,
    httpStatus: 400
  }
} | MS: 1620355044474 | DATE: 5/6/2021, 9:37:24 PM]
----------------------------------
DiscordAPIError: Invalid Form Body
name: This field is required
EXTRA INFO:
Unknown
----------------------------------
[CALLER: Promise {
  <rejected> DiscordAPIError: Invalid Form Body
  name: This field is required
      at RequestHandler.execute (C:\Users\jaces\Desktop\Corebot\node_modules\discord.js\src\rest\RequestHandler.js:170:25)
      at runMicrotasks (<anonymous>)
      at processTicksAndRejections (internal/process/task_queues.js:93:5) {
    method: 'post',
    path: '/guilds/837104198419611649/channels',
    code: 50035,
    httpStatus: 400
  }
} | MS: 1620355049191 | DATE: 5/6/2021, 9:37:29 PM]
----------------------------------
DiscordAPIError: Invalid Form Body
name: This field is required
EXTRA INFO:
Unknown
----------------------------------
[CALLER: Promise {
  <rejected> DiscordAPIError: Invalid Form Body
  name: This field is required
      at RequestHandler.execute (C:\Users\jaces\Desktop\Corebot\node_modules\discord.js\src\rest\RequestHandler.js:170:25)
      at runMicrotasks (<anonymous>)
      at processTicksAndRejections (internal/process/task_queues.js:93:5) {
    method: 'post',
    path: '/guilds/832046329068650526/channels',
    code: 50035,
    httpStatus: 400
  }
} | MS: 1620355049218 | DATE: 5/6/2021, 9:37:29 PM]
----------------------------------
DiscordAPIError: Invalid Form Body
name: This field is required
EXTRA INFO:
Unknown
----------------------------------
[CALLER: Promise {
  <rejected> DiscordAPIError: Invalid Form Body
  name: This field is required
      at RequestHandler.execute (C:\Users\jaces\Desktop\Corebot\node_modules\discord.js\src\rest\RequestHandler.js:170:25)
      at runMicrotasks (<anonymous>)
      at processTicksAndRejections (internal/process/task_queues.js:93:5) {
    method: 'post',
    path: '/guilds/832046329068650526/channels',
    code: 50035,
    httpStatus: 400
  }
} | MS: 1620355050356 | DATE: 5/6/2021, 9:37:30 PM]
----------------------------------
DiscordAPIError: Invalid Form Body
name: This field is required
EXTRA INFO:
Unknown
----------------------------------
[CALLER: Promise {
  <rejected> DiscordAPIError: Invalid Form Body
  name: This field is required
      at RequestHandler.execute (C:\Users\jaces\Desktop\Corebot\node_modules\discord.js\src\rest\RequestHandler.js:170:25)
      at runMicrotasks (<anonymous>)
      at processTicksAndRejections (internal/process/task_queues.js:93:5) {
    method: 'post',
    path: '/guilds/837104198419611649/channels',
    code: 50035,
    httpStatus: 400
  }
} | MS: 1620355050442 | DATE: 5/6/2021, 9:37:30 PM]
----------------------------------
DiscordAPIError: Invalid Form Body
name: This field is required
EXTRA INFO:
Unknown
----------------------------------
[CALLER: Promise {
  <rejected> DiscordAPIError: Invalid Form Body
  name: This field is required
      at RequestHandler.execute (C:\Users\jaces\Desktop\Corebot\node_modules\discord.js\src\rest\RequestHandler.js:170:25)
      at runMicrotasks (<anonymous>)
      at processTicksAndRejections (internal/process/task_queues.js:93:5) {
    method: 'post',
    path: '/guilds/832046329068650526/channels',
    code: 50035,
    httpStatus: 400
  }
} | MS: 1620355051271 | DATE: 5/6/2021, 9:37:31 PM]
----------------------------------
DiscordAPIError: Invalid Form Body
name: This field is required
EXTRA INFO:
Unknown
----------------------------------
[CALLER: Promise {
  <rejected> DiscordAPIError: Invalid Form Body
  name: This field is required
      at RequestHandler.execute (C:\Users\jaces\Desktop\Corebot\node_modules\discord.js\src\rest\RequestHandler.js:170:25)
      at runMicrotasks (<anonymous>)
      at processTicksAndRejections (internal/process/task_queues.js:93:5) {
    method: 'post',
    path: '/guilds/837104198419611649/channels',
    code: 50035,
    httpStatus: 400
  }
} | MS: 1620355051283 | DATE: 5/6/2021, 9:37:31 PM]
----------------------------------
DiscordAPIError: Invalid Form Body
name: This field is required
EXTRA INFO:
Unknown
----------------------------------
[CALLER: Promise {
  <rejected> DiscordAPIError: Invalid Form Body
  name: This field is required
      at RequestHandler.execute (C:\Users\jaces\Desktop\Corebot\node_modules\discord.js\src\rest\RequestHandler.js:170:25)
      at runMicrotasks (<anonymous>)
      at processTicksAndRejections (internal/process/task_queues.js:93:5) {
    method: 'post',
    path: '/guilds/832046329068650526/channels',
    code: 50035,
    httpStatus: 400
  }
} | MS: 1620355053642 | DATE: 5/6/2021, 9:37:33 PM]
----------------------------------
DiscordAPIError: Invalid Form Body
name: This field is required
EXTRA INFO:
Unknown
----------------------------------
[CALLER: Promise {
  <rejected> DiscordAPIError: Invalid Form Body
  name: This field is required
      at RequestHandler.execute (C:\Users\jaces\Desktop\Corebot\node_modules\discord.js\src\rest\RequestHandler.js:170:25)
      at runMicrotasks (<anonymous>)
      at processTicksAndRejections (internal/process/task_queues.js:93:5) {
    method: 'post',
    path: '/guilds/837104198419611649/channels',
    code: 50035,
    httpStatus: 400
  }
} | MS: 1620355053695 | DATE: 5/6/2021, 9:37:33 PM]
----------------------------------
DiscordAPIError: Invalid Form Body
name: This field is required
EXTRA INFO:
Unknown
----------------------------------
[CALLER: Promise {
  <rejected> DiscordAPIError: Invalid Form Body
  name: This field is required
      at RequestHandler.execute (C:\Users\jaces\Desktop\Corebot\node_modules\discord.js\src\rest\RequestHandler.js:170:25)
      at runMicrotasks (<anonymous>)
      at processTicksAndRejections (internal/process/task_queues.js:93:5) {
    method: 'post',
    path: '/guilds/832046329068650526/channels',
    code: 50035,
    httpStatus: 400
  }
} | MS: 1620355055261 | DATE: 5/6/2021, 9:37:35 PM]
----------------------------------
DiscordAPIError: Invalid Form Body
name: This field is required
EXTRA INFO:
Unknown
----------------------------------
[CALLER: Promise {
  <rejected> DiscordAPIError: Invalid Form Body
  name: This field is required
      at RequestHandler.execute (C:\Users\jaces\Desktop\Corebot\node_modules\discord.js\src\rest\RequestHandler.js:170:25)
      at runMicrotasks (<anonymous>)
      at processTicksAndRejections (internal/process/task_queues.js:93:5) {
    method: 'post',
    path: '/guilds/837104198419611649/channels',
    code: 50035,
    httpStatus: 400
  }
} | MS: 1620355055322 | DATE: 5/6/2021, 9:37:35 PM]
----------------------------------
DiscordAPIError: Invalid Form Body
name: This field is required
EXTRA INFO:
Unknown
----------------------------------
[CALLER: Promise {
  <rejected> DiscordAPIError: Invalid Form Body
  name: This field is required
      at RequestHandler.execute (C:\Users\jaces\Desktop\Corebot\node_modules\discord.js\src\rest\RequestHandler.js:170:25)
      at runMicrotasks (<anonymous>)
      at processTicksAndRejections (internal/process/task_queues.js:93:5) {
    method: 'post',
    path: '/guilds/837104198419611649/channels',
    code: 50035,
    httpStatus: 400
  }
} | MS: 1620355066663 | DATE: 5/6/2021, 9:37:46 PM]
----------------------------------
DiscordAPIError: Invalid Form Body
name: This field is required
EXTRA INFO:
Unknown
----------------------------------
[CALLER: Promise {
  <rejected> DiscordAPIError: Invalid Form Body
  name: This field is required
      at RequestHandler.execute (C:\Users\jaces\Desktop\Corebot\node_modules\discord.js\src\rest\RequestHandler.js:170:25)
      at runMicrotasks (<anonymous>)
      at processTicksAndRejections (internal/process/task_queues.js:93:5) {
    method: 'post',
    path: '/guilds/832046329068650526/channels',
    code: 50035,
    httpStatus: 400
  }
} | MS: 1620355066664 | DATE: 5/6/2021, 9:37:46 PM]
----------------------------------
DiscordAPIError: Invalid Form Body
name: This field is required
EXTRA INFO:
Unknown
----------------------------------
[CALLER: Promise {
  <rejected> DiscordAPIError: Invalid Form Body
  name: This field is required
      at RequestHandler.execute (C:\Users\jaces\Desktop\Corebot\node_modules\discord.js\src\rest\RequestHandler.js:170:25)
      at runMicrotasks (<anonymous>)
      at processTicksAndRejections (internal/process/task_queues.js:93:5) {
    method: 'post',
    path: '/guilds/832046329068650526/channels',
    code: 50035,
    httpStatus: 400
  }
} | MS: 1620355070747 | DATE: 5/6/2021, 9:37:50 PM]
----------------------------------
DiscordAPIError: Invalid Form Body
name: This field is required
EXTRA INFO:
Unknown
----------------------------------
[CALLER: Promise {
  <rejected> DiscordAPIError: Invalid Form Body
  name: This field is required
      at RequestHandler.execute (C:\Users\jaces\Desktop\Corebot\node_modules\discord.js\src\rest\RequestHandler.js:170:25)
      at runMicrotasks (<anonymous>)
      at processTicksAndRejections (internal/process/task_queues.js:93:5) {
    method: 'post',
    path: '/guilds/837104198419611649/channels',
    code: 50035,
    httpStatus: 400
  }
} | MS: 1620355070754 | DATE: 5/6/2021, 9:37:50 PM]
----------------------------------
DiscordAPIError: Invalid Form Body
name: This field is required
EXTRA INFO:
Unknown
----------------------------------
[CALLER: Promise {
  <rejected> DiscordAPIError: Invalid Form Body
  name: This field is required
      at RequestHandler.execute (C:\Users\jaces\Desktop\Corebot\node_modules\discord.js\src\rest\RequestHandler.js:170:25)
      at runMicrotasks (<anonymous>)
      at processTicksAndRejections (internal/process/task_queues.js:93:5) {
    method: 'post',
    path: '/guilds/832046329068650526/channels',
    code: 50035,
    httpStatus: 400
  }
} | MS: 1620355072835 | DATE: 5/6/2021, 9:37:52 PM]
----------------------------------
DiscordAPIError: Invalid Form Body
name: This field is required
EXTRA INFO:
Unknown
----------------------------------
[CALLER: Promise {
  <rejected> DiscordAPIError: Invalid Form Body
  name: This field is required
      at RequestHandler.execute (C:\Users\jaces\Desktop\Corebot\node_modules\discord.js\src\rest\RequestHandler.js:170:25)
      at runMicrotasks (<anonymous>)
      at processTicksAndRejections (internal/process/task_queues.js:93:5) {
    method: 'post',
    path: '/guilds/837104198419611649/channels',
    code: 50035,
    httpStatus: 400
  }
} | MS: 1620355072932 | DATE: 5/6/2021, 9:37:52 PM]
----------------------------------
DiscordAPIError: Invalid Form Body
name: This field is required
EXTRA INFO:
Unknown
----------------------------------
[CALLER: Promise {
  <rejected> DiscordAPIError: Invalid Form Body
  name: This field is required
      at RequestHandler.execute (C:\Users\jaces\Desktop\Corebot\node_modules\discord.js\src\rest\RequestHandler.js:170:25)
      at runMicrotasks (<anonymous>)
      at processTicksAndRejections (internal/process/task_queues.js:93:5) {
    method: 'post',
    path: '/guilds/832046329068650526/channels',
    code: 50035,
    httpStatus: 400
  }
} | MS: 1620355074428 | DATE: 5/6/2021, 9:37:54 PM]
----------------------------------
DiscordAPIError: Invalid Form Body
name: This field is required
EXTRA INFO:
Unknown
----------------------------------
[CALLER: Promise {
  <rejected> DiscordAPIError: Invalid Form Body
  name: This field is required
      at RequestHandler.execute (C:\Users\jaces\Desktop\Corebot\node_modules\discord.js\src\rest\RequestHandler.js:170:25)
      at runMicrotasks (<anonymous>)
      at processTicksAndRejections (internal/process/task_queues.js:93:5) {
    method: 'post',
    path: '/guilds/837104198419611649/channels',
    code: 50035,
    httpStatus: 400
  }
} | MS: 1620355074451 | DATE: 5/6/2021, 9:37:54 PM]
----------------------------------
DiscordAPIError: Invalid Form Body
name: This field is required
EXTRA INFO:
Unknown
----------------------------------
[CALLER: Promise {
  <rejected> DiscordAPIError: Invalid Form Body
  name: This field is required
      at RequestHandler.execute (C:\Users\jaces\Desktop\Corebot\node_modules\discord.js\src\rest\RequestHandler.js:170:25)
      at runMicrotasks (<anonymous>)
      at processTicksAndRejections (internal/process/task_queues.js:93:5) {
    method: 'post',
    path: '/guilds/837104198419611649/channels',
    code: 50035,
    httpStatus: 400
  }
} | MS: 1620355079199 | DATE: 5/6/2021, 9:37:59 PM]
----------------------------------
DiscordAPIError: Invalid Form Body
name: This field is required
EXTRA INFO:
Unknown
----------------------------------
[CALLER: Promise {
  <rejected> DiscordAPIError: Invalid Form Body
  name: This field is required
      at RequestHandler.execute (C:\Users\jaces\Desktop\Corebot\node_modules\discord.js\src\rest\RequestHandler.js:170:25)
      at runMicrotasks (<anonymous>)
      at processTicksAndRejections (internal/process/task_queues.js:93:5) {
    method: 'post',
    path: '/guilds/832046329068650526/channels',
    code: 50035,
    httpStatus: 400
  }
} | MS: 1620355079251 | DATE: 5/6/2021, 9:37:59 PM]
----------------------------------
DiscordAPIError: Invalid Form Body
name: This field is required
EXTRA INFO:
Unknown
----------------------------------
[CALLER: Promise {
  <rejected> DiscordAPIError: Invalid Form Body
  name: This field is required
      at RequestHandler.execute (C:\Users\jaces\Desktop\Corebot\node_modules\discord.js\src\rest\RequestHandler.js:170:25)
      at runMicrotasks (<anonymous>)
      at processTicksAndRejections (internal/process/task_queues.js:93:5) {
    method: 'post',
    path: '/guilds/837104198419611649/channels',
    code: 50035,
    httpStatus: 400
  }
} | MS: 1620355080357 | DATE: 5/6/2021, 9:38:00 PM]
----------------------------------
DiscordAPIError: Invalid Form Body
name: This field is required
EXTRA INFO:
Unknown
----------------------------------
[CALLER: Promise {
  <rejected> DiscordAPIError: Invalid Form Body
  name: This field is required
      at RequestHandler.execute (C:\Users\jaces\Desktop\Corebot\node_modules\discord.js\src\rest\RequestHandler.js:170:25)
      at runMicrotasks (<anonymous>)
      at processTicksAndRejections (internal/process/task_queues.js:93:5) {
    method: 'post',
    path: '/guilds/832046329068650526/channels',
    code: 50035,
    httpStatus: 400
  }
} | MS: 1620355080389 | DATE: 5/6/2021, 9:38:00 PM]
----------------------------------
DiscordAPIError: Invalid Form Body
name: This field is required
EXTRA INFO:
Unknown
----------------------------------
[CALLER: Promise {
  <rejected> DiscordAPIError: Invalid Form Body
  name: This field is required
      at RequestHandler.execute (C:\Users\jaces\Desktop\Corebot\node_modules\discord.js\src\rest\RequestHandler.js:170:25)
      at runMicrotasks (<anonymous>)
      at processTicksAndRejections (internal/process/task_queues.js:93:5) {
    method: 'post',
    path: '/guilds/832046329068650526/channels',
    code: 50035,
    httpStatus: 400
  }
} | MS: 1620355081290 | DATE: 5/6/2021, 9:38:01 PM]
----------------------------------
DiscordAPIError: Invalid Form Body
name: This field is required
EXTRA INFO:
Unknown
----------------------------------
[CALLER: Promise {
  <rejected> DiscordAPIError: Invalid Form Body
  name: This field is required
      at RequestHandler.execute (C:\Users\jaces\Desktop\Corebot\node_modules\discord.js\src\rest\RequestHandler.js:170:25)
      at runMicrotasks (<anonymous>)
      at processTicksAndRejections (internal/process/task_queues.js:93:5) {
    method: 'post',
    path: '/guilds/837104198419611649/channels',
    code: 50035,
    httpStatus: 400
  }
} | MS: 1620355081296 | DATE: 5/6/2021, 9:38:01 PM]
----------------------------------
DiscordAPIError: Invalid Form Body
name: This field is required
EXTRA INFO:
Unknown
----------------------------------
[CALLER: Promise {
  <rejected> DiscordAPIError: Invalid Form Body
  name: This field is required
      at RequestHandler.execute (C:\Users\jaces\Desktop\Corebot\node_modules\discord.js\src\rest\RequestHandler.js:170:25)
      at runMicrotasks (<anonymous>)
      at processTicksAndRejections (internal/process/task_queues.js:93:5) {
    method: 'post',
    path: '/guilds/832046329068650526/channels',
    code: 50035,
    httpStatus: 400
  }
} | MS: 1620355083641 | DATE: 5/6/2021, 9:38:03 PM]
----------------------------------
DiscordAPIError: Invalid Form Body
name: This field is required
EXTRA INFO:
Unknown
----------------------------------
[CALLER: Promise {
  <rejected> DiscordAPIError: Invalid Form Body
  name: This field is required
      at RequestHandler.execute (C:\Users\jaces\Desktop\Corebot\node_modules\discord.js\src\rest\RequestHandler.js:170:25)
      at runMicrotasks (<anonymous>)
      at processTicksAndRejections (internal/process/task_queues.js:93:5) {
    method: 'post',
    path: '/guilds/837104198419611649/channels',
    code: 50035,
    httpStatus: 400
  }
} | MS: 1620355083667 | DATE: 5/6/2021, 9:38:03 PM]
----------------------------------
DiscordAPIError: Invalid Form Body
name: This field is required
EXTRA INFO:
Unknown
----------------------------------
[CALLER: Promise {
  <rejected> DiscordAPIError: Invalid Form Body
  name: This field is required
      at RequestHandler.execute (C:\Users\jaces\Desktop\Corebot\node_modules\discord.js\src\rest\RequestHandler.js:170:25)
      at runMicrotasks (<anonymous>)
      at processTicksAndRejections (internal/process/task_queues.js:93:5) {
    method: 'post',
    path: '/guilds/832046329068650526/channels',
    code: 50035,
    httpStatus: 400
  }
} | MS: 1620355085258 | DATE: 5/6/2021, 9:38:05 PM]
----------------------------------
DiscordAPIError: Invalid Form Body
name: This field is required
EXTRA INFO:
Unknown
----------------------------------
[CALLER: Promise {
  <rejected> DiscordAPIError: Invalid Form Body
  name: This field is required
      at RequestHandler.execute (C:\Users\jaces\Desktop\Corebot\node_modules\discord.js\src\rest\RequestHandler.js:170:25)
      at runMicrotasks (<anonymous>)
      at processTicksAndRejections (internal/process/task_queues.js:93:5) {
    method: 'post',
    path: '/guilds/837104198419611649/channels',
    code: 50035,
    httpStatus: 400
  }
} | MS: 1620355085270 | DATE: 5/6/2021, 9:38:05 PM]
----------------------------------
DiscordAPIError: Invalid Form Body
name: This field is required
EXTRA INFO:
Unknown
----------------------------------
[CALLER: Promise {
  <rejected> DiscordAPIError: Invalid Form Body
  name: This field is required
      at RequestHandler.execute (C:\Users\jaces\Desktop\Corebot\node_modules\discord.js\src\rest\RequestHandler.js:170:25)
      at runMicrotasks (<anonymous>)
      at processTicksAndRejections (internal/process/task_queues.js:93:5) {
    method: 'post',
    path: '/guilds/837104198419611649/channels',
    code: 50035,
    httpStatus: 400
  }
} | MS: 1620355096649 | DATE: 5/6/2021, 9:38:16 PM]
----------------------------------
DiscordAPIError: Invalid Form Body
name: This field is required
EXTRA INFO:
Unknown
----------------------------------
[CALLER: Promise {
  <rejected> DiscordAPIError: Invalid Form Body
  name: This field is required
      at RequestHandler.execute (C:\Users\jaces\Desktop\Corebot\node_modules\discord.js\src\rest\RequestHandler.js:170:25)
      at runMicrotasks (<anonymous>)
      at processTicksAndRejections (internal/process/task_queues.js:93:5) {
    method: 'post',
    path: '/guilds/832046329068650526/channels',
    code: 50035,
    httpStatus: 400
  }
} | MS: 1620355096693 | DATE: 5/6/2021, 9:38:16 PM]
----------------------------------
DiscordAPIError: Invalid Form Body
name: This field is required
EXTRA INFO:
Unknown
----------------------------------
[CALLER: Promise {
  <rejected> DiscordAPIError: Invalid Form Body
  name: This field is required
      at RequestHandler.execute (C:\Users\jaces\Desktop\Corebot\node_modules\discord.js\src\rest\RequestHandler.js:170:25)
      at runMicrotasks (<anonymous>)
      at processTicksAndRejections (internal/process/task_queues.js:93:5) {
    method: 'post',
    path: '/guilds/837104198419611649/channels',
    code: 50035,
    httpStatus: 400
  }
} | MS: 1620355100712 | DATE: 5/6/2021, 9:38:20 PM]
----------------------------------
DiscordAPIError: Invalid Form Body
name: This field is required
EXTRA INFO:
Unknown
----------------------------------
[CALLER: Promise {
  <rejected> DiscordAPIError: Invalid Form Body
  name: This field is required
      at RequestHandler.execute (C:\Users\jaces\Desktop\Corebot\node_modules\discord.js\src\rest\RequestHandler.js:170:25)
      at runMicrotasks (<anonymous>)
      at processTicksAndRejections (internal/process/task_queues.js:93:5) {
    method: 'post',
    path: '/guilds/832046329068650526/channels',
    code: 50035,
    httpStatus: 400
  }
} | MS: 1620355100724 | DATE: 5/6/2021, 9:38:20 PM]
----------------------------------
DiscordAPIError: Invalid Form Body
name: This field is required
EXTRA INFO:
Unknown
----------------------------------
[CALLER: Promise {
  <rejected> DiscordAPIError: Invalid Form Body
  name: This field is required
      at RequestHandler.execute (C:\Users\jaces\Desktop\Corebot\node_modules\discord.js\src\rest\RequestHandler.js:170:25)
      at runMicrotasks (<anonymous>)
      at processTicksAndRejections (internal/process/task_queues.js:93:5) {
    method: 'post',
    path: '/guilds/837104198419611649/channels',
    code: 50035,
    httpStatus: 400
  }
} | MS: 1620355102838 | DATE: 5/6/2021, 9:38:22 PM]
----------------------------------
DiscordAPIError: Invalid Form Body
name: This field is required
EXTRA INFO:
Unknown
----------------------------------
[CALLER: Promise {
  <rejected> DiscordAPIError: Invalid Form Body
  name: This field is required
      at RequestHandler.execute (C:\Users\jaces\Desktop\Corebot\node_modules\discord.js\src\rest\RequestHandler.js:170:25)
      at runMicrotasks (<anonymous>)
      at processTicksAndRejections (internal/process/task_queues.js:93:5) {
    method: 'post',
    path: '/guilds/832046329068650526/channels',
    code: 50035,
    httpStatus: 400
  }
} | MS: 1620355102846 | DATE: 5/6/2021, 9:38:22 PM]
----------------------------------
DiscordAPIError: Invalid Form Body
name: This field is required
EXTRA INFO:
Unknown
----------------------------------
[CALLER: Promise {
  <rejected> DiscordAPIError: Invalid Form Body
  name: This field is required
      at RequestHandler.execute (C:\Users\jaces\Desktop\Corebot\node_modules\discord.js\src\rest\RequestHandler.js:170:25)
      at runMicrotasks (<anonymous>)
      at processTicksAndRejections (internal/process/task_queues.js:93:5) {
    method: 'post',
    path: '/guilds/837104198419611649/channels',
    code: 50035,
    httpStatus: 400
  }
} | MS: 1620355104409 | DATE: 5/6/2021, 9:38:24 PM]
----------------------------------
DiscordAPIError: Invalid Form Body
name: This field is required
EXTRA INFO:
Unknown
----------------------------------
[CALLER: Promise {
  <rejected> DiscordAPIError: Invalid Form Body
  name: This field is required
      at RequestHandler.execute (C:\Users\jaces\Desktop\Corebot\node_modules\discord.js\src\rest\RequestHandler.js:170:25)
      at runMicrotasks (<anonymous>)
      at processTicksAndRejections (internal/process/task_queues.js:93:5) {
    method: 'post',
    path: '/guilds/832046329068650526/channels',
    code: 50035,
    httpStatus: 400
  }
} | MS: 1620355104411 | DATE: 5/6/2021, 9:38:24 PM]
----------------------------------
DiscordAPIError: Invalid Form Body
name: This field is required
EXTRA INFO:
Unknown
----------------------------------
[CALLER: Promise {
  <rejected> DiscordAPIError: Invalid Form Body
  name: This field is required
      at RequestHandler.execute (C:\Users\jaces\Desktop\Corebot\node_modules\discord.js\src\rest\RequestHandler.js:170:25)
      at runMicrotasks (<anonymous>)
      at processTicksAndRejections (internal/process/task_queues.js:93:5) {
    method: 'post',
    path: '/guilds/832046329068650526/channels',
    code: 50035,
    httpStatus: 400
  }
} | MS: 1620355109196 | DATE: 5/6/2021, 9:38:29 PM]
----------------------------------
DiscordAPIError: Invalid Form Body
name: This field is required
EXTRA INFO:
Unknown
----------------------------------
[CALLER: Promise {
  <rejected> DiscordAPIError: Invalid Form Body
  name: This field is required
      at RequestHandler.execute (C:\Users\jaces\Desktop\Corebot\node_modules\discord.js\src\rest\RequestHandler.js:170:25)
      at runMicrotasks (<anonymous>)
      at processTicksAndRejections (internal/process/task_queues.js:93:5) {
    method: 'post',
    path: '/guilds/837104198419611649/channels',
    code: 50035,
    httpStatus: 400
  }
} | MS: 1620355109204 | DATE: 5/6/2021, 9:38:29 PM]
----------------------------------
DiscordAPIError: Invalid Form Body
name: This field is required
EXTRA INFO:
Unknown
----------------------------------
[CALLER: Promise {
  <rejected> DiscordAPIError: Invalid Form Body
  name: This field is required
      at RequestHandler.execute (C:\Users\jaces\Desktop\Corebot\node_modules\discord.js\src\rest\RequestHandler.js:170:25)
      at runMicrotasks (<anonymous>)
      at processTicksAndRejections (internal/process/task_queues.js:93:5) {
    method: 'post',
    path: '/guilds/832046329068650526/channels',
    code: 50035,
    httpStatus: 400
  }
} | MS: 1620355110376 | DATE: 5/6/2021, 9:38:30 PM]
----------------------------------
DiscordAPIError: Invalid Form Body
name: This field is required
EXTRA INFO:
Unknown
----------------------------------
[CALLER: Promise {
  <rejected> DiscordAPIError: Invalid Form Body
  name: This field is required
      at RequestHandler.execute (C:\Users\jaces\Desktop\Corebot\node_modules\discord.js\src\rest\RequestHandler.js:170:25)
      at runMicrotasks (<anonymous>)
      at processTicksAndRejections (internal/process/task_queues.js:93:5) {
    method: 'post',
    path: '/guilds/837104198419611649/channels',
    code: 50035,
    httpStatus: 400
  }
} | MS: 1620355110377 | DATE: 5/6/2021, 9:38:30 PM]
----------------------------------
DiscordAPIError: Invalid Form Body
name: This field is required
EXTRA INFO:
Unknown
----------------------------------
[CALLER: Promise {
  <rejected> DiscordAPIError: Invalid Form Body
  name: This field is required
      at RequestHandler.execute (C:\Users\jaces\Desktop\Corebot\node_modules\discord.js\src\rest\RequestHandler.js:170:25)
      at runMicrotasks (<anonymous>)
      at processTicksAndRejections (internal/process/task_queues.js:93:5) {
    method: 'post',
    path: '/guilds/832046329068650526/channels',
    code: 50035,
    httpStatus: 400
  }
} | MS: 1620355111279 | DATE: 5/6/2021, 9:38:31 PM]
----------------------------------
DiscordAPIError: Invalid Form Body
name: This field is required
EXTRA INFO:
Unknown
----------------------------------
[CALLER: Promise {
  <rejected> DiscordAPIError: Invalid Form Body
  name: This field is required
      at RequestHandler.execute (C:\Users\jaces\Desktop\Corebot\node_modules\discord.js\src\rest\RequestHandler.js:170:25)
      at runMicrotasks (<anonymous>)
      at processTicksAndRejections (internal/process/task_queues.js:93:5) {
    method: 'post',
    path: '/guilds/837104198419611649/channels',
    code: 50035,
    httpStatus: 400
  }
} | MS: 1620355111308 | DATE: 5/6/2021, 9:38:31 PM]
----------------------------------
DiscordAPIError: Invalid Form Body
name: This field is required
EXTRA INFO:
Unknown
----------------------------------
[CALLER: Promise {
  <rejected> DiscordAPIError: Invalid Form Body
  name: This field is required
      at RequestHandler.execute (C:\Users\jaces\Desktop\Corebot\node_modules\discord.js\src\rest\RequestHandler.js:170:25)
      at runMicrotasks (<anonymous>)
      at processTicksAndRejections (internal/process/task_queues.js:93:5) {
    method: 'post',
    path: '/guilds/837104198419611649/channels',
    code: 50035,
    httpStatus: 400
  }
} | MS: 1620355113624 | DATE: 5/6/2021, 9:38:33 PM]
----------------------------------
DiscordAPIError: Invalid Form Body
name: This field is required
EXTRA INFO:
Unknown
----------------------------------
[CALLER: Promise {
  <rejected> DiscordAPIError: Invalid Form Body
  name: This field is required
      at RequestHandler.execute (C:\Users\jaces\Desktop\Corebot\node_modules\discord.js\src\rest\RequestHandler.js:170:25)
      at runMicrotasks (<anonymous>)
      at processTicksAndRejections (internal/process/task_queues.js:93:5) {
    method: 'post',
    path: '/guilds/832046329068650526/channels',
    code: 50035,
    httpStatus: 400
  }
} | MS: 1620355113628 | DATE: 5/6/2021, 9:38:33 PM]
----------------------------------
DiscordAPIError: Invalid Form Body
name: This field is required
EXTRA INFO:
Unknown
----------------------------------
[CALLER: Promise {
  <rejected> DiscordAPIError: Invalid Form Body
  name: This field is required
      at RequestHandler.execute (C:\Users\jaces\Desktop\Corebot\node_modules\discord.js\src\rest\RequestHandler.js:170:25)
      at runMicrotasks (<anonymous>)
      at processTicksAndRejections (internal/process/task_queues.js:93:5) {
    method: 'post',
    path: '/guilds/832046329068650526/channels',
    code: 50035,
    httpStatus: 400
  }
} | MS: 1620355115387 | DATE: 5/6/2021, 9:38:35 PM]
----------------------------------
DiscordAPIError: Invalid Form Body
name: This field is required
EXTRA INFO:
Unknown
----------------------------------
[CALLER: Promise {
  <rejected> DiscordAPIError: Invalid Form Body
  name: This field is required
      at RequestHandler.execute (C:\Users\jaces\Desktop\Corebot\node_modules\discord.js\src\rest\RequestHandler.js:170:25)
      at runMicrotasks (<anonymous>)
      at processTicksAndRejections (internal/process/task_queues.js:93:5) {
    method: 'post',
    path: '/guilds/837104198419611649/channels',
    code: 50035,
    httpStatus: 400
  }
} | MS: 1620355115386 | DATE: 5/6/2021, 9:38:35 PM]
----------------------------------
DiscordAPIError: Invalid Form Body
name: This field is required
EXTRA INFO:
Unknown
----------------------------------
[CALLER: Promise {
  <rejected> DiscordAPIError: Invalid Form Body
  name: This field is required
      at RequestHandler.execute (C:\Users\jaces\Desktop\Corebot\node_modules\discord.js\src\rest\RequestHandler.js:170:25)
      at runMicrotasks (<anonymous>)
      at processTicksAndRejections (internal/process/task_queues.js:93:5) {
    method: 'post',
    path: '/guilds/837104198419611649/channels',
    code: 50035,
    httpStatus: 400
  }
} | MS: 1620355126662 | DATE: 5/6/2021, 9:38:46 PM]
----------------------------------
DiscordAPIError: Invalid Form Body
name: This field is required
EXTRA INFO:
Unknown
----------------------------------
[CALLER: Promise {
  <rejected> DiscordAPIError: Invalid Form Body
  name: This field is required
      at RequestHandler.execute (C:\Users\jaces\Desktop\Corebot\node_modules\discord.js\src\rest\RequestHandler.js:170:25)
      at runMicrotasks (<anonymous>)
      at processTicksAndRejections (internal/process/task_queues.js:93:5) {
    method: 'post',
    path: '/guilds/832046329068650526/channels',
    code: 50035,
    httpStatus: 400
  }
} | MS: 1620355126707 | DATE: 5/6/2021, 9:38:46 PM]
----------------------------------
DiscordAPIError: Invalid Form Body
name: This field is required
EXTRA INFO:
Unknown
----------------------------------
[CALLER: Promise {
  <rejected> DiscordAPIError: Invalid Form Body
  name: This field is required
      at RequestHandler.execute (C:\Users\jaces\Desktop\Corebot\node_modules\discord.js\src\rest\RequestHandler.js:170:25)
      at runMicrotasks (<anonymous>)
      at processTicksAndRejections (internal/process/task_queues.js:93:5) {
    method: 'post',
    path: '/guilds/832046329068650526/channels',
    code: 50035,
    httpStatus: 400
  }
} | MS: 1620355130738 | DATE: 5/6/2021, 9:38:50 PM]
----------------------------------
DiscordAPIError: Invalid Form Body
name: This field is required
EXTRA INFO:
Unknown
----------------------------------
[CALLER: Promise {
  <rejected> DiscordAPIError: Invalid Form Body
  name: This field is required
      at RequestHandler.execute (C:\Users\jaces\Desktop\Corebot\node_modules\discord.js\src\rest\RequestHandler.js:170:25)
      at runMicrotasks (<anonymous>)
      at processTicksAndRejections (internal/process/task_queues.js:93:5) {
    method: 'post',
    path: '/guilds/837104198419611649/channels',
    code: 50035,
    httpStatus: 400
  }
} | MS: 1620355130753 | DATE: 5/6/2021, 9:38:50 PM]
----------------------------------
DiscordAPIError: Invalid Form Body
name: This field is required
EXTRA INFO:
Unknown
----------------------------------
[CALLER: Promise {
  <rejected> DiscordAPIError: Invalid Form Body
  name: This field is required
      at RequestHandler.execute (C:\Users\jaces\Desktop\Corebot\node_modules\discord.js\src\rest\RequestHandler.js:170:25)
      at runMicrotasks (<anonymous>)
      at processTicksAndRejections (internal/process/task_queues.js:93:5) {
    method: 'post',
    path: '/guilds/837104198419611649/channels',
    code: 50035,
    httpStatus: 400
  }
} | MS: 1620355132837 | DATE: 5/6/2021, 9:38:52 PM]
----------------------------------
DiscordAPIError: Invalid Form Body
name: This field is required
EXTRA INFO:
Unknown
----------------------------------
[CALLER: Promise {
  <rejected> DiscordAPIError: Invalid Form Body
  name: This field is required
      at RequestHandler.execute (C:\Users\jaces\Desktop\Corebot\node_modules\discord.js\src\rest\RequestHandler.js:170:25)
      at runMicrotasks (<anonymous>)
      at processTicksAndRejections (internal/process/task_queues.js:93:5) {
    method: 'post',
    path: '/guilds/832046329068650526/channels',
    code: 50035,
    httpStatus: 400
  }
} | MS: 1620355132842 | DATE: 5/6/2021, 9:38:52 PM]
----------------------------------
DiscordAPIError: Invalid Form Body
name: This field is required
EXTRA INFO:
Unknown
----------------------------------
[CALLER: Promise {
  <rejected> DiscordAPIError: Invalid Form Body
  name: This field is required
      at RequestHandler.execute (C:\Users\jaces\Desktop\Corebot\node_modules\discord.js\src\rest\RequestHandler.js:170:25)
      at runMicrotasks (<anonymous>)
      at processTicksAndRejections (internal/process/task_queues.js:93:5) {
    method: 'post',
    path: '/guilds/832046329068650526/channels',
    code: 50035,
    httpStatus: 400
  }
} | MS: 1620355134416 | DATE: 5/6/2021, 9:38:54 PM]
----------------------------------
DiscordAPIError: Invalid Form Body
name: This field is required
EXTRA INFO:
Unknown
----------------------------------
[CALLER: Promise {
  <rejected> DiscordAPIError: Invalid Form Body
  name: This field is required
      at RequestHandler.execute (C:\Users\jaces\Desktop\Corebot\node_modules\discord.js\src\rest\RequestHandler.js:170:25)
      at runMicrotasks (<anonymous>)
      at processTicksAndRejections (internal/process/task_queues.js:93:5) {
    method: 'post',
    path: '/guilds/837104198419611649/channels',
    code: 50035,
    httpStatus: 400
  }
} | MS: 1620355134433 | DATE: 5/6/2021, 9:38:54 PM]
----------------------------------
DiscordAPIError: Invalid Form Body
name: This field is required
EXTRA INFO:
Unknown
----------------------------------
[CALLER: Promise {
  <rejected> DiscordAPIError: Invalid Form Body
  name: This field is required
      at RequestHandler.execute (C:\Users\jaces\Desktop\Corebot\node_modules\discord.js\src\rest\RequestHandler.js:170:25)
      at runMicrotasks (<anonymous>)
      at processTicksAndRejections (internal/process/task_queues.js:93:5) {
    method: 'post',
    path: '/guilds/837104198419611649/channels',
    code: 50035,
    httpStatus: 400
  }
} | MS: 1620355139192 | DATE: 5/6/2021, 9:38:59 PM]
----------------------------------
DiscordAPIError: Invalid Form Body
name: This field is required
EXTRA INFO:
Unknown
----------------------------------
[CALLER: Promise {
  <rejected> DiscordAPIError: Invalid Form Body
  name: This field is required
      at RequestHandler.execute (C:\Users\jaces\Desktop\Corebot\node_modules\discord.js\src\rest\RequestHandler.js:170:25)
      at runMicrotasks (<anonymous>)
      at processTicksAndRejections (internal/process/task_queues.js:93:5) {
    method: 'post',
    path: '/guilds/832046329068650526/channels',
    code: 50035,
    httpStatus: 400
  }
} | MS: 1620355139225 | DATE: 5/6/2021, 9:38:59 PM]
----------------------------------
DiscordAPIError: Invalid Form Body
name: This field is required
EXTRA INFO:
Unknown
----------------------------------
[CALLER: Promise {
  <rejected> DiscordAPIError: Invalid Form Body
  name: This field is required
      at RequestHandler.execute (C:\Users\jaces\Desktop\Corebot\node_modules\discord.js\src\rest\RequestHandler.js:170:25)
      at runMicrotasks (<anonymous>)
      at processTicksAndRejections (internal/process/task_queues.js:93:5) {
    method: 'post',
    path: '/guilds/837104198419611649/channels',
    code: 50035,
    httpStatus: 400
  }
} | MS: 1620355140353 | DATE: 5/6/2021, 9:39:00 PM]
----------------------------------
DiscordAPIError: Invalid Form Body
name: This field is required
EXTRA INFO:
Unknown
----------------------------------
[CALLER: Promise {
  <rejected> DiscordAPIError: Invalid Form Body
  name: This field is required
      at RequestHandler.execute (C:\Users\jaces\Desktop\Corebot\node_modules\discord.js\src\rest\RequestHandler.js:170:25)
      at runMicrotasks (<anonymous>)
      at processTicksAndRejections (internal/process/task_queues.js:93:5) {
    method: 'post',
    path: '/guilds/832046329068650526/channels',
    code: 50035,
    httpStatus: 400
  }
} | MS: 1620355140379 | DATE: 5/6/2021, 9:39:00 PM]
----------------------------------
DiscordAPIError: Invalid Form Body
name: This field is required
EXTRA INFO:
Unknown
----------------------------------
[CALLER: Promise {
  <rejected> DiscordAPIError: Invalid Form Body
  name: This field is required
      at RequestHandler.execute (C:\Users\jaces\Desktop\Corebot\node_modules\discord.js\src\rest\RequestHandler.js:170:25)
      at runMicrotasks (<anonymous>)
      at processTicksAndRejections (internal/process/task_queues.js:93:5) {
    method: 'post',
    path: '/guilds/837104198419611649/channels',
    code: 50035,
    httpStatus: 400
  }
} | MS: 1620355141284 | DATE: 5/6/2021, 9:39:01 PM]
----------------------------------
DiscordAPIError: Invalid Form Body
name: This field is required
EXTRA INFO:
Unknown
----------------------------------
[CALLER: Promise {
  <rejected> DiscordAPIError: Invalid Form Body
  name: This field is required
      at RequestHandler.execute (C:\Users\jaces\Desktop\Corebot\node_modules\discord.js\src\rest\RequestHandler.js:170:25)
      at runMicrotasks (<anonymous>)
      at processTicksAndRejections (internal/process/task_queues.js:93:5) {
    method: 'post',
    path: '/guilds/832046329068650526/channels',
    code: 50035,
    httpStatus: 400
  }
} | MS: 1620355141285 | DATE: 5/6/2021, 9:39:01 PM]
----------------------------------
DiscordAPIError: Invalid Form Body
name: This field is required
EXTRA INFO:
Unknown
----------------------------------
[CALLER: Promise {
  <rejected> DiscordAPIError: Invalid Form Body
  name: This field is required
      at RequestHandler.execute (C:\Users\jaces\Desktop\Corebot\node_modules\discord.js\src\rest\RequestHandler.js:170:25)
      at runMicrotasks (<anonymous>)
      at processTicksAndRejections (internal/process/task_queues.js:93:5) {
    method: 'post',
    path: '/guilds/832046329068650526/channels',
    code: 50035,
    httpStatus: 400
  }
} | MS: 1620355143647 | DATE: 5/6/2021, 9:39:03 PM]
----------------------------------
DiscordAPIError: Invalid Form Body
name: This field is required
EXTRA INFO:
Unknown
----------------------------------
[CALLER: Promise {
  <rejected> DiscordAPIError: Invalid Form Body
  name: This field is required
      at RequestHandler.execute (C:\Users\jaces\Desktop\Corebot\node_modules\discord.js\src\rest\RequestHandler.js:170:25)
      at runMicrotasks (<anonymous>)
      at processTicksAndRejections (internal/process/task_queues.js:93:5) {
    method: 'post',
    path: '/guilds/837104198419611649/channels',
    code: 50035,
    httpStatus: 400
  }
} | MS: 1620355143691 | DATE: 5/6/2021, 9:39:03 PM]
----------------------------------
DiscordAPIError: Invalid Form Body
name: This field is required
EXTRA INFO:
Unknown
----------------------------------
[CALLER: Promise {
  <rejected> DiscordAPIError: Invalid Form Body
  name: This field is required
      at RequestHandler.execute (C:\Users\jaces\Desktop\Corebot\node_modules\discord.js\src\rest\RequestHandler.js:170:25)
      at runMicrotasks (<anonymous>)
      at processTicksAndRejections (internal/process/task_queues.js:93:5) {
    method: 'post',
    path: '/guilds/832046329068650526/channels',
    code: 50035,
    httpStatus: 400
  }
} | MS: 1620355145266 | DATE: 5/6/2021, 9:39:05 PM]
----------------------------------
DiscordAPIError: Invalid Form Body
name: This field is required
EXTRA INFO:
Unknown
----------------------------------
[CALLER: Promise {
  <rejected> DiscordAPIError: Invalid Form Body
  name: This field is required
      at RequestHandler.execute (C:\Users\jaces\Desktop\Corebot\node_modules\discord.js\src\rest\RequestHandler.js:170:25)
      at runMicrotasks (<anonymous>)
      at processTicksAndRejections (internal/process/task_queues.js:93:5) {
    method: 'post',
    path: '/guilds/837104198419611649/channels',
    code: 50035,
    httpStatus: 400
  }
} | MS: 1620355145269 | DATE: 5/6/2021, 9:39:05 PM]
----------------------------------
DiscordAPIError: Invalid Form Body
name: This field is required
EXTRA INFO:
Unknown
----------------------------------
[CALLER: Promise {
  <rejected> DiscordAPIError: Invalid Form Body
  name: This field is required
      at RequestHandler.execute (C:\Users\jaces\Desktop\Corebot\node_modules\discord.js\src\rest\RequestHandler.js:170:25)
      at runMicrotasks (<anonymous>)
      at processTicksAndRejections (internal/process/task_queues.js:93:5) {
    method: 'post',
    path: '/guilds/832046329068650526/channels',
    code: 50035,
    httpStatus: 400
  }
} | MS: 1620355156644 | DATE: 5/6/2021, 9:39:16 PM]
----------------------------------
DiscordAPIError: Invalid Form Body
name: This field is required
EXTRA INFO:
Unknown
----------------------------------
[CALLER: Promise {
  <rejected> DiscordAPIError: Invalid Form Body
  name: This field is required
      at RequestHandler.execute (C:\Users\jaces\Desktop\Corebot\node_modules\discord.js\src\rest\RequestHandler.js:170:25)
      at runMicrotasks (<anonymous>)
      at processTicksAndRejections (internal/process/task_queues.js:93:5) {
    method: 'post',
    path: '/guilds/837104198419611649/channels',
    code: 50035,
    httpStatus: 400
  }
} | MS: 1620355156665 | DATE: 5/6/2021, 9:39:16 PM]
----------------------------------
DiscordAPIError: Invalid Form Body
name: This field is required
EXTRA INFO:
Unknown
----------------------------------
[CALLER: Promise {
  <rejected> DiscordAPIError: Invalid Form Body
  name: This field is required
      at RequestHandler.execute (C:\Users\jaces\Desktop\Corebot\node_modules\discord.js\src\rest\RequestHandler.js:170:25)
      at runMicrotasks (<anonymous>)
      at processTicksAndRejections (internal/process/task_queues.js:93:5) {
    method: 'post',
    path: '/guilds/832046329068650526/channels',
    code: 50035,
    httpStatus: 400
  }
} | MS: 1620355160737 | DATE: 5/6/2021, 9:39:20 PM]
----------------------------------
DiscordAPIError: Invalid Form Body
name: This field is required
EXTRA INFO:
Unknown
----------------------------------
[CALLER: Promise {
  <rejected> DiscordAPIError: Invalid Form Body
  name: This field is required
      at RequestHandler.execute (C:\Users\jaces\Desktop\Corebot\node_modules\discord.js\src\rest\RequestHandler.js:170:25)
      at runMicrotasks (<anonymous>)
      at processTicksAndRejections (internal/process/task_queues.js:93:5) {
    method: 'post',
    path: '/guilds/837104198419611649/channels',
    code: 50035,
    httpStatus: 400
  }
} | MS: 1620355160745 | DATE: 5/6/2021, 9:39:20 PM]
----------------------------------
DiscordAPIError: Invalid Form Body
name: This field is required
EXTRA INFO:
Unknown
----------------------------------
[CALLER: Promise {
  <rejected> DiscordAPIError: Invalid Form Body
  name: This field is required
      at RequestHandler.execute (C:\Users\jaces\Desktop\Corebot\node_modules\discord.js\src\rest\RequestHandler.js:170:25)
      at runMicrotasks (<anonymous>)
      at processTicksAndRejections (internal/process/task_queues.js:93:5) {
    method: 'post',
    path: '/guilds/832046329068650526/channels',
    code: 50035,
    httpStatus: 400
  }
} | MS: 1620355162864 | DATE: 5/6/2021, 9:39:22 PM]
----------------------------------
DiscordAPIError: Invalid Form Body
name: This field is required
EXTRA INFO:
Unknown
----------------------------------
[CALLER: Promise {
  <rejected> DiscordAPIError: Invalid Form Body
  name: This field is required
      at RequestHandler.execute (C:\Users\jaces\Desktop\Corebot\node_modules\discord.js\src\rest\RequestHandler.js:170:25)
      at runMicrotasks (<anonymous>)
      at processTicksAndRejections (internal/process/task_queues.js:93:5) {
    method: 'post',
    path: '/guilds/837104198419611649/channels',
    code: 50035,
    httpStatus: 400
  }
} | MS: 1620355162875 | DATE: 5/6/2021, 9:39:22 PM]
----------------------------------
DiscordAPIError: Invalid Form Body
name: This field is required
EXTRA INFO:
Unknown
----------------------------------
[CALLER: Promise {
  <rejected> DiscordAPIError: Invalid Form Body
  name: This field is required
      at RequestHandler.execute (C:\Users\jaces\Desktop\Corebot\node_modules\discord.js\src\rest\RequestHandler.js:170:25)
      at runMicrotasks (<anonymous>)
      at processTicksAndRejections (internal/process/task_queues.js:93:5) {
    method: 'post',
    path: '/guilds/832046329068650526/channels',
    code: 50035,
    httpStatus: 400
  }
} | MS: 1620355164411 | DATE: 5/6/2021, 9:39:24 PM]
----------------------------------
DiscordAPIError: Invalid Form Body
name: This field is required
EXTRA INFO:
Unknown
----------------------------------
[CALLER: Promise {
  <rejected> DiscordAPIError: Invalid Form Body
  name: This field is required
      at RequestHandler.execute (C:\Users\jaces\Desktop\Corebot\node_modules\discord.js\src\rest\RequestHandler.js:170:25)
      at runMicrotasks (<anonymous>)
      at processTicksAndRejections (internal/process/task_queues.js:93:5) {
    method: 'post',
    path: '/guilds/837104198419611649/channels',
    code: 50035,
    httpStatus: 400
  }
} | MS: 1620355164428 | DATE: 5/6/2021, 9:39:24 PM]
----------------------------------
DiscordAPIError: Invalid Form Body
name: This field is required
EXTRA INFO:
Unknown
----------------------------------
[CALLER: Promise {
  <rejected> DiscordAPIError: Invalid Form Body
  name: This field is required
      at RequestHandler.execute (C:\Users\jaces\Desktop\Corebot\node_modules\discord.js\src\rest\RequestHandler.js:170:25)
      at runMicrotasks (<anonymous>)
      at processTicksAndRejections (internal/process/task_queues.js:93:5) {
    method: 'post',
    path: '/guilds/832046329068650526/channels',
    code: 50035,
    httpStatus: 400
  }
} | MS: 1620355169194 | DATE: 5/6/2021, 9:39:29 PM]
----------------------------------
DiscordAPIError: Invalid Form Body
name: This field is required
EXTRA INFO:
Unknown
----------------------------------
[CALLER: Promise {
  <rejected> DiscordAPIError: Invalid Form Body
  name: This field is required
      at RequestHandler.execute (C:\Users\jaces\Desktop\Corebot\node_modules\discord.js\src\rest\RequestHandler.js:170:25)
      at runMicrotasks (<anonymous>)
      at processTicksAndRejections (internal/process/task_queues.js:93:5) {
    method: 'post',
    path: '/guilds/837104198419611649/channels',
    code: 50035,
    httpStatus: 400
  }
} | MS: 1620355169195 | DATE: 5/6/2021, 9:39:29 PM]
----------------------------------
DiscordAPIError: Invalid Form Body
name: This field is required
EXTRA INFO:
Unknown
----------------------------------
[CALLER: Promise {
  <rejected> DiscordAPIError: Invalid Form Body
  name: This field is required
      at RequestHandler.execute (C:\Users\jaces\Desktop\Corebot\node_modules\discord.js\src\rest\RequestHandler.js:170:25)
      at runMicrotasks (<anonymous>)
      at processTicksAndRejections (internal/process/task_queues.js:93:5) {
    method: 'post',
    path: '/guilds/832046329068650526/channels',
    code: 50035,
    httpStatus: 400
  }
} | MS: 1620355170379 | DATE: 5/6/2021, 9:39:30 PM]
----------------------------------
DiscordAPIError: Invalid Form Body
name: This field is required
EXTRA INFO:
Unknown
----------------------------------
[CALLER: Promise {
  <rejected> DiscordAPIError: Invalid Form Body
  name: This field is required
      at RequestHandler.execute (C:\Users\jaces\Desktop\Corebot\node_modules\discord.js\src\rest\RequestHandler.js:170:25)
      at runMicrotasks (<anonymous>)
      at processTicksAndRejections (internal/process/task_queues.js:93:5) {
    method: 'post',
    path: '/guilds/837104198419611649/channels',
    code: 50035,
    httpStatus: 400
  }
} | MS: 1620355170397 | DATE: 5/6/2021, 9:39:30 PM]
----------------------------------
DiscordAPIError: Invalid Form Body
name: This field is required
EXTRA INFO:
Unknown
----------------------------------
[CALLER: Promise {
  <rejected> DiscordAPIError: Invalid Form Body
  name: This field is required
      at RequestHandler.execute (C:\Users\jaces\Desktop\Corebot\node_modules\discord.js\src\rest\RequestHandler.js:170:25)
      at runMicrotasks (<anonymous>)
      at processTicksAndRejections (internal/process/task_queues.js:93:5) {
    method: 'post',
    path: '/guilds/837104198419611649/channels',
    code: 50035,
    httpStatus: 400
  }
} | MS: 1620355171308 | DATE: 5/6/2021, 9:39:31 PM]
----------------------------------
DiscordAPIError: Invalid Form Body
name: This field is required
EXTRA INFO:
Unknown
----------------------------------
[CALLER: Promise {
  <rejected> DiscordAPIError: Invalid Form Body
  name: This field is required
      at RequestHandler.execute (C:\Users\jaces\Desktop\Corebot\node_modules\discord.js\src\rest\RequestHandler.js:170:25)
      at runMicrotasks (<anonymous>)
      at processTicksAndRejections (internal/process/task_queues.js:93:5) {
    method: 'post',
    path: '/guilds/832046329068650526/channels',
    code: 50035,
    httpStatus: 400
  }
} | MS: 1620355171319 | DATE: 5/6/2021, 9:39:31 PM]
----------------------------------
DiscordAPIError: Invalid Form Body
name: This field is required
EXTRA INFO:
Unknown
----------------------------------
[CALLER: Promise {
  <rejected> DiscordAPIError: Invalid Form Body
  name: This field is required
      at RequestHandler.execute (C:\Users\jaces\Desktop\Corebot\node_modules\discord.js\src\rest\RequestHandler.js:170:25)
      at runMicrotasks (<anonymous>)
      at processTicksAndRejections (internal/process/task_queues.js:93:5) {
    method: 'post',
    path: '/guilds/837104198419611649/channels',
    code: 50035,
    httpStatus: 400
  }
} | MS: 1620355173620 | DATE: 5/6/2021, 9:39:33 PM]
----------------------------------
DiscordAPIError: Invalid Form Body
name: This field is required
EXTRA INFO:
Unknown
----------------------------------
[CALLER: Promise {
  <rejected> DiscordAPIError: Invalid Form Body
  name: This field is required
      at RequestHandler.execute (C:\Users\jaces\Desktop\Corebot\node_modules\discord.js\src\rest\RequestHandler.js:170:25)
      at runMicrotasks (<anonymous>)
      at processTicksAndRejections (internal/process/task_queues.js:93:5) {
    method: 'post',
    path: '/guilds/832046329068650526/channels',
    code: 50035,
    httpStatus: 400
  }
} | MS: 1620355173647 | DATE: 5/6/2021, 9:39:33 PM]
----------------------------------
DiscordAPIError: Invalid Form Body
name: This field is required
EXTRA INFO:
Unknown
----------------------------------
[CALLER: Promise {
  <rejected> DiscordAPIError: Invalid Form Body
  name: This field is required
      at RequestHandler.execute (C:\Users\jaces\Desktop\Corebot\node_modules\discord.js\src\rest\RequestHandler.js:170:25)
      at runMicrotasks (<anonymous>)
      at processTicksAndRejections (internal/process/task_queues.js:93:5) {
    method: 'post',
    path: '/guilds/837104198419611649/channels',
    code: 50035,
    httpStatus: 400
  }
} | MS: 1620355175262 | DATE: 5/6/2021, 9:39:35 PM]
----------------------------------
DiscordAPIError: Invalid Form Body
name: This field is required
EXTRA INFO:
Unknown
----------------------------------
[CALLER: Promise {
  <rejected> DiscordAPIError: Invalid Form Body
  name: This field is required
      at RequestHandler.execute (C:\Users\jaces\Desktop\Corebot\node_modules\discord.js\src\rest\RequestHandler.js:170:25)
      at runMicrotasks (<anonymous>)
      at processTicksAndRejections (internal/process/task_queues.js:93:5) {
    method: 'post',
    path: '/guilds/832046329068650526/channels',
    code: 50035,
    httpStatus: 400
  }
} | MS: 1620355175263 | DATE: 5/6/2021, 9:39:35 PM]
----------------------------------
DiscordAPIError: Invalid Form Body
name: This field is required
EXTRA INFO:
Unknown
----------------------------------
[CALLER: RequestHandler.js:107:21 | MS: 1620355178739 | DATE: 5/6/2021, 9:39:38 PM]
-------------------------------------------------------------------------------------------------------------------------------------
FetchError: request to https://discordapp.com/api/v7/channels/840041597273767977 failed, reason: getaddrinfo ENOTFOUND discordapp.com
EXTRA INFO:
Promise {
  <rejected> HTTPError [FetchError]: request to https://discordapp.com/api/v7/channels/840041597273767977 failed, reason: getaddrinfo ENOTFOUND discordapp.com
      at RequestHandler.execute (C:\Users\jaces\Desktop\Corebot\node_modules\discord.js\src\rest\RequestHandler.js:107:21)
      at runMicrotasks (<anonymous>)
      at processTicksAndRejections (internal/process/task_queues.js:93:5) {
    code: 500,
    method: 'patch',
    path: '/channels/840041597273767977'
  }
}
-------------------------------------------------------------------------------------------------------------------------------------
[CALLER: RequestHandler.js:107:21 | MS: 1620355186557 | DATE: 5/6/2021, 9:39:46 PM]
-------------------------------------------------------------------------------------------------------------------------------------
FetchError: request to https://discordapp.com/api/v7/channels/840041596874391572 failed, reason: getaddrinfo ENOTFOUND discordapp.com
EXTRA INFO:
Promise {
  <rejected> HTTPError [FetchError]: request to https://discordapp.com/api/v7/channels/840041596874391572 failed, reason: getaddrinfo ENOTFOUND discordapp.com
      at RequestHandler.execute (C:\Users\jaces\Desktop\Corebot\node_modules\discord.js\src\rest\RequestHandler.js:107:21)
      at runMicrotasks (<anonymous>)
      at processTicksAndRejections (internal/process/task_queues.js:93:5) {
    code: 500,
    method: 'patch',
    path: '/channels/840041596874391572'
  }
}
-------------------------------------------------------------------------------------------------------------------------------------
[CALLER: RequestHandler.js:107:21 | MS: 1620355186558 | DATE: 5/6/2021, 9:39:46 PM]
-------------------------------------------------------------------------------------------------------------------------------------
FetchError: request to https://discordapp.com/api/v7/channels/840041597390684250 failed, reason: getaddrinfo ENOTFOUND discordapp.com
EXTRA INFO:
Promise {
  <rejected> HTTPError [FetchError]: request to https://discordapp.com/api/v7/channels/840041597390684250 failed, reason: getaddrinfo ENOTFOUND discordapp.com
      at RequestHandler.execute (C:\Users\jaces\Desktop\Corebot\node_modules\discord.js\src\rest\RequestHandler.js:107:21)
      at runMicrotasks (<anonymous>)
      at processTicksAndRejections (internal/process/task_queues.js:93:5) {
    code: 500,
    method: 'patch',
    path: '/channels/840041597390684250'
  }
}
-------------------------------------------------------------------------------------------------------------------------------------
[CALLER: RequestHandler.js:107:21 | MS: 1620355186560 | DATE: 5/6/2021, 9:39:46 PM]
-------------------------------------------------------------------------------------------------------------------------------------
FetchError: request to https://discordapp.com/api/v7/channels/840041596803612672 failed, reason: getaddrinfo ENOTFOUND discordapp.com
EXTRA INFO:
Promise {
  <rejected> HTTPError [FetchError]: request to https://discordapp.com/api/v7/channels/840041596803612672 failed, reason: getaddrinfo ENOTFOUND discordapp.com
      at RequestHandler.execute (C:\Users\jaces\Desktop\Corebot\node_modules\discord.js\src\rest\RequestHandler.js:107:21)
      at runMicrotasks (<anonymous>)
      at processTicksAndRejections (internal/process/task_queues.js:93:5) {
    code: 500,
    method: 'patch',
    path: '/channels/840041596803612672'
  }
}
-------------------------------------------------------------------------------------------------------------------------------------
[CALLER: RequestHandler.js:107:21 | MS: 1620355186559 | DATE: 5/6/2021, 9:39:46 PM]
-------------------------------------------------------------------------------------------------------------------------------------
FetchError: request to https://discordapp.com/api/v7/channels/840041597918773258 failed, reason: getaddrinfo ENOTFOUND discordapp.com
EXTRA INFO:
Promise {
  <rejected> HTTPError [FetchError]: request to https://discordapp.com/api/v7/channels/840041597918773258 failed, reason: getaddrinfo ENOTFOUND discordapp.com
      at RequestHandler.execute (C:\Users\jaces\Desktop\Corebot\node_modules\discord.js\src\rest\RequestHandler.js:107:21)
      at runMicrotasks (<anonymous>)
      at processTicksAndRejections (internal/process/task_queues.js:93:5) {
    code: 500,
    method: 'patch',
    path: '/channels/840041597918773258'
  }
}
-------------------------------------------------------------------------------------------------------------------------------------
[CALLER: RequestHandler.js:107:21 | MS: 1620355186560 | DATE: 5/6/2021, 9:39:46 PM]
-------------------------------------------------------------------------------------------------------------------------------------
FetchError: request to https://discordapp.com/api/v7/channels/840041597273767977 failed, reason: getaddrinfo ENOTFOUND discordapp.com
EXTRA INFO:
Promise {
  <rejected> HTTPError [FetchError]: request to https://discordapp.com/api/v7/channels/840041597273767977 failed, reason: getaddrinfo ENOTFOUND discordapp.com
      at RequestHandler.execute (C:\Users\jaces\Desktop\Corebot\node_modules\discord.js\src\rest\RequestHandler.js:107:21)
      at runMicrotasks (<anonymous>)
      at processTicksAndRejections (internal/process/task_queues.js:93:5) {
    code: 500,
    method: 'patch',
    path: '/channels/840041597273767977'
  }
}
-------------------------------------------------------------------------------------------------------------------------------------
[CALLER: RequestHandler.js:107:21 | MS: 1620355186559 | DATE: 5/6/2021, 9:39:46 PM]
--------------------------------------------------------------------------------------------------------------------------------------------
FetchError: request to https://discordapp.com/api/v7/guilds/832046329068650526/channels failed, reason: getaddrinfo ENOTFOUND discordapp.com
EXTRA INFO:
Promise {
  <rejected> HTTPError [FetchError]: request to https://discordapp.com/api/v7/guilds/832046329068650526/channels failed, reason: getaddrinfo ENOTFOUND discordapp.com
      at RequestHandler.execute (C:\Users\jaces\Desktop\Corebot\node_modules\discord.js\src\rest\RequestHandler.js:107:21)
      at runMicrotasks (<anonymous>)
      at processTicksAndRejections (internal/process/task_queues.js:93:5) {
    code: 500,
    method: 'post',
    path: '/guilds/832046329068650526/channels'
  }
}
--------------------------------------------------------------------------------------------------------------------------------------------
[CALLER: RequestHandler.js:107:21 | MS: 1620355186561 | DATE: 5/6/2021, 9:39:46 PM]
--------------------------------------------------------------------------------------------------------------------------------------------
FetchError: request to https://discordapp.com/api/v7/guilds/837104198419611649/channels failed, reason: getaddrinfo ENOTFOUND discordapp.com
EXTRA INFO:
Promise {
  <rejected> HTTPError [FetchError]: request to https://discordapp.com/api/v7/guilds/837104198419611649/channels failed, reason: getaddrinfo ENOTFOUND discordapp.com
      at RequestHandler.execute (C:\Users\jaces\Desktop\Corebot\node_modules\discord.js\src\rest\RequestHandler.js:107:21)
      at runMicrotasks (<anonymous>)
      at processTicksAndRejections (internal/process/task_queues.js:93:5) {
    code: 500,
    method: 'post',
    path: '/guilds/837104198419611649/channels'
  }
}
--------------------------------------------------------------------------------------------------------------------------------------------
[CALLER: RequestHandler.js:107:21 | MS: 1620355186561 | DATE: 5/6/2021, 9:39:46 PM]
-------------------------------------------------------------------------------------------------------------------------------------
FetchError: request to https://discordapp.com/api/v7/channels/840041597562781708 failed, reason: getaddrinfo ENOTFOUND discordapp.com
EXTRA INFO:
Promise {
  <rejected> HTTPError [FetchError]: request to https://discordapp.com/api/v7/channels/840041597562781708 failed, reason: getaddrinfo ENOTFOUND discordapp.com
      at RequestHandler.execute (C:\Users\jaces\Desktop\Corebot\node_modules\discord.js\src\rest\RequestHandler.js:107:21)
      at runMicrotasks (<anonymous>)
      at processTicksAndRejections (internal/process/task_queues.js:93:5) {
    code: 500,
    method: 'patch',
    path: '/channels/840041597562781708'
  }
}
-------------------------------------------------------------------------------------------------------------------------------------
[CALLER: RequestHandler.js:107:21 | MS: 1620355190630 | DATE: 5/6/2021, 9:39:50 PM]
-------------------------------------------------------------------------------------------------------------------------------------
FetchError: request to https://discordapp.com/api/v7/channels/840041596874391572 failed, reason: getaddrinfo ENOTFOUND discordapp.com
EXTRA INFO:
Promise {
  <rejected> HTTPError [FetchError]: request to https://discordapp.com/api/v7/channels/840041596874391572 failed, reason: getaddrinfo ENOTFOUND discordapp.com
      at RequestHandler.execute (C:\Users\jaces\Desktop\Corebot\node_modules\discord.js\src\rest\RequestHandler.js:107:21)
      at runMicrotasks (<anonymous>)
      at processTicksAndRejections (internal/process/task_queues.js:93:5) {
    code: 500,
    method: 'patch',
    path: '/channels/840041596874391572'
  }
}
-------------------------------------------------------------------------------------------------------------------------------------
[CALLER: RequestHandler.js:107:21 | MS: 1620355190631 | DATE: 5/6/2021, 9:39:50 PM]
-------------------------------------------------------------------------------------------------------------------------------------
FetchError: request to https://discordapp.com/api/v7/channels/840041597390684250 failed, reason: getaddrinfo ENOTFOUND discordapp.com
EXTRA INFO:
Promise {
  <rejected> HTTPError [FetchError]: request to https://discordapp.com/api/v7/channels/840041597390684250 failed, reason: getaddrinfo ENOTFOUND discordapp.com
      at RequestHandler.execute (C:\Users\jaces\Desktop\Corebot\node_modules\discord.js\src\rest\RequestHandler.js:107:21)
      at runMicrotasks (<anonymous>)
      at processTicksAndRejections (internal/process/task_queues.js:93:5) {
    code: 500,
    method: 'patch',
    path: '/channels/840041597390684250'
  }
}
-------------------------------------------------------------------------------------------------------------------------------------
[CALLER: RequestHandler.js:107:21 | MS: 1620355190631 | DATE: 5/6/2021, 9:39:50 PM]
--------------------------------------------------------------------------------------------------------------------------------------------
FetchError: request to https://discordapp.com/api/v7/guilds/832046329068650526/channels failed, reason: getaddrinfo ENOTFOUND discordapp.com
EXTRA INFO:
Promise {
  <rejected> HTTPError [FetchError]: request to https://discordapp.com/api/v7/guilds/832046329068650526/channels failed, reason: getaddrinfo ENOTFOUND discordapp.com
      at RequestHandler.execute (C:\Users\jaces\Desktop\Corebot\node_modules\discord.js\src\rest\RequestHandler.js:107:21)
      at runMicrotasks (<anonymous>)
      at processTicksAndRejections (internal/process/task_queues.js:93:5) {
    code: 500,
    method: 'post',
    path: '/guilds/832046329068650526/channels'
  }
}
--------------------------------------------------------------------------------------------------------------------------------------------
[CALLER: RequestHandler.js:107:21 | MS: 1620355190632 | DATE: 5/6/2021, 9:39:50 PM]
-------------------------------------------------------------------------------------------------------------------------------------
FetchError: request to https://discordapp.com/api/v7/channels/840041596803612672 failed, reason: getaddrinfo ENOTFOUND discordapp.com
EXTRA INFO:
Promise {
  <rejected> HTTPError [FetchError]: request to https://discordapp.com/api/v7/channels/840041596803612672 failed, reason: getaddrinfo ENOTFOUND discordapp.com
      at RequestHandler.execute (C:\Users\jaces\Desktop\Corebot\node_modules\discord.js\src\rest\RequestHandler.js:107:21)
      at runMicrotasks (<anonymous>)
      at processTicksAndRejections (internal/process/task_queues.js:93:5) {
    code: 500,
    method: 'patch',
    path: '/channels/840041596803612672'
  }
}
-------------------------------------------------------------------------------------------------------------------------------------
[CALLER: RequestHandler.js:107:21 | MS: 1620355190632 | DATE: 5/6/2021, 9:39:50 PM]
-------------------------------------------------------------------------------------------------------------------------------------
FetchError: request to https://discordapp.com/api/v7/channels/840041597918773258 failed, reason: getaddrinfo ENOTFOUND discordapp.com
EXTRA INFO:
Promise {
  <rejected> HTTPError [FetchError]: request to https://discordapp.com/api/v7/channels/840041597918773258 failed, reason: getaddrinfo ENOTFOUND discordapp.com
      at RequestHandler.execute (C:\Users\jaces\Desktop\Corebot\node_modules\discord.js\src\rest\RequestHandler.js:107:21)
      at runMicrotasks (<anonymous>)
      at processTicksAndRejections (internal/process/task_queues.js:93:5) {
    code: 500,
    method: 'patch',
    path: '/channels/840041597918773258'
  }
}
-------------------------------------------------------------------------------------------------------------------------------------
[CALLER: RequestHandler.js:107:21 | MS: 1620355190633 | DATE: 5/6/2021, 9:39:50 PM]
--------------------------------------------------------------------------------------------------------------------------------------------
FetchError: request to https://discordapp.com/api/v7/guilds/837104198419611649/channels failed, reason: getaddrinfo ENOTFOUND discordapp.com
EXTRA INFO:
Promise {
  <rejected> HTTPError [FetchError]: request to https://discordapp.com/api/v7/guilds/837104198419611649/channels failed, reason: getaddrinfo ENOTFOUND discordapp.com
      at RequestHandler.execute (C:\Users\jaces\Desktop\Corebot\node_modules\discord.js\src\rest\RequestHandler.js:107:21)
      at runMicrotasks (<anonymous>)
      at processTicksAndRejections (internal/process/task_queues.js:93:5) {
    code: 500,
    method: 'post',
    path: '/guilds/837104198419611649/channels'
  }
}
--------------------------------------------------------------------------------------------------------------------------------------------
[CALLER: RequestHandler.js:107:21 | MS: 1620355190633 | DATE: 5/6/2021, 9:39:50 PM]
-------------------------------------------------------------------------------------------------------------------------------------
FetchError: request to https://discordapp.com/api/v7/channels/840041597273767977 failed, reason: getaddrinfo ENOTFOUND discordapp.com
EXTRA INFO:
Promise {
  <rejected> HTTPError [FetchError]: request to https://discordapp.com/api/v7/channels/840041597273767977 failed, reason: getaddrinfo ENOTFOUND discordapp.com
      at RequestHandler.execute (C:\Users\jaces\Desktop\Corebot\node_modules\discord.js\src\rest\RequestHandler.js:107:21)
      at runMicrotasks (<anonymous>)
      at processTicksAndRejections (internal/process/task_queues.js:93:5) {
    code: 500,
    method: 'patch',
    path: '/channels/840041597273767977'
  }
}
-------------------------------------------------------------------------------------------------------------------------------------
[CALLER: RequestHandler.js:107:21 | MS: 1620355190634 | DATE: 5/6/2021, 9:39:50 PM]
-------------------------------------------------------------------------------------------------------------------------------------
FetchError: request to https://discordapp.com/api/v7/channels/840041597562781708 failed, reason: getaddrinfo ENOTFOUND discordapp.com
EXTRA INFO:
Promise {
  <rejected> HTTPError [FetchError]: request to https://discordapp.com/api/v7/channels/840041597562781708 failed, reason: getaddrinfo ENOTFOUND discordapp.com
      at RequestHandler.execute (C:\Users\jaces\Desktop\Corebot\node_modules\discord.js\src\rest\RequestHandler.js:107:21)
      at runMicrotasks (<anonymous>)
      at processTicksAndRejections (internal/process/task_queues.js:93:5) {
    code: 500,
    method: 'patch',
    path: '/channels/840041597562781708'
  }
}
-------------------------------------------------------------------------------------------------------------------------------------
[CALLER: RequestHandler.js:107:21 | MS: 1620355192738 | DATE: 5/6/2021, 9:39:52 PM]
-------------------------------------------------------------------------------------------------------------------------------------
FetchError: request to https://discordapp.com/api/v7/channels/840041596874391572 failed, reason: getaddrinfo ENOTFOUND discordapp.com
EXTRA INFO:
Promise {
  <rejected> HTTPError [FetchError]: request to https://discordapp.com/api/v7/channels/840041596874391572 failed, reason: getaddrinfo ENOTFOUND discordapp.com
      at RequestHandler.execute (C:\Users\jaces\Desktop\Corebot\node_modules\discord.js\src\rest\RequestHandler.js:107:21)
      at runMicrotasks (<anonymous>)
      at processTicksAndRejections (internal/process/task_queues.js:93:5) {
    code: 500,
    method: 'patch',
    path: '/channels/840041596874391572'
  }
}
-------------------------------------------------------------------------------------------------------------------------------------
[CALLER: RequestHandler.js:107:21 | MS: 1620355192740 | DATE: 5/6/2021, 9:39:52 PM]
--------------------------------------------------------------------------------------------------------------------------------------------
FetchError: request to https://discordapp.com/api/v7/guilds/832046329068650526/channels failed, reason: getaddrinfo ENOTFOUND discordapp.com
EXTRA INFO:
Promise {
  <rejected> HTTPError [FetchError]: request to https://discordapp.com/api/v7/guilds/832046329068650526/channels failed, reason: getaddrinfo ENOTFOUND discordapp.com
      at RequestHandler.execute (C:\Users\jaces\Desktop\Corebot\node_modules\discord.js\src\rest\RequestHandler.js:107:21)
      at runMicrotasks (<anonymous>)
      at processTicksAndRejections (internal/process/task_queues.js:93:5) {
    code: 500,
    method: 'post',
    path: '/guilds/832046329068650526/channels'
  }
}
--------------------------------------------------------------------------------------------------------------------------------------------
[CALLER: RequestHandler.js:107:21 | MS: 1620355192741 | DATE: 5/6/2021, 9:39:52 PM]
-------------------------------------------------------------------------------------------------------------------------------------
FetchError: request to https://discordapp.com/api/v7/channels/840041596803612672 failed, reason: getaddrinfo ENOTFOUND discordapp.com
EXTRA INFO:
Promise {
  <rejected> HTTPError [FetchError]: request to https://discordapp.com/api/v7/channels/840041596803612672 failed, reason: getaddrinfo ENOTFOUND discordapp.com
      at RequestHandler.execute (C:\Users\jaces\Desktop\Corebot\node_modules\discord.js\src\rest\RequestHandler.js:107:21)
      at runMicrotasks (<anonymous>)
      at processTicksAndRejections (internal/process/task_queues.js:93:5) {
    code: 500,
    method: 'patch',
    path: '/channels/840041596803612672'
  }
}
-------------------------------------------------------------------------------------------------------------------------------------
[CALLER: RequestHandler.js:107:21 | MS: 1620355192740 | DATE: 5/6/2021, 9:39:52 PM]
-------------------------------------------------------------------------------------------------------------------------------------
FetchError: request to https://discordapp.com/api/v7/channels/840041597918773258 failed, reason: getaddrinfo ENOTFOUND discordapp.com
EXTRA INFO:
Promise {
  <rejected> HTTPError [FetchError]: request to https://discordapp.com/api/v7/channels/840041597918773258 failed, reason: getaddrinfo ENOTFOUND discordapp.com
      at RequestHandler.execute (C:\Users\jaces\Desktop\Corebot\node_modules\discord.js\src\rest\RequestHandler.js:107:21)
      at runMicrotasks (<anonymous>)
      at processTicksAndRejections (internal/process/task_queues.js:93:5) {
    code: 500,
    method: 'patch',
    path: '/channels/840041597918773258'
  }
}
-------------------------------------------------------------------------------------------------------------------------------------
[CALLER: RequestHandler.js:107:21 | MS: 1620355192739 | DATE: 5/6/2021, 9:39:52 PM]
-------------------------------------------------------------------------------------------------------------------------------------
FetchError: request to https://discordapp.com/api/v7/channels/840041597390684250 failed, reason: getaddrinfo ENOTFOUND discordapp.com
EXTRA INFO:
Promise {
  <rejected> HTTPError [FetchError]: request to https://discordapp.com/api/v7/channels/840041597390684250 failed, reason: getaddrinfo ENOTFOUND discordapp.com
      at RequestHandler.execute (C:\Users\jaces\Desktop\Corebot\node_modules\discord.js\src\rest\RequestHandler.js:107:21)
      at runMicrotasks (<anonymous>)
      at processTicksAndRejections (internal/process/task_queues.js:93:5) {
    code: 500,
    method: 'patch',
    path: '/channels/840041597390684250'
  }
}
-------------------------------------------------------------------------------------------------------------------------------------
[CALLER: RequestHandler.js:107:21 | MS: 1620355192742 | DATE: 5/6/2021, 9:39:52 PM]
--------------------------------------------------------------------------------------------------------------------------------------------
FetchError: request to https://discordapp.com/api/v7/guilds/837104198419611649/channels failed, reason: getaddrinfo ENOTFOUND discordapp.com
EXTRA INFO:
Promise {
  <rejected> HTTPError [FetchError]: request to https://discordapp.com/api/v7/guilds/837104198419611649/channels failed, reason: getaddrinfo ENOTFOUND discordapp.com
      at RequestHandler.execute (C:\Users\jaces\Desktop\Corebot\node_modules\discord.js\src\rest\RequestHandler.js:107:21)
      at runMicrotasks (<anonymous>)
      at processTicksAndRejections (internal/process/task_queues.js:93:5) {
    code: 500,
    method: 'post',
    path: '/guilds/837104198419611649/channels'
  }
}
--------------------------------------------------------------------------------------------------------------------------------------------
[CALLER: RequestHandler.js:107:21 | MS: 1620355192742 | DATE: 5/6/2021, 9:39:52 PM]
-------------------------------------------------------------------------------------------------------------------------------------
FetchError: request to https://discordapp.com/api/v7/channels/840041597562781708 failed, reason: getaddrinfo ENOTFOUND discordapp.com
EXTRA INFO:
Promise {
  <rejected> HTTPError [FetchError]: request to https://discordapp.com/api/v7/channels/840041597562781708 failed, reason: getaddrinfo ENOTFOUND discordapp.com
      at RequestHandler.execute (C:\Users\jaces\Desktop\Corebot\node_modules\discord.js\src\rest\RequestHandler.js:107:21)
      at runMicrotasks (<anonymous>)
      at processTicksAndRejections (internal/process/task_queues.js:93:5) {
    code: 500,
    method: 'patch',
    path: '/channels/840041597562781708'
  }
}
-------------------------------------------------------------------------------------------------------------------------------------
[CALLER: RequestHandler.js:107:21 | MS: 1620355192741 | DATE: 5/6/2021, 9:39:52 PM]
-------------------------------------------------------------------------------------------------------------------------------------
FetchError: request to https://discordapp.com/api/v7/channels/840041597273767977 failed, reason: getaddrinfo ENOTFOUND discordapp.com
EXTRA INFO:
Promise {
  <rejected> HTTPError [FetchError]: request to https://discordapp.com/api/v7/channels/840041597273767977 failed, reason: getaddrinfo ENOTFOUND discordapp.com
      at RequestHandler.execute (C:\Users\jaces\Desktop\Corebot\node_modules\discord.js\src\rest\RequestHandler.js:107:21)
      at runMicrotasks (<anonymous>)
      at processTicksAndRejections (internal/process/task_queues.js:93:5) {
    code: 500,
    method: 'patch',
    path: '/channels/840041597273767977'
  }
}
-------------------------------------------------------------------------------------------------------------------------------------
[CALLER: RequestHandler.js:107:21 | MS: 1620355197347 | DATE: 5/6/2021, 9:39:57 PM]
-------------------------------------------------------------------------------------------------------------------------------------
FetchError: request to https://discordapp.com/api/v7/channels/840041596874391572 failed, reason: getaddrinfo ENOTFOUND discordapp.com
EXTRA INFO:
Promise {
  <rejected> HTTPError [FetchError]: request to https://discordapp.com/api/v7/channels/840041596874391572 failed, reason: getaddrinfo ENOTFOUND discordapp.com
      at RequestHandler.execute (C:\Users\jaces\Desktop\Corebot\node_modules\discord.js\src\rest\RequestHandler.js:107:21)
      at runMicrotasks (<anonymous>)
      at processTicksAndRejections (internal/process/task_queues.js:93:5) {
    code: 500,
    method: 'patch',
    path: '/channels/840041596874391572'
  }
}
-------------------------------------------------------------------------------------------------------------------------------------
[CALLER: RequestHandler.js:107:21 | MS: 1620355197350 | DATE: 5/6/2021, 9:39:57 PM]
-------------------------------------------------------------------------------------------------------------------------------------
FetchError: request to https://discordapp.com/api/v7/channels/840041597390684250 failed, reason: getaddrinfo ENOTFOUND discordapp.com
EXTRA INFO:
Promise {
  <rejected> HTTPError [FetchError]: request to https://discordapp.com/api/v7/channels/840041597390684250 failed, reason: getaddrinfo ENOTFOUND discordapp.com
      at RequestHandler.execute (C:\Users\jaces\Desktop\Corebot\node_modules\discord.js\src\rest\RequestHandler.js:107:21)
      at runMicrotasks (<anonymous>)
      at processTicksAndRejections (internal/process/task_queues.js:93:5) {
    code: 500,
    method: 'patch',
    path: '/channels/840041597390684250'
  }
}
-------------------------------------------------------------------------------------------------------------------------------------
[CALLER: RequestHandler.js:107:21 | MS: 1620355197352 | DATE: 5/6/2021, 9:39:57 PM]
-------------------------------------------------------------------------------------------------------------------------------------
FetchError: request to https://discordapp.com/api/v7/channels/840041597918773258 failed, reason: getaddrinfo ENOTFOUND discordapp.com
EXTRA INFO:
Promise {
  <rejected> HTTPError [FetchError]: request to https://discordapp.com/api/v7/channels/840041597918773258 failed, reason: getaddrinfo ENOTFOUND discordapp.com
      at RequestHandler.execute (C:\Users\jaces\Desktop\Corebot\node_modules\discord.js\src\rest\RequestHandler.js:107:21)
      at runMicrotasks (<anonymous>)
      at processTicksAndRejections (internal/process/task_queues.js:93:5) {
    code: 500,
    method: 'patch',
    path: '/channels/840041597918773258'
  }
}
-------------------------------------------------------------------------------------------------------------------------------------
[CALLER: RequestHandler.js:107:21 | MS: 1620355197353 | DATE: 5/6/2021, 9:39:57 PM]
--------------------------------------------------------------------------------------------------------------------------------------------
FetchError: request to https://discordapp.com/api/v7/guilds/832046329068650526/channels failed, reason: getaddrinfo ENOTFOUND discordapp.com
EXTRA INFO:
Promise {
  <rejected> HTTPError [FetchError]: request to https://discordapp.com/api/v7/guilds/832046329068650526/channels failed, reason: getaddrinfo ENOTFOUND discordapp.com
      at RequestHandler.execute (C:\Users\jaces\Desktop\Corebot\node_modules\discord.js\src\rest\RequestHandler.js:107:21)
      at runMicrotasks (<anonymous>)
      at processTicksAndRejections (internal/process/task_queues.js:93:5) {
    code: 500,
    method: 'post',
    path: '/guilds/832046329068650526/channels'
  }
}
--------------------------------------------------------------------------------------------------------------------------------------------
[CALLER: RequestHandler.js:107:21 | MS: 1620355197357 | DATE: 5/6/2021, 9:39:57 PM]
-------------------------------------------------------------------------------------------------------------------------------------
FetchError: request to https://discordapp.com/api/v7/channels/840041597273767977 failed, reason: getaddrinfo ENOTFOUND discordapp.com
EXTRA INFO:
Promise {
  <rejected> HTTPError [FetchError]: request to https://discordapp.com/api/v7/channels/840041597273767977 failed, reason: getaddrinfo ENOTFOUND discordapp.com
      at RequestHandler.execute (C:\Users\jaces\Desktop\Corebot\node_modules\discord.js\src\rest\RequestHandler.js:107:21)
      at runMicrotasks (<anonymous>)
      at processTicksAndRejections (internal/process/task_queues.js:93:5) {
    code: 500,
    method: 'patch',
    path: '/channels/840041597273767977'
  }
}
-------------------------------------------------------------------------------------------------------------------------------------
[CALLER: RequestHandler.js:107:21 | MS: 1620355197356 | DATE: 5/6/2021, 9:39:57 PM]
-------------------------------------------------------------------------------------------------------------------------------------
FetchError: request to https://discordapp.com/api/v7/channels/840041596803612672 failed, reason: getaddrinfo ENOTFOUND discordapp.com
EXTRA INFO:
Promise {
  <rejected> HTTPError [FetchError]: request to https://discordapp.com/api/v7/channels/840041596803612672 failed, reason: getaddrinfo ENOTFOUND discordapp.com
      at RequestHandler.execute (C:\Users\jaces\Desktop\Corebot\node_modules\discord.js\src\rest\RequestHandler.js:107:21)
      at runMicrotasks (<anonymous>)
      at processTicksAndRejections (internal/process/task_queues.js:93:5) {
    code: 500,
    method: 'patch',
    path: '/channels/840041596803612672'
  }
}
-------------------------------------------------------------------------------------------------------------------------------------
[CALLER: RequestHandler.js:107:21 | MS: 1620355197359 | DATE: 5/6/2021, 9:39:57 PM]
-------------------------------------------------------------------------------------------------------------------------------------
FetchError: request to https://discordapp.com/api/v7/channels/840041597562781708 failed, reason: getaddrinfo ENOTFOUND discordapp.com
EXTRA INFO:
Promise {
  <rejected> HTTPError [FetchError]: request to https://discordapp.com/api/v7/channels/840041597562781708 failed, reason: getaddrinfo ENOTFOUND discordapp.com
      at RequestHandler.execute (C:\Users\jaces\Desktop\Corebot\node_modules\discord.js\src\rest\RequestHandler.js:107:21)
      at runMicrotasks (<anonymous>)
      at processTicksAndRejections (internal/process/task_queues.js:93:5) {
    code: 500,
    method: 'patch',
    path: '/channels/840041597562781708'
  }
}
-------------------------------------------------------------------------------------------------------------------------------------
[CALLER: RequestHandler.js:107:21 | MS: 1620355197360 | DATE: 5/6/2021, 9:39:57 PM]
--------------------------------------------------------------------------------------------------------------------------------------------
FetchError: request to https://discordapp.com/api/v7/guilds/837104198419611649/channels failed, reason: getaddrinfo ENOTFOUND discordapp.com
EXTRA INFO:
Promise {
  <rejected> HTTPError [FetchError]: request to https://discordapp.com/api/v7/guilds/837104198419611649/channels failed, reason: getaddrinfo ENOTFOUND discordapp.com
      at RequestHandler.execute (C:\Users\jaces\Desktop\Corebot\node_modules\discord.js\src\rest\RequestHandler.js:107:21)
      at runMicrotasks (<anonymous>)
      at processTicksAndRejections (internal/process/task_queues.js:93:5) {
    code: 500,
    method: 'post',
    path: '/guilds/837104198419611649/channels'
  }
}
--------------------------------------------------------------------------------------------------------------------------------------------
[CALLER: RequestHandler.js:107:21 | MS: 1620355199101 | DATE: 5/6/2021, 9:39:59 PM]
-------------------------------------------------------------------------------------------------------------------------------------
FetchError: request to https://discordapp.com/api/v7/channels/840041596874391572 failed, reason: getaddrinfo ENOTFOUND discordapp.com
EXTRA INFO:
Promise {
  <rejected> HTTPError [FetchError]: request to https://discordapp.com/api/v7/channels/840041596874391572 failed, reason: getaddrinfo ENOTFOUND discordapp.com
      at RequestHandler.execute (C:\Users\jaces\Desktop\Corebot\node_modules\discord.js\src\rest\RequestHandler.js:107:21)
      at runMicrotasks (<anonymous>)
      at processTicksAndRejections (internal/process/task_queues.js:93:5) {
    code: 500,
    method: 'patch',
    path: '/channels/840041596874391572'
  }
}
-------------------------------------------------------------------------------------------------------------------------------------
[CALLER: RequestHandler.js:107:21 | MS: 1620355199104 | DATE: 5/6/2021, 9:39:59 PM]
--------------------------------------------------------------------------------------------------------------------------------------------
FetchError: request to https://discordapp.com/api/v7/guilds/832046329068650526/channels failed, reason: getaddrinfo ENOTFOUND discordapp.com
EXTRA INFO:
Promise {
  <rejected> HTTPError [FetchError]: request to https://discordapp.com/api/v7/guilds/832046329068650526/channels failed, reason: getaddrinfo ENOTFOUND discordapp.com
      at RequestHandler.execute (C:\Users\jaces\Desktop\Corebot\node_modules\discord.js\src\rest\RequestHandler.js:107:21)
      at runMicrotasks (<anonymous>)
      at processTicksAndRejections (internal/process/task_queues.js:93:5) {
    code: 500,
    method: 'post',
    path: '/guilds/832046329068650526/channels'
  }
}
--------------------------------------------------------------------------------------------------------------------------------------------
[CALLER: RequestHandler.js:107:21 | MS: 1620355199105 | DATE: 5/6/2021, 9:39:59 PM]
-------------------------------------------------------------------------------------------------------------------------------------
FetchError: request to https://discordapp.com/api/v7/channels/840041596803612672 failed, reason: getaddrinfo ENOTFOUND discordapp.com
EXTRA INFO:
Promise {
  <rejected> HTTPError [FetchError]: request to https://discordapp.com/api/v7/channels/840041596803612672 failed, reason: getaddrinfo ENOTFOUND discordapp.com
      at RequestHandler.execute (C:\Users\jaces\Desktop\Corebot\node_modules\discord.js\src\rest\RequestHandler.js:107:21)
      at runMicrotasks (<anonymous>)
      at processTicksAndRejections (internal/process/task_queues.js:93:5) {
    code: 500,
    method: 'patch',
    path: '/channels/840041596803612672'
  }
}
-------------------------------------------------------------------------------------------------------------------------------------
[CALLER: RequestHandler.js:107:21 | MS: 1620355199103 | DATE: 5/6/2021, 9:39:59 PM]
-------------------------------------------------------------------------------------------------------------------------------------
FetchError: request to https://discordapp.com/api/v7/channels/840041597918773258 failed, reason: getaddrinfo ENOTFOUND discordapp.com
EXTRA INFO:
Promise {
  <rejected> HTTPError [FetchError]: request to https://discordapp.com/api/v7/channels/840041597918773258 failed, reason: getaddrinfo ENOTFOUND discordapp.com
      at RequestHandler.execute (C:\Users\jaces\Desktop\Corebot\node_modules\discord.js\src\rest\RequestHandler.js:107:21)
      at runMicrotasks (<anonymous>)
      at processTicksAndRejections (internal/process/task_queues.js:93:5) {
    code: 500,
    method: 'patch',
    path: '/channels/840041597918773258'
  }
}
-------------------------------------------------------------------------------------------------------------------------------------
[CALLER: RequestHandler.js:107:21 | MS: 1620355199102 | DATE: 5/6/2021, 9:39:59 PM]
-------------------------------------------------------------------------------------------------------------------------------------
FetchError: request to https://discordapp.com/api/v7/channels/840041597390684250 failed, reason: getaddrinfo ENOTFOUND discordapp.com
EXTRA INFO:
Promise {
  <rejected> HTTPError [FetchError]: request to https://discordapp.com/api/v7/channels/840041597390684250 failed, reason: getaddrinfo ENOTFOUND discordapp.com
      at RequestHandler.execute (C:\Users\jaces\Desktop\Corebot\node_modules\discord.js\src\rest\RequestHandler.js:107:21)
      at runMicrotasks (<anonymous>)
      at processTicksAndRejections (internal/process/task_queues.js:93:5) {
    code: 500,
    method: 'patch',
    path: '/channels/840041597390684250'
  }
}
-------------------------------------------------------------------------------------------------------------------------------------
[CALLER: RequestHandler.js:107:21 | MS: 1620355199107 | DATE: 5/6/2021, 9:39:59 PM]
--------------------------------------------------------------------------------------------------------------------------------------------
FetchError: request to https://discordapp.com/api/v7/guilds/837104198419611649/channels failed, reason: getaddrinfo ENOTFOUND discordapp.com
EXTRA INFO:
Promise {
  <rejected> HTTPError [FetchError]: request to https://discordapp.com/api/v7/guilds/837104198419611649/channels failed, reason: getaddrinfo ENOTFOUND discordapp.com
      at RequestHandler.execute (C:\Users\jaces\Desktop\Corebot\node_modules\discord.js\src\rest\RequestHandler.js:107:21)
      at runMicrotasks (<anonymous>)
      at processTicksAndRejections (internal/process/task_queues.js:93:5) {
    code: 500,
    method: 'post',
    path: '/guilds/837104198419611649/channels'
  }
}
--------------------------------------------------------------------------------------------------------------------------------------------
[CALLER: RequestHandler.js:107:21 | MS: 1620355199107 | DATE: 5/6/2021, 9:39:59 PM]
-------------------------------------------------------------------------------------------------------------------------------------
FetchError: request to https://discordapp.com/api/v7/channels/840041597562781708 failed, reason: getaddrinfo ENOTFOUND discordapp.com
EXTRA INFO:
Promise {
  <rejected> HTTPError [FetchError]: request to https://discordapp.com/api/v7/channels/840041597562781708 failed, reason: getaddrinfo ENOTFOUND discordapp.com
      at RequestHandler.execute (C:\Users\jaces\Desktop\Corebot\node_modules\discord.js\src\rest\RequestHandler.js:107:21)
      at runMicrotasks (<anonymous>)
      at processTicksAndRejections (internal/process/task_queues.js:93:5) {
    code: 500,
    method: 'patch',
    path: '/channels/840041597562781708'
  }
}
-------------------------------------------------------------------------------------------------------------------------------------
[CALLER: RequestHandler.js:107:21 | MS: 1620355199106 | DATE: 5/6/2021, 9:39:59 PM]
-------------------------------------------------------------------------------------------------------------------------------------
FetchError: request to https://discordapp.com/api/v7/channels/840041597273767977 failed, reason: getaddrinfo ENOTFOUND discordapp.com
EXTRA INFO:
Promise {
  <rejected> HTTPError [FetchError]: request to https://discordapp.com/api/v7/channels/840041597273767977 failed, reason: getaddrinfo ENOTFOUND discordapp.com
      at RequestHandler.execute (C:\Users\jaces\Desktop\Corebot\node_modules\discord.js\src\rest\RequestHandler.js:107:21)
      at runMicrotasks (<anonymous>)
      at processTicksAndRejections (internal/process/task_queues.js:93:5) {
    code: 500,
    method: 'patch',
    path: '/channels/840041597273767977'
  }
}
-------------------------------------------------------------------------------------------------------------------------------------
[CALLER: RequestHandler.js:107:21 | MS: 1620355200269 | DATE: 5/6/2021, 9:40:00 PM]
-------------------------------------------------------------------------------------------------------------------------------------
FetchError: request to https://discordapp.com/api/v7/channels/840041596874391572 failed, reason: getaddrinfo ENOTFOUND discordapp.com
EXTRA INFO:
Promise {
  <rejected> HTTPError [FetchError]: request to https://discordapp.com/api/v7/channels/840041596874391572 failed, reason: getaddrinfo ENOTFOUND discordapp.com
      at RequestHandler.execute (C:\Users\jaces\Desktop\Corebot\node_modules\discord.js\src\rest\RequestHandler.js:107:21)
      at runMicrotasks (<anonymous>)
      at processTicksAndRejections (internal/process/task_queues.js:93:5) {
    code: 500,
    method: 'patch',
    path: '/channels/840041596874391572'
  }
}
-------------------------------------------------------------------------------------------------------------------------------------
[CALLER: RequestHandler.js:107:21 | MS: 1620355200272 | DATE: 5/6/2021, 9:40:00 PM]
--------------------------------------------------------------------------------------------------------------------------------------------
FetchError: request to https://discordapp.com/api/v7/guilds/832046329068650526/channels failed, reason: getaddrinfo ENOTFOUND discordapp.com
EXTRA INFO:
Promise {
  <rejected> HTTPError [FetchError]: request to https://discordapp.com/api/v7/guilds/832046329068650526/channels failed, reason: getaddrinfo ENOTFOUND discordapp.com
      at RequestHandler.execute (C:\Users\jaces\Desktop\Corebot\node_modules\discord.js\src\rest\RequestHandler.js:107:21)
      at runMicrotasks (<anonymous>)
      at processTicksAndRejections (internal/process/task_queues.js:93:5) {
    code: 500,
    method: 'post',
    path: '/guilds/832046329068650526/channels'
  }
}
--------------------------------------------------------------------------------------------------------------------------------------------
[CALLER: RequestHandler.js:107:21 | MS: 1620355200271 | DATE: 5/6/2021, 9:40:00 PM]
-------------------------------------------------------------------------------------------------------------------------------------
FetchError: request to https://discordapp.com/api/v7/channels/840041597390684250 failed, reason: getaddrinfo ENOTFOUND discordapp.com
EXTRA INFO:
Promise {
  <rejected> HTTPError [FetchError]: request to https://discordapp.com/api/v7/channels/840041597390684250 failed, reason: getaddrinfo ENOTFOUND discordapp.com
      at RequestHandler.execute (C:\Users\jaces\Desktop\Corebot\node_modules\discord.js\src\rest\RequestHandler.js:107:21)
      at runMicrotasks (<anonymous>)
      at processTicksAndRejections (internal/process/task_queues.js:93:5) {
    code: 500,
    method: 'patch',
    path: '/channels/840041597390684250'
  }
}
-------------------------------------------------------------------------------------------------------------------------------------
[CALLER: RequestHandler.js:107:21 | MS: 1620355200273 | DATE: 5/6/2021, 9:40:00 PM]
-------------------------------------------------------------------------------------------------------------------------------------
FetchError: request to https://discordapp.com/api/v7/channels/840041596803612672 failed, reason: getaddrinfo ENOTFOUND discordapp.com
EXTRA INFO:
Promise {
  <rejected> HTTPError [FetchError]: request to https://discordapp.com/api/v7/channels/840041596803612672 failed, reason: getaddrinfo ENOTFOUND discordapp.com
      at RequestHandler.execute (C:\Users\jaces\Desktop\Corebot\node_modules\discord.js\src\rest\RequestHandler.js:107:21)
      at runMicrotasks (<anonymous>)
      at processTicksAndRejections (internal/process/task_queues.js:93:5) {
    code: 500,
    method: 'patch',
    path: '/channels/840041596803612672'
  }
}
-------------------------------------------------------------------------------------------------------------------------------------
[CALLER: RequestHandler.js:107:21 | MS: 1620355200274 | DATE: 5/6/2021, 9:40:00 PM]
-------------------------------------------------------------------------------------------------------------------------------------
FetchError: request to https://discordapp.com/api/v7/channels/840041597273767977 failed, reason: getaddrinfo ENOTFOUND discordapp.com
EXTRA INFO:
Promise {
  <rejected> HTTPError [FetchError]: request to https://discordapp.com/api/v7/channels/840041597273767977 failed, reason: getaddrinfo ENOTFOUND discordapp.com
      at RequestHandler.execute (C:\Users\jaces\Desktop\Corebot\node_modules\discord.js\src\rest\RequestHandler.js:107:21)
      at runMicrotasks (<anonymous>)
      at processTicksAndRejections (internal/process/task_queues.js:93:5) {
    code: 500,
    method: 'patch',
    path: '/channels/840041597273767977'
  }
}
-------------------------------------------------------------------------------------------------------------------------------------
[CALLER: RequestHandler.js:107:21 | MS: 1620355200276 | DATE: 5/6/2021, 9:40:00 PM]
--------------------------------------------------------------------------------------------------------------------------------------------
FetchError: request to https://discordapp.com/api/v7/guilds/837104198419611649/channels failed, reason: getaddrinfo ENOTFOUND discordapp.com
EXTRA INFO:
Promise {
  <rejected> HTTPError [FetchError]: request to https://discordapp.com/api/v7/guilds/837104198419611649/channels failed, reason: getaddrinfo ENOTFOUND discordapp.com
      at RequestHandler.execute (C:\Users\jaces\Desktop\Corebot\node_modules\discord.js\src\rest\RequestHandler.js:107:21)
      at runMicrotasks (<anonymous>)
      at processTicksAndRejections (internal/process/task_queues.js:93:5) {
    code: 500,
    method: 'post',
    path: '/guilds/837104198419611649/channels'
  }
}
--------------------------------------------------------------------------------------------------------------------------------------------
[CALLER: RequestHandler.js:107:21 | MS: 1620355200275 | DATE: 5/6/2021, 9:40:00 PM]
-------------------------------------------------------------------------------------------------------------------------------------
FetchError: request to https://discordapp.com/api/v7/channels/840041597562781708 failed, reason: getaddrinfo ENOTFOUND discordapp.com
EXTRA INFO:
Promise {
  <rejected> HTTPError [FetchError]: request to https://discordapp.com/api/v7/channels/840041597562781708 failed, reason: getaddrinfo ENOTFOUND discordapp.com
      at RequestHandler.execute (C:\Users\jaces\Desktop\Corebot\node_modules\discord.js\src\rest\RequestHandler.js:107:21)
      at runMicrotasks (<anonymous>)
      at processTicksAndRejections (internal/process/task_queues.js:93:5) {
    code: 500,
    method: 'patch',
    path: '/channels/840041597562781708'
  }
}
-------------------------------------------------------------------------------------------------------------------------------------
[CALLER: RequestHandler.js:107:21 | MS: 1620355200271 | DATE: 5/6/2021, 9:40:00 PM]
-------------------------------------------------------------------------------------------------------------------------------------
FetchError: request to https://discordapp.com/api/v7/channels/840041597918773258 failed, reason: getaddrinfo ENOTFOUND discordapp.com
EXTRA INFO:
Promise {
  <rejected> HTTPError [FetchError]: request to https://discordapp.com/api/v7/channels/840041597918773258 failed, reason: getaddrinfo ENOTFOUND discordapp.com
      at RequestHandler.execute (C:\Users\jaces\Desktop\Corebot\node_modules\discord.js\src\rest\RequestHandler.js:107:21)
      at runMicrotasks (<anonymous>)
      at processTicksAndRejections (internal/process/task_queues.js:93:5) {
    code: 500,
    method: 'patch',
    path: '/channels/840041597918773258'
  }
}
-------------------------------------------------------------------------------------------------------------------------------------
[CALLER: Promise {
  <rejected> DiscordAPIError: Invalid Form Body
  name: This field is required
      at RequestHandler.execute (C:\Users\jaces\Desktop\Corebot\node_modules\discord.js\src\rest\RequestHandler.js:170:25)
      at runMicrotasks (<anonymous>)
      at processTicksAndRejections (internal/process/task_queues.js:93:5) {
    method: 'post',
    path: '/guilds/837104198419611649/channels',
    code: 50035,
    httpStatus: 400
  }
} | MS: 1620355201635 | DATE: 5/6/2021, 9:40:01 PM]
----------------------------------
DiscordAPIError: Invalid Form Body
name: This field is required
EXTRA INFO:
Unknown
----------------------------------
[CALLER: Promise {
  <rejected> DiscordAPIError: Invalid Form Body
  name: This field is required
      at RequestHandler.execute (C:\Users\jaces\Desktop\Corebot\node_modules\discord.js\src\rest\RequestHandler.js:170:25)
      at runMicrotasks (<anonymous>)
      at processTicksAndRejections (internal/process/task_queues.js:93:5) {
    method: 'post',
    path: '/guilds/832046329068650526/channels',
    code: 50035,
    httpStatus: 400
  }
} | MS: 1620355201646 | DATE: 5/6/2021, 9:40:01 PM]
----------------------------------
DiscordAPIError: Invalid Form Body
name: This field is required
EXTRA INFO:
Unknown
----------------------------------
[CALLER: Promise {
  <rejected> DiscordAPIError: Invalid Form Body
  name: This field is required
      at RequestHandler.execute (C:\Users\jaces\Desktop\Corebot\node_modules\discord.js\src\rest\RequestHandler.js:170:25)
      at runMicrotasks (<anonymous>)
      at processTicksAndRejections (internal/process/task_queues.js:93:5) {
    method: 'post',
    path: '/guilds/832046329068650526/channels',
    code: 50035,
    httpStatus: 400
  }
} | MS: 1620355203628 | DATE: 5/6/2021, 9:40:03 PM]
----------------------------------
DiscordAPIError: Invalid Form Body
name: This field is required
EXTRA INFO:
Unknown
----------------------------------
[CALLER: Promise {
  <rejected> DiscordAPIError: Invalid Form Body
  name: This field is required
      at RequestHandler.execute (C:\Users\jaces\Desktop\Corebot\node_modules\discord.js\src\rest\RequestHandler.js:170:25)
      at runMicrotasks (<anonymous>)
      at processTicksAndRejections (internal/process/task_queues.js:93:5) {
    method: 'post',
    path: '/guilds/837104198419611649/channels',
    code: 50035,
    httpStatus: 400
  }
} | MS: 1620355203631 | DATE: 5/6/2021, 9:40:03 PM]
----------------------------------
DiscordAPIError: Invalid Form Body
name: This field is required
EXTRA INFO:
Unknown
----------------------------------
[CALLER: Promise {
  <rejected> DiscordAPIError: Invalid Form Body
  name: This field is required
      at RequestHandler.execute (C:\Users\jaces\Desktop\Corebot\node_modules\discord.js\src\rest\RequestHandler.js:170:25)
      at runMicrotasks (<anonymous>)
      at processTicksAndRejections (internal/process/task_queues.js:93:5) {
    method: 'post',
    path: '/guilds/832046329068650526/channels',
    code: 50035,
    httpStatus: 400
  }
} | MS: 1620355205256 | DATE: 5/6/2021, 9:40:05 PM]
----------------------------------
DiscordAPIError: Invalid Form Body
name: This field is required
EXTRA INFO:
Unknown
----------------------------------
[CALLER: Promise {
  <rejected> DiscordAPIError: Invalid Form Body
  name: This field is required
      at RequestHandler.execute (C:\Users\jaces\Desktop\Corebot\node_modules\discord.js\src\rest\RequestHandler.js:170:25)
      at runMicrotasks (<anonymous>)
      at processTicksAndRejections (internal/process/task_queues.js:93:5) {
    method: 'post',
    path: '/guilds/837104198419611649/channels',
    code: 50035,
    httpStatus: 400
  }
} | MS: 1620355205262 | DATE: 5/6/2021, 9:40:05 PM]
----------------------------------
DiscordAPIError: Invalid Form Body
name: This field is required
EXTRA INFO:
Unknown
----------------------------------
[CALLER: Promise {
  <rejected> DiscordAPIError: Invalid Form Body
  name: This field is required
      at RequestHandler.execute (C:\Users\jaces\Desktop\Corebot\node_modules\discord.js\src\rest\RequestHandler.js:170:25)
      at runMicrotasks (<anonymous>)
      at processTicksAndRejections (internal/process/task_queues.js:93:5) {
    method: 'post',
    path: '/guilds/832046329068650526/channels',
    code: 50035,
    httpStatus: 400
  }
} | MS: 1620355216649 | DATE: 5/6/2021, 9:40:16 PM]
----------------------------------
DiscordAPIError: Invalid Form Body
name: This field is required
EXTRA INFO:
Unknown
----------------------------------
[CALLER: Promise {
  <rejected> DiscordAPIError: Invalid Form Body
  name: This field is required
      at RequestHandler.execute (C:\Users\jaces\Desktop\Corebot\node_modules\discord.js\src\rest\RequestHandler.js:170:25)
      at runMicrotasks (<anonymous>)
      at processTicksAndRejections (internal/process/task_queues.js:93:5) {
    method: 'post',
    path: '/guilds/837104198419611649/channels',
    code: 50035,
    httpStatus: 400
  }
} | MS: 1620355216666 | DATE: 5/6/2021, 9:40:16 PM]
----------------------------------
DiscordAPIError: Invalid Form Body
name: This field is required
EXTRA INFO:
Unknown
----------------------------------
[CALLER: Promise {
  <rejected> DiscordAPIError: Invalid Form Body
  name: This field is required
      at RequestHandler.execute (C:\Users\jaces\Desktop\Corebot\node_modules\discord.js\src\rest\RequestHandler.js:170:25)
      at runMicrotasks (<anonymous>)
      at processTicksAndRejections (internal/process/task_queues.js:93:5) {
    method: 'post',
    path: '/guilds/832046329068650526/channels',
    code: 50035,
    httpStatus: 400
  }
} | MS: 1620355220721 | DATE: 5/6/2021, 9:40:20 PM]
----------------------------------
DiscordAPIError: Invalid Form Body
name: This field is required
EXTRA INFO:
Unknown
----------------------------------
[CALLER: Promise {
  <rejected> DiscordAPIError: Invalid Form Body
  name: This field is required
      at RequestHandler.execute (C:\Users\jaces\Desktop\Corebot\node_modules\discord.js\src\rest\RequestHandler.js:170:25)
      at runMicrotasks (<anonymous>)
      at processTicksAndRejections (internal/process/task_queues.js:93:5) {
    method: 'post',
    path: '/guilds/837104198419611649/channels',
    code: 50035,
    httpStatus: 400
  }
} | MS: 1620355220740 | DATE: 5/6/2021, 9:40:20 PM]
----------------------------------
DiscordAPIError: Invalid Form Body
name: This field is required
EXTRA INFO:
Unknown
----------------------------------
[CALLER: Promise {
  <rejected> DiscordAPIError: Invalid Form Body
  name: This field is required
      at RequestHandler.execute (C:\Users\jaces\Desktop\Corebot\node_modules\discord.js\src\rest\RequestHandler.js:170:25)
      at runMicrotasks (<anonymous>)
      at processTicksAndRejections (internal/process/task_queues.js:93:5) {
    method: 'post',
    path: '/guilds/832046329068650526/channels',
    code: 50035,
    httpStatus: 400
  }
} | MS: 1620355222837 | DATE: 5/6/2021, 9:40:22 PM]
----------------------------------
DiscordAPIError: Invalid Form Body
name: This field is required
EXTRA INFO:
Unknown
----------------------------------
[CALLER: Promise {
  <rejected> DiscordAPIError: Invalid Form Body
  name: This field is required
      at RequestHandler.execute (C:\Users\jaces\Desktop\Corebot\node_modules\discord.js\src\rest\RequestHandler.js:170:25)
      at runMicrotasks (<anonymous>)
      at processTicksAndRejections (internal/process/task_queues.js:93:5) {
    method: 'post',
    path: '/guilds/837104198419611649/channels',
    code: 50035,
    httpStatus: 400
  }
} | MS: 1620355222865 | DATE: 5/6/2021, 9:40:22 PM]
----------------------------------
DiscordAPIError: Invalid Form Body
name: This field is required
EXTRA INFO:
Unknown
----------------------------------
[CALLER: Promise {
  <rejected> DiscordAPIError: Invalid Form Body
  name: This field is required
      at RequestHandler.execute (C:\Users\jaces\Desktop\Corebot\node_modules\discord.js\src\rest\RequestHandler.js:170:25)
      at runMicrotasks (<anonymous>)
      at processTicksAndRejections (internal/process/task_queues.js:93:5) {
    method: 'post',
    path: '/guilds/837104198419611649/channels',
    code: 50035,
    httpStatus: 400
  }
} | MS: 1620355224422 | DATE: 5/6/2021, 9:40:24 PM]
----------------------------------
DiscordAPIError: Invalid Form Body
name: This field is required
EXTRA INFO:
Unknown
----------------------------------
[CALLER: Promise {
  <rejected> DiscordAPIError: Invalid Form Body
  name: This field is required
      at RequestHandler.execute (C:\Users\jaces\Desktop\Corebot\node_modules\discord.js\src\rest\RequestHandler.js:170:25)
      at runMicrotasks (<anonymous>)
      at processTicksAndRejections (internal/process/task_queues.js:93:5) {
    method: 'post',
    path: '/guilds/832046329068650526/channels',
    code: 50035,
    httpStatus: 400
  }
} | MS: 1620355224434 | DATE: 5/6/2021, 9:40:24 PM]
----------------------------------
DiscordAPIError: Invalid Form Body
name: This field is required
EXTRA INFO:
Unknown
----------------------------------
[CALLER: Promise {
  <rejected> DiscordAPIError: Invalid Form Body
  name: This field is required
      at RequestHandler.execute (C:\Users\jaces\Desktop\Corebot\node_modules\discord.js\src\rest\RequestHandler.js:170:25)
      at runMicrotasks (<anonymous>)
      at processTicksAndRejections (internal/process/task_queues.js:93:5) {
    method: 'post',
    path: '/guilds/837104198419611649/channels',
    code: 50035,
    httpStatus: 400
  }
} | MS: 1620355229189 | DATE: 5/6/2021, 9:40:29 PM]
----------------------------------
DiscordAPIError: Invalid Form Body
name: This field is required
EXTRA INFO:
Unknown
----------------------------------
[CALLER: Promise {
  <rejected> DiscordAPIError: Invalid Form Body
  name: This field is required
      at RequestHandler.execute (C:\Users\jaces\Desktop\Corebot\node_modules\discord.js\src\rest\RequestHandler.js:170:25)
      at runMicrotasks (<anonymous>)
      at processTicksAndRejections (internal/process/task_queues.js:93:5) {
    method: 'post',
    path: '/guilds/832046329068650526/channels',
    code: 50035,
    httpStatus: 400
  }
} | MS: 1620355229211 | DATE: 5/6/2021, 9:40:29 PM]
----------------------------------
DiscordAPIError: Invalid Form Body
name: This field is required
EXTRA INFO:
Unknown
----------------------------------
[CALLER: Promise {
  <rejected> DiscordAPIError: Invalid Form Body
  name: This field is required
      at RequestHandler.execute (C:\Users\jaces\Desktop\Corebot\node_modules\discord.js\src\rest\RequestHandler.js:170:25)
      at runMicrotasks (<anonymous>)
      at processTicksAndRejections (internal/process/task_queues.js:93:5) {
    method: 'post',
    path: '/guilds/837104198419611649/channels',
    code: 50035,
    httpStatus: 400
  }
} | MS: 1620355230351 | DATE: 5/6/2021, 9:40:30 PM]
----------------------------------
DiscordAPIError: Invalid Form Body
name: This field is required
EXTRA INFO:
Unknown
----------------------------------
[CALLER: Promise {
  <rejected> DiscordAPIError: Invalid Form Body
  name: This field is required
      at RequestHandler.execute (C:\Users\jaces\Desktop\Corebot\node_modules\discord.js\src\rest\RequestHandler.js:170:25)
      at runMicrotasks (<anonymous>)
      at processTicksAndRejections (internal/process/task_queues.js:93:5) {
    method: 'post',
    path: '/guilds/832046329068650526/channels',
    code: 50035,
    httpStatus: 400
  }
} | MS: 1620355230390 | DATE: 5/6/2021, 9:40:30 PM]
----------------------------------
DiscordAPIError: Invalid Form Body
name: This field is required
EXTRA INFO:
Unknown
----------------------------------
[CALLER: Promise {
  <rejected> DiscordAPIError: Invalid Form Body
  name: This field is required
      at RequestHandler.execute (C:\Users\jaces\Desktop\Corebot\node_modules\discord.js\src\rest\RequestHandler.js:170:25)
      at runMicrotasks (<anonymous>)
      at processTicksAndRejections (internal/process/task_queues.js:93:5) {
    method: 'post',
    path: '/guilds/832046329068650526/channels',
    code: 50035,
    httpStatus: 400
  }
} | MS: 1620355231282 | DATE: 5/6/2021, 9:40:31 PM]
----------------------------------
DiscordAPIError: Invalid Form Body
name: This field is required
EXTRA INFO:
Unknown
----------------------------------
[CALLER: Promise {
  <rejected> DiscordAPIError: Invalid Form Body
  name: This field is required
      at RequestHandler.execute (C:\Users\jaces\Desktop\Corebot\node_modules\discord.js\src\rest\RequestHandler.js:170:25)
      at runMicrotasks (<anonymous>)
      at processTicksAndRejections (internal/process/task_queues.js:93:5) {
    method: 'post',
    path: '/guilds/837104198419611649/channels',
    code: 50035,
    httpStatus: 400
  }
} | MS: 1620355231295 | DATE: 5/6/2021, 9:40:31 PM]
----------------------------------
DiscordAPIError: Invalid Form Body
name: This field is required
EXTRA INFO:
Unknown
----------------------------------
[CALLER: Promise {
  <rejected> DiscordAPIError: Invalid Form Body
  name: This field is required
      at RequestHandler.execute (C:\Users\jaces\Desktop\Corebot\node_modules\discord.js\src\rest\RequestHandler.js:170:25)
      at runMicrotasks (<anonymous>)
      at processTicksAndRejections (internal/process/task_queues.js:93:5) {
    method: 'post',
    path: '/guilds/832046329068650526/channels',
    code: 50035,
    httpStatus: 400
  }
} | MS: 1620355233624 | DATE: 5/6/2021, 9:40:33 PM]
----------------------------------
DiscordAPIError: Invalid Form Body
name: This field is required
EXTRA INFO:
Unknown
----------------------------------
[CALLER: Promise {
  <rejected> DiscordAPIError: Invalid Form Body
  name: This field is required
      at RequestHandler.execute (C:\Users\jaces\Desktop\Corebot\node_modules\discord.js\src\rest\RequestHandler.js:170:25)
      at runMicrotasks (<anonymous>)
      at processTicksAndRejections (internal/process/task_queues.js:93:5) {
    method: 'post',
    path: '/guilds/837104198419611649/channels',
    code: 50035,
    httpStatus: 400
  }
} | MS: 1620355233642 | DATE: 5/6/2021, 9:40:33 PM]
----------------------------------
DiscordAPIError: Invalid Form Body
name: This field is required
EXTRA INFO:
Unknown
----------------------------------
[CALLER: Promise {
  <rejected> DiscordAPIError: Invalid Form Body
  name: This field is required
      at RequestHandler.execute (C:\Users\jaces\Desktop\Corebot\node_modules\discord.js\src\rest\RequestHandler.js:170:25)
      at runMicrotasks (<anonymous>)
      at processTicksAndRejections (internal/process/task_queues.js:93:5) {
    method: 'post',
    path: '/guilds/837104198419611649/channels',
    code: 50035,
    httpStatus: 400
  }
} | MS: 1620355235256 | DATE: 5/6/2021, 9:40:35 PM]
----------------------------------
DiscordAPIError: Invalid Form Body
name: This field is required
EXTRA INFO:
Unknown
----------------------------------
[CALLER: Promise {
  <rejected> DiscordAPIError: Invalid Form Body
  name: This field is required
      at RequestHandler.execute (C:\Users\jaces\Desktop\Corebot\node_modules\discord.js\src\rest\RequestHandler.js:170:25)
      at runMicrotasks (<anonymous>)
      at processTicksAndRejections (internal/process/task_queues.js:93:5) {
    method: 'post',
    path: '/guilds/832046329068650526/channels',
    code: 50035,
    httpStatus: 400
  }
} | MS: 1620355235270 | DATE: 5/6/2021, 9:40:35 PM]
----------------------------------
DiscordAPIError: Invalid Form Body
name: This field is required
EXTRA INFO:
Unknown
----------------------------------
[CALLER: Promise {
  <rejected> DiscordAPIError: Invalid Form Body
  name: This field is required
      at RequestHandler.execute (C:\Users\jaces\Desktop\Corebot\node_modules\discord.js\src\rest\RequestHandler.js:170:25)
      at runMicrotasks (<anonymous>)
      at processTicksAndRejections (internal/process/task_queues.js:93:5) {
    method: 'post',
    path: '/guilds/837104198419611649/channels',
    code: 50035,
    httpStatus: 400
  }
} | MS: 1620355246651 | DATE: 5/6/2021, 9:40:46 PM]
----------------------------------
DiscordAPIError: Invalid Form Body
name: This field is required
EXTRA INFO:
Unknown
----------------------------------
[CALLER: Promise {
  <rejected> DiscordAPIError: Invalid Form Body
  name: This field is required
      at RequestHandler.execute (C:\Users\jaces\Desktop\Corebot\node_modules\discord.js\src\rest\RequestHandler.js:170:25)
      at runMicrotasks (<anonymous>)
      at processTicksAndRejections (internal/process/task_queues.js:93:5) {
    method: 'post',
    path: '/guilds/832046329068650526/channels',
    code: 50035,
    httpStatus: 400
  }
} | MS: 1620355246677 | DATE: 5/6/2021, 9:40:46 PM]
----------------------------------
DiscordAPIError: Invalid Form Body
name: This field is required
EXTRA INFO:
Unknown
----------------------------------
[CALLER: Promise {
  <rejected> DiscordAPIError: Invalid Form Body
  name: This field is required
      at RequestHandler.execute (C:\Users\jaces\Desktop\Corebot\node_modules\discord.js\src\rest\RequestHandler.js:170:25)
      at runMicrotasks (<anonymous>)
      at processTicksAndRejections (internal/process/task_queues.js:93:5) {
    method: 'post',
    path: '/guilds/832046329068650526/channels',
    code: 50035,
    httpStatus: 400
  }
} | MS: 1620355250718 | DATE: 5/6/2021, 9:40:50 PM]
----------------------------------
DiscordAPIError: Invalid Form Body
name: This field is required
EXTRA INFO:
Unknown
----------------------------------
[CALLER: Promise {
  <rejected> DiscordAPIError: Invalid Form Body
  name: This field is required
      at RequestHandler.execute (C:\Users\jaces\Desktop\Corebot\node_modules\discord.js\src\rest\RequestHandler.js:170:25)
      at runMicrotasks (<anonymous>)
      at processTicksAndRejections (internal/process/task_queues.js:93:5) {
    method: 'post',
    path: '/guilds/837104198419611649/channels',
    code: 50035,
    httpStatus: 400
  }
} | MS: 1620355250728 | DATE: 5/6/2021, 9:40:50 PM]
----------------------------------
DiscordAPIError: Invalid Form Body
name: This field is required
EXTRA INFO:
Unknown
----------------------------------
[CALLER: Promise {
  <rejected> DiscordAPIError: Invalid Form Body
  name: This field is required
      at RequestHandler.execute (C:\Users\jaces\Desktop\Corebot\node_modules\discord.js\src\rest\RequestHandler.js:170:25)
      at runMicrotasks (<anonymous>)
      at processTicksAndRejections (internal/process/task_queues.js:93:5) {
    method: 'post',
    path: '/guilds/832046329068650526/channels',
    code: 50035,
    httpStatus: 400
  }
} | MS: 1620355252833 | DATE: 5/6/2021, 9:40:52 PM]
----------------------------------
DiscordAPIError: Invalid Form Body
name: This field is required
EXTRA INFO:
Unknown
----------------------------------
[CALLER: Promise {
  <rejected> DiscordAPIError: Invalid Form Body
  name: This field is required
      at RequestHandler.execute (C:\Users\jaces\Desktop\Corebot\node_modules\discord.js\src\rest\RequestHandler.js:170:25)
      at runMicrotasks (<anonymous>)
      at processTicksAndRejections (internal/process/task_queues.js:93:5) {
    method: 'post',
    path: '/guilds/837104198419611649/channels',
    code: 50035,
    httpStatus: 400
  }
} | MS: 1620355252839 | DATE: 5/6/2021, 9:40:52 PM]
----------------------------------
DiscordAPIError: Invalid Form Body
name: This field is required
EXTRA INFO:
Unknown
----------------------------------
[CALLER: Promise {
  <rejected> DiscordAPIError: Invalid Form Body
  name: This field is required
      at RequestHandler.execute (C:\Users\jaces\Desktop\Corebot\node_modules\discord.js\src\rest\RequestHandler.js:170:25)
      at runMicrotasks (<anonymous>)
      at processTicksAndRejections (internal/process/task_queues.js:93:5) {
    method: 'post',
    path: '/guilds/832046329068650526/channels',
    code: 50035,
    httpStatus: 400
  }
} | MS: 1620355254435 | DATE: 5/6/2021, 9:40:54 PM]
----------------------------------
DiscordAPIError: Invalid Form Body
name: This field is required
EXTRA INFO:
Unknown
----------------------------------
[CALLER: Promise {
  <rejected> DiscordAPIError: Invalid Form Body
  name: This field is required
      at RequestHandler.execute (C:\Users\jaces\Desktop\Corebot\node_modules\discord.js\src\rest\RequestHandler.js:170:25)
      at runMicrotasks (<anonymous>)
      at processTicksAndRejections (internal/process/task_queues.js:93:5) {
    method: 'post',
    path: '/guilds/837104198419611649/channels',
    code: 50035,
    httpStatus: 400
  }
} | MS: 1620355254526 | DATE: 5/6/2021, 9:40:54 PM]
----------------------------------
DiscordAPIError: Invalid Form Body
name: This field is required
EXTRA INFO:
Unknown
----------------------------------
[CALLER: Promise {
  <rejected> DiscordAPIError: Invalid Form Body
  name: This field is required
      at RequestHandler.execute (C:\Users\jaces\Desktop\Corebot\node_modules\discord.js\src\rest\RequestHandler.js:170:25)
      at runMicrotasks (<anonymous>)
      at processTicksAndRejections (internal/process/task_queues.js:93:5) {
    method: 'post',
    path: '/guilds/837104198419611649/channels',
    code: 50035,
    httpStatus: 400
  }
} | MS: 1620355259189 | DATE: 5/6/2021, 9:40:59 PM]
----------------------------------
DiscordAPIError: Invalid Form Body
name: This field is required
EXTRA INFO:
Unknown
----------------------------------
[CALLER: Promise {
  <rejected> DiscordAPIError: Invalid Form Body
  name: This field is required
      at RequestHandler.execute (C:\Users\jaces\Desktop\Corebot\node_modules\discord.js\src\rest\RequestHandler.js:170:25)
      at runMicrotasks (<anonymous>)
      at processTicksAndRejections (internal/process/task_queues.js:93:5) {
    method: 'post',
    path: '/guilds/832046329068650526/channels',
    code: 50035,
    httpStatus: 400
  }
} | MS: 1620355259191 | DATE: 5/6/2021, 9:40:59 PM]
----------------------------------
DiscordAPIError: Invalid Form Body
name: This field is required
EXTRA INFO:
Unknown
----------------------------------
[CALLER: Promise {
  <rejected> DiscordAPIError: Invalid Form Body
  name: This field is required
      at RequestHandler.execute (C:\Users\jaces\Desktop\Corebot\node_modules\discord.js\src\rest\RequestHandler.js:170:25)
      at runMicrotasks (<anonymous>)
      at processTicksAndRejections (internal/process/task_queues.js:93:5) {
    method: 'post',
    path: '/guilds/832046329068650526/channels',
    code: 50035,
    httpStatus: 400
  }
} | MS: 1620355260369 | DATE: 5/6/2021, 9:41:00 PM]
----------------------------------
DiscordAPIError: Invalid Form Body
name: This field is required
EXTRA INFO:
Unknown
----------------------------------
[CALLER: Promise {
  <rejected> DiscordAPIError: Invalid Form Body
  name: This field is required
      at RequestHandler.execute (C:\Users\jaces\Desktop\Corebot\node_modules\discord.js\src\rest\RequestHandler.js:170:25)
      at runMicrotasks (<anonymous>)
      at processTicksAndRejections (internal/process/task_queues.js:93:5) {
    method: 'post',
    path: '/guilds/837104198419611649/channels',
    code: 50035,
    httpStatus: 400
  }
} | MS: 1620355260375 | DATE: 5/6/2021, 9:41:00 PM]
----------------------------------
DiscordAPIError: Invalid Form Body
name: This field is required
EXTRA INFO:
Unknown
----------------------------------
[CALLER: Promise {
  <rejected> DiscordAPIError: Invalid Form Body
  name: This field is required
      at RequestHandler.execute (C:\Users\jaces\Desktop\Corebot\node_modules\discord.js\src\rest\RequestHandler.js:170:25)
      at runMicrotasks (<anonymous>)
      at processTicksAndRejections (internal/process/task_queues.js:93:5) {
    method: 'post',
    path: '/guilds/837104198419611649/channels',
    code: 50035,
    httpStatus: 400
  }
} | MS: 1620355261282 | DATE: 5/6/2021, 9:41:01 PM]
----------------------------------
DiscordAPIError: Invalid Form Body
name: This field is required
EXTRA INFO:
Unknown
----------------------------------
[CALLER: Promise {
  <rejected> DiscordAPIError: Invalid Form Body
  name: This field is required
      at RequestHandler.execute (C:\Users\jaces\Desktop\Corebot\node_modules\discord.js\src\rest\RequestHandler.js:170:25)
      at runMicrotasks (<anonymous>)
      at processTicksAndRejections (internal/process/task_queues.js:93:5) {
    method: 'post',
    path: '/guilds/832046329068650526/channels',
    code: 50035,
    httpStatus: 400
  }
} | MS: 1620355261301 | DATE: 5/6/2021, 9:41:01 PM]
----------------------------------
DiscordAPIError: Invalid Form Body
name: This field is required
EXTRA INFO:
Unknown
----------------------------------
[CALLER: RequestHandler.js:107:21 | MS: 1620355261556 | DATE: 5/6/2021, 9:41:01 PM]
---------------------------------------
AbortError: The user aborted a request.
EXTRA INFO:
Promise {
  <rejected> HTTPError [AbortError]: The user aborted a request.
      at RequestHandler.execute (C:\Users\jaces\Desktop\Corebot\node_modules\discord.js\src\rest\RequestHandler.js:107:21)
      at runMicrotasks (<anonymous>)
      at processTicksAndRejections (internal/process/task_queues.js:93:5) {
    code: 500,
    method: 'patch',
    path: '/channels/840041596874391572'
  }
}
---------------------------------------
[CALLER: Promise {
  <rejected> DiscordAPIError: Invalid Form Body
  name: This field is required
      at RequestHandler.execute (C:\Users\jaces\Desktop\Corebot\node_modules\discord.js\src\rest\RequestHandler.js:170:25)
      at processTicksAndRejections (internal/process/task_queues.js:93:5) {
    method: 'post',
    path: '/guilds/837104198419611649/channels',
    code: 50035,
    httpStatus: 400
  }
} | MS: 1620355263625 | DATE: 5/6/2021, 9:41:03 PM]
----------------------------------
DiscordAPIError: Invalid Form Body
name: This field is required
EXTRA INFO:
Unknown
----------------------------------
[CALLER: Promise {
  <rejected> DiscordAPIError: Invalid Form Body
  name: This field is required
      at RequestHandler.execute (C:\Users\jaces\Desktop\Corebot\node_modules\discord.js\src\rest\RequestHandler.js:170:25)
      at processTicksAndRejections (internal/process/task_queues.js:93:5) {
    method: 'post',
    path: '/guilds/832046329068650526/channels',
    code: 50035,
    httpStatus: 400
  }
} | MS: 1620355263653 | DATE: 5/6/2021, 9:41:03 PM]
----------------------------------
DiscordAPIError: Invalid Form Body
name: This field is required
EXTRA INFO:
Unknown
----------------------------------
[CALLER: Promise {
  <rejected> DiscordAPIError: Invalid Form Body
  name: This field is required
      at RequestHandler.execute (C:\Users\jaces\Desktop\Corebot\node_modules\discord.js\src\rest\RequestHandler.js:170:25)
      at processTicksAndRejections (internal/process/task_queues.js:93:5) {
    method: 'post',
    path: '/guilds/837104198419611649/channels',
    code: 50035,
    httpStatus: 400
  }
} | MS: 1620355265253 | DATE: 5/6/2021, 9:41:05 PM]
----------------------------------
DiscordAPIError: Invalid Form Body
name: This field is required
EXTRA INFO:
Unknown
----------------------------------
[CALLER: Promise {
  <rejected> DiscordAPIError: Invalid Form Body
  name: This field is required
      at RequestHandler.execute (C:\Users\jaces\Desktop\Corebot\node_modules\discord.js\src\rest\RequestHandler.js:170:25)
      at processTicksAndRejections (internal/process/task_queues.js:93:5) {
    method: 'post',
    path: '/guilds/832046329068650526/channels',
    code: 50035,
    httpStatus: 400
  }
} | MS: 1620355265291 | DATE: 5/6/2021, 9:41:05 PM]
----------------------------------
DiscordAPIError: Invalid Form Body
name: This field is required
EXTRA INFO:
Unknown
----------------------------------
[CALLER: Promise {
  <rejected> DiscordAPIError: Invalid Form Body
  name: This field is required
      at RequestHandler.execute (C:\Users\jaces\Desktop\Corebot\node_modules\discord.js\src\rest\RequestHandler.js:170:25)
      at processTicksAndRejections (internal/process/task_queues.js:93:5) {
    method: 'post',
    path: '/guilds/837104198419611649/channels',
    code: 50035,
    httpStatus: 400
  }
} | MS: 1620355276665 | DATE: 5/6/2021, 9:41:16 PM]
----------------------------------
DiscordAPIError: Invalid Form Body
name: This field is required
EXTRA INFO:
Unknown
----------------------------------
[CALLER: Promise {
  <rejected> DiscordAPIError: Invalid Form Body
  name: This field is required
      at RequestHandler.execute (C:\Users\jaces\Desktop\Corebot\node_modules\discord.js\src\rest\RequestHandler.js:170:25)
      at processTicksAndRejections (internal/process/task_queues.js:93:5) {
    method: 'post',
    path: '/guilds/832046329068650526/channels',
    code: 50035,
    httpStatus: 400
  }
} | MS: 1620355276667 | DATE: 5/6/2021, 9:41:16 PM]
----------------------------------
DiscordAPIError: Invalid Form Body
name: This field is required
EXTRA INFO:
Unknown
----------------------------------
[CALLER: Promise {
  <rejected> DiscordAPIError: Invalid Form Body
  name: This field is required
      at RequestHandler.execute (C:\Users\jaces\Desktop\Corebot\node_modules\discord.js\src\rest\RequestHandler.js:170:25)
      at processTicksAndRejections (internal/process/task_queues.js:93:5) {
    method: 'post',
    path: '/guilds/832046329068650526/channels',
    code: 50035,
    httpStatus: 400
  }
} | MS: 1620355280722 | DATE: 5/6/2021, 9:41:20 PM]
----------------------------------
DiscordAPIError: Invalid Form Body
name: This field is required
EXTRA INFO:
Unknown
----------------------------------
[CALLER: Promise {
  <rejected> DiscordAPIError: Invalid Form Body
  name: This field is required
      at RequestHandler.execute (C:\Users\jaces\Desktop\Corebot\node_modules\discord.js\src\rest\RequestHandler.js:170:25)
      at processTicksAndRejections (internal/process/task_queues.js:93:5) {
    method: 'post',
    path: '/guilds/837104198419611649/channels',
    code: 50035,
    httpStatus: 400
  }
} | MS: 1620355280722 | DATE: 5/6/2021, 9:41:20 PM]
----------------------------------
DiscordAPIError: Invalid Form Body
name: This field is required
EXTRA INFO:
Unknown
----------------------------------
[CALLER: Promise {
  <rejected> DiscordAPIError: Invalid Form Body
  name: This field is required
      at RequestHandler.execute (C:\Users\jaces\Desktop\Corebot\node_modules\discord.js\src\rest\RequestHandler.js:170:25)
      at processTicksAndRejections (internal/process/task_queues.js:93:5) {
    method: 'post',
    path: '/guilds/837104198419611649/channels',
    code: 50035,
    httpStatus: 400
  }
} | MS: 1620355282827 | DATE: 5/6/2021, 9:41:22 PM]
----------------------------------
DiscordAPIError: Invalid Form Body
name: This field is required
EXTRA INFO:
Unknown
----------------------------------
[CALLER: Promise {
  <rejected> DiscordAPIError: Invalid Form Body
  name: This field is required
      at RequestHandler.execute (C:\Users\jaces\Desktop\Corebot\node_modules\discord.js\src\rest\RequestHandler.js:170:25)
      at processTicksAndRejections (internal/process/task_queues.js:93:5) {
    method: 'post',
    path: '/guilds/832046329068650526/channels',
    code: 50035,
    httpStatus: 400
  }
} | MS: 1620355282837 | DATE: 5/6/2021, 9:41:22 PM]
----------------------------------
DiscordAPIError: Invalid Form Body
name: This field is required
EXTRA INFO:
Unknown
----------------------------------
[CALLER: Promise {
  <rejected> DiscordAPIError: Invalid Form Body
  name: This field is required
      at RequestHandler.execute (C:\Users\jaces\Desktop\Corebot\node_modules\discord.js\src\rest\RequestHandler.js:170:25)
      at processTicksAndRejections (internal/process/task_queues.js:93:5) {
    method: 'post',
    path: '/guilds/832046329068650526/channels',
    code: 50035,
    httpStatus: 400
  }
} | MS: 1620355284413 | DATE: 5/6/2021, 9:41:24 PM]
----------------------------------
DiscordAPIError: Invalid Form Body
name: This field is required
EXTRA INFO:
Unknown
----------------------------------
[CALLER: Promise {
  <rejected> DiscordAPIError: Invalid Form Body
  name: This field is required
      at RequestHandler.execute (C:\Users\jaces\Desktop\Corebot\node_modules\discord.js\src\rest\RequestHandler.js:170:25)
      at processTicksAndRejections (internal/process/task_queues.js:93:5) {
    method: 'post',
    path: '/guilds/837104198419611649/channels',
    code: 50035,
    httpStatus: 400
  }
} | MS: 1620355284418 | DATE: 5/6/2021, 9:41:24 PM]
----------------------------------
DiscordAPIError: Invalid Form Body
name: This field is required
EXTRA INFO:
Unknown
----------------------------------
[CALLER: Promise {
  <rejected> DiscordAPIError: Invalid Form Body
  name: This field is required
      at RequestHandler.execute (C:\Users\jaces\Desktop\Corebot\node_modules\discord.js\src\rest\RequestHandler.js:170:25)
      at processTicksAndRejections (internal/process/task_queues.js:93:5) {
    method: 'post',
    path: '/guilds/837104198419611649/channels',
    code: 50035,
    httpStatus: 400
  }
} | MS: 1620355289213 | DATE: 5/6/2021, 9:41:29 PM]
----------------------------------
DiscordAPIError: Invalid Form Body
name: This field is required
EXTRA INFO:
Unknown
----------------------------------
[CALLER: Promise {
  <rejected> DiscordAPIError: Invalid Form Body
  name: This field is required
      at RequestHandler.execute (C:\Users\jaces\Desktop\Corebot\node_modules\discord.js\src\rest\RequestHandler.js:170:25)
      at processTicksAndRejections (internal/process/task_queues.js:93:5) {
    method: 'post',
    path: '/guilds/832046329068650526/channels',
    code: 50035,
    httpStatus: 400
  }
} | MS: 1620355289251 | DATE: 5/6/2021, 9:41:29 PM]
----------------------------------
DiscordAPIError: Invalid Form Body
name: This field is required
EXTRA INFO:
Unknown
----------------------------------
[CALLER: Promise {
  <rejected> DiscordAPIError: Invalid Form Body
  name: This field is required
      at RequestHandler.execute (C:\Users\jaces\Desktop\Corebot\node_modules\discord.js\src\rest\RequestHandler.js:170:25)
      at processTicksAndRejections (internal/process/task_queues.js:93:5) {
    method: 'post',
    path: '/guilds/837104198419611649/channels',
    code: 50035,
    httpStatus: 400
  }
} | MS: 1620355290355 | DATE: 5/6/2021, 9:41:30 PM]
----------------------------------
DiscordAPIError: Invalid Form Body
name: This field is required
EXTRA INFO:
Unknown
----------------------------------
[CALLER: Promise {
  <rejected> DiscordAPIError: Invalid Form Body
  name: This field is required
      at RequestHandler.execute (C:\Users\jaces\Desktop\Corebot\node_modules\discord.js\src\rest\RequestHandler.js:170:25)
      at processTicksAndRejections (internal/process/task_queues.js:93:5) {
    method: 'post',
    path: '/guilds/832046329068650526/channels',
    code: 50035,
    httpStatus: 400
  }
} | MS: 1620355290364 | DATE: 5/6/2021, 9:41:30 PM]
----------------------------------
DiscordAPIError: Invalid Form Body
name: This field is required
EXTRA INFO:
Unknown
----------------------------------
[CALLER: Promise {
  <rejected> DiscordAPIError: Invalid Form Body
  name: This field is required
      at RequestHandler.execute (C:\Users\jaces\Desktop\Corebot\node_modules\discord.js\src\rest\RequestHandler.js:170:25)
      at processTicksAndRejections (internal/process/task_queues.js:93:5) {
    method: 'post',
    path: '/guilds/837104198419611649/channels',
    code: 50035,
    httpStatus: 400
  }
} | MS: 1620355291287 | DATE: 5/6/2021, 9:41:31 PM]
----------------------------------
DiscordAPIError: Invalid Form Body
name: This field is required
EXTRA INFO:
Unknown
----------------------------------
[CALLER: Promise {
  <rejected> DiscordAPIError: Invalid Form Body
  name: This field is required
      at RequestHandler.execute (C:\Users\jaces\Desktop\Corebot\node_modules\discord.js\src\rest\RequestHandler.js:170:25)
      at processTicksAndRejections (internal/process/task_queues.js:93:5) {
    method: 'post',
    path: '/guilds/832046329068650526/channels',
    code: 50035,
    httpStatus: 400
  }
} | MS: 1620355291311 | DATE: 5/6/2021, 9:41:31 PM]
----------------------------------
DiscordAPIError: Invalid Form Body
name: This field is required
EXTRA INFO:
Unknown
----------------------------------
[CALLER: Promise {
  <rejected> DiscordAPIError: Invalid Form Body
  name: This field is required
      at RequestHandler.execute (C:\Users\jaces\Desktop\Corebot\node_modules\discord.js\src\rest\RequestHandler.js:170:25)
      at processTicksAndRejections (internal/process/task_queues.js:93:5) {
    method: 'post',
    path: '/guilds/837104198419611649/channels',
    code: 50035,
    httpStatus: 400
  }
} | MS: 1620355293621 | DATE: 5/6/2021, 9:41:33 PM]
----------------------------------
DiscordAPIError: Invalid Form Body
name: This field is required
EXTRA INFO:
Unknown
----------------------------------
[CALLER: Promise {
  <rejected> DiscordAPIError: Invalid Form Body
  name: This field is required
      at RequestHandler.execute (C:\Users\jaces\Desktop\Corebot\node_modules\discord.js\src\rest\RequestHandler.js:170:25)
      at processTicksAndRejections (internal/process/task_queues.js:93:5) {
    method: 'post',
    path: '/guilds/832046329068650526/channels',
    code: 50035,
    httpStatus: 400
  }
} | MS: 1620355293630 | DATE: 5/6/2021, 9:41:33 PM]
----------------------------------
DiscordAPIError: Invalid Form Body
name: This field is required
EXTRA INFO:
Unknown
----------------------------------
[CALLER: Promise {
  <rejected> DiscordAPIError: Invalid Form Body
  name: This field is required
      at RequestHandler.execute (C:\Users\jaces\Desktop\Corebot\node_modules\discord.js\src\rest\RequestHandler.js:170:25)
      at processTicksAndRejections (internal/process/task_queues.js:93:5) {
    method: 'post',
    path: '/guilds/832046329068650526/channels',
    code: 50035,
    httpStatus: 400
  }
} | MS: 1620355295294 | DATE: 5/6/2021, 9:41:35 PM]
----------------------------------
DiscordAPIError: Invalid Form Body
name: This field is required
EXTRA INFO:
Unknown
----------------------------------
[CALLER: Promise {
  <rejected> DiscordAPIError: Invalid Form Body
  name: This field is required
      at RequestHandler.execute (C:\Users\jaces\Desktop\Corebot\node_modules\discord.js\src\rest\RequestHandler.js:170:25)
      at processTicksAndRejections (internal/process/task_queues.js:93:5) {
    method: 'post',
    path: '/guilds/837104198419611649/channels',
    code: 50035,
    httpStatus: 400
  }
} | MS: 1620355295295 | DATE: 5/6/2021, 9:41:35 PM]
----------------------------------
DiscordAPIError: Invalid Form Body
name: This field is required
EXTRA INFO:
Unknown
----------------------------------
[CALLER: Promise {
  <rejected> DiscordAPIError: Invalid Form Body
  name: This field is required
      at RequestHandler.execute (C:\Users\jaces\Desktop\Corebot\node_modules\discord.js\src\rest\RequestHandler.js:170:25)
      at processTicksAndRejections (internal/process/task_queues.js:93:5) {
    method: 'post',
    path: '/guilds/832046329068650526/channels',
    code: 50035,
    httpStatus: 400
  }
} | MS: 1620355306656 | DATE: 5/6/2021, 9:41:46 PM]
----------------------------------
DiscordAPIError: Invalid Form Body
name: This field is required
EXTRA INFO:
Unknown
----------------------------------
[CALLER: Promise {
  <rejected> DiscordAPIError: Invalid Form Body
  name: This field is required
      at RequestHandler.execute (C:\Users\jaces\Desktop\Corebot\node_modules\discord.js\src\rest\RequestHandler.js:170:25)
      at processTicksAndRejections (internal/process/task_queues.js:93:5) {
    method: 'post',
    path: '/guilds/837104198419611649/channels',
    code: 50035,
    httpStatus: 400
  }
} | MS: 1620355306680 | DATE: 5/6/2021, 9:41:46 PM]
----------------------------------
DiscordAPIError: Invalid Form Body
name: This field is required
EXTRA INFO:
Unknown
----------------------------------
[CALLER: Promise {
  <rejected> DiscordAPIError: Invalid Form Body
  name: This field is required
      at RequestHandler.execute (C:\Users\jaces\Desktop\Corebot\node_modules\discord.js\src\rest\RequestHandler.js:170:25)
      at runMicrotasks (<anonymous>)
      at processTicksAndRejections (internal/process/task_queues.js:93:5) {
    method: 'post',
    path: '/guilds/832046329068650526/channels',
    code: 50035,
    httpStatus: 400
  }
} | MS: 1620355310740 | DATE: 5/6/2021, 9:41:50 PM]
----------------------------------
DiscordAPIError: Invalid Form Body
name: This field is required
EXTRA INFO:
Unknown
----------------------------------
[CALLER: Promise {
  <rejected> DiscordAPIError: Invalid Form Body
  name: This field is required
      at RequestHandler.execute (C:\Users\jaces\Desktop\Corebot\node_modules\discord.js\src\rest\RequestHandler.js:170:25)
      at runMicrotasks (<anonymous>)
      at processTicksAndRejections (internal/process/task_queues.js:93:5) {
    method: 'post',
    path: '/guilds/837104198419611649/channels',
    code: 50035,
    httpStatus: 400
  }
} | MS: 1620355310741 | DATE: 5/6/2021, 9:41:50 PM]
----------------------------------
DiscordAPIError: Invalid Form Body
name: This field is required
EXTRA INFO:
Unknown
----------------------------------
[CALLER: Promise {
  <rejected> DiscordAPIError: Invalid Form Body
  name: This field is required
      at RequestHandler.execute (C:\Users\jaces\Desktop\Corebot\node_modules\discord.js\src\rest\RequestHandler.js:170:25)
      at runMicrotasks (<anonymous>)
      at processTicksAndRejections (internal/process/task_queues.js:93:5) {
    method: 'post',
    path: '/guilds/837104198419611649/channels',
    code: 50035,
    httpStatus: 400
  }
} | MS: 1620355312884 | DATE: 5/6/2021, 9:41:52 PM]
----------------------------------
DiscordAPIError: Invalid Form Body
name: This field is required
EXTRA INFO:
Unknown
----------------------------------
[CALLER: Promise {
  <rejected> DiscordAPIError: Invalid Form Body
  name: This field is required
      at RequestHandler.execute (C:\Users\jaces\Desktop\Corebot\node_modules\discord.js\src\rest\RequestHandler.js:170:25)
      at runMicrotasks (<anonymous>)
      at processTicksAndRejections (internal/process/task_queues.js:93:5) {
    method: 'post',
    path: '/guilds/832046329068650526/channels',
    code: 50035,
    httpStatus: 400
  }
} | MS: 1620355312893 | DATE: 5/6/2021, 9:41:52 PM]
----------------------------------
DiscordAPIError: Invalid Form Body
name: This field is required
EXTRA INFO:
Unknown
----------------------------------
[CALLER: Promise {
  <rejected> DiscordAPIError: Invalid Form Body
  name: This field is required
      at RequestHandler.execute (C:\Users\jaces\Desktop\Corebot\node_modules\discord.js\src\rest\RequestHandler.js:170:25)
      at runMicrotasks (<anonymous>)
      at processTicksAndRejections (internal/process/task_queues.js:93:5) {
    method: 'post',
    path: '/guilds/832046329068650526/channels',
    code: 50035,
    httpStatus: 400
  }
} | MS: 1620355314397 | DATE: 5/6/2021, 9:41:54 PM]
----------------------------------
DiscordAPIError: Invalid Form Body
name: This field is required
EXTRA INFO:
Unknown
----------------------------------
[CALLER: Promise {
  <rejected> DiscordAPIError: Invalid Form Body
  name: This field is required
      at RequestHandler.execute (C:\Users\jaces\Desktop\Corebot\node_modules\discord.js\src\rest\RequestHandler.js:170:25)
      at runMicrotasks (<anonymous>)
      at processTicksAndRejections (internal/process/task_queues.js:93:5) {
    method: 'post',
    path: '/guilds/837104198419611649/channels',
    code: 50035,
    httpStatus: 400
  }
} | MS: 1620355314416 | DATE: 5/6/2021, 9:41:54 PM]
----------------------------------
DiscordAPIError: Invalid Form Body
name: This field is required
EXTRA INFO:
Unknown
----------------------------------
[CALLER: Promise {
  <rejected> DiscordAPIError: Invalid Form Body
  name: This field is required
      at RequestHandler.execute (C:\Users\jaces\Desktop\Corebot\node_modules\discord.js\src\rest\RequestHandler.js:170:25)
      at runMicrotasks (<anonymous>)
      at processTicksAndRejections (internal/process/task_queues.js:93:5) {
    method: 'post',
    path: '/guilds/837104198419611649/channels',
    code: 50035,
    httpStatus: 400
  }
} | MS: 1620355319245 | DATE: 5/6/2021, 9:41:59 PM]
----------------------------------
DiscordAPIError: Invalid Form Body
name: This field is required
EXTRA INFO:
Unknown
----------------------------------
[CALLER: Promise {
  <rejected> DiscordAPIError: Invalid Form Body
  name: This field is required
      at RequestHandler.execute (C:\Users\jaces\Desktop\Corebot\node_modules\discord.js\src\rest\RequestHandler.js:170:25)
      at runMicrotasks (<anonymous>)
      at processTicksAndRejections (internal/process/task_queues.js:93:5) {
    method: 'post',
    path: '/guilds/832046329068650526/channels',
    code: 50035,
    httpStatus: 400
  }
} | MS: 1620355319246 | DATE: 5/6/2021, 9:41:59 PM]
----------------------------------
DiscordAPIError: Invalid Form Body
name: This field is required
EXTRA INFO:
Unknown
----------------------------------
[CALLER: Promise {
  <rejected> DiscordAPIError: Invalid Form Body
  name: This field is required
      at RequestHandler.execute (C:\Users\jaces\Desktop\Corebot\node_modules\discord.js\src\rest\RequestHandler.js:170:25)
      at runMicrotasks (<anonymous>)
      at processTicksAndRejections (internal/process/task_queues.js:93:5) {
    method: 'post',
    path: '/guilds/837104198419611649/channels',
    code: 50035,
    httpStatus: 400
  }
} | MS: 1620355320348 | DATE: 5/6/2021, 9:42:00 PM]
----------------------------------
DiscordAPIError: Invalid Form Body
name: This field is required
EXTRA INFO:
Unknown
----------------------------------
[CALLER: Promise {
  <rejected> DiscordAPIError: Invalid Form Body
  name: This field is required
      at RequestHandler.execute (C:\Users\jaces\Desktop\Corebot\node_modules\discord.js\src\rest\RequestHandler.js:170:25)
      at runMicrotasks (<anonymous>)
      at processTicksAndRejections (internal/process/task_queues.js:93:5) {
    method: 'post',
    path: '/guilds/832046329068650526/channels',
    code: 50035,
    httpStatus: 400
  }
} | MS: 1620355320377 | DATE: 5/6/2021, 9:42:00 PM]
----------------------------------
DiscordAPIError: Invalid Form Body
name: This field is required
EXTRA INFO:
Unknown
----------------------------------
[CALLER: Promise {
  <rejected> DiscordAPIError: Invalid Form Body
  name: This field is required
      at RequestHandler.execute (C:\Users\jaces\Desktop\Corebot\node_modules\discord.js\src\rest\RequestHandler.js:170:25)
      at runMicrotasks (<anonymous>)
      at processTicksAndRejections (internal/process/task_queues.js:93:5) {
    method: 'post',
    path: '/guilds/832046329068650526/channels',
    code: 50035,
    httpStatus: 400
  }
} | MS: 1620355321296 | DATE: 5/6/2021, 9:42:01 PM]
----------------------------------
DiscordAPIError: Invalid Form Body
name: This field is required
EXTRA INFO:
Unknown
----------------------------------
[CALLER: Promise {
  <rejected> DiscordAPIError: Invalid Form Body
  name: This field is required
      at RequestHandler.execute (C:\Users\jaces\Desktop\Corebot\node_modules\discord.js\src\rest\RequestHandler.js:170:25)
      at runMicrotasks (<anonymous>)
      at processTicksAndRejections (internal/process/task_queues.js:93:5) {
    method: 'post',
    path: '/guilds/837104198419611649/channels',
    code: 50035,
    httpStatus: 400
  }
} | MS: 1620355321301 | DATE: 5/6/2021, 9:42:01 PM]
----------------------------------
DiscordAPIError: Invalid Form Body
name: This field is required
EXTRA INFO:
Unknown
----------------------------------
[CALLER: Promise {
  <rejected> DiscordAPIError: Invalid Form Body
  name: This field is required
      at RequestHandler.execute (C:\Users\jaces\Desktop\Corebot\node_modules\discord.js\src\rest\RequestHandler.js:170:25)
      at runMicrotasks (<anonymous>)
      at processTicksAndRejections (internal/process/task_queues.js:93:5) {
    method: 'post',
    path: '/guilds/837104198419611649/channels',
    code: 50035,
    httpStatus: 400
  }
} | MS: 1620355323623 | DATE: 5/6/2021, 9:42:03 PM]
----------------------------------
DiscordAPIError: Invalid Form Body
name: This field is required
EXTRA INFO:
Unknown
----------------------------------
[CALLER: Promise {
  <rejected> DiscordAPIError: Invalid Form Body
  name: This field is required
      at RequestHandler.execute (C:\Users\jaces\Desktop\Corebot\node_modules\discord.js\src\rest\RequestHandler.js:170:25)
      at runMicrotasks (<anonymous>)
      at processTicksAndRejections (internal/process/task_queues.js:93:5) {
    method: 'post',
    path: '/guilds/832046329068650526/channels',
    code: 50035,
    httpStatus: 400
  }
} | MS: 1620355323656 | DATE: 5/6/2021, 9:42:03 PM]
----------------------------------
DiscordAPIError: Invalid Form Body
name: This field is required
EXTRA INFO:
Unknown
----------------------------------
[CALLER: Promise {
  <rejected> DiscordAPIError: Invalid Form Body
  name: This field is required
      at RequestHandler.execute (C:\Users\jaces\Desktop\Corebot\node_modules\discord.js\src\rest\RequestHandler.js:170:25)
      at runMicrotasks (<anonymous>)
      at processTicksAndRejections (internal/process/task_queues.js:93:5) {
    method: 'post',
    path: '/guilds/837104198419611649/channels',
    code: 50035,
    httpStatus: 400
  }
} | MS: 1620355325259 | DATE: 5/6/2021, 9:42:05 PM]
----------------------------------
DiscordAPIError: Invalid Form Body
name: This field is required
EXTRA INFO:
Unknown
----------------------------------
[CALLER: Promise {
  <rejected> DiscordAPIError: Invalid Form Body
  name: This field is required
      at RequestHandler.execute (C:\Users\jaces\Desktop\Corebot\node_modules\discord.js\src\rest\RequestHandler.js:170:25)
      at runMicrotasks (<anonymous>)
      at processTicksAndRejections (internal/process/task_queues.js:93:5) {
    method: 'post',
    path: '/guilds/832046329068650526/channels',
    code: 50035,
    httpStatus: 400
  }
} | MS: 1620355325268 | DATE: 5/6/2021, 9:42:05 PM]
----------------------------------
DiscordAPIError: Invalid Form Body
name: This field is required
EXTRA INFO:
Unknown
----------------------------------
[CALLER: Promise {
  <rejected> DiscordAPIError: Invalid Form Body
  name: This field is required
      at RequestHandler.execute (C:\Users\jaces\Desktop\Corebot\node_modules\discord.js\src\rest\RequestHandler.js:170:25)
      at runMicrotasks (<anonymous>)
      at processTicksAndRejections (internal/process/task_queues.js:93:5) {
    method: 'post',
    path: '/guilds/837104198419611649/channels',
    code: 50035,
    httpStatus: 400
  }
} | MS: 1620355336656 | DATE: 5/6/2021, 9:42:16 PM]
----------------------------------
DiscordAPIError: Invalid Form Body
name: This field is required
EXTRA INFO:
Unknown
----------------------------------
[CALLER: Promise {
  <rejected> DiscordAPIError: Invalid Form Body
  name: This field is required
      at RequestHandler.execute (C:\Users\jaces\Desktop\Corebot\node_modules\discord.js\src\rest\RequestHandler.js:170:25)
      at runMicrotasks (<anonymous>)
      at processTicksAndRejections (internal/process/task_queues.js:93:5) {
    method: 'post',
    path: '/guilds/832046329068650526/channels',
    code: 50035,
    httpStatus: 400
  }
} | MS: 1620355336663 | DATE: 5/6/2021, 9:42:16 PM]
----------------------------------
DiscordAPIError: Invalid Form Body
name: This field is required
EXTRA INFO:
Unknown
----------------------------------
[CALLER: Promise {
  <rejected> DiscordAPIError: Invalid Form Body
  name: This field is required
      at RequestHandler.execute (C:\Users\jaces\Desktop\Corebot\node_modules\discord.js\src\rest\RequestHandler.js:170:25)
      at runMicrotasks (<anonymous>)
      at processTicksAndRejections (internal/process/task_queues.js:93:5) {
    method: 'post',
    path: '/guilds/837104198419611649/channels',
    code: 50035,
    httpStatus: 400
  }
} | MS: 1620355340722 | DATE: 5/6/2021, 9:42:20 PM]
----------------------------------
DiscordAPIError: Invalid Form Body
name: This field is required
EXTRA INFO:
Unknown
----------------------------------
[CALLER: Promise {
  <rejected> DiscordAPIError: Invalid Form Body
  name: This field is required
      at RequestHandler.execute (C:\Users\jaces\Desktop\Corebot\node_modules\discord.js\src\rest\RequestHandler.js:170:25)
      at runMicrotasks (<anonymous>)
      at processTicksAndRejections (internal/process/task_queues.js:93:5) {
    method: 'post',
    path: '/guilds/832046329068650526/channels',
    code: 50035,
    httpStatus: 400
  }
} | MS: 1620355340727 | DATE: 5/6/2021, 9:42:20 PM]
----------------------------------
DiscordAPIError: Invalid Form Body
name: This field is required
EXTRA INFO:
Unknown
----------------------------------
[CALLER: Promise {
  <rejected> DiscordAPIError: Invalid Form Body
  name: This field is required
      at RequestHandler.execute (C:\Users\jaces\Desktop\Corebot\node_modules\discord.js\src\rest\RequestHandler.js:170:25)
      at runMicrotasks (<anonymous>)
      at processTicksAndRejections (internal/process/task_queues.js:93:5) {
    method: 'post',
    path: '/guilds/832046329068650526/channels',
    code: 50035,
    httpStatus: 400
  }
} | MS: 1620355342857 | DATE: 5/6/2021, 9:42:22 PM]
----------------------------------
DiscordAPIError: Invalid Form Body
name: This field is required
EXTRA INFO:
Unknown
----------------------------------
[CALLER: Promise {
  <rejected> DiscordAPIError: Invalid Form Body
  name: This field is required
      at RequestHandler.execute (C:\Users\jaces\Desktop\Corebot\node_modules\discord.js\src\rest\RequestHandler.js:170:25)
      at runMicrotasks (<anonymous>)
      at processTicksAndRejections (internal/process/task_queues.js:93:5) {
    method: 'post',
    path: '/guilds/837104198419611649/channels',
    code: 50035,
    httpStatus: 400
  }
} | MS: 1620355342886 | DATE: 5/6/2021, 9:42:22 PM]
----------------------------------
DiscordAPIError: Invalid Form Body
name: This field is required
EXTRA INFO:
Unknown
----------------------------------
[CALLER: Promise {
  <rejected> DiscordAPIError: Invalid Form Body
  name: This field is required
      at RequestHandler.execute (C:\Users\jaces\Desktop\Corebot\node_modules\discord.js\src\rest\RequestHandler.js:170:25)
      at runMicrotasks (<anonymous>)
      at processTicksAndRejections (internal/process/task_queues.js:93:5) {
    method: 'post',
    path: '/guilds/832046329068650526/channels',
    code: 50035,
    httpStatus: 400
  }
} | MS: 1620355344402 | DATE: 5/6/2021, 9:42:24 PM]
----------------------------------
DiscordAPIError: Invalid Form Body
name: This field is required
EXTRA INFO:
Unknown
----------------------------------
[CALLER: Promise {
  <rejected> DiscordAPIError: Invalid Form Body
  name: This field is required
      at RequestHandler.execute (C:\Users\jaces\Desktop\Corebot\node_modules\discord.js\src\rest\RequestHandler.js:170:25)
      at runMicrotasks (<anonymous>)
      at processTicksAndRejections (internal/process/task_queues.js:93:5) {
    method: 'post',
    path: '/guilds/837104198419611649/channels',
    code: 50035,
    httpStatus: 400
  }
} | MS: 1620355344411 | DATE: 5/6/2021, 9:42:24 PM]
----------------------------------
DiscordAPIError: Invalid Form Body
name: This field is required
EXTRA INFO:
Unknown
----------------------------------
[CALLER: Promise {
  <rejected> DiscordAPIError: Invalid Form Body
  name: This field is required
      at RequestHandler.execute (C:\Users\jaces\Desktop\Corebot\node_modules\discord.js\src\rest\RequestHandler.js:170:25)
      at runMicrotasks (<anonymous>)
      at processTicksAndRejections (internal/process/task_queues.js:93:5) {
    method: 'post',
    path: '/guilds/832046329068650526/channels',
    code: 50035,
    httpStatus: 400
  }
} | MS: 1620355349211 | DATE: 5/6/2021, 9:42:29 PM]
----------------------------------
DiscordAPIError: Invalid Form Body
name: This field is required
EXTRA INFO:
Unknown
----------------------------------
[CALLER: Promise {
  <rejected> DiscordAPIError: Invalid Form Body
  name: This field is required
      at RequestHandler.execute (C:\Users\jaces\Desktop\Corebot\node_modules\discord.js\src\rest\RequestHandler.js:170:25)
      at runMicrotasks (<anonymous>)
      at processTicksAndRejections (internal/process/task_queues.js:93:5) {
    method: 'post',
    path: '/guilds/837104198419611649/channels',
    code: 50035,
    httpStatus: 400
  }
} | MS: 1620355349213 | DATE: 5/6/2021, 9:42:29 PM]
----------------------------------
DiscordAPIError: Invalid Form Body
name: This field is required
EXTRA INFO:
Unknown
----------------------------------
[CALLER: Promise {
  <rejected> DiscordAPIError: Invalid Form Body
  name: This field is required
      at RequestHandler.execute (C:\Users\jaces\Desktop\Corebot\node_modules\discord.js\src\rest\RequestHandler.js:170:25)
      at runMicrotasks (<anonymous>)
      at processTicksAndRejections (internal/process/task_queues.js:93:5) {
    method: 'post',
    path: '/guilds/832046329068650526/channels',
    code: 50035,
    httpStatus: 400
  }
} | MS: 1620355350355 | DATE: 5/6/2021, 9:42:30 PM]
----------------------------------
DiscordAPIError: Invalid Form Body
name: This field is required
EXTRA INFO:
Unknown
----------------------------------
[CALLER: Promise {
  <rejected> DiscordAPIError: Invalid Form Body
  name: This field is required
      at RequestHandler.execute (C:\Users\jaces\Desktop\Corebot\node_modules\discord.js\src\rest\RequestHandler.js:170:25)
      at runMicrotasks (<anonymous>)
      at processTicksAndRejections (internal/process/task_queues.js:93:5) {
    method: 'post',
    path: '/guilds/837104198419611649/channels',
    code: 50035,
    httpStatus: 400
  }
} | MS: 1620355350362 | DATE: 5/6/2021, 9:42:30 PM]
----------------------------------
DiscordAPIError: Invalid Form Body
name: This field is required
EXTRA INFO:
Unknown
----------------------------------
[CALLER: Promise {
  <rejected> DiscordAPIError: Invalid Form Body
  name: This field is required
      at RequestHandler.execute (C:\Users\jaces\Desktop\Corebot\node_modules\discord.js\src\rest\RequestHandler.js:170:25)
      at runMicrotasks (<anonymous>)
      at processTicksAndRejections (internal/process/task_queues.js:93:5) {
    method: 'post',
    path: '/guilds/837104198419611649/channels',
    code: 50035,
    httpStatus: 400
  }
} | MS: 1620355351281 | DATE: 5/6/2021, 9:42:31 PM]
----------------------------------
DiscordAPIError: Invalid Form Body
name: This field is required
EXTRA INFO:
Unknown
----------------------------------
[CALLER: Promise {
  <rejected> DiscordAPIError: Invalid Form Body
  name: This field is required
      at RequestHandler.execute (C:\Users\jaces\Desktop\Corebot\node_modules\discord.js\src\rest\RequestHandler.js:170:25)
      at runMicrotasks (<anonymous>)
      at processTicksAndRejections (internal/process/task_queues.js:93:5) {
    method: 'post',
    path: '/guilds/832046329068650526/channels',
    code: 50035,
    httpStatus: 400
  }
} | MS: 1620355351292 | DATE: 5/6/2021, 9:42:31 PM]
----------------------------------
DiscordAPIError: Invalid Form Body
name: This field is required
EXTRA INFO:
Unknown
----------------------------------
[CALLER: Promise {
  <rejected> DiscordAPIError: Invalid Form Body
  name: This field is required
      at RequestHandler.execute (C:\Users\jaces\Desktop\Corebot\node_modules\discord.js\src\rest\RequestHandler.js:170:25)
      at runMicrotasks (<anonymous>)
      at processTicksAndRejections (internal/process/task_queues.js:93:5) {
    method: 'post',
    path: '/guilds/837104198419611649/channels',
    code: 50035,
    httpStatus: 400
  }
} | MS: 1620355353620 | DATE: 5/6/2021, 9:42:33 PM]
----------------------------------
DiscordAPIError: Invalid Form Body
name: This field is required
EXTRA INFO:
Unknown
----------------------------------
[CALLER: Promise {
  <rejected> DiscordAPIError: Invalid Form Body
  name: This field is required
      at RequestHandler.execute (C:\Users\jaces\Desktop\Corebot\node_modules\discord.js\src\rest\RequestHandler.js:170:25)
      at runMicrotasks (<anonymous>)
      at processTicksAndRejections (internal/process/task_queues.js:93:5) {
    method: 'post',
    path: '/guilds/832046329068650526/channels',
    code: 50035,
    httpStatus: 400
  }
} | MS: 1620355353630 | DATE: 5/6/2021, 9:42:33 PM]
----------------------------------
DiscordAPIError: Invalid Form Body
name: This field is required
EXTRA INFO:
Unknown
----------------------------------
[CALLER: Promise {
  <rejected> DiscordAPIError: Invalid Form Body
  name: This field is required
      at RequestHandler.execute (C:\Users\jaces\Desktop\Corebot\node_modules\discord.js\src\rest\RequestHandler.js:170:25)
      at runMicrotasks (<anonymous>)
      at processTicksAndRejections (internal/process/task_queues.js:93:5) {
    method: 'post',
    path: '/guilds/832046329068650526/channels',
    code: 50035,
    httpStatus: 400
  }
} | MS: 1620355355259 | DATE: 5/6/2021, 9:42:35 PM]
----------------------------------
DiscordAPIError: Invalid Form Body
name: This field is required
EXTRA INFO:
Unknown
----------------------------------
[CALLER: Promise {
  <rejected> DiscordAPIError: Invalid Form Body
  name: This field is required
      at RequestHandler.execute (C:\Users\jaces\Desktop\Corebot\node_modules\discord.js\src\rest\RequestHandler.js:170:25)
      at runMicrotasks (<anonymous>)
      at processTicksAndRejections (internal/process/task_queues.js:93:5) {
    method: 'post',
    path: '/guilds/837104198419611649/channels',
    code: 50035,
    httpStatus: 400
  }
} | MS: 1620355355279 | DATE: 5/6/2021, 9:42:35 PM]
----------------------------------
DiscordAPIError: Invalid Form Body
name: This field is required
EXTRA INFO:
Unknown
----------------------------------
[CALLER: Promise {
  <rejected> DiscordAPIError: Invalid Form Body
  name: This field is required
      at RequestHandler.execute (C:\Users\jaces\Desktop\Corebot\node_modules\discord.js\src\rest\RequestHandler.js:170:25)
      at runMicrotasks (<anonymous>)
      at processTicksAndRejections (internal/process/task_queues.js:93:5) {
    method: 'post',
    path: '/guilds/837104198419611649/channels',
    code: 50035,
    httpStatus: 400
  }
} | MS: 1620355366648 | DATE: 5/6/2021, 9:42:46 PM]
----------------------------------
DiscordAPIError: Invalid Form Body
name: This field is required
EXTRA INFO:
Unknown
----------------------------------
[CALLER: Promise {
  <rejected> DiscordAPIError: Invalid Form Body
  name: This field is required
      at RequestHandler.execute (C:\Users\jaces\Desktop\Corebot\node_modules\discord.js\src\rest\RequestHandler.js:170:25)
      at runMicrotasks (<anonymous>)
      at processTicksAndRejections (internal/process/task_queues.js:93:5) {
    method: 'post',
    path: '/guilds/832046329068650526/channels',
    code: 50035,
    httpStatus: 400
  }
} | MS: 1620355366656 | DATE: 5/6/2021, 9:42:46 PM]
----------------------------------
DiscordAPIError: Invalid Form Body
name: This field is required
EXTRA INFO:
Unknown
----------------------------------
[CALLER: Promise {
  <rejected> DiscordAPIError: Invalid Form Body
  name: This field is required
      at RequestHandler.execute (C:\Users\jaces\Desktop\Corebot\node_modules\discord.js\src\rest\RequestHandler.js:170:25)
      at runMicrotasks (<anonymous>)
      at processTicksAndRejections (internal/process/task_queues.js:93:5) {
    method: 'post',
    path: '/guilds/837104198419611649/channels',
    code: 50035,
    httpStatus: 400
  }
} | MS: 1620355370737 | DATE: 5/6/2021, 9:42:50 PM]
----------------------------------
DiscordAPIError: Invalid Form Body
name: This field is required
EXTRA INFO:
Unknown
----------------------------------
[CALLER: Promise {
  <rejected> DiscordAPIError: Invalid Form Body
  name: This field is required
      at RequestHandler.execute (C:\Users\jaces\Desktop\Corebot\node_modules\discord.js\src\rest\RequestHandler.js:170:25)
      at runMicrotasks (<anonymous>)
      at processTicksAndRejections (internal/process/task_queues.js:93:5) {
    method: 'post',
    path: '/guilds/832046329068650526/channels',
    code: 50035,
    httpStatus: 400
  }
} | MS: 1620355370745 | DATE: 5/6/2021, 9:42:50 PM]
----------------------------------
DiscordAPIError: Invalid Form Body
name: This field is required
EXTRA INFO:
Unknown
----------------------------------
[CALLER: Promise {
  <rejected> DiscordAPIError: Invalid Form Body
  name: This field is required
      at RequestHandler.execute (C:\Users\jaces\Desktop\Corebot\node_modules\discord.js\src\rest\RequestHandler.js:170:25)
      at runMicrotasks (<anonymous>)
      at processTicksAndRejections (internal/process/task_queues.js:93:5) {
    method: 'post',
    path: '/guilds/837104198419611649/channels',
    code: 50035,
    httpStatus: 400
  }
} | MS: 1620355372908 | DATE: 5/6/2021, 9:42:52 PM]
----------------------------------
DiscordAPIError: Invalid Form Body
name: This field is required
EXTRA INFO:
Unknown
----------------------------------
[CALLER: Promise {
  <rejected> DiscordAPIError: Invalid Form Body
  name: This field is required
      at RequestHandler.execute (C:\Users\jaces\Desktop\Corebot\node_modules\discord.js\src\rest\RequestHandler.js:170:25)
      at runMicrotasks (<anonymous>)
      at processTicksAndRejections (internal/process/task_queues.js:93:5) {
    method: 'post',
    path: '/guilds/832046329068650526/channels',
    code: 50035,
    httpStatus: 400
  }
} | MS: 1620355373369 | DATE: 5/6/2021, 9:42:53 PM]
----------------------------------
DiscordAPIError: Invalid Form Body
name: This field is required
EXTRA INFO:
Unknown
----------------------------------
[CALLER: Promise {
  <rejected> DiscordAPIError: Invalid Form Body
  name: This field is required
      at RequestHandler.execute (C:\Users\jaces\Desktop\Corebot\node_modules\discord.js\src\rest\RequestHandler.js:170:25)
      at runMicrotasks (<anonymous>)
      at processTicksAndRejections (internal/process/task_queues.js:93:5) {
    method: 'post',
    path: '/guilds/832046329068650526/channels',
    code: 50035,
    httpStatus: 400
  }
} | MS: 1620355374407 | DATE: 5/6/2021, 9:42:54 PM]
----------------------------------
DiscordAPIError: Invalid Form Body
name: This field is required
EXTRA INFO:
Unknown
----------------------------------
[CALLER: Promise {
  <rejected> DiscordAPIError: Invalid Form Body
  name: This field is required
      at RequestHandler.execute (C:\Users\jaces\Desktop\Corebot\node_modules\discord.js\src\rest\RequestHandler.js:170:25)
      at runMicrotasks (<anonymous>)
      at processTicksAndRejections (internal/process/task_queues.js:93:5) {
    method: 'post',
    path: '/guilds/837104198419611649/channels',
    code: 50035,
    httpStatus: 400
  }
} | MS: 1620355374417 | DATE: 5/6/2021, 9:42:54 PM]
----------------------------------
DiscordAPIError: Invalid Form Body
name: This field is required
EXTRA INFO:
Unknown
----------------------------------
[CALLER: Promise {
  <rejected> DiscordAPIError: Invalid Form Body
  name: This field is required
      at RequestHandler.execute (C:\Users\jaces\Desktop\Corebot\node_modules\discord.js\src\rest\RequestHandler.js:170:25)
      at runMicrotasks (<anonymous>)
      at processTicksAndRejections (internal/process/task_queues.js:93:5) {
    method: 'post',
    path: '/guilds/837104198419611649/channels',
    code: 50035,
    httpStatus: 400
  }
} | MS: 1620355379191 | DATE: 5/6/2021, 9:42:59 PM]
----------------------------------
DiscordAPIError: Invalid Form Body
name: This field is required
EXTRA INFO:
Unknown
----------------------------------
[CALLER: Promise {
  <rejected> DiscordAPIError: Invalid Form Body
  name: This field is required
      at RequestHandler.execute (C:\Users\jaces\Desktop\Corebot\node_modules\discord.js\src\rest\RequestHandler.js:170:25)
      at runMicrotasks (<anonymous>)
      at processTicksAndRejections (internal/process/task_queues.js:93:5) {
    method: 'post',
    path: '/guilds/832046329068650526/channels',
    code: 50035,
    httpStatus: 400
  }
} | MS: 1620355379195 | DATE: 5/6/2021, 9:42:59 PM]
----------------------------------
DiscordAPIError: Invalid Form Body
name: This field is required
EXTRA INFO:
Unknown
----------------------------------
[CALLER: Promise {
  <rejected> DiscordAPIError: Invalid Form Body
  name: This field is required
      at RequestHandler.execute (C:\Users\jaces\Desktop\Corebot\node_modules\discord.js\src\rest\RequestHandler.js:170:25)
      at runMicrotasks (<anonymous>)
      at processTicksAndRejections (internal/process/task_queues.js:93:5) {
    method: 'post',
    path: '/guilds/832046329068650526/channels',
    code: 50035,
    httpStatus: 400
  }
} | MS: 1620355380353 | DATE: 5/6/2021, 9:43:00 PM]
----------------------------------
DiscordAPIError: Invalid Form Body
name: This field is required
EXTRA INFO:
Unknown
----------------------------------
[CALLER: Promise {
  <rejected> DiscordAPIError: Invalid Form Body
  name: This field is required
      at RequestHandler.execute (C:\Users\jaces\Desktop\Corebot\node_modules\discord.js\src\rest\RequestHandler.js:170:25)
      at runMicrotasks (<anonymous>)
      at processTicksAndRejections (internal/process/task_queues.js:93:5) {
    method: 'post',
    path: '/guilds/837104198419611649/channels',
    code: 50035,
    httpStatus: 400
  }
} | MS: 1620355380366 | DATE: 5/6/2021, 9:43:00 PM]
----------------------------------
DiscordAPIError: Invalid Form Body
name: This field is required
EXTRA INFO:
Unknown
----------------------------------
[CALLER: RequestHandler.js:107:21 | MS: 1620355382856 | DATE: 5/6/2021, 9:43:02 PM]
-----------------------------------------------------------------------------------------------------------------------
FetchError: request to https://discordapp.com/api/v7/guilds/832046329068650526/channels failed, reason: read ECONNRESET
EXTRA INFO:
Promise {
  <rejected> HTTPError [FetchError]: request to https://discordapp.com/api/v7/guilds/832046329068650526/channels failed, reason: read ECONNRESET
      at RequestHandler.execute (C:\Users\jaces\Desktop\Corebot\node_modules\discord.js\src\rest\RequestHandler.js:107:21)
      at runMicrotasks (<anonymous>)
      at processTicksAndRejections (internal/process/task_queues.js:93:5) {
    code: 500,
    method: 'post',
    path: '/guilds/832046329068650526/channels'
  }
}
-----------------------------------------------------------------------------------------------------------------------
[CALLER: RequestHandler.js:107:21 | MS: 1620355382888 | DATE: 5/6/2021, 9:43:02 PM]
-----------------------------------------------------------------------------------------------------------------------
FetchError: request to https://discordapp.com/api/v7/guilds/837104198419611649/channels failed, reason: read ECONNRESET
EXTRA INFO:
Promise {
  <rejected> HTTPError [FetchError]: request to https://discordapp.com/api/v7/guilds/837104198419611649/channels failed, reason: read ECONNRESET
      at RequestHandler.execute (C:\Users\jaces\Desktop\Corebot\node_modules\discord.js\src\rest\RequestHandler.js:107:21)
      at runMicrotasks (<anonymous>)
      at processTicksAndRejections (internal/process/task_queues.js:93:5) {
    code: 500,
    method: 'post',
    path: '/guilds/837104198419611649/channels'
  }
}
-----------------------------------------------------------------------------------------------------------------------
[CALLER: RequestHandler.js:107:21 | MS: 1620355382907 | DATE: 5/6/2021, 9:43:02 PM]
----------------------------------------------------------------------------------------------------------------
FetchError: request to https://discordapp.com/api/v7/channels/840041596874391572 failed, reason: read ECONNRESET
EXTRA INFO:
Promise {
  <rejected> HTTPError [FetchError]: request to https://discordapp.com/api/v7/channels/840041596874391572 failed, reason: read ECONNRESET
      at RequestHandler.execute (C:\Users\jaces\Desktop\Corebot\node_modules\discord.js\src\rest\RequestHandler.js:107:21)
      at runMicrotasks (<anonymous>)
      at processTicksAndRejections (internal/process/task_queues.js:93:5) {
    code: 500,
    method: 'patch',
    path: '/channels/840041596874391572'
  }
}
----------------------------------------------------------------------------------------------------------------
[CALLER: RequestHandler.js:107:21 | MS: 1620355382909 | DATE: 5/6/2021, 9:43:02 PM]
----------------------------------------------------------------------------------------------------------------
FetchError: request to https://discordapp.com/api/v7/channels/840041597390684250 failed, reason: read ECONNRESET
EXTRA INFO:
Promise {
  <rejected> HTTPError [FetchError]: request to https://discordapp.com/api/v7/channels/840041597390684250 failed, reason: read ECONNRESET
      at RequestHandler.execute (C:\Users\jaces\Desktop\Corebot\node_modules\discord.js\src\rest\RequestHandler.js:107:21)
      at runMicrotasks (<anonymous>)
      at processTicksAndRejections (internal/process/task_queues.js:93:5) {
    code: 500,
    method: 'patch',
    path: '/channels/840041597390684250'
  }
}
----------------------------------------------------------------------------------------------------------------
[CALLER: RequestHandler.js:107:21 | MS: 1620355382912 | DATE: 5/6/2021, 9:43:02 PM]
----------------------------------------------------------------------------------------------------------------
FetchError: request to https://discordapp.com/api/v7/channels/840041597918773258 failed, reason: read ECONNRESET
EXTRA INFO:
Promise {
  <rejected> HTTPError [FetchError]: request to https://discordapp.com/api/v7/channels/840041597918773258 failed, reason: read ECONNRESET
      at RequestHandler.execute (C:\Users\jaces\Desktop\Corebot\node_modules\discord.js\src\rest\RequestHandler.js:107:21)
      at runMicrotasks (<anonymous>)
      at processTicksAndRejections (internal/process/task_queues.js:93:5) {
    code: 500,
    method: 'patch',
    path: '/channels/840041597918773258'
  }
}
----------------------------------------------------------------------------------------------------------------
[CALLER: RequestHandler.js:107:21 | MS: 1620355382914 | DATE: 5/6/2021, 9:43:02 PM]
----------------------------------------------------------------------------------------------------------------
FetchError: request to https://discordapp.com/api/v7/channels/840041596803612672 failed, reason: read ECONNRESET
EXTRA INFO:
Promise {
  <rejected> HTTPError [FetchError]: request to https://discordapp.com/api/v7/channels/840041596803612672 failed, reason: read ECONNRESET
      at RequestHandler.execute (C:\Users\jaces\Desktop\Corebot\node_modules\discord.js\src\rest\RequestHandler.js:107:21)
      at runMicrotasks (<anonymous>)
      at processTicksAndRejections (internal/process/task_queues.js:93:5) {
    code: 500,
    method: 'patch',
    path: '/channels/840041596803612672'
  }
}
----------------------------------------------------------------------------------------------------------------
[CALLER: RequestHandler.js:107:21 | MS: 1620355382915 | DATE: 5/6/2021, 9:43:02 PM]
----------------------------------------------------------------------------------------------------------------
FetchError: request to https://discordapp.com/api/v7/channels/840041597562781708 failed, reason: read ECONNRESET
EXTRA INFO:
Promise {
  <rejected> HTTPError [FetchError]: request to https://discordapp.com/api/v7/channels/840041597562781708 failed, reason: read ECONNRESET
      at RequestHandler.execute (C:\Users\jaces\Desktop\Corebot\node_modules\discord.js\src\rest\RequestHandler.js:107:21)
      at runMicrotasks (<anonymous>)
      at processTicksAndRejections (internal/process/task_queues.js:93:5) {
    code: 500,
    method: 'patch',
    path: '/channels/840041597562781708'
  }
}
----------------------------------------------------------------------------------------------------------------
[CALLER: RequestHandler.js:107:21 | MS: 1620355383533 | DATE: 5/6/2021, 9:43:03 PM]
-------------------------------------------------------------------------------------------------------------------------------------
FetchError: request to https://discordapp.com/api/v7/channels/840041597390684250 failed, reason: getaddrinfo ENOTFOUND discordapp.com
EXTRA INFO:
Promise {
  <rejected> HTTPError [FetchError]: request to https://discordapp.com/api/v7/channels/840041597390684250 failed, reason: getaddrinfo ENOTFOUND discordapp.com
      at RequestHandler.execute (C:\Users\jaces\Desktop\Corebot\node_modules\discord.js\src\rest\RequestHandler.js:107:21)
      at runMicrotasks (<anonymous>)
      at processTicksAndRejections (internal/process/task_queues.js:93:5) {
    code: 500,
    method: 'patch',
    path: '/channels/840041597390684250'
  }
}
-------------------------------------------------------------------------------------------------------------------------------------
[CALLER: RequestHandler.js:107:21 | MS: 1620355383533 | DATE: 5/6/2021, 9:43:03 PM]
-------------------------------------------------------------------------------------------------------------------------------------
FetchError: request to https://discordapp.com/api/v7/channels/840041596874391572 failed, reason: getaddrinfo ENOTFOUND discordapp.com
EXTRA INFO:
Promise {
  <rejected> HTTPError [FetchError]: request to https://discordapp.com/api/v7/channels/840041596874391572 failed, reason: getaddrinfo ENOTFOUND discordapp.com
      at RequestHandler.execute (C:\Users\jaces\Desktop\Corebot\node_modules\discord.js\src\rest\RequestHandler.js:107:21)
      at runMicrotasks (<anonymous>)
      at processTicksAndRejections (internal/process/task_queues.js:93:5) {
    code: 500,
    method: 'patch',
    path: '/channels/840041596874391572'
  }
}
-------------------------------------------------------------------------------------------------------------------------------------
[CALLER: RequestHandler.js:107:21 | MS: 1620355383534 | DATE: 5/6/2021, 9:43:03 PM]
--------------------------------------------------------------------------------------------------------------------------------------------
FetchError: request to https://discordapp.com/api/v7/guilds/832046329068650526/channels failed, reason: getaddrinfo ENOTFOUND discordapp.com
EXTRA INFO:
Promise {
  <rejected> HTTPError [FetchError]: request to https://discordapp.com/api/v7/guilds/832046329068650526/channels failed, reason: getaddrinfo ENOTFOUND discordapp.com
      at RequestHandler.execute (C:\Users\jaces\Desktop\Corebot\node_modules\discord.js\src\rest\RequestHandler.js:107:21)
      at runMicrotasks (<anonymous>)
      at processTicksAndRejections (internal/process/task_queues.js:93:5) {
    code: 500,
    method: 'post',
    path: '/guilds/832046329068650526/channels'
  }
}
--------------------------------------------------------------------------------------------------------------------------------------------
[CALLER: RequestHandler.js:107:21 | MS: 1620355383534 | DATE: 5/6/2021, 9:43:03 PM]
-------------------------------------------------------------------------------------------------------------------------------------
FetchError: request to https://discordapp.com/api/v7/channels/840041597918773258 failed, reason: getaddrinfo ENOTFOUND discordapp.com
EXTRA INFO:
Promise {
  <rejected> HTTPError [FetchError]: request to https://discordapp.com/api/v7/channels/840041597918773258 failed, reason: getaddrinfo ENOTFOUND discordapp.com
      at RequestHandler.execute (C:\Users\jaces\Desktop\Corebot\node_modules\discord.js\src\rest\RequestHandler.js:107:21)
      at runMicrotasks (<anonymous>)
      at processTicksAndRejections (internal/process/task_queues.js:93:5) {
    code: 500,
    method: 'patch',
    path: '/channels/840041597918773258'
  }
}
-------------------------------------------------------------------------------------------------------------------------------------
[CALLER: RequestHandler.js:107:21 | MS: 1620355383535 | DATE: 5/6/2021, 9:43:03 PM]
-------------------------------------------------------------------------------------------------------------------------------------
FetchError: request to https://discordapp.com/api/v7/channels/840041596803612672 failed, reason: getaddrinfo ENOTFOUND discordapp.com
EXTRA INFO:
Promise {
  <rejected> HTTPError [FetchError]: request to https://discordapp.com/api/v7/channels/840041596803612672 failed, reason: getaddrinfo ENOTFOUND discordapp.com
      at RequestHandler.execute (C:\Users\jaces\Desktop\Corebot\node_modules\discord.js\src\rest\RequestHandler.js:107:21)
      at runMicrotasks (<anonymous>)
      at processTicksAndRejections (internal/process/task_queues.js:93:5) {
    code: 500,
    method: 'patch',
    path: '/channels/840041596803612672'
  }
}
-------------------------------------------------------------------------------------------------------------------------------------
[CALLER: RequestHandler.js:107:21 | MS: 1620355383536 | DATE: 5/6/2021, 9:43:03 PM]
--------------------------------------------------------------------------------------------------------------------------------------------
FetchError: request to https://discordapp.com/api/v7/guilds/837104198419611649/channels failed, reason: getaddrinfo ENOTFOUND discordapp.com
EXTRA INFO:
Promise {
  <rejected> HTTPError [FetchError]: request to https://discordapp.com/api/v7/guilds/837104198419611649/channels failed, reason: getaddrinfo ENOTFOUND discordapp.com
      at RequestHandler.execute (C:\Users\jaces\Desktop\Corebot\node_modules\discord.js\src\rest\RequestHandler.js:107:21)
      at runMicrotasks (<anonymous>)
      at processTicksAndRejections (internal/process/task_queues.js:93:5) {
    code: 500,
    method: 'post',
    path: '/guilds/837104198419611649/channels'
  }
}
--------------------------------------------------------------------------------------------------------------------------------------------
[CALLER: RequestHandler.js:107:21 | MS: 1620355383535 | DATE: 5/6/2021, 9:43:03 PM]
-------------------------------------------------------------------------------------------------------------------------------------
FetchError: request to https://discordapp.com/api/v7/channels/840041597562781708 failed, reason: getaddrinfo ENOTFOUND discordapp.com
EXTRA INFO:
Promise {
  <rejected> HTTPError [FetchError]: request to https://discordapp.com/api/v7/channels/840041597562781708 failed, reason: getaddrinfo ENOTFOUND discordapp.com
      at RequestHandler.execute (C:\Users\jaces\Desktop\Corebot\node_modules\discord.js\src\rest\RequestHandler.js:107:21)
      at runMicrotasks (<anonymous>)
      at processTicksAndRejections (internal/process/task_queues.js:93:5) {
    code: 500,
    method: 'patch',
    path: '/channels/840041597562781708'
  }
}
-------------------------------------------------------------------------------------------------------------------------------------
[CALLER: RequestHandler.js:107:21 | MS: 1620355383829 | DATE: 5/6/2021, 9:43:03 PM]
-------------------------------------------------------------------------------------------------------------------------------------
FetchError: request to https://discordapp.com/api/v7/channels/840041597273767977 failed, reason: getaddrinfo ENOTFOUND discordapp.com
EXTRA INFO:
Promise {
  <rejected> HTTPError [FetchError]: request to https://discordapp.com/api/v7/channels/840041597273767977 failed, reason: getaddrinfo ENOTFOUND discordapp.com
      at RequestHandler.execute (C:\Users\jaces\Desktop\Corebot\node_modules\discord.js\src\rest\RequestHandler.js:107:21)
      at runMicrotasks (<anonymous>)
      at processTicksAndRejections (internal/process/task_queues.js:93:5) {
    code: 500,
    method: 'patch',
    path: '/channels/840041597273767977'
  }
}
-------------------------------------------------------------------------------------------------------------------------------------
[CALLER: RequestHandler.js:107:21 | MS: 1620355385166 | DATE: 5/6/2021, 9:43:05 PM]
-------------------------------------------------------------------------------------------------------------------------------------
FetchError: request to https://discordapp.com/api/v7/channels/840041596874391572 failed, reason: getaddrinfo ENOTFOUND discordapp.com
EXTRA INFO:
Promise {
  <rejected> HTTPError [FetchError]: request to https://discordapp.com/api/v7/channels/840041596874391572 failed, reason: getaddrinfo ENOTFOUND discordapp.com
      at RequestHandler.execute (C:\Users\jaces\Desktop\Corebot\node_modules\discord.js\src\rest\RequestHandler.js:107:21)
      at runMicrotasks (<anonymous>)
      at processTicksAndRejections (internal/process/task_queues.js:93:5) {
    code: 500,
    method: 'patch',
    path: '/channels/840041596874391572'
  }
}
-------------------------------------------------------------------------------------------------------------------------------------
[CALLER: RequestHandler.js:107:21 | MS: 1620355385168 | DATE: 5/6/2021, 9:43:05 PM]
--------------------------------------------------------------------------------------------------------------------------------------------
FetchError: request to https://discordapp.com/api/v7/guilds/832046329068650526/channels failed, reason: getaddrinfo ENOTFOUND discordapp.com
EXTRA INFO:
Promise {
  <rejected> HTTPError [FetchError]: request to https://discordapp.com/api/v7/guilds/832046329068650526/channels failed, reason: getaddrinfo ENOTFOUND discordapp.com
      at RequestHandler.execute (C:\Users\jaces\Desktop\Corebot\node_modules\discord.js\src\rest\RequestHandler.js:107:21)
      at runMicrotasks (<anonymous>)
      at processTicksAndRejections (internal/process/task_queues.js:93:5) {
    code: 500,
    method: 'post',
    path: '/guilds/832046329068650526/channels'
  }
}
--------------------------------------------------------------------------------------------------------------------------------------------
[CALLER: RequestHandler.js:107:21 | MS: 1620355385168 | DATE: 5/6/2021, 9:43:05 PM]
-------------------------------------------------------------------------------------------------------------------------------------
FetchError: request to https://discordapp.com/api/v7/channels/840041597918773258 failed, reason: getaddrinfo ENOTFOUND discordapp.com
EXTRA INFO:
Promise {
  <rejected> HTTPError [FetchError]: request to https://discordapp.com/api/v7/channels/840041597918773258 failed, reason: getaddrinfo ENOTFOUND discordapp.com
      at RequestHandler.execute (C:\Users\jaces\Desktop\Corebot\node_modules\discord.js\src\rest\RequestHandler.js:107:21)
      at runMicrotasks (<anonymous>)
      at processTicksAndRejections (internal/process/task_queues.js:93:5) {
    code: 500,
    method: 'patch',
    path: '/channels/840041597918773258'
  }
}
-------------------------------------------------------------------------------------------------------------------------------------
[CALLER: RequestHandler.js:107:21 | MS: 1620355385167 | DATE: 5/6/2021, 9:43:05 PM]
-------------------------------------------------------------------------------------------------------------------------------------
FetchError: request to https://discordapp.com/api/v7/channels/840041597390684250 failed, reason: getaddrinfo ENOTFOUND discordapp.com
EXTRA INFO:
Promise {
  <rejected> HTTPError [FetchError]: request to https://discordapp.com/api/v7/channels/840041597390684250 failed, reason: getaddrinfo ENOTFOUND discordapp.com
      at RequestHandler.execute (C:\Users\jaces\Desktop\Corebot\node_modules\discord.js\src\rest\RequestHandler.js:107:21)
      at runMicrotasks (<anonymous>)
      at processTicksAndRejections (internal/process/task_queues.js:93:5) {
    code: 500,
    method: 'patch',
    path: '/channels/840041597390684250'
  }
}
-------------------------------------------------------------------------------------------------------------------------------------
[CALLER: RequestHandler.js:107:21 | MS: 1620355385169 | DATE: 5/6/2021, 9:43:05 PM]
-------------------------------------------------------------------------------------------------------------------------------------
FetchError: request to https://discordapp.com/api/v7/channels/840041596803612672 failed, reason: getaddrinfo ENOTFOUND discordapp.com
EXTRA INFO:
Promise {
  <rejected> HTTPError [FetchError]: request to https://discordapp.com/api/v7/channels/840041596803612672 failed, reason: getaddrinfo ENOTFOUND discordapp.com
      at RequestHandler.execute (C:\Users\jaces\Desktop\Corebot\node_modules\discord.js\src\rest\RequestHandler.js:107:21)
      at runMicrotasks (<anonymous>)
      at processTicksAndRejections (internal/process/task_queues.js:93:5) {
    code: 500,
    method: 'patch',
    path: '/channels/840041596803612672'
  }
}
-------------------------------------------------------------------------------------------------------------------------------------
[CALLER: RequestHandler.js:107:21 | MS: 1620355385170 | DATE: 5/6/2021, 9:43:05 PM]
--------------------------------------------------------------------------------------------------------------------------------------------
FetchError: request to https://discordapp.com/api/v7/guilds/837104198419611649/channels failed, reason: getaddrinfo ENOTFOUND discordapp.com
EXTRA INFO:
Promise {
  <rejected> HTTPError [FetchError]: request to https://discordapp.com/api/v7/guilds/837104198419611649/channels failed, reason: getaddrinfo ENOTFOUND discordapp.com
      at RequestHandler.execute (C:\Users\jaces\Desktop\Corebot\node_modules\discord.js\src\rest\RequestHandler.js:107:21)
      at runMicrotasks (<anonymous>)
      at processTicksAndRejections (internal/process/task_queues.js:93:5) {
    code: 500,
    method: 'post',
    path: '/guilds/837104198419611649/channels'
  }
}
--------------------------------------------------------------------------------------------------------------------------------------------
[CALLER: RequestHandler.js:107:21 | MS: 1620355385169 | DATE: 5/6/2021, 9:43:05 PM]
-------------------------------------------------------------------------------------------------------------------------------------
FetchError: request to https://discordapp.com/api/v7/channels/840041597273767977 failed, reason: getaddrinfo ENOTFOUND discordapp.com
EXTRA INFO:
Promise {
  <rejected> HTTPError [FetchError]: request to https://discordapp.com/api/v7/channels/840041597273767977 failed, reason: getaddrinfo ENOTFOUND discordapp.com
      at RequestHandler.execute (C:\Users\jaces\Desktop\Corebot\node_modules\discord.js\src\rest\RequestHandler.js:107:21)
      at runMicrotasks (<anonymous>)
      at processTicksAndRejections (internal/process/task_queues.js:93:5) {
    code: 500,
    method: 'patch',
    path: '/channels/840041597273767977'
  }
}
-------------------------------------------------------------------------------------------------------------------------------------
[CALLER: RequestHandler.js:107:21 | MS: 1620355385170 | DATE: 5/6/2021, 9:43:05 PM]
-------------------------------------------------------------------------------------------------------------------------------------
FetchError: request to https://discordapp.com/api/v7/channels/840041597562781708 failed, reason: getaddrinfo ENOTFOUND discordapp.com
EXTRA INFO:
Promise {
  <rejected> HTTPError [FetchError]: request to https://discordapp.com/api/v7/channels/840041597562781708 failed, reason: getaddrinfo ENOTFOUND discordapp.com
      at RequestHandler.execute (C:\Users\jaces\Desktop\Corebot\node_modules\discord.js\src\rest\RequestHandler.js:107:21)
      at runMicrotasks (<anonymous>)
      at processTicksAndRejections (internal/process/task_queues.js:93:5) {
    code: 500,
    method: 'patch',
    path: '/channels/840041597562781708'
  }
}
-------------------------------------------------------------------------------------------------------------------------------------
[CALLER: Promise {
  <rejected> DiscordAPIError: Invalid Form Body
  name: This field is required
      at RequestHandler.execute (C:\Users\jaces\Desktop\Corebot\node_modules\discord.js\src\rest\RequestHandler.js:170:25)
      at runMicrotasks (<anonymous>)
      at processTicksAndRejections (internal/process/task_queues.js:93:5) {
    method: 'post',
    path: '/guilds/832046329068650526/channels',
    code: 50035,
    httpStatus: 400
  }
} | MS: 1620355396896 | DATE: 5/6/2021, 9:43:16 PM]
----------------------------------
DiscordAPIError: Invalid Form Body
name: This field is required
EXTRA INFO:
Unknown
----------------------------------
[CALLER: Promise {
  <rejected> DiscordAPIError: Invalid Form Body
  name: This field is required
      at RequestHandler.execute (C:\Users\jaces\Desktop\Corebot\node_modules\discord.js\src\rest\RequestHandler.js:170:25)
      at processTicksAndRejections (internal/process/task_queues.js:93:5) {
    method: 'post',
    path: '/guilds/837104198419611649/channels',
    code: 50035,
    httpStatus: 400
  }
} | MS: 1620355397023 | DATE: 5/6/2021, 9:43:17 PM]
----------------------------------
DiscordAPIError: Invalid Form Body
name: This field is required
EXTRA INFO:
Unknown
----------------------------------
[CALLER: Promise {
  <rejected> DiscordAPIError: Invalid Form Body
  name: This field is required
      at RequestHandler.execute (C:\Users\jaces\Desktop\Corebot\node_modules\discord.js\src\rest\RequestHandler.js:170:25)
      at processTicksAndRejections (internal/process/task_queues.js:93:5) {
    method: 'post',
    path: '/guilds/832046329068650526/channels',
    code: 50035,
    httpStatus: 400
  }
} | MS: 1620355400731 | DATE: 5/6/2021, 9:43:20 PM]
----------------------------------
DiscordAPIError: Invalid Form Body
name: This field is required
EXTRA INFO:
Unknown
----------------------------------
[CALLER: Promise {
  <rejected> DiscordAPIError: Invalid Form Body
  name: This field is required
      at RequestHandler.execute (C:\Users\jaces\Desktop\Corebot\node_modules\discord.js\src\rest\RequestHandler.js:170:25)
      at processTicksAndRejections (internal/process/task_queues.js:93:5) {
    method: 'post',
    path: '/guilds/837104198419611649/channels',
    code: 50035,
    httpStatus: 400
  }
} | MS: 1620355400760 | DATE: 5/6/2021, 9:43:20 PM]
----------------------------------
DiscordAPIError: Invalid Form Body
name: This field is required
EXTRA INFO:
Unknown
----------------------------------
[CALLER: Promise {
  <rejected> DiscordAPIError: Invalid Form Body
  name: This field is required
      at RequestHandler.execute (C:\Users\jaces\Desktop\Corebot\node_modules\discord.js\src\rest\RequestHandler.js:170:25)
      at processTicksAndRejections (internal/process/task_queues.js:93:5) {
    method: 'post',
    path: '/guilds/837104198419611649/channels',
    code: 50035,
    httpStatus: 400
  }
} | MS: 1620355402835 | DATE: 5/6/2021, 9:43:22 PM]
----------------------------------
DiscordAPIError: Invalid Form Body
name: This field is required
EXTRA INFO:
Unknown
----------------------------------
[CALLER: Promise {
  <rejected> DiscordAPIError: Invalid Form Body
  name: This field is required
      at RequestHandler.execute (C:\Users\jaces\Desktop\Corebot\node_modules\discord.js\src\rest\RequestHandler.js:170:25)
      at processTicksAndRejections (internal/process/task_queues.js:93:5) {
    method: 'post',
    path: '/guilds/832046329068650526/channels',
    code: 50035,
    httpStatus: 400
  }
} | MS: 1620355402904 | DATE: 5/6/2021, 9:43:22 PM]
----------------------------------
DiscordAPIError: Invalid Form Body
name: This field is required
EXTRA INFO:
Unknown
----------------------------------
[CALLER: Promise {
  <rejected> DiscordAPIError: Invalid Form Body
  name: This field is required
      at RequestHandler.execute (C:\Users\jaces\Desktop\Corebot\node_modules\discord.js\src\rest\RequestHandler.js:170:25)
      at processTicksAndRejections (internal/process/task_queues.js:93:5) {
    method: 'post',
    path: '/guilds/837104198419611649/channels',
    code: 50035,
    httpStatus: 400
  }
} | MS: 1620355404431 | DATE: 5/6/2021, 9:43:24 PM]
----------------------------------
DiscordAPIError: Invalid Form Body
name: This field is required
EXTRA INFO:
Unknown
----------------------------------
[CALLER: Promise {
  <rejected> DiscordAPIError: Invalid Form Body
  name: This field is required
      at RequestHandler.execute (C:\Users\jaces\Desktop\Corebot\node_modules\discord.js\src\rest\RequestHandler.js:170:25)
      at processTicksAndRejections (internal/process/task_queues.js:93:5) {
    method: 'post',
    path: '/guilds/832046329068650526/channels',
    code: 50035,
    httpStatus: 400
  }
} | MS: 1620355404460 | DATE: 5/6/2021, 9:43:24 PM]
----------------------------------
DiscordAPIError: Invalid Form Body
name: This field is required
EXTRA INFO:
Unknown
----------------------------------
[CALLER: Promise {
  <rejected> DiscordAPIError: Invalid Form Body
  name: This field is required
      at RequestHandler.execute (C:\Users\jaces\Desktop\Corebot\node_modules\discord.js\src\rest\RequestHandler.js:170:25)
      at processTicksAndRejections (internal/process/task_queues.js:93:5) {
    method: 'post',
    path: '/guilds/837104198419611649/channels',
    code: 50035,
    httpStatus: 400
  }
} | MS: 1620355409188 | DATE: 5/6/2021, 9:43:29 PM]
----------------------------------
DiscordAPIError: Invalid Form Body
name: This field is required
EXTRA INFO:
Unknown
----------------------------------
[CALLER: Promise {
  <rejected> DiscordAPIError: Invalid Form Body
  name: This field is required
      at RequestHandler.execute (C:\Users\jaces\Desktop\Corebot\node_modules\discord.js\src\rest\RequestHandler.js:170:25)
      at processTicksAndRejections (internal/process/task_queues.js:93:5) {
    method: 'post',
    path: '/guilds/832046329068650526/channels',
    code: 50035,
    httpStatus: 400
  }
} | MS: 1620355409189 | DATE: 5/6/2021, 9:43:29 PM]
----------------------------------
DiscordAPIError: Invalid Form Body
name: This field is required
EXTRA INFO:
Unknown
----------------------------------
[CALLER: Promise {
  <rejected> DiscordAPIError: Invalid Form Body
  name: This field is required
      at RequestHandler.execute (C:\Users\jaces\Desktop\Corebot\node_modules\discord.js\src\rest\RequestHandler.js:170:25)
      at processTicksAndRejections (internal/process/task_queues.js:93:5) {
    method: 'post',
    path: '/guilds/837104198419611649/channels',
    code: 50035,
    httpStatus: 400
  }
} | MS: 1620355410367 | DATE: 5/6/2021, 9:43:30 PM]
----------------------------------
DiscordAPIError: Invalid Form Body
name: This field is required
EXTRA INFO:
Unknown
----------------------------------
[CALLER: Promise {
  <rejected> DiscordAPIError: Invalid Form Body
  name: This field is required
      at RequestHandler.execute (C:\Users\jaces\Desktop\Corebot\node_modules\discord.js\src\rest\RequestHandler.js:170:25)
      at processTicksAndRejections (internal/process/task_queues.js:93:5) {
    method: 'post',
    path: '/guilds/832046329068650526/channels',
    code: 50035,
    httpStatus: 400
  }
} | MS: 1620355410373 | DATE: 5/6/2021, 9:43:30 PM]
----------------------------------
DiscordAPIError: Invalid Form Body
name: This field is required
EXTRA INFO:
Unknown
----------------------------------
[CALLER: Promise {
  <rejected> DiscordAPIError: Invalid Form Body
  name: This field is required
      at RequestHandler.execute (C:\Users\jaces\Desktop\Corebot\node_modules\discord.js\src\rest\RequestHandler.js:170:25)
      at processTicksAndRejections (internal/process/task_queues.js:93:5) {
    method: 'post',
    path: '/guilds/832046329068650526/channels',
    code: 50035,
    httpStatus: 400
  }
} | MS: 1620355411278 | DATE: 5/6/2021, 9:43:31 PM]
----------------------------------
DiscordAPIError: Invalid Form Body
name: This field is required
EXTRA INFO:
Unknown
----------------------------------
[CALLER: Promise {
  <rejected> DiscordAPIError: Invalid Form Body
  name: This field is required
      at RequestHandler.execute (C:\Users\jaces\Desktop\Corebot\node_modules\discord.js\src\rest\RequestHandler.js:170:25)
      at processTicksAndRejections (internal/process/task_queues.js:93:5) {
    method: 'post',
    path: '/guilds/837104198419611649/channels',
    code: 50035,
    httpStatus: 400
  }
} | MS: 1620355411310 | DATE: 5/6/2021, 9:43:31 PM]
----------------------------------
DiscordAPIError: Invalid Form Body
name: This field is required
EXTRA INFO:
Unknown
----------------------------------
[CALLER: Promise {
  <rejected> DiscordAPIError: Invalid Form Body
  name: This field is required
      at RequestHandler.execute (C:\Users\jaces\Desktop\Corebot\node_modules\discord.js\src\rest\RequestHandler.js:170:25)
      at processTicksAndRejections (internal/process/task_queues.js:93:5) {
    method: 'post',
    path: '/guilds/832046329068650526/channels',
    code: 50035,
    httpStatus: 400
  }
} | MS: 1620355413618 | DATE: 5/6/2021, 9:43:33 PM]
----------------------------------
DiscordAPIError: Invalid Form Body
name: This field is required
EXTRA INFO:
Unknown
----------------------------------
[CALLER: Promise {
  <rejected> DiscordAPIError: Invalid Form Body
  name: This field is required
      at RequestHandler.execute (C:\Users\jaces\Desktop\Corebot\node_modules\discord.js\src\rest\RequestHandler.js:170:25)
      at processTicksAndRejections (internal/process/task_queues.js:93:5) {
    method: 'post',
    path: '/guilds/837104198419611649/channels',
    code: 50035,
    httpStatus: 400
  }
} | MS: 1620355413624 | DATE: 5/6/2021, 9:43:33 PM]
----------------------------------
DiscordAPIError: Invalid Form Body
name: This field is required
EXTRA INFO:
Unknown
----------------------------------
[CALLER: Promise {
  <rejected> DiscordAPIError: Invalid Form Body
  name: This field is required
      at RequestHandler.execute (C:\Users\jaces\Desktop\Corebot\node_modules\discord.js\src\rest\RequestHandler.js:170:25)
      at processTicksAndRejections (internal/process/task_queues.js:93:5) {
    method: 'post',
    path: '/guilds/837104198419611649/channels',
    code: 50035,
    httpStatus: 400
  }
} | MS: 1620355415265 | DATE: 5/6/2021, 9:43:35 PM]
----------------------------------
DiscordAPIError: Invalid Form Body
name: This field is required
EXTRA INFO:
Unknown
----------------------------------
[CALLER: Promise {
  <rejected> DiscordAPIError: Invalid Form Body
  name: This field is required
      at RequestHandler.execute (C:\Users\jaces\Desktop\Corebot\node_modules\discord.js\src\rest\RequestHandler.js:170:25)
      at processTicksAndRejections (internal/process/task_queues.js:93:5) {
    method: 'post',
    path: '/guilds/832046329068650526/channels',
    code: 50035,
    httpStatus: 400
  }
} | MS: 1620355415316 | DATE: 5/6/2021, 9:43:35 PM]
----------------------------------
DiscordAPIError: Invalid Form Body
name: This field is required
EXTRA INFO:
Unknown
----------------------------------
[CALLER: Promise {
  <rejected> DiscordAPIError: Invalid Form Body
  name: This field is required
      at RequestHandler.execute (C:\Users\jaces\Desktop\Corebot\node_modules\discord.js\src\rest\RequestHandler.js:170:25)
      at processTicksAndRejections (internal/process/task_queues.js:93:5) {
    method: 'post',
    path: '/guilds/832046329068650526/channels',
    code: 50035,
    httpStatus: 400
  }
} | MS: 1620355426650 | DATE: 5/6/2021, 9:43:46 PM]
----------------------------------
DiscordAPIError: Invalid Form Body
name: This field is required
EXTRA INFO:
Unknown
----------------------------------
[CALLER: Promise {
  <rejected> DiscordAPIError: Invalid Form Body
  name: This field is required
      at RequestHandler.execute (C:\Users\jaces\Desktop\Corebot\node_modules\discord.js\src\rest\RequestHandler.js:170:25)
      at processTicksAndRejections (internal/process/task_queues.js:93:5) {
    method: 'post',
    path: '/guilds/837104198419611649/channels',
    code: 50035,
    httpStatus: 400
  }
} | MS: 1620355426651 | DATE: 5/6/2021, 9:43:46 PM]
----------------------------------
DiscordAPIError: Invalid Form Body
name: This field is required
EXTRA INFO:
Unknown
----------------------------------
[CALLER: Promise {
  <rejected> DiscordAPIError: Invalid Form Body
  name: This field is required
      at RequestHandler.execute (C:\Users\jaces\Desktop\Corebot\node_modules\discord.js\src\rest\RequestHandler.js:170:25)
      at processTicksAndRejections (internal/process/task_queues.js:93:5) {
    method: 'post',
    path: '/guilds/837104198419611649/channels',
    code: 50035,
    httpStatus: 400
  }
} | MS: 1620355430717 | DATE: 5/6/2021, 9:43:50 PM]
----------------------------------
DiscordAPIError: Invalid Form Body
name: This field is required
EXTRA INFO:
Unknown
----------------------------------
[CALLER: Promise {
  <rejected> DiscordAPIError: Invalid Form Body
  name: This field is required
      at RequestHandler.execute (C:\Users\jaces\Desktop\Corebot\node_modules\discord.js\src\rest\RequestHandler.js:170:25)
      at processTicksAndRejections (internal/process/task_queues.js:93:5) {
    method: 'post',
    path: '/guilds/832046329068650526/channels',
    code: 50035,
    httpStatus: 400
  }
} | MS: 1620355430728 | DATE: 5/6/2021, 9:43:50 PM]
----------------------------------
DiscordAPIError: Invalid Form Body
name: This field is required
EXTRA INFO:
Unknown
----------------------------------
[CALLER: Promise {
  <rejected> DiscordAPIError: Invalid Form Body
  name: This field is required
      at RequestHandler.execute (C:\Users\jaces\Desktop\Corebot\node_modules\discord.js\src\rest\RequestHandler.js:170:25)
      at processTicksAndRejections (internal/process/task_queues.js:93:5) {
    method: 'post',
    path: '/guilds/837104198419611649/channels',
    code: 50035,
    httpStatus: 400
  }
} | MS: 1620355432832 | DATE: 5/6/2021, 9:43:52 PM]
----------------------------------
DiscordAPIError: Invalid Form Body
name: This field is required
EXTRA INFO:
Unknown
----------------------------------
[CALLER: Promise {
  <rejected> DiscordAPIError: Invalid Form Body
  name: This field is required
      at RequestHandler.execute (C:\Users\jaces\Desktop\Corebot\node_modules\discord.js\src\rest\RequestHandler.js:170:25)
      at processTicksAndRejections (internal/process/task_queues.js:93:5) {
    method: 'post',
    path: '/guilds/832046329068650526/channels',
    code: 50035,
    httpStatus: 400
  }
} | MS: 1620355432857 | DATE: 5/6/2021, 9:43:52 PM]
----------------------------------
DiscordAPIError: Invalid Form Body
name: This field is required
EXTRA INFO:
Unknown
----------------------------------
[CALLER: Promise {
  <rejected> DiscordAPIError: Invalid Form Body
  name: This field is required
      at RequestHandler.execute (C:\Users\jaces\Desktop\Corebot\node_modules\discord.js\src\rest\RequestHandler.js:170:25)
      at processTicksAndRejections (internal/process/task_queues.js:93:5) {
    method: 'post',
    path: '/guilds/837104198419611649/channels',
    code: 50035,
    httpStatus: 400
  }
} | MS: 1620355434406 | DATE: 5/6/2021, 9:43:54 PM]
----------------------------------
DiscordAPIError: Invalid Form Body
name: This field is required
EXTRA INFO:
Unknown
----------------------------------
[CALLER: Promise {
  <rejected> DiscordAPIError: Invalid Form Body
  name: This field is required
      at RequestHandler.execute (C:\Users\jaces\Desktop\Corebot\node_modules\discord.js\src\rest\RequestHandler.js:170:25)
      at processTicksAndRejections (internal/process/task_queues.js:93:5) {
    method: 'post',
    path: '/guilds/832046329068650526/channels',
    code: 50035,
    httpStatus: 400
  }
} | MS: 1620355434461 | DATE: 5/6/2021, 9:43:54 PM]
----------------------------------
DiscordAPIError: Invalid Form Body
name: This field is required
EXTRA INFO:
Unknown
----------------------------------
[CALLER: Promise {
  <rejected> DiscordAPIError: Invalid Form Body
  name: This field is required
      at RequestHandler.execute (C:\Users\jaces\Desktop\Corebot\node_modules\discord.js\src\rest\RequestHandler.js:170:25)
      at processTicksAndRejections (internal/process/task_queues.js:93:5) {
    method: 'post',
    path: '/guilds/837104198419611649/channels',
    code: 50035,
    httpStatus: 400
  }
} | MS: 1620355439195 | DATE: 5/6/2021, 9:43:59 PM]
----------------------------------
DiscordAPIError: Invalid Form Body
name: This field is required
EXTRA INFO:
Unknown
----------------------------------
[CALLER: Promise {
  <rejected> DiscordAPIError: Invalid Form Body
  name: This field is required
      at RequestHandler.execute (C:\Users\jaces\Desktop\Corebot\node_modules\discord.js\src\rest\RequestHandler.js:170:25)
      at processTicksAndRejections (internal/process/task_queues.js:93:5) {
    method: 'post',
    path: '/guilds/832046329068650526/channels',
    code: 50035,
    httpStatus: 400
  }
} | MS: 1620355439217 | DATE: 5/6/2021, 9:43:59 PM]
----------------------------------
DiscordAPIError: Invalid Form Body
name: This field is required
EXTRA INFO:
Unknown
----------------------------------
[CALLER: Promise {
  <rejected> DiscordAPIError: Invalid Form Body
  name: This field is required
      at RequestHandler.execute (C:\Users\jaces\Desktop\Corebot\node_modules\discord.js\src\rest\RequestHandler.js:170:25)
      at processTicksAndRejections (internal/process/task_queues.js:93:5) {
    method: 'post',
    path: '/guilds/837104198419611649/channels',
    code: 50035,
    httpStatus: 400
  }
} | MS: 1620355440366 | DATE: 5/6/2021, 9:44:00 PM]
----------------------------------
DiscordAPIError: Invalid Form Body
name: This field is required
EXTRA INFO:
Unknown
----------------------------------
[CALLER: Promise {
  <rejected> DiscordAPIError: Invalid Form Body
  name: This field is required
      at RequestHandler.execute (C:\Users\jaces\Desktop\Corebot\node_modules\discord.js\src\rest\RequestHandler.js:170:25)
      at runMicrotasks (<anonymous>)
      at processTicksAndRejections (internal/process/task_queues.js:93:5) {
    method: 'post',
    path: '/guilds/832046329068650526/channels',
    code: 50035,
    httpStatus: 400
  }
} | MS: 1620355440375 | DATE: 5/6/2021, 9:44:00 PM]
----------------------------------
DiscordAPIError: Invalid Form Body
name: This field is required
EXTRA INFO:
Unknown
----------------------------------
[CALLER: Promise {
  <rejected> DiscordAPIError: Invalid Form Body
  name: This field is required
      at RequestHandler.execute (C:\Users\jaces\Desktop\Corebot\node_modules\discord.js\src\rest\RequestHandler.js:170:25)
      at runMicrotasks (<anonymous>)
      at processTicksAndRejections (internal/process/task_queues.js:93:5) {
    method: 'post',
    path: '/guilds/832046329068650526/channels',
    code: 50035,
    httpStatus: 400
  }
} | MS: 1620355441288 | DATE: 5/6/2021, 9:44:01 PM]
----------------------------------
DiscordAPIError: Invalid Form Body
name: This field is required
EXTRA INFO:
Unknown
----------------------------------
[CALLER: Promise {
  <rejected> DiscordAPIError: Invalid Form Body
  name: This field is required
      at RequestHandler.execute (C:\Users\jaces\Desktop\Corebot\node_modules\discord.js\src\rest\RequestHandler.js:170:25)
      at runMicrotasks (<anonymous>)
      at processTicksAndRejections (internal/process/task_queues.js:93:5) {
    method: 'post',
    path: '/guilds/837104198419611649/channels',
    code: 50035,
    httpStatus: 400
  }
} | MS: 1620355441307 | DATE: 5/6/2021, 9:44:01 PM]
----------------------------------
DiscordAPIError: Invalid Form Body
name: This field is required
EXTRA INFO:
Unknown
----------------------------------
[CALLER: Promise {
  <rejected> DiscordAPIError: Invalid Form Body
  name: This field is required
      at RequestHandler.execute (C:\Users\jaces\Desktop\Corebot\node_modules\discord.js\src\rest\RequestHandler.js:170:25)
      at runMicrotasks (<anonymous>)
      at processTicksAndRejections (internal/process/task_queues.js:93:5) {
    method: 'post',
    path: '/guilds/837104198419611649/channels',
    code: 50035,
    httpStatus: 400
  }
} | MS: 1620355443635 | DATE: 5/6/2021, 9:44:03 PM]
----------------------------------
DiscordAPIError: Invalid Form Body
name: This field is required
EXTRA INFO:
Unknown
----------------------------------
[CALLER: Promise {
  <rejected> DiscordAPIError: Invalid Form Body
  name: This field is required
      at RequestHandler.execute (C:\Users\jaces\Desktop\Corebot\node_modules\discord.js\src\rest\RequestHandler.js:170:25)
      at runMicrotasks (<anonymous>)
      at processTicksAndRejections (internal/process/task_queues.js:93:5) {
    method: 'post',
    path: '/guilds/832046329068650526/channels',
    code: 50035,
    httpStatus: 400
  }
} | MS: 1620355443645 | DATE: 5/6/2021, 9:44:03 PM]
----------------------------------
DiscordAPIError: Invalid Form Body
name: This field is required
EXTRA INFO:
Unknown
----------------------------------
[CALLER: AddonHandler.js:123:44 | MS: 1620355444945 | DATE: 5/6/2021, 9:44:04 PM]
-------------------------------------------------------------------
Cannot find module 'paypal-rest-sdk'
Require stack:
- C:\Users\jaces\Desktop\Corebot\addons\BusinessPayPal.js
- C:\Users\jaces\Desktop\Corebot\modules\handlers\AddonHandler.js
- C:\Users\jaces\Desktop\Corebot\commands\management\addon.js
- C:\Users\jaces\Desktop\Corebot\modules\handlers\CommandHandler.js
- C:\Users\jaces\Desktop\Corebot\index.js
EXTRA INFO:
Error: Cannot find module 'paypal-rest-sdk'
Require stack:
- C:\Users\jaces\Desktop\Corebot\addons\BusinessPayPal.js
- C:\Users\jaces\Desktop\Corebot\modules\handlers\AddonHandler.js
- C:\Users\jaces\Desktop\Corebot\commands\management\addon.js
- C:\Users\jaces\Desktop\Corebot\modules\handlers\CommandHandler.js
- C:\Users\jaces\Desktop\Corebot\index.js
    at Function.Module._resolveFilename (internal/modules/cjs/loader.js:880:15)
    at Function.Module._load (internal/modules/cjs/loader.js:725:27)
    at Module.require (internal/modules/cjs/loader.js:952:19)
    at require (internal/modules/cjs/helpers.js:88:18)
    at Object.<anonymous> (C:\Users\jaces\Desktop\Corebot\addons\BusinessPayPal.js:1:1680)
    at Module._compile (internal/modules/cjs/loader.js:1063:30)
    at Object.Module._extensions..js (internal/modules/cjs/loader.js:1092:10)
    at Module.load (internal/modules/cjs/loader.js:928:32)
    at Function.Module._load (internal/modules/cjs/loader.js:769:14)
    at Module.require (internal/modules/cjs/loader.js:952:19)
    at require (internal/modules/cjs/helpers.js:88:18)
    at C:\Users\jaces\Desktop\Corebot\modules\handlers\AddonHandler.js:112:35
    at Array.forEach (<anonymous>)
    at C:\Users\jaces\Desktop\Corebot\modules\handlers\AddonHandler.js:110:18
    at FSReqCallback.oncomplete (fs.js:171:23)
-------------------------------------------------------------------
[CALLER: Promise {
  <rejected> DiscordAPIError: Invalid Form Body
  name: This field is required
      at RequestHandler.execute (C:\Users\jaces\Desktop\Corebot\node_modules\discord.js\src\rest\RequestHandler.js:170:25)
      at runMicrotasks (<anonymous>)
      at processTicksAndRejections (internal/process/task_queues.js:93:5) {
    method: 'post',
    path: '/guilds/832046329068650526/channels',
    code: 50035,
    httpStatus: 400
  }
} | MS: 1620355445083 | DATE: 5/6/2021, 9:44:05 PM]
----------------------------------
DiscordAPIError: Invalid Form Body
name: This field is required
EXTRA INFO:
Unknown
----------------------------------
[CALLER: Promise {
  <rejected> DiscordAPIError: Invalid Form Body
  name: This field is required
      at RequestHandler.execute (C:\Users\jaces\Desktop\Corebot\node_modules\discord.js\src\rest\RequestHandler.js:170:25)
      at runMicrotasks (<anonymous>)
      at processTicksAndRejections (internal/process/task_queues.js:93:5) {
    method: 'post',
    path: '/guilds/837104198419611649/channels',
    code: 50035,
    httpStatus: 400
  }
} | MS: 1620355445166 | DATE: 5/6/2021, 9:44:05 PM]
----------------------------------
DiscordAPIError: Invalid Form Body
name: This field is required
EXTRA INFO:
Unknown
----------------------------------
[CALLER: Promise {
  <rejected> DiscordAPIError: Invalid Form Body
  name: This field is required
      at RequestHandler.execute (C:\Users\jaces\Desktop\Corebot\node_modules\discord.js\src\rest\RequestHandler.js:170:25)
      at runMicrotasks (<anonymous>)
      at processTicksAndRejections (internal/process/task_queues.js:93:5) {
    method: 'post',
    path: '/guilds/832046329068650526/channels',
    code: 50035,
    httpStatus: 400
  }
} | MS: 1620355445273 | DATE: 5/6/2021, 9:44:05 PM]
----------------------------------
DiscordAPIError: Invalid Form Body
name: This field is required
EXTRA INFO:
Unknown
----------------------------------
[CALLER: Promise {
  <rejected> DiscordAPIError: Invalid Form Body
  name: This field is required
      at RequestHandler.execute (C:\Users\jaces\Desktop\Corebot\node_modules\discord.js\src\rest\RequestHandler.js:170:25)
      at runMicrotasks (<anonymous>)
      at processTicksAndRejections (internal/process/task_queues.js:93:5) {
    method: 'post',
    path: '/guilds/832046329068650526/channels',
    code: 50035,
    httpStatus: 400
  }
} | MS: 1620355456635 | DATE: 5/6/2021, 9:44:16 PM]
----------------------------------
DiscordAPIError: Invalid Form Body
name: This field is required
EXTRA INFO:
Unknown
----------------------------------
[CALLER: Promise {
  <rejected> DiscordAPIError: Invalid Form Body
  name: This field is required
      at RequestHandler.execute (C:\Users\jaces\Desktop\Corebot\node_modules\discord.js\src\rest\RequestHandler.js:170:25)
      at runMicrotasks (<anonymous>)
      at processTicksAndRejections (internal/process/task_queues.js:93:5) {
    method: 'post',
    path: '/guilds/837104198419611649/channels',
    code: 50035,
    httpStatus: 400
  }
} | MS: 1620355456647 | DATE: 5/6/2021, 9:44:16 PM]
----------------------------------
DiscordAPIError: Invalid Form Body
name: This field is required
EXTRA INFO:
Unknown
----------------------------------
[CALLER: Promise {
  <rejected> DiscordAPIError: Invalid Form Body
  name: This field is required
      at RequestHandler.execute (C:\Users\jaces\Desktop\Corebot\node_modules\discord.js\src\rest\RequestHandler.js:170:25)
      at runMicrotasks (<anonymous>)
      at processTicksAndRejections (internal/process/task_queues.js:93:5) {
    method: 'post',
    path: '/guilds/837104198419611649/channels',
    code: 50035,
    httpStatus: 400
  }
} | MS: 1620355460720 | DATE: 5/6/2021, 9:44:20 PM]
----------------------------------
DiscordAPIError: Invalid Form Body
name: This field is required
EXTRA INFO:
Unknown
----------------------------------
[CALLER: Promise {
  <rejected> DiscordAPIError: Invalid Form Body
  name: This field is required
      at RequestHandler.execute (C:\Users\jaces\Desktop\Corebot\node_modules\discord.js\src\rest\RequestHandler.js:170:25)
      at runMicrotasks (<anonymous>)
      at processTicksAndRejections (internal/process/task_queues.js:93:5) {
    method: 'post',
    path: '/guilds/832046329068650526/channels',
    code: 50035,
    httpStatus: 400
  }
} | MS: 1620355460722 | DATE: 5/6/2021, 9:44:20 PM]
----------------------------------
DiscordAPIError: Invalid Form Body
name: This field is required
EXTRA INFO:
Unknown
----------------------------------
[CALLER: Promise {
  <rejected> DiscordAPIError: Invalid Form Body
  name: This field is required
      at RequestHandler.execute (C:\Users\jaces\Desktop\Corebot\node_modules\discord.js\src\rest\RequestHandler.js:170:25)
      at runMicrotasks (<anonymous>)
      at processTicksAndRejections (internal/process/task_queues.js:93:5) {
    method: 'post',
    path: '/guilds/832046329068650526/channels',
    code: 50035,
    httpStatus: 400
  }
} | MS: 1620355462828 | DATE: 5/6/2021, 9:44:22 PM]
----------------------------------
DiscordAPIError: Invalid Form Body
name: This field is required
EXTRA INFO:
Unknown
----------------------------------
[CALLER: Promise {
  <rejected> DiscordAPIError: Invalid Form Body
  name: This field is required
      at RequestHandler.execute (C:\Users\jaces\Desktop\Corebot\node_modules\discord.js\src\rest\RequestHandler.js:170:25)
      at runMicrotasks (<anonymous>)
      at processTicksAndRejections (internal/process/task_queues.js:93:5) {
    method: 'post',
    path: '/guilds/837104198419611649/channels',
    code: 50035,
    httpStatus: 400
  }
} | MS: 1620355462851 | DATE: 5/6/2021, 9:44:22 PM]
----------------------------------
DiscordAPIError: Invalid Form Body
name: This field is required
EXTRA INFO:
Unknown
----------------------------------
[CALLER: Promise {
  <rejected> DiscordAPIError: Invalid Form Body
  name: This field is required
      at RequestHandler.execute (C:\Users\jaces\Desktop\Corebot\node_modules\discord.js\src\rest\RequestHandler.js:170:25)
      at runMicrotasks (<anonymous>)
      at processTicksAndRejections (internal/process/task_queues.js:93:5) {
    method: 'post',
    path: '/guilds/837104198419611649/channels',
    code: 50035,
    httpStatus: 400
  }
} | MS: 1620355464415 | DATE: 5/6/2021, 9:44:24 PM]
----------------------------------
DiscordAPIError: Invalid Form Body
name: This field is required
EXTRA INFO:
Unknown
----------------------------------
[CALLER: Promise {
  <rejected> DiscordAPIError: Invalid Form Body
  name: This field is required
      at RequestHandler.execute (C:\Users\jaces\Desktop\Corebot\node_modules\discord.js\src\rest\RequestHandler.js:170:25)
      at runMicrotasks (<anonymous>)
      at processTicksAndRejections (internal/process/task_queues.js:93:5) {
    method: 'post',
    path: '/guilds/832046329068650526/channels',
    code: 50035,
    httpStatus: 400
  }
} | MS: 1620355464416 | DATE: 5/6/2021, 9:44:24 PM]
----------------------------------
DiscordAPIError: Invalid Form Body
name: This field is required
EXTRA INFO:
Unknown
----------------------------------
[CALLER: Promise {
  <rejected> DiscordAPIError: Invalid Form Body
  name: This field is required
      at RequestHandler.execute (C:\Users\jaces\Desktop\Corebot\node_modules\discord.js\src\rest\RequestHandler.js:170:25)
      at runMicrotasks (<anonymous>)
      at processTicksAndRejections (internal/process/task_queues.js:93:5) {
    method: 'post',
    path: '/guilds/837104198419611649/channels',
    code: 50035,
    httpStatus: 400
  }
} | MS: 1620355469212 | DATE: 5/6/2021, 9:44:29 PM]
----------------------------------
DiscordAPIError: Invalid Form Body
name: This field is required
EXTRA INFO:
Unknown
----------------------------------
[CALLER: Promise {
  <rejected> DiscordAPIError: Invalid Form Body
  name: This field is required
      at RequestHandler.execute (C:\Users\jaces\Desktop\Corebot\node_modules\discord.js\src\rest\RequestHandler.js:170:25)
      at runMicrotasks (<anonymous>)
      at processTicksAndRejections (internal/process/task_queues.js:93:5) {
    method: 'post',
    path: '/guilds/832046329068650526/channels',
    code: 50035,
    httpStatus: 400
  }
} | MS: 1620355469231 | DATE: 5/6/2021, 9:44:29 PM]
----------------------------------
DiscordAPIError: Invalid Form Body
name: This field is required
EXTRA INFO:
Unknown
----------------------------------
[CALLER: Promise {
  <rejected> DiscordAPIError: Invalid Form Body
  name: This field is required
      at RequestHandler.execute (C:\Users\jaces\Desktop\Corebot\node_modules\discord.js\src\rest\RequestHandler.js:170:25)
      at runMicrotasks (<anonymous>)
      at processTicksAndRejections (internal/process/task_queues.js:93:5) {
    method: 'post',
    path: '/guilds/832046329068650526/channels',
    code: 50035,
    httpStatus: 400
  }
} | MS: 1620355470347 | DATE: 5/6/2021, 9:44:30 PM]
----------------------------------
DiscordAPIError: Invalid Form Body
name: This field is required
EXTRA INFO:
Unknown
----------------------------------
[CALLER: Promise {
  <rejected> DiscordAPIError: Invalid Form Body
  name: This field is required
      at RequestHandler.execute (C:\Users\jaces\Desktop\Corebot\node_modules\discord.js\src\rest\RequestHandler.js:170:25)
      at runMicrotasks (<anonymous>)
      at processTicksAndRejections (internal/process/task_queues.js:93:5) {
    method: 'post',
    path: '/guilds/837104198419611649/channels',
    code: 50035,
    httpStatus: 400
  }
} | MS: 1620355470366 | DATE: 5/6/2021, 9:44:30 PM]
----------------------------------
DiscordAPIError: Invalid Form Body
name: This field is required
EXTRA INFO:
Unknown
----------------------------------
[CALLER: Promise {
  <rejected> DiscordAPIError: Invalid Form Body
  name: This field is required
      at RequestHandler.execute (C:\Users\jaces\Desktop\Corebot\node_modules\discord.js\src\rest\RequestHandler.js:170:25)
      at runMicrotasks (<anonymous>)
      at processTicksAndRejections (internal/process/task_queues.js:93:5) {
    method: 'post',
    path: '/guilds/837104198419611649/channels',
    code: 50035,
    httpStatus: 400
  }
} | MS: 1620355471276 | DATE: 5/6/2021, 9:44:31 PM]
----------------------------------
DiscordAPIError: Invalid Form Body
name: This field is required
EXTRA INFO:
Unknown
----------------------------------
[CALLER: Promise {
  <rejected> DiscordAPIError: Invalid Form Body
  name: This field is required
      at RequestHandler.execute (C:\Users\jaces\Desktop\Corebot\node_modules\discord.js\src\rest\RequestHandler.js:170:25)
      at runMicrotasks (<anonymous>)
      at processTicksAndRejections (internal/process/task_queues.js:93:5) {
    method: 'post',
    path: '/guilds/832046329068650526/channels',
    code: 50035,
    httpStatus: 400
  }
} | MS: 1620355471297 | DATE: 5/6/2021, 9:44:31 PM]
----------------------------------
DiscordAPIError: Invalid Form Body
name: This field is required
EXTRA INFO:
Unknown
----------------------------------
[CALLER: Promise {
  <rejected> DiscordAPIError: Invalid Form Body
  name: This field is required
      at RequestHandler.execute (C:\Users\jaces\Desktop\Corebot\node_modules\discord.js\src\rest\RequestHandler.js:170:25)
      at runMicrotasks (<anonymous>)
      at processTicksAndRejections (internal/process/task_queues.js:93:5) {
    method: 'post',
    path: '/guilds/837104198419611649/channels',
    code: 50035,
    httpStatus: 400
  }
} | MS: 1620355473628 | DATE: 5/6/2021, 9:44:33 PM]
----------------------------------
DiscordAPIError: Invalid Form Body
name: This field is required
EXTRA INFO:
Unknown
----------------------------------
[CALLER: Promise {
  <rejected> DiscordAPIError: Invalid Form Body
  name: This field is required
      at RequestHandler.execute (C:\Users\jaces\Desktop\Corebot\node_modules\discord.js\src\rest\RequestHandler.js:170:25)
      at runMicrotasks (<anonymous>)
      at processTicksAndRejections (internal/process/task_queues.js:93:5) {
    method: 'post',
    path: '/guilds/832046329068650526/channels',
    code: 50035,
    httpStatus: 400
  }
} | MS: 1620355473632 | DATE: 5/6/2021, 9:44:33 PM]
----------------------------------
DiscordAPIError: Invalid Form Body
name: This field is required
EXTRA INFO:
Unknown
----------------------------------
[CALLER: Promise {
  <rejected> DiscordAPIError: Invalid Form Body
  name: This field is required
      at RequestHandler.execute (C:\Users\jaces\Desktop\Corebot\node_modules\discord.js\src\rest\RequestHandler.js:170:25)
      at runMicrotasks (<anonymous>)
      at processTicksAndRejections (internal/process/task_queues.js:93:5) {
    method: 'post',
    path: '/guilds/832046329068650526/channels',
    code: 50035,
    httpStatus: 400
  }
} | MS: 1620355475070 | DATE: 5/6/2021, 9:44:35 PM]
----------------------------------
DiscordAPIError: Invalid Form Body
name: This field is required
EXTRA INFO:
Unknown
----------------------------------
[CALLER: Promise {
  <rejected> DiscordAPIError: Invalid Form Body
  name: This field is required
      at RequestHandler.execute (C:\Users\jaces\Desktop\Corebot\node_modules\discord.js\src\rest\RequestHandler.js:170:25)
      at runMicrotasks (<anonymous>)
      at processTicksAndRejections (internal/process/task_queues.js:93:5) {
    method: 'post',
    path: '/guilds/837104198419611649/channels',
    code: 50035,
    httpStatus: 400
  }
} | MS: 1620355475071 | DATE: 5/6/2021, 9:44:35 PM]
----------------------------------
DiscordAPIError: Invalid Form Body
name: This field is required
EXTRA INFO:
Unknown
----------------------------------
[CALLER: Promise {
  <rejected> DiscordAPIError: Invalid Form Body
  name: This field is required
      at RequestHandler.execute (C:\Users\jaces\Desktop\Corebot\node_modules\discord.js\src\rest\RequestHandler.js:170:25)
      at runMicrotasks (<anonymous>)
      at processTicksAndRejections (internal/process/task_queues.js:93:5) {
    method: 'post',
    path: '/guilds/832046329068650526/channels',
    code: 50035,
    httpStatus: 400
  }
} | MS: 1620355475253 | DATE: 5/6/2021, 9:44:35 PM]
----------------------------------
DiscordAPIError: Invalid Form Body
name: This field is required
EXTRA INFO:
Unknown
----------------------------------
[CALLER: Promise {
  <rejected> DiscordAPIError: Invalid Form Body
  name: This field is required
      at RequestHandler.execute (C:\Users\jaces\Desktop\Corebot\node_modules\discord.js\src\rest\RequestHandler.js:170:25)
      at runMicrotasks (<anonymous>)
      at processTicksAndRejections (internal/process/task_queues.js:93:5) {
    method: 'post',
    path: '/guilds/837104198419611649/channels',
    code: 50035,
    httpStatus: 400
  }
} | MS: 1620355475260 | DATE: 5/6/2021, 9:44:35 PM]
----------------------------------
DiscordAPIError: Invalid Form Body
name: This field is required
EXTRA INFO:
Unknown
----------------------------------
[CALLER: Promise {
  <rejected> DiscordAPIError: Invalid Form Body
  name: This field is required
      at RequestHandler.execute (C:\Users\jaces\Desktop\Corebot\node_modules\discord.js\src\rest\RequestHandler.js:170:25)
      at runMicrotasks (<anonymous>)
      at processTicksAndRejections (internal/process/task_queues.js:93:5) {
    method: 'post',
    path: '/guilds/837104198419611649/channels',
    code: 50035,
    httpStatus: 400
  }
} | MS: 1620355486645 | DATE: 5/6/2021, 9:44:46 PM]
----------------------------------
DiscordAPIError: Invalid Form Body
name: This field is required
EXTRA INFO:
Unknown
----------------------------------
[CALLER: Promise {
  <rejected> DiscordAPIError: Invalid Form Body
  name: This field is required
      at RequestHandler.execute (C:\Users\jaces\Desktop\Corebot\node_modules\discord.js\src\rest\RequestHandler.js:170:25)
      at runMicrotasks (<anonymous>)
      at processTicksAndRejections (internal/process/task_queues.js:93:5) {
    method: 'post',
    path: '/guilds/832046329068650526/channels',
    code: 50035,
    httpStatus: 400
  }
} | MS: 1620355486649 | DATE: 5/6/2021, 9:44:46 PM]
----------------------------------
DiscordAPIError: Invalid Form Body
name: This field is required
EXTRA INFO:
Unknown
----------------------------------
[CALLER: Promise {
  <rejected> DiscordAPIError: Invalid Form Body
  name: This field is required
      at RequestHandler.execute (C:\Users\jaces\Desktop\Corebot\node_modules\discord.js\src\rest\RequestHandler.js:170:25)
      at runMicrotasks (<anonymous>)
      at processTicksAndRejections (internal/process/task_queues.js:93:5) {
    method: 'post',
    path: '/guilds/837104198419611649/channels',
    code: 50035,
    httpStatus: 400
  }
} | MS: 1620355490715 | DATE: 5/6/2021, 9:44:50 PM]
----------------------------------
DiscordAPIError: Invalid Form Body
name: This field is required
EXTRA INFO:
Unknown
----------------------------------
[CALLER: Promise {
  <rejected> DiscordAPIError: Invalid Form Body
  name: This field is required
      at RequestHandler.execute (C:\Users\jaces\Desktop\Corebot\node_modules\discord.js\src\rest\RequestHandler.js:170:25)
      at runMicrotasks (<anonymous>)
      at processTicksAndRejections (internal/process/task_queues.js:93:5) {
    method: 'post',
    path: '/guilds/832046329068650526/channels',
    code: 50035,
    httpStatus: 400
  }
} | MS: 1620355490720 | DATE: 5/6/2021, 9:44:50 PM]
----------------------------------
DiscordAPIError: Invalid Form Body
name: This field is required
EXTRA INFO:
Unknown
----------------------------------
[CALLER: Promise {
  <rejected> DiscordAPIError: Invalid Form Body
  name: This field is required
      at RequestHandler.execute (C:\Users\jaces\Desktop\Corebot\node_modules\discord.js\src\rest\RequestHandler.js:170:25)
      at runMicrotasks (<anonymous>)
      at processTicksAndRejections (internal/process/task_queues.js:93:5) {
    method: 'post',
    path: '/guilds/837104198419611649/channels',
    code: 50035,
    httpStatus: 400
  }
} | MS: 1620355492832 | DATE: 5/6/2021, 9:44:52 PM]
----------------------------------
DiscordAPIError: Invalid Form Body
name: This field is required
EXTRA INFO:
Unknown
----------------------------------
[CALLER: Promise {
  <rejected> DiscordAPIError: Invalid Form Body
  name: This field is required
      at RequestHandler.execute (C:\Users\jaces\Desktop\Corebot\node_modules\discord.js\src\rest\RequestHandler.js:170:25)
      at runMicrotasks (<anonymous>)
      at processTicksAndRejections (internal/process/task_queues.js:93:5) {
    method: 'post',
    path: '/guilds/832046329068650526/channels',
    code: 50035,
    httpStatus: 400
  }
} | MS: 1620355492841 | DATE: 5/6/2021, 9:44:52 PM]
----------------------------------
DiscordAPIError: Invalid Form Body
name: This field is required
EXTRA INFO:
Unknown
----------------------------------
[CALLER: Promise {
  <rejected> DiscordAPIError: Invalid Form Body
  name: This field is required
      at RequestHandler.execute (C:\Users\jaces\Desktop\Corebot\node_modules\discord.js\src\rest\RequestHandler.js:170:25)
      at runMicrotasks (<anonymous>)
      at processTicksAndRejections (internal/process/task_queues.js:93:5) {
    method: 'post',
    path: '/guilds/832046329068650526/channels',
    code: 50035,
    httpStatus: 400
  }
} | MS: 1620355494407 | DATE: 5/6/2021, 9:44:54 PM]
----------------------------------
DiscordAPIError: Invalid Form Body
name: This field is required
EXTRA INFO:
Unknown
----------------------------------
[CALLER: Promise {
  <rejected> DiscordAPIError: Invalid Form Body
  name: This field is required
      at RequestHandler.execute (C:\Users\jaces\Desktop\Corebot\node_modules\discord.js\src\rest\RequestHandler.js:170:25)
      at runMicrotasks (<anonymous>)
      at processTicksAndRejections (internal/process/task_queues.js:93:5) {
    method: 'post',
    path: '/guilds/837104198419611649/channels',
    code: 50035,
    httpStatus: 400
  }
} | MS: 1620355494458 | DATE: 5/6/2021, 9:44:54 PM]
----------------------------------
DiscordAPIError: Invalid Form Body
name: This field is required
EXTRA INFO:
Unknown
----------------------------------
[CALLER: Promise {
  <rejected> DiscordAPIError: Invalid Form Body
  name: This field is required
      at RequestHandler.execute (C:\Users\jaces\Desktop\Corebot\node_modules\discord.js\src\rest\RequestHandler.js:170:25)
      at runMicrotasks (<anonymous>)
      at processTicksAndRejections (internal/process/task_queues.js:93:5) {
    method: 'post',
    path: '/guilds/837104198419611649/channels',
    code: 50035,
    httpStatus: 400
  }
} | MS: 1620355499200 | DATE: 5/6/2021, 9:44:59 PM]
----------------------------------
DiscordAPIError: Invalid Form Body
name: This field is required
EXTRA INFO:
Unknown
----------------------------------
[CALLER: Promise {
  <rejected> DiscordAPIError: Invalid Form Body
  name: This field is required
      at RequestHandler.execute (C:\Users\jaces\Desktop\Corebot\node_modules\discord.js\src\rest\RequestHandler.js:170:25)
      at runMicrotasks (<anonymous>)
      at processTicksAndRejections (internal/process/task_queues.js:93:5) {
    method: 'post',
    path: '/guilds/832046329068650526/channels',
    code: 50035,
    httpStatus: 400
  }
} | MS: 1620355499210 | DATE: 5/6/2021, 9:44:59 PM]
----------------------------------
DiscordAPIError: Invalid Form Body
name: This field is required
EXTRA INFO:
Unknown
----------------------------------
[CALLER: Promise {
  <rejected> DiscordAPIError: Invalid Form Body
  name: This field is required
      at RequestHandler.execute (C:\Users\jaces\Desktop\Corebot\node_modules\discord.js\src\rest\RequestHandler.js:170:25)
      at runMicrotasks (<anonymous>)
      at processTicksAndRejections (internal/process/task_queues.js:93:5) {
    method: 'post',
    path: '/guilds/837104198419611649/channels',
    code: 50035,
    httpStatus: 400
  }
} | MS: 1620355500388 | DATE: 5/6/2021, 9:45:00 PM]
----------------------------------
DiscordAPIError: Invalid Form Body
name: This field is required
EXTRA INFO:
Unknown
----------------------------------
[CALLER: Promise {
  <rejected> DiscordAPIError: Invalid Form Body
  name: This field is required
      at RequestHandler.execute (C:\Users\jaces\Desktop\Corebot\node_modules\discord.js\src\rest\RequestHandler.js:170:25)
      at runMicrotasks (<anonymous>)
      at processTicksAndRejections (internal/process/task_queues.js:93:5) {
    method: 'post',
    path: '/guilds/832046329068650526/channels',
    code: 50035,
    httpStatus: 400
  }
} | MS: 1620355500427 | DATE: 5/6/2021, 9:45:00 PM]
----------------------------------
DiscordAPIError: Invalid Form Body
name: This field is required
EXTRA INFO:
Unknown
----------------------------------
[CALLER: Promise {
  <rejected> DiscordAPIError: Invalid Form Body
  name: This field is required
      at RequestHandler.execute (C:\Users\jaces\Desktop\Corebot\node_modules\discord.js\src\rest\RequestHandler.js:170:25)
      at runMicrotasks (<anonymous>)
      at processTicksAndRejections (internal/process/task_queues.js:93:5) {
    method: 'post',
    path: '/guilds/832046329068650526/channels',
    code: 50035,
    httpStatus: 400
  }
} | MS: 1620355501305 | DATE: 5/6/2021, 9:45:01 PM]
----------------------------------
DiscordAPIError: Invalid Form Body
name: This field is required
EXTRA INFO:
Unknown
----------------------------------
[CALLER: Promise {
  <rejected> DiscordAPIError: Invalid Form Body
  name: This field is required
      at RequestHandler.execute (C:\Users\jaces\Desktop\Corebot\node_modules\discord.js\src\rest\RequestHandler.js:170:25)
      at runMicrotasks (<anonymous>)
      at processTicksAndRejections (internal/process/task_queues.js:93:5) {
    method: 'post',
    path: '/guilds/837104198419611649/channels',
    code: 50035,
    httpStatus: 400
  }
} | MS: 1620355501370 | DATE: 5/6/2021, 9:45:01 PM]
----------------------------------
DiscordAPIError: Invalid Form Body
name: This field is required
EXTRA INFO:
Unknown
----------------------------------
[CALLER: Promise {
  <rejected> DiscordAPIError: Invalid Form Body
  name: This field is required
      at RequestHandler.execute (C:\Users\jaces\Desktop\Corebot\node_modules\discord.js\src\rest\RequestHandler.js:170:25)
      at runMicrotasks (<anonymous>)
      at processTicksAndRejections (internal/process/task_queues.js:93:5) {
    method: 'post',
    path: '/guilds/837104198419611649/channels',
    code: 50035,
    httpStatus: 400
  }
} | MS: 1620355503672 | DATE: 5/6/2021, 9:45:03 PM]
----------------------------------
DiscordAPIError: Invalid Form Body
name: This field is required
EXTRA INFO:
Unknown
----------------------------------
[CALLER: Promise {
  <rejected> DiscordAPIError: Invalid Form Body
  name: This field is required
      at RequestHandler.execute (C:\Users\jaces\Desktop\Corebot\node_modules\discord.js\src\rest\RequestHandler.js:170:25)
      at runMicrotasks (<anonymous>)
      at processTicksAndRejections (internal/process/task_queues.js:93:5) {
    method: 'post',
    path: '/guilds/832046329068650526/channels',
    code: 50035,
    httpStatus: 400
  }
} | MS: 1620355503674 | DATE: 5/6/2021, 9:45:03 PM]
----------------------------------
DiscordAPIError: Invalid Form Body
name: This field is required
EXTRA INFO:
Unknown
----------------------------------
[CALLER: Promise {
  <rejected> DiscordAPIError: Invalid Form Body
  name: This field is required
      at RequestHandler.execute (C:\Users\jaces\Desktop\Corebot\node_modules\discord.js\src\rest\RequestHandler.js:170:25)
      at runMicrotasks (<anonymous>)
      at processTicksAndRejections (internal/process/task_queues.js:93:5) {
    method: 'post',
    path: '/guilds/832046329068650526/channels',
    code: 50035,
    httpStatus: 400
  }
} | MS: 1620355505064 | DATE: 5/6/2021, 9:45:05 PM]
----------------------------------
DiscordAPIError: Invalid Form Body
name: This field is required
EXTRA INFO:
Unknown
----------------------------------
[CALLER: Promise {
  <rejected> DiscordAPIError: Invalid Form Body
  name: This field is required
      at RequestHandler.execute (C:\Users\jaces\Desktop\Corebot\node_modules\discord.js\src\rest\RequestHandler.js:170:25)
      at runMicrotasks (<anonymous>)
      at processTicksAndRejections (internal/process/task_queues.js:93:5) {
    method: 'post',
    path: '/guilds/837104198419611649/channels',
    code: 50035,
    httpStatus: 400
  }
} | MS: 1620355505067 | DATE: 5/6/2021, 9:45:05 PM]
----------------------------------
DiscordAPIError: Invalid Form Body
name: This field is required
EXTRA INFO:
Unknown
----------------------------------
[CALLER: Promise {
  <rejected> DiscordAPIError: Invalid Form Body
  name: This field is required
      at RequestHandler.execute (C:\Users\jaces\Desktop\Corebot\node_modules\discord.js\src\rest\RequestHandler.js:170:25)
      at runMicrotasks (<anonymous>)
      at processTicksAndRejections (internal/process/task_queues.js:93:5) {
    method: 'post',
    path: '/guilds/837104198419611649/channels',
    code: 50035,
    httpStatus: 400
  }
} | MS: 1620355505253 | DATE: 5/6/2021, 9:45:05 PM]
----------------------------------
DiscordAPIError: Invalid Form Body
name: This field is required
EXTRA INFO:
Unknown
----------------------------------
[CALLER: Promise {
  <rejected> DiscordAPIError: Invalid Form Body
  name: This field is required
      at RequestHandler.execute (C:\Users\jaces\Desktop\Corebot\node_modules\discord.js\src\rest\RequestHandler.js:170:25)
      at runMicrotasks (<anonymous>)
      at processTicksAndRejections (internal/process/task_queues.js:93:5) {
    method: 'post',
    path: '/guilds/832046329068650526/channels',
    code: 50035,
    httpStatus: 400
  }
} | MS: 1620355505265 | DATE: 5/6/2021, 9:45:05 PM]
----------------------------------
DiscordAPIError: Invalid Form Body
name: This field is required
EXTRA INFO:
Unknown
----------------------------------
[CALLER: Promise {
  <rejected> DiscordAPIError: Invalid Form Body
  name: This field is required
      at RequestHandler.execute (C:\Users\jaces\Desktop\Corebot\node_modules\discord.js\src\rest\RequestHandler.js:170:25)
      at runMicrotasks (<anonymous>)
      at processTicksAndRejections (internal/process/task_queues.js:93:5) {
    method: 'post',
    path: '/guilds/832046329068650526/channels',
    code: 50035,
    httpStatus: 400
  }
} | MS: 1620355516639 | DATE: 5/6/2021, 9:45:16 PM]
----------------------------------
DiscordAPIError: Invalid Form Body
name: This field is required
EXTRA INFO:
Unknown
----------------------------------
[CALLER: Promise {
  <rejected> DiscordAPIError: Invalid Form Body
  name: This field is required
      at RequestHandler.execute (C:\Users\jaces\Desktop\Corebot\node_modules\discord.js\src\rest\RequestHandler.js:170:25)
      at runMicrotasks (<anonymous>)
      at processTicksAndRejections (internal/process/task_queues.js:93:5) {
    method: 'post',
    path: '/guilds/837104198419611649/channels',
    code: 50035,
    httpStatus: 400
  }
} | MS: 1620355516654 | DATE: 5/6/2021, 9:45:16 PM]
----------------------------------
DiscordAPIError: Invalid Form Body
name: This field is required
EXTRA INFO:
Unknown
----------------------------------
[CALLER: Promise {
  <rejected> DiscordAPIError: Invalid Form Body
  name: This field is required
      at RequestHandler.execute (C:\Users\jaces\Desktop\Corebot\node_modules\discord.js\src\rest\RequestHandler.js:170:25)
      at runMicrotasks (<anonymous>)
      at processTicksAndRejections (internal/process/task_queues.js:93:5) {
    method: 'post',
    path: '/guilds/832046329068650526/channels',
    code: 50035,
    httpStatus: 400
  }
} | MS: 1620355520722 | DATE: 5/6/2021, 9:45:20 PM]
----------------------------------
DiscordAPIError: Invalid Form Body
name: This field is required
EXTRA INFO:
Unknown
----------------------------------
[CALLER: Promise {
  <rejected> DiscordAPIError: Invalid Form Body
  name: This field is required
      at RequestHandler.execute (C:\Users\jaces\Desktop\Corebot\node_modules\discord.js\src\rest\RequestHandler.js:170:25)
      at runMicrotasks (<anonymous>)
      at processTicksAndRejections (internal/process/task_queues.js:93:5) {
    method: 'post',
    path: '/guilds/837104198419611649/channels',
    code: 50035,
    httpStatus: 400
  }
} | MS: 1620355521229 | DATE: 5/6/2021, 9:45:21 PM]
----------------------------------
DiscordAPIError: Invalid Form Body
name: This field is required
EXTRA INFO:
Unknown
----------------------------------
[CALLER: Promise {
  <rejected> DiscordAPIError: Invalid Form Body
  name: This field is required
      at RequestHandler.execute (C:\Users\jaces\Desktop\Corebot\node_modules\discord.js\src\rest\RequestHandler.js:170:25)
      at runMicrotasks (<anonymous>)
      at processTicksAndRejections (internal/process/task_queues.js:93:5) {
    method: 'post',
    path: '/guilds/832046329068650526/channels',
    code: 50035,
    httpStatus: 400
  }
} | MS: 1620355522841 | DATE: 5/6/2021, 9:45:22 PM]
----------------------------------
DiscordAPIError: Invalid Form Body
name: This field is required
EXTRA INFO:
Unknown
----------------------------------
[CALLER: Promise {
  <rejected> DiscordAPIError: Invalid Form Body
  name: This field is required
      at RequestHandler.execute (C:\Users\jaces\Desktop\Corebot\node_modules\discord.js\src\rest\RequestHandler.js:170:25)
      at runMicrotasks (<anonymous>)
      at processTicksAndRejections (internal/process/task_queues.js:93:5) {
    method: 'post',
    path: '/guilds/837104198419611649/channels',
    code: 50035,
    httpStatus: 400
  }
} | MS: 1620355522881 | DATE: 5/6/2021, 9:45:22 PM]
----------------------------------
DiscordAPIError: Invalid Form Body
name: This field is required
EXTRA INFO:
Unknown
----------------------------------
[CALLER: Promise {
  <rejected> DiscordAPIError: Invalid Form Body
  name: This field is required
      at RequestHandler.execute (C:\Users\jaces\Desktop\Corebot\node_modules\discord.js\src\rest\RequestHandler.js:170:25)
      at runMicrotasks (<anonymous>)
      at processTicksAndRejections (internal/process/task_queues.js:93:5) {
    method: 'post',
    path: '/guilds/832046329068650526/channels',
    code: 50035,
    httpStatus: 400
  }
} | MS: 1620355524413 | DATE: 5/6/2021, 9:45:24 PM]
----------------------------------
DiscordAPIError: Invalid Form Body
name: This field is required
EXTRA INFO:
Unknown
----------------------------------
[CALLER: Promise {
  <rejected> DiscordAPIError: Invalid Form Body
  name: This field is required
      at RequestHandler.execute (C:\Users\jaces\Desktop\Corebot\node_modules\discord.js\src\rest\RequestHandler.js:170:25)
      at runMicrotasks (<anonymous>)
      at processTicksAndRejections (internal/process/task_queues.js:93:5) {
    method: 'post',
    path: '/guilds/837104198419611649/channels',
    code: 50035,
    httpStatus: 400
  }
} | MS: 1620355524434 | DATE: 5/6/2021, 9:45:24 PM]
----------------------------------
DiscordAPIError: Invalid Form Body
name: This field is required
EXTRA INFO:
Unknown
----------------------------------
[CALLER: Promise {
  <rejected> DiscordAPIError: Invalid Form Body
  name: This field is required
      at RequestHandler.execute (C:\Users\jaces\Desktop\Corebot\node_modules\discord.js\src\rest\RequestHandler.js:170:25)
      at runMicrotasks (<anonymous>)
      at processTicksAndRejections (internal/process/task_queues.js:93:5) {
    method: 'post',
    path: '/guilds/837104198419611649/channels',
    code: 50035,
    httpStatus: 400
  }
} | MS: 1620355529194 | DATE: 5/6/2021, 9:45:29 PM]
----------------------------------
DiscordAPIError: Invalid Form Body
name: This field is required
EXTRA INFO:
Unknown
----------------------------------
[CALLER: Promise {
  <rejected> DiscordAPIError: Invalid Form Body
  name: This field is required
      at RequestHandler.execute (C:\Users\jaces\Desktop\Corebot\node_modules\discord.js\src\rest\RequestHandler.js:170:25)
      at runMicrotasks (<anonymous>)
      at processTicksAndRejections (internal/process/task_queues.js:93:5) {
    method: 'post',
    path: '/guilds/832046329068650526/channels',
    code: 50035,
    httpStatus: 400
  }
} | MS: 1620355529219 | DATE: 5/6/2021, 9:45:29 PM]
----------------------------------
DiscordAPIError: Invalid Form Body
name: This field is required
EXTRA INFO:
Unknown
----------------------------------
[CALLER: Promise {
  <rejected> DiscordAPIError: Invalid Form Body
  name: This field is required
      at RequestHandler.execute (C:\Users\jaces\Desktop\Corebot\node_modules\discord.js\src\rest\RequestHandler.js:170:25)
      at runMicrotasks (<anonymous>)
      at processTicksAndRejections (internal/process/task_queues.js:93:5) {
    method: 'post',
    path: '/guilds/837104198419611649/channels',
    code: 50035,
    httpStatus: 400
  }
} | MS: 1620355530362 | DATE: 5/6/2021, 9:45:30 PM]
----------------------------------
DiscordAPIError: Invalid Form Body
name: This field is required
EXTRA INFO:
Unknown
----------------------------------
[CALLER: Promise {
  <rejected> DiscordAPIError: Invalid Form Body
  name: This field is required
      at RequestHandler.execute (C:\Users\jaces\Desktop\Corebot\node_modules\discord.js\src\rest\RequestHandler.js:170:25)
      at runMicrotasks (<anonymous>)
      at processTicksAndRejections (internal/process/task_queues.js:93:5) {
    method: 'post',
    path: '/guilds/832046329068650526/channels',
    code: 50035,
    httpStatus: 400
  }
} | MS: 1620355530394 | DATE: 5/6/2021, 9:45:30 PM]
----------------------------------
DiscordAPIError: Invalid Form Body
name: This field is required
EXTRA INFO:
Unknown
----------------------------------
[CALLER: Promise {
  <rejected> DiscordAPIError: Invalid Form Body
  name: This field is required
      at RequestHandler.execute (C:\Users\jaces\Desktop\Corebot\node_modules\discord.js\src\rest\RequestHandler.js:170:25)
      at runMicrotasks (<anonymous>)
      at processTicksAndRejections (internal/process/task_queues.js:93:5) {
    method: 'post',
    path: '/guilds/832046329068650526/channels',
    code: 50035,
    httpStatus: 400
  }
} | MS: 1620355531281 | DATE: 5/6/2021, 9:45:31 PM]
----------------------------------
DiscordAPIError: Invalid Form Body
name: This field is required
EXTRA INFO:
Unknown
----------------------------------
[CALLER: Promise {
  <rejected> DiscordAPIError: Invalid Form Body
  name: This field is required
      at RequestHandler.execute (C:\Users\jaces\Desktop\Corebot\node_modules\discord.js\src\rest\RequestHandler.js:170:25)
      at runMicrotasks (<anonymous>)
      at processTicksAndRejections (internal/process/task_queues.js:93:5) {
    method: 'post',
    path: '/guilds/837104198419611649/channels',
    code: 50035,
    httpStatus: 400
  }
} | MS: 1620355531290 | DATE: 5/6/2021, 9:45:31 PM]
----------------------------------
DiscordAPIError: Invalid Form Body
name: This field is required
EXTRA INFO:
Unknown
----------------------------------
[CALLER: Promise {
  <rejected> DiscordAPIError: Invalid Form Body
  name: This field is required
      at RequestHandler.execute (C:\Users\jaces\Desktop\Corebot\node_modules\discord.js\src\rest\RequestHandler.js:170:25)
      at runMicrotasks (<anonymous>)
      at processTicksAndRejections (internal/process/task_queues.js:93:5) {
    method: 'post',
    path: '/guilds/832046329068650526/channels',
    code: 50035,
    httpStatus: 400
  }
} | MS: 1620355533631 | DATE: 5/6/2021, 9:45:33 PM]
----------------------------------
DiscordAPIError: Invalid Form Body
name: This field is required
EXTRA INFO:
Unknown
----------------------------------
[CALLER: Promise {
  <rejected> DiscordAPIError: Invalid Form Body
  name: This field is required
      at RequestHandler.execute (C:\Users\jaces\Desktop\Corebot\node_modules\discord.js\src\rest\RequestHandler.js:170:25)
      at runMicrotasks (<anonymous>)
      at processTicksAndRejections (internal/process/task_queues.js:93:5) {
    method: 'post',
    path: '/guilds/837104198419611649/channels',
    code: 50035,
    httpStatus: 400
  }
} | MS: 1620355533631 | DATE: 5/6/2021, 9:45:33 PM]
----------------------------------
DiscordAPIError: Invalid Form Body
name: This field is required
EXTRA INFO:
Unknown
----------------------------------
[CALLER: Promise {
  <rejected> DiscordAPIError: Invalid Form Body
  name: This field is required
      at RequestHandler.execute (C:\Users\jaces\Desktop\Corebot\node_modules\discord.js\src\rest\RequestHandler.js:170:25)
      at runMicrotasks (<anonymous>)
      at processTicksAndRejections (internal/process/task_queues.js:93:5) {
    method: 'post',
    path: '/guilds/832046329068650526/channels',
    code: 50035,
    httpStatus: 400
  }
} | MS: 1620355535063 | DATE: 5/6/2021, 9:45:35 PM]
----------------------------------
DiscordAPIError: Invalid Form Body
name: This field is required
EXTRA INFO:
Unknown
----------------------------------
[CALLER: Promise {
  <rejected> DiscordAPIError: Invalid Form Body
  name: This field is required
      at RequestHandler.execute (C:\Users\jaces\Desktop\Corebot\node_modules\discord.js\src\rest\RequestHandler.js:170:25)
      at runMicrotasks (<anonymous>)
      at processTicksAndRejections (internal/process/task_queues.js:93:5) {
    method: 'post',
    path: '/guilds/837104198419611649/channels',
    code: 50035,
    httpStatus: 400
  }
} | MS: 1620355535069 | DATE: 5/6/2021, 9:45:35 PM]
----------------------------------
DiscordAPIError: Invalid Form Body
name: This field is required
EXTRA INFO:
Unknown
----------------------------------
[CALLER: Promise {
  <rejected> DiscordAPIError: Invalid Form Body
  name: This field is required
      at RequestHandler.execute (C:\Users\jaces\Desktop\Corebot\node_modules\discord.js\src\rest\RequestHandler.js:170:25)
      at runMicrotasks (<anonymous>)
      at processTicksAndRejections (internal/process/task_queues.js:93:5) {
    method: 'post',
    path: '/guilds/832046329068650526/channels',
    code: 50035,
    httpStatus: 400
  }
} | MS: 1620355535268 | DATE: 5/6/2021, 9:45:35 PM]
----------------------------------
DiscordAPIError: Invalid Form Body
name: This field is required
EXTRA INFO:
Unknown
----------------------------------
[CALLER: Promise {
  <rejected> DiscordAPIError: Invalid Form Body
  name: This field is required
      at RequestHandler.execute (C:\Users\jaces\Desktop\Corebot\node_modules\discord.js\src\rest\RequestHandler.js:170:25)
      at runMicrotasks (<anonymous>)
      at processTicksAndRejections (internal/process/task_queues.js:93:5) {
    method: 'post',
    path: '/guilds/837104198419611649/channels',
    code: 50035,
    httpStatus: 400
  }
} | MS: 1620355535276 | DATE: 5/6/2021, 9:45:35 PM]
----------------------------------
DiscordAPIError: Invalid Form Body
name: This field is required
EXTRA INFO:
Unknown
----------------------------------
[CALLER: Promise {
  <rejected> DiscordAPIError: Invalid Form Body
  name: This field is required
      at RequestHandler.execute (C:\Users\jaces\Desktop\Corebot\node_modules\discord.js\src\rest\RequestHandler.js:170:25)
      at runMicrotasks (<anonymous>)
      at processTicksAndRejections (internal/process/task_queues.js:93:5) {
    method: 'post',
    path: '/guilds/837104198419611649/channels',
    code: 50035,
    httpStatus: 400
  }
} | MS: 1620355546647 | DATE: 5/6/2021, 9:45:46 PM]
----------------------------------
DiscordAPIError: Invalid Form Body
name: This field is required
EXTRA INFO:
Unknown
----------------------------------
[CALLER: Promise {
  <rejected> DiscordAPIError: Invalid Form Body
  name: This field is required
      at RequestHandler.execute (C:\Users\jaces\Desktop\Corebot\node_modules\discord.js\src\rest\RequestHandler.js:170:25)
      at runMicrotasks (<anonymous>)
      at processTicksAndRejections (internal/process/task_queues.js:93:5) {
    method: 'post',
    path: '/guilds/832046329068650526/channels',
    code: 50035,
    httpStatus: 400
  }
} | MS: 1620355546662 | DATE: 5/6/2021, 9:45:46 PM]
----------------------------------
DiscordAPIError: Invalid Form Body
name: This field is required
EXTRA INFO:
Unknown
----------------------------------
[CALLER: Promise {
  <rejected> DiscordAPIError: Invalid Form Body
  name: This field is required
      at RequestHandler.execute (C:\Users\jaces\Desktop\Corebot\node_modules\discord.js\src\rest\RequestHandler.js:170:25)
      at runMicrotasks (<anonymous>)
      at processTicksAndRejections (internal/process/task_queues.js:93:5) {
    method: 'post',
    path: '/guilds/837104198419611649/channels',
    code: 50035,
    httpStatus: 400
  }
} | MS: 1620355550728 | DATE: 5/6/2021, 9:45:50 PM]
----------------------------------
DiscordAPIError: Invalid Form Body
name: This field is required
EXTRA INFO:
Unknown
----------------------------------
[CALLER: Promise {
  <rejected> DiscordAPIError: Invalid Form Body
  name: This field is required
      at RequestHandler.execute (C:\Users\jaces\Desktop\Corebot\node_modules\discord.js\src\rest\RequestHandler.js:170:25)
      at runMicrotasks (<anonymous>)
      at processTicksAndRejections (internal/process/task_queues.js:93:5) {
    method: 'post',
    path: '/guilds/832046329068650526/channels',
    code: 50035,
    httpStatus: 400
  }
} | MS: 1620355550730 | DATE: 5/6/2021, 9:45:50 PM]
----------------------------------
DiscordAPIError: Invalid Form Body
name: This field is required
EXTRA INFO:
Unknown
----------------------------------
[CALLER: Promise {
  <rejected> DiscordAPIError: Invalid Form Body
  name: This field is required
      at RequestHandler.execute (C:\Users\jaces\Desktop\Corebot\node_modules\discord.js\src\rest\RequestHandler.js:170:25)
      at runMicrotasks (<anonymous>)
      at processTicksAndRejections (internal/process/task_queues.js:93:5) {
    method: 'post',
    path: '/guilds/837104198419611649/channels',
    code: 50035,
    httpStatus: 400
  }
} | MS: 1620355552843 | DATE: 5/6/2021, 9:45:52 PM]
----------------------------------
DiscordAPIError: Invalid Form Body
name: This field is required
EXTRA INFO:
Unknown
----------------------------------
[CALLER: Promise {
  <rejected> DiscordAPIError: Invalid Form Body
  name: This field is required
      at RequestHandler.execute (C:\Users\jaces\Desktop\Corebot\node_modules\discord.js\src\rest\RequestHandler.js:170:25)
      at runMicrotasks (<anonymous>)
      at processTicksAndRejections (internal/process/task_queues.js:93:5) {
    method: 'post',
    path: '/guilds/832046329068650526/channels',
    code: 50035,
    httpStatus: 400
  }
} | MS: 1620355552848 | DATE: 5/6/2021, 9:45:52 PM]
----------------------------------
DiscordAPIError: Invalid Form Body
name: This field is required
EXTRA INFO:
Unknown
----------------------------------
[CALLER: Promise {
  <rejected> DiscordAPIError: Invalid Form Body
  name: This field is required
      at RequestHandler.execute (C:\Users\jaces\Desktop\Corebot\node_modules\discord.js\src\rest\RequestHandler.js:170:25)
      at runMicrotasks (<anonymous>)
      at processTicksAndRejections (internal/process/task_queues.js:93:5) {
    method: 'post',
    path: '/guilds/837104198419611649/channels',
    code: 50035,
    httpStatus: 400
  }
} | MS: 1620355554421 | DATE: 5/6/2021, 9:45:54 PM]
----------------------------------
DiscordAPIError: Invalid Form Body
name: This field is required
EXTRA INFO:
Unknown
----------------------------------
[CALLER: Promise {
  <rejected> DiscordAPIError: Invalid Form Body
  name: This field is required
      at RequestHandler.execute (C:\Users\jaces\Desktop\Corebot\node_modules\discord.js\src\rest\RequestHandler.js:170:25)
      at runMicrotasks (<anonymous>)
      at processTicksAndRejections (internal/process/task_queues.js:93:5) {
    method: 'post',
    path: '/guilds/832046329068650526/channels',
    code: 50035,
    httpStatus: 400
  }
} | MS: 1620355554474 | DATE: 5/6/2021, 9:45:54 PM]
----------------------------------
DiscordAPIError: Invalid Form Body
name: This field is required
EXTRA INFO:
Unknown
----------------------------------
[CALLER: Promise {
  <rejected> DiscordAPIError: Invalid Form Body
  name: This field is required
      at RequestHandler.execute (C:\Users\jaces\Desktop\Corebot\node_modules\discord.js\src\rest\RequestHandler.js:170:25)
      at runMicrotasks (<anonymous>)
      at processTicksAndRejections (internal/process/task_queues.js:93:5) {
    method: 'post',
    path: '/guilds/832046329068650526/channels',
    code: 50035,
    httpStatus: 400
  }
} | MS: 1620355559192 | DATE: 5/6/2021, 9:45:59 PM]
----------------------------------
DiscordAPIError: Invalid Form Body
name: This field is required
EXTRA INFO:
Unknown
----------------------------------
[CALLER: Promise {
  <rejected> DiscordAPIError: Invalid Form Body
  name: This field is required
      at RequestHandler.execute (C:\Users\jaces\Desktop\Corebot\node_modules\discord.js\src\rest\RequestHandler.js:170:25)
      at runMicrotasks (<anonymous>)
      at processTicksAndRejections (internal/process/task_queues.js:93:5) {
    method: 'post',
    path: '/guilds/837104198419611649/channels',
    code: 50035,
    httpStatus: 400
  }
} | MS: 1620355559222 | DATE: 5/6/2021, 9:45:59 PM]
----------------------------------
DiscordAPIError: Invalid Form Body
name: This field is required
EXTRA INFO:
Unknown
----------------------------------
[CALLER: Promise {
  <rejected> DiscordAPIError: Invalid Form Body
  name: This field is required
      at RequestHandler.execute (C:\Users\jaces\Desktop\Corebot\node_modules\discord.js\src\rest\RequestHandler.js:170:25)
      at runMicrotasks (<anonymous>)
      at processTicksAndRejections (internal/process/task_queues.js:93:5) {
    method: 'post',
    path: '/guilds/837104198419611649/channels',
    code: 50035,
    httpStatus: 400
  }
} | MS: 1620355560362 | DATE: 5/6/2021, 9:46:00 PM]
----------------------------------
DiscordAPIError: Invalid Form Body
name: This field is required
EXTRA INFO:
Unknown
----------------------------------
[CALLER: Promise {
  <rejected> DiscordAPIError: Invalid Form Body
  name: This field is required
      at RequestHandler.execute (C:\Users\jaces\Desktop\Corebot\node_modules\discord.js\src\rest\RequestHandler.js:170:25)
      at runMicrotasks (<anonymous>)
      at processTicksAndRejections (internal/process/task_queues.js:93:5) {
    method: 'post',
    path: '/guilds/832046329068650526/channels',
    code: 50035,
    httpStatus: 400
  }
} | MS: 1620355560371 | DATE: 5/6/2021, 9:46:00 PM]
----------------------------------
DiscordAPIError: Invalid Form Body
name: This field is required
EXTRA INFO:
Unknown
----------------------------------
[CALLER: Promise {
  <rejected> DiscordAPIError: Invalid Form Body
  name: This field is required
      at RequestHandler.execute (C:\Users\jaces\Desktop\Corebot\node_modules\discord.js\src\rest\RequestHandler.js:170:25)
      at runMicrotasks (<anonymous>)
      at processTicksAndRejections (internal/process/task_queues.js:93:5) {
    method: 'post',
    path: '/guilds/837104198419611649/channels',
    code: 50035,
    httpStatus: 400
  }
} | MS: 1620355561276 | DATE: 5/6/2021, 9:46:01 PM]
----------------------------------
DiscordAPIError: Invalid Form Body
name: This field is required
EXTRA INFO:
Unknown
----------------------------------
[CALLER: Promise {
  <rejected> DiscordAPIError: Invalid Form Body
  name: This field is required
      at RequestHandler.execute (C:\Users\jaces\Desktop\Corebot\node_modules\discord.js\src\rest\RequestHandler.js:170:25)
      at runMicrotasks (<anonymous>)
      at processTicksAndRejections (internal/process/task_queues.js:93:5) {
    method: 'post',
    path: '/guilds/832046329068650526/channels',
    code: 50035,
    httpStatus: 400
  }
} | MS: 1620355561302 | DATE: 5/6/2021, 9:46:01 PM]
----------------------------------
DiscordAPIError: Invalid Form Body
name: This field is required
EXTRA INFO:
Unknown
----------------------------------
[CALLER: Promise {
  <rejected> DiscordAPIError: Invalid Form Body
  name: This field is required
      at RequestHandler.execute (C:\Users\jaces\Desktop\Corebot\node_modules\discord.js\src\rest\RequestHandler.js:170:25)
      at runMicrotasks (<anonymous>)
      at processTicksAndRejections (internal/process/task_queues.js:93:5) {
    method: 'post',
    path: '/guilds/832046329068650526/channels',
    code: 50035,
    httpStatus: 400
  }
} | MS: 1620355563623 | DATE: 5/6/2021, 9:46:03 PM]
----------------------------------
DiscordAPIError: Invalid Form Body
name: This field is required
EXTRA INFO:
Unknown
----------------------------------
[CALLER: Promise {
  <rejected> DiscordAPIError: Invalid Form Body
  name: This field is required
      at RequestHandler.execute (C:\Users\jaces\Desktop\Corebot\node_modules\discord.js\src\rest\RequestHandler.js:170:25)
      at runMicrotasks (<anonymous>)
      at processTicksAndRejections (internal/process/task_queues.js:93:5) {
    method: 'post',
    path: '/guilds/837104198419611649/channels',
    code: 50035,
    httpStatus: 400
  }
} | MS: 1620355563628 | DATE: 5/6/2021, 9:46:03 PM]
----------------------------------
DiscordAPIError: Invalid Form Body
name: This field is required
EXTRA INFO:
Unknown
----------------------------------
[CALLER: Promise {
  <rejected> DiscordAPIError: Invalid Form Body
  name: This field is required
      at RequestHandler.execute (C:\Users\jaces\Desktop\Corebot\node_modules\discord.js\src\rest\RequestHandler.js:170:25)
      at runMicrotasks (<anonymous>)
      at processTicksAndRejections (internal/process/task_queues.js:93:5) {
    method: 'post',
    path: '/guilds/837104198419611649/channels',
    code: 50035,
    httpStatus: 400
  }
} | MS: 1620355565062 | DATE: 5/6/2021, 9:46:05 PM]
----------------------------------
DiscordAPIError: Invalid Form Body
name: This field is required
EXTRA INFO:
Unknown
----------------------------------
[CALLER: Promise {
  <rejected> DiscordAPIError: Invalid Form Body
  name: This field is required
      at RequestHandler.execute (C:\Users\jaces\Desktop\Corebot\node_modules\discord.js\src\rest\RequestHandler.js:170:25)
      at runMicrotasks (<anonymous>)
      at processTicksAndRejections (internal/process/task_queues.js:93:5) {
    method: 'post',
    path: '/guilds/832046329068650526/channels',
    code: 50035,
    httpStatus: 400
  }
} | MS: 1620355565076 | DATE: 5/6/2021, 9:46:05 PM]
----------------------------------
DiscordAPIError: Invalid Form Body
name: This field is required
EXTRA INFO:
Unknown
----------------------------------
[CALLER: Promise {
  <rejected> DiscordAPIError: Invalid Form Body
  name: This field is required
      at RequestHandler.execute (C:\Users\jaces\Desktop\Corebot\node_modules\discord.js\src\rest\RequestHandler.js:170:25)
      at runMicrotasks (<anonymous>)
      at processTicksAndRejections (internal/process/task_queues.js:93:5) {
    method: 'post',
    path: '/guilds/837104198419611649/channels',
    code: 50035,
    httpStatus: 400
  }
} | MS: 1620355565287 | DATE: 5/6/2021, 9:46:05 PM]
----------------------------------
DiscordAPIError: Invalid Form Body
name: This field is required
EXTRA INFO:
Unknown
----------------------------------
[CALLER: Promise {
  <rejected> DiscordAPIError: Invalid Form Body
  name: This field is required
      at RequestHandler.execute (C:\Users\jaces\Desktop\Corebot\node_modules\discord.js\src\rest\RequestHandler.js:170:25)
      at runMicrotasks (<anonymous>)
      at processTicksAndRejections (internal/process/task_queues.js:93:5) {
    method: 'post',
    path: '/guilds/832046329068650526/channels',
    code: 50035,
    httpStatus: 400
  }
} | MS: 1620355565288 | DATE: 5/6/2021, 9:46:05 PM]
----------------------------------
DiscordAPIError: Invalid Form Body
name: This field is required
EXTRA INFO:
Unknown
----------------------------------
[CALLER: RequestHandler.js:107:21 | MS: 1620355576563 | DATE: 5/6/2021, 9:46:16 PM]
-------------------------------------------------------------------------------------------------------------------------------------
FetchError: request to https://discordapp.com/api/v7/channels/840041596874391572 failed, reason: getaddrinfo ENOTFOUND discordapp.com
EXTRA INFO:
Promise {
  <rejected> HTTPError [FetchError]: request to https://discordapp.com/api/v7/channels/840041596874391572 failed, reason: getaddrinfo ENOTFOUND discordapp.com
      at RequestHandler.execute (C:\Users\jaces\Desktop\Corebot\node_modules\discord.js\src\rest\RequestHandler.js:107:21)
      at runMicrotasks (<anonymous>)
      at processTicksAndRejections (internal/process/task_queues.js:93:5) {
    code: 500,
    method: 'patch',
    path: '/channels/840041596874391572'
  }
}
-------------------------------------------------------------------------------------------------------------------------------------
[CALLER: RequestHandler.js:107:21 | MS: 1620355576564 | DATE: 5/6/2021, 9:46:16 PM]
-------------------------------------------------------------------------------------------------------------------------------------
FetchError: request to https://discordapp.com/api/v7/channels/840041597390684250 failed, reason: getaddrinfo ENOTFOUND discordapp.com
EXTRA INFO:
Promise {
  <rejected> HTTPError [FetchError]: request to https://discordapp.com/api/v7/channels/840041597390684250 failed, reason: getaddrinfo ENOTFOUND discordapp.com
      at RequestHandler.execute (C:\Users\jaces\Desktop\Corebot\node_modules\discord.js\src\rest\RequestHandler.js:107:21)
      at runMicrotasks (<anonymous>)
      at processTicksAndRejections (internal/process/task_queues.js:93:5) {
    code: 500,
    method: 'patch',
    path: '/channels/840041597390684250'
  }
}
-------------------------------------------------------------------------------------------------------------------------------------
[CALLER: RequestHandler.js:107:21 | MS: 1620355576567 | DATE: 5/6/2021, 9:46:16 PM]
-------------------------------------------------------------------------------------------------------------------------------------
FetchError: request to https://discordapp.com/api/v7/channels/840041596803612672 failed, reason: getaddrinfo ENOTFOUND discordapp.com
EXTRA INFO:
Promise {
  <rejected> HTTPError [FetchError]: request to https://discordapp.com/api/v7/channels/840041596803612672 failed, reason: getaddrinfo ENOTFOUND discordapp.com
      at RequestHandler.execute (C:\Users\jaces\Desktop\Corebot\node_modules\discord.js\src\rest\RequestHandler.js:107:21)
      at runMicrotasks (<anonymous>)
      at processTicksAndRejections (internal/process/task_queues.js:93:5) {
    code: 500,
    method: 'patch',
    path: '/channels/840041596803612672'
  }
}
-------------------------------------------------------------------------------------------------------------------------------------
[CALLER: RequestHandler.js:107:21 | MS: 1620355576566 | DATE: 5/6/2021, 9:46:16 PM]
-------------------------------------------------------------------------------------------------------------------------------------
FetchError: request to https://discordapp.com/api/v7/channels/840041597918773258 failed, reason: getaddrinfo ENOTFOUND discordapp.com
EXTRA INFO:
Promise {
  <rejected> HTTPError [FetchError]: request to https://discordapp.com/api/v7/channels/840041597918773258 failed, reason: getaddrinfo ENOTFOUND discordapp.com
      at RequestHandler.execute (C:\Users\jaces\Desktop\Corebot\node_modules\discord.js\src\rest\RequestHandler.js:107:21)
      at runMicrotasks (<anonymous>)
      at processTicksAndRejections (internal/process/task_queues.js:93:5) {
    code: 500,
    method: 'patch',
    path: '/channels/840041597918773258'
  }
}
-------------------------------------------------------------------------------------------------------------------------------------
[CALLER: RequestHandler.js:107:21 | MS: 1620355576568 | DATE: 5/6/2021, 9:46:16 PM]
-------------------------------------------------------------------------------------------------------------------------------------
FetchError: request to https://discordapp.com/api/v7/channels/840041597273767977 failed, reason: getaddrinfo ENOTFOUND discordapp.com
EXTRA INFO:
Promise {
  <rejected> HTTPError [FetchError]: request to https://discordapp.com/api/v7/channels/840041597273767977 failed, reason: getaddrinfo ENOTFOUND discordapp.com
      at RequestHandler.execute (C:\Users\jaces\Desktop\Corebot\node_modules\discord.js\src\rest\RequestHandler.js:107:21)
      at runMicrotasks (<anonymous>)
      at processTicksAndRejections (internal/process/task_queues.js:93:5) {
    code: 500,
    method: 'patch',
    path: '/channels/840041597273767977'
  }
}
-------------------------------------------------------------------------------------------------------------------------------------
[CALLER: RequestHandler.js:107:21 | MS: 1620355576567 | DATE: 5/6/2021, 9:46:16 PM]
--------------------------------------------------------------------------------------------------------------------------------------------
FetchError: request to https://discordapp.com/api/v7/guilds/832046329068650526/channels failed, reason: getaddrinfo ENOTFOUND discordapp.com
EXTRA INFO:
Promise {
  <rejected> HTTPError [FetchError]: request to https://discordapp.com/api/v7/guilds/832046329068650526/channels failed, reason: getaddrinfo ENOTFOUND discordapp.com
      at RequestHandler.execute (C:\Users\jaces\Desktop\Corebot\node_modules\discord.js\src\rest\RequestHandler.js:107:21)
      at runMicrotasks (<anonymous>)
      at processTicksAndRejections (internal/process/task_queues.js:93:5) {
    code: 500,
    method: 'post',
    path: '/guilds/832046329068650526/channels'
  }
}
--------------------------------------------------------------------------------------------------------------------------------------------
[CALLER: RequestHandler.js:107:21 | MS: 1620355576569 | DATE: 5/6/2021, 9:46:16 PM]
-------------------------------------------------------------------------------------------------------------------------------------
FetchError: request to https://discordapp.com/api/v7/channels/840041597562781708 failed, reason: getaddrinfo ENOTFOUND discordapp.com
EXTRA INFO:
Promise {
  <rejected> HTTPError [FetchError]: request to https://discordapp.com/api/v7/channels/840041597562781708 failed, reason: getaddrinfo ENOTFOUND discordapp.com
      at RequestHandler.execute (C:\Users\jaces\Desktop\Corebot\node_modules\discord.js\src\rest\RequestHandler.js:107:21)
      at runMicrotasks (<anonymous>)
      at processTicksAndRejections (internal/process/task_queues.js:93:5) {
    code: 500,
    method: 'patch',
    path: '/channels/840041597562781708'
  }
}
-------------------------------------------------------------------------------------------------------------------------------------
[CALLER: RequestHandler.js:107:21 | MS: 1620355576570 | DATE: 5/6/2021, 9:46:16 PM]
--------------------------------------------------------------------------------------------------------------------------------------------
FetchError: request to https://discordapp.com/api/v7/guilds/837104198419611649/channels failed, reason: getaddrinfo ENOTFOUND discordapp.com
EXTRA INFO:
Promise {
  <rejected> HTTPError [FetchError]: request to https://discordapp.com/api/v7/guilds/837104198419611649/channels failed, reason: getaddrinfo ENOTFOUND discordapp.com
      at RequestHandler.execute (C:\Users\jaces\Desktop\Corebot\node_modules\discord.js\src\rest\RequestHandler.js:107:21)
      at runMicrotasks (<anonymous>)
      at processTicksAndRejections (internal/process/task_queues.js:93:5) {
    code: 500,
    method: 'post',
    path: '/guilds/837104198419611649/channels'
  }
}
--------------------------------------------------------------------------------------------------------------------------------------------
[CALLER: RequestHandler.js:107:21 | MS: 1620355580632 | DATE: 5/6/2021, 9:46:20 PM]
-------------------------------------------------------------------------------------------------------------------------------------
FetchError: request to https://discordapp.com/api/v7/channels/840041597390684250 failed, reason: getaddrinfo ENOTFOUND discordapp.com
EXTRA INFO:
Promise {
  <rejected> HTTPError [FetchError]: request to https://discordapp.com/api/v7/channels/840041597390684250 failed, reason: getaddrinfo ENOTFOUND discordapp.com
      at RequestHandler.execute (C:\Users\jaces\Desktop\Corebot\node_modules\discord.js\src\rest\RequestHandler.js:107:21)
      at runMicrotasks (<anonymous>)
      at processTicksAndRejections (internal/process/task_queues.js:93:5) {
    code: 500,
    method: 'patch',
    path: '/channels/840041597390684250'
  }
}
-------------------------------------------------------------------------------------------------------------------------------------
[CALLER: RequestHandler.js:107:21 | MS: 1620355580632 | DATE: 5/6/2021, 9:46:20 PM]
-------------------------------------------------------------------------------------------------------------------------------------
FetchError: request to https://discordapp.com/api/v7/channels/840041596874391572 failed, reason: getaddrinfo ENOTFOUND discordapp.com
EXTRA INFO:
Promise {
  <rejected> HTTPError [FetchError]: request to https://discordapp.com/api/v7/channels/840041596874391572 failed, reason: getaddrinfo ENOTFOUND discordapp.com
      at RequestHandler.execute (C:\Users\jaces\Desktop\Corebot\node_modules\discord.js\src\rest\RequestHandler.js:107:21)
      at runMicrotasks (<anonymous>)
      at processTicksAndRejections (internal/process/task_queues.js:93:5) {
    code: 500,
    method: 'patch',
    path: '/channels/840041596874391572'
  }
}
-------------------------------------------------------------------------------------------------------------------------------------
[CALLER: RequestHandler.js:107:21 | MS: 1620355580633 | DATE: 5/6/2021, 9:46:20 PM]
-------------------------------------------------------------------------------------------------------------------------------------
FetchError: request to https://discordapp.com/api/v7/channels/840041597918773258 failed, reason: getaddrinfo ENOTFOUND discordapp.com
EXTRA INFO:
Promise {
  <rejected> HTTPError [FetchError]: request to https://discordapp.com/api/v7/channels/840041597918773258 failed, reason: getaddrinfo ENOTFOUND discordapp.com
      at RequestHandler.execute (C:\Users\jaces\Desktop\Corebot\node_modules\discord.js\src\rest\RequestHandler.js:107:21)
      at runMicrotasks (<anonymous>)
      at processTicksAndRejections (internal/process/task_queues.js:93:5) {
    code: 500,
    method: 'patch',
    path: '/channels/840041597918773258'
  }
}
-------------------------------------------------------------------------------------------------------------------------------------
[CALLER: RequestHandler.js:107:21 | MS: 1620355580633 | DATE: 5/6/2021, 9:46:20 PM]
--------------------------------------------------------------------------------------------------------------------------------------------
FetchError: request to https://discordapp.com/api/v7/guilds/832046329068650526/channels failed, reason: getaddrinfo ENOTFOUND discordapp.com
EXTRA INFO:
Promise {
  <rejected> HTTPError [FetchError]: request to https://discordapp.com/api/v7/guilds/832046329068650526/channels failed, reason: getaddrinfo ENOTFOUND discordapp.com
      at RequestHandler.execute (C:\Users\jaces\Desktop\Corebot\node_modules\discord.js\src\rest\RequestHandler.js:107:21)
      at runMicrotasks (<anonymous>)
      at processTicksAndRejections (internal/process/task_queues.js:93:5) {
    code: 500,
    method: 'post',
    path: '/guilds/832046329068650526/channels'
  }
}
--------------------------------------------------------------------------------------------------------------------------------------------
[CALLER: RequestHandler.js:107:21 | MS: 1620355580635 | DATE: 5/6/2021, 9:46:20 PM]
-------------------------------------------------------------------------------------------------------------------------------------
FetchError: request to https://discordapp.com/api/v7/channels/840041597562781708 failed, reason: getaddrinfo ENOTFOUND discordapp.com
EXTRA INFO:
Promise {
  <rejected> HTTPError [FetchError]: request to https://discordapp.com/api/v7/channels/840041597562781708 failed, reason: getaddrinfo ENOTFOUND discordapp.com
      at RequestHandler.execute (C:\Users\jaces\Desktop\Corebot\node_modules\discord.js\src\rest\RequestHandler.js:107:21)
      at runMicrotasks (<anonymous>)
      at processTicksAndRejections (internal/process/task_queues.js:93:5) {
    code: 500,
    method: 'patch',
    path: '/channels/840041597562781708'
  }
}
-------------------------------------------------------------------------------------------------------------------------------------
[CALLER: RequestHandler.js:107:21 | MS: 1620355580634 | DATE: 5/6/2021, 9:46:20 PM]
-------------------------------------------------------------------------------------------------------------------------------------
FetchError: request to https://discordapp.com/api/v7/channels/840041596803612672 failed, reason: getaddrinfo ENOTFOUND discordapp.com
EXTRA INFO:
Promise {
  <rejected> HTTPError [FetchError]: request to https://discordapp.com/api/v7/channels/840041596803612672 failed, reason: getaddrinfo ENOTFOUND discordapp.com
      at RequestHandler.execute (C:\Users\jaces\Desktop\Corebot\node_modules\discord.js\src\rest\RequestHandler.js:107:21)
      at runMicrotasks (<anonymous>)
      at processTicksAndRejections (internal/process/task_queues.js:93:5) {
    code: 500,
    method: 'patch',
    path: '/channels/840041596803612672'
  }
}
-------------------------------------------------------------------------------------------------------------------------------------
[CALLER: RequestHandler.js:107:21 | MS: 1620355580634 | DATE: 5/6/2021, 9:46:20 PM]
-------------------------------------------------------------------------------------------------------------------------------------
FetchError: request to https://discordapp.com/api/v7/channels/840041597273767977 failed, reason: getaddrinfo ENOTFOUND discordapp.com
EXTRA INFO:
Promise {
  <rejected> HTTPError [FetchError]: request to https://discordapp.com/api/v7/channels/840041597273767977 failed, reason: getaddrinfo ENOTFOUND discordapp.com
      at RequestHandler.execute (C:\Users\jaces\Desktop\Corebot\node_modules\discord.js\src\rest\RequestHandler.js:107:21)
      at runMicrotasks (<anonymous>)
      at processTicksAndRejections (internal/process/task_queues.js:93:5) {
    code: 500,
    method: 'patch',
    path: '/channels/840041597273767977'
  }
}
-------------------------------------------------------------------------------------------------------------------------------------
[CALLER: RequestHandler.js:107:21 | MS: 1620355580635 | DATE: 5/6/2021, 9:46:20 PM]
--------------------------------------------------------------------------------------------------------------------------------------------
FetchError: request to https://discordapp.com/api/v7/guilds/837104198419611649/channels failed, reason: getaddrinfo ENOTFOUND discordapp.com
EXTRA INFO:
Promise {
  <rejected> HTTPError [FetchError]: request to https://discordapp.com/api/v7/guilds/837104198419611649/channels failed, reason: getaddrinfo ENOTFOUND discordapp.com
      at RequestHandler.execute (C:\Users\jaces\Desktop\Corebot\node_modules\discord.js\src\rest\RequestHandler.js:107:21)
      at runMicrotasks (<anonymous>)
      at processTicksAndRejections (internal/process/task_queues.js:93:5) {
    code: 500,
    method: 'post',
    path: '/guilds/837104198419611649/channels'
  }
}
--------------------------------------------------------------------------------------------------------------------------------------------
[CALLER: RequestHandler.js:107:21 | MS: 1620355582744 | DATE: 5/6/2021, 9:46:22 PM]
-------------------------------------------------------------------------------------------------------------------------------------
FetchError: request to https://discordapp.com/api/v7/channels/840041596874391572 failed, reason: getaddrinfo ENOTFOUND discordapp.com
EXTRA INFO:
Promise {
  <rejected> HTTPError [FetchError]: request to https://discordapp.com/api/v7/channels/840041596874391572 failed, reason: getaddrinfo ENOTFOUND discordapp.com
      at RequestHandler.execute (C:\Users\jaces\Desktop\Corebot\node_modules\discord.js\src\rest\RequestHandler.js:107:21)
      at runMicrotasks (<anonymous>)
      at processTicksAndRejections (internal/process/task_queues.js:93:5) {
    code: 500,
    method: 'patch',
    path: '/channels/840041596874391572'
  }
}
-------------------------------------------------------------------------------------------------------------------------------------
[CALLER: RequestHandler.js:107:21 | MS: 1620355582746 | DATE: 5/6/2021, 9:46:22 PM]
-------------------------------------------------------------------------------------------------------------------------------------
FetchError: request to https://discordapp.com/api/v7/channels/840041597918773258 failed, reason: getaddrinfo ENOTFOUND discordapp.com
EXTRA INFO:
Promise {
  <rejected> HTTPError [FetchError]: request to https://discordapp.com/api/v7/channels/840041597918773258 failed, reason: getaddrinfo ENOTFOUND discordapp.com
      at RequestHandler.execute (C:\Users\jaces\Desktop\Corebot\node_modules\discord.js\src\rest\RequestHandler.js:107:21)
      at runMicrotasks (<anonymous>)
      at processTicksAndRejections (internal/process/task_queues.js:93:5) {
    code: 500,
    method: 'patch',
    path: '/channels/840041597918773258'
  }
}
-------------------------------------------------------------------------------------------------------------------------------------
[CALLER: RequestHandler.js:107:21 | MS: 1620355582745 | DATE: 5/6/2021, 9:46:22 PM]
-------------------------------------------------------------------------------------------------------------------------------------
FetchError: request to https://discordapp.com/api/v7/channels/840041597390684250 failed, reason: getaddrinfo ENOTFOUND discordapp.com
EXTRA INFO:
Promise {
  <rejected> HTTPError [FetchError]: request to https://discordapp.com/api/v7/channels/840041597390684250 failed, reason: getaddrinfo ENOTFOUND discordapp.com
      at RequestHandler.execute (C:\Users\jaces\Desktop\Corebot\node_modules\discord.js\src\rest\RequestHandler.js:107:21)
      at runMicrotasks (<anonymous>)
      at processTicksAndRejections (internal/process/task_queues.js:93:5) {
    code: 500,
    method: 'patch',
    path: '/channels/840041597390684250'
  }
}
-------------------------------------------------------------------------------------------------------------------------------------
[CALLER: RequestHandler.js:107:21 | MS: 1620355582747 | DATE: 5/6/2021, 9:46:22 PM]
-------------------------------------------------------------------------------------------------------------------------------------
FetchError: request to https://discordapp.com/api/v7/channels/840041596803612672 failed, reason: getaddrinfo ENOTFOUND discordapp.com
EXTRA INFO:
Promise {
  <rejected> HTTPError [FetchError]: request to https://discordapp.com/api/v7/channels/840041596803612672 failed, reason: getaddrinfo ENOTFOUND discordapp.com
      at RequestHandler.execute (C:\Users\jaces\Desktop\Corebot\node_modules\discord.js\src\rest\RequestHandler.js:107:21)
      at runMicrotasks (<anonymous>)
      at processTicksAndRejections (internal/process/task_queues.js:93:5) {
    code: 500,
    method: 'patch',
    path: '/channels/840041596803612672'
  }
}
-------------------------------------------------------------------------------------------------------------------------------------
[CALLER: RequestHandler.js:107:21 | MS: 1620355582747 | DATE: 5/6/2021, 9:46:22 PM]
-------------------------------------------------------------------------------------------------------------------------------------
FetchError: request to https://discordapp.com/api/v7/channels/840041597273767977 failed, reason: getaddrinfo ENOTFOUND discordapp.com
EXTRA INFO:
Promise {
  <rejected> HTTPError [FetchError]: request to https://discordapp.com/api/v7/channels/840041597273767977 failed, reason: getaddrinfo ENOTFOUND discordapp.com
      at RequestHandler.execute (C:\Users\jaces\Desktop\Corebot\node_modules\discord.js\src\rest\RequestHandler.js:107:21)
      at runMicrotasks (<anonymous>)
      at processTicksAndRejections (internal/process/task_queues.js:93:5) {
    code: 500,
    method: 'patch',
    path: '/channels/840041597273767977'
  }
}
-------------------------------------------------------------------------------------------------------------------------------------
[CALLER: RequestHandler.js:107:21 | MS: 1620355582746 | DATE: 5/6/2021, 9:46:22 PM]
--------------------------------------------------------------------------------------------------------------------------------------------
FetchError: request to https://discordapp.com/api/v7/guilds/832046329068650526/channels failed, reason: getaddrinfo ENOTFOUND discordapp.com
EXTRA INFO:
Promise {
  <rejected> HTTPError [FetchError]: request to https://discordapp.com/api/v7/guilds/832046329068650526/channels failed, reason: getaddrinfo ENOTFOUND discordapp.com
      at RequestHandler.execute (C:\Users\jaces\Desktop\Corebot\node_modules\discord.js\src\rest\RequestHandler.js:107:21)
      at runMicrotasks (<anonymous>)
      at processTicksAndRejections (internal/process/task_queues.js:93:5) {
    code: 500,
    method: 'post',
    path: '/guilds/832046329068650526/channels'
  }
}
--------------------------------------------------------------------------------------------------------------------------------------------
[CALLER: RequestHandler.js:107:21 | MS: 1620355582748 | DATE: 5/6/2021, 9:46:22 PM]
-------------------------------------------------------------------------------------------------------------------------------------
FetchError: request to https://discordapp.com/api/v7/channels/840041597562781708 failed, reason: getaddrinfo ENOTFOUND discordapp.com
EXTRA INFO:
Promise {
  <rejected> HTTPError [FetchError]: request to https://discordapp.com/api/v7/channels/840041597562781708 failed, reason: getaddrinfo ENOTFOUND discordapp.com
      at RequestHandler.execute (C:\Users\jaces\Desktop\Corebot\node_modules\discord.js\src\rest\RequestHandler.js:107:21)
      at runMicrotasks (<anonymous>)
      at processTicksAndRejections (internal/process/task_queues.js:93:5) {
    code: 500,
    method: 'patch',
    path: '/channels/840041597562781708'
  }
}
-------------------------------------------------------------------------------------------------------------------------------------
[CALLER: RequestHandler.js:107:21 | MS: 1620355582749 | DATE: 5/6/2021, 9:46:22 PM]
--------------------------------------------------------------------------------------------------------------------------------------------
FetchError: request to https://discordapp.com/api/v7/guilds/837104198419611649/channels failed, reason: getaddrinfo ENOTFOUND discordapp.com
EXTRA INFO:
Promise {
  <rejected> HTTPError [FetchError]: request to https://discordapp.com/api/v7/guilds/837104198419611649/channels failed, reason: getaddrinfo ENOTFOUND discordapp.com
      at RequestHandler.execute (C:\Users\jaces\Desktop\Corebot\node_modules\discord.js\src\rest\RequestHandler.js:107:21)
      at runMicrotasks (<anonymous>)
      at processTicksAndRejections (internal/process/task_queues.js:93:5) {
    code: 500,
    method: 'post',
    path: '/guilds/837104198419611649/channels'
  }
}
--------------------------------------------------------------------------------------------------------------------------------------------
[CALLER: RequestHandler.js:107:21 | MS: 1620355584318 | DATE: 5/6/2021, 9:46:24 PM]
-------------------------------------------------------------------------------------------------------------------------------------
FetchError: request to https://discordapp.com/api/v7/channels/840041596874391572 failed, reason: getaddrinfo ENOTFOUND discordapp.com
EXTRA INFO:
Promise {
  <rejected> HTTPError [FetchError]: request to https://discordapp.com/api/v7/channels/840041596874391572 failed, reason: getaddrinfo ENOTFOUND discordapp.com
      at RequestHandler.execute (C:\Users\jaces\Desktop\Corebot\node_modules\discord.js\src\rest\RequestHandler.js:107:21)
      at runMicrotasks (<anonymous>)
      at processTicksAndRejections (internal/process/task_queues.js:93:5) {
    code: 500,
    method: 'patch',
    path: '/channels/840041596874391572'
  }
}
-------------------------------------------------------------------------------------------------------------------------------------
[CALLER: RequestHandler.js:107:21 | MS: 1620355584320 | DATE: 5/6/2021, 9:46:24 PM]
--------------------------------------------------------------------------------------------------------------------------------------------
FetchError: request to https://discordapp.com/api/v7/guilds/832046329068650526/channels failed, reason: getaddrinfo ENOTFOUND discordapp.com
EXTRA INFO:
Promise {
  <rejected> HTTPError [FetchError]: request to https://discordapp.com/api/v7/guilds/832046329068650526/channels failed, reason: getaddrinfo ENOTFOUND discordapp.com
      at RequestHandler.execute (C:\Users\jaces\Desktop\Corebot\node_modules\discord.js\src\rest\RequestHandler.js:107:21)
      at runMicrotasks (<anonymous>)
      at processTicksAndRejections (internal/process/task_queues.js:93:5) {
    code: 500,
    method: 'post',
    path: '/guilds/832046329068650526/channels'
  }
}
--------------------------------------------------------------------------------------------------------------------------------------------
[CALLER: RequestHandler.js:107:21 | MS: 1620355584319 | DATE: 5/6/2021, 9:46:24 PM]
-------------------------------------------------------------------------------------------------------------------------------------
FetchError: request to https://discordapp.com/api/v7/channels/840041597390684250 failed, reason: getaddrinfo ENOTFOUND discordapp.com
EXTRA INFO:
Promise {
  <rejected> HTTPError [FetchError]: request to https://discordapp.com/api/v7/channels/840041597390684250 failed, reason: getaddrinfo ENOTFOUND discordapp.com
      at RequestHandler.execute (C:\Users\jaces\Desktop\Corebot\node_modules\discord.js\src\rest\RequestHandler.js:107:21)
      at runMicrotasks (<anonymous>)
      at processTicksAndRejections (internal/process/task_queues.js:93:5) {
    code: 500,
    method: 'patch',
    path: '/channels/840041597390684250'
  }
}
-------------------------------------------------------------------------------------------------------------------------------------
[CALLER: RequestHandler.js:107:21 | MS: 1620355584319 | DATE: 5/6/2021, 9:46:24 PM]
-------------------------------------------------------------------------------------------------------------------------------------
FetchError: request to https://discordapp.com/api/v7/channels/840041597918773258 failed, reason: getaddrinfo ENOTFOUND discordapp.com
EXTRA INFO:
Promise {
  <rejected> HTTPError [FetchError]: request to https://discordapp.com/api/v7/channels/840041597918773258 failed, reason: getaddrinfo ENOTFOUND discordapp.com
      at RequestHandler.execute (C:\Users\jaces\Desktop\Corebot\node_modules\discord.js\src\rest\RequestHandler.js:107:21)
      at runMicrotasks (<anonymous>)
      at processTicksAndRejections (internal/process/task_queues.js:93:5) {
    code: 500,
    method: 'patch',
    path: '/channels/840041597918773258'
  }
}
-------------------------------------------------------------------------------------------------------------------------------------
[CALLER: RequestHandler.js:107:21 | MS: 1620355584321 | DATE: 5/6/2021, 9:46:24 PM]
-------------------------------------------------------------------------------------------------------------------------------------
FetchError: request to https://discordapp.com/api/v7/channels/840041596803612672 failed, reason: getaddrinfo ENOTFOUND discordapp.com
EXTRA INFO:
Promise {
  <rejected> HTTPError [FetchError]: request to https://discordapp.com/api/v7/channels/840041596803612672 failed, reason: getaddrinfo ENOTFOUND discordapp.com
      at RequestHandler.execute (C:\Users\jaces\Desktop\Corebot\node_modules\discord.js\src\rest\RequestHandler.js:107:21)
      at runMicrotasks (<anonymous>)
      at processTicksAndRejections (internal/process/task_queues.js:93:5) {
    code: 500,
    method: 'patch',
    path: '/channels/840041596803612672'
  }
}
-------------------------------------------------------------------------------------------------------------------------------------
[CALLER: RequestHandler.js:107:21 | MS: 1620355584322 | DATE: 5/6/2021, 9:46:24 PM]
--------------------------------------------------------------------------------------------------------------------------------------------
FetchError: request to https://discordapp.com/api/v7/guilds/837104198419611649/channels failed, reason: getaddrinfo ENOTFOUND discordapp.com
EXTRA INFO:
Promise {
  <rejected> HTTPError [FetchError]: request to https://discordapp.com/api/v7/guilds/837104198419611649/channels failed, reason: getaddrinfo ENOTFOUND discordapp.com
      at RequestHandler.execute (C:\Users\jaces\Desktop\Corebot\node_modules\discord.js\src\rest\RequestHandler.js:107:21)
      at runMicrotasks (<anonymous>)
      at processTicksAndRejections (internal/process/task_queues.js:93:5) {
    code: 500,
    method: 'post',
    path: '/guilds/837104198419611649/channels'
  }
}
--------------------------------------------------------------------------------------------------------------------------------------------
[CALLER: RequestHandler.js:107:21 | MS: 1620355584322 | DATE: 5/6/2021, 9:46:24 PM]
-------------------------------------------------------------------------------------------------------------------------------------
FetchError: request to https://discordapp.com/api/v7/channels/840041597562781708 failed, reason: getaddrinfo ENOTFOUND discordapp.com
EXTRA INFO:
Promise {
  <rejected> HTTPError [FetchError]: request to https://discordapp.com/api/v7/channels/840041597562781708 failed, reason: getaddrinfo ENOTFOUND discordapp.com
      at RequestHandler.execute (C:\Users\jaces\Desktop\Corebot\node_modules\discord.js\src\rest\RequestHandler.js:107:21)
      at runMicrotasks (<anonymous>)
      at processTicksAndRejections (internal/process/task_queues.js:93:5) {
    code: 500,
    method: 'patch',
    path: '/channels/840041597562781708'
  }
}
-------------------------------------------------------------------------------------------------------------------------------------
[CALLER: RequestHandler.js:107:21 | MS: 1620355584321 | DATE: 5/6/2021, 9:46:24 PM]
-------------------------------------------------------------------------------------------------------------------------------------
FetchError: request to https://discordapp.com/api/v7/channels/840041597273767977 failed, reason: getaddrinfo ENOTFOUND discordapp.com
EXTRA INFO:
Promise {
  <rejected> HTTPError [FetchError]: request to https://discordapp.com/api/v7/channels/840041597273767977 failed, reason: getaddrinfo ENOTFOUND discordapp.com
      at RequestHandler.execute (C:\Users\jaces\Desktop\Corebot\node_modules\discord.js\src\rest\RequestHandler.js:107:21)
      at runMicrotasks (<anonymous>)
      at processTicksAndRejections (internal/process/task_queues.js:93:5) {
    code: 500,
    method: 'patch',
    path: '/channels/840041597273767977'
  }
}
-------------------------------------------------------------------------------------------------------------------------------------
[CALLER: RequestHandler.js:107:21 | MS: 1620355593104 | DATE: 5/6/2021, 9:46:33 PM]
-------------------------------------------------------------------------------------------------------------------------------------
FetchError: request to https://discordapp.com/api/v7/channels/840041596874391572 failed, reason: getaddrinfo ENOTFOUND discordapp.com
EXTRA INFO:
Promise {
  <rejected> HTTPError [FetchError]: request to https://discordapp.com/api/v7/channels/840041596874391572 failed, reason: getaddrinfo ENOTFOUND discordapp.com
      at RequestHandler.execute (C:\Users\jaces\Desktop\Corebot\node_modules\discord.js\src\rest\RequestHandler.js:107:21)
      at runMicrotasks (<anonymous>)
      at processTicksAndRejections (internal/process/task_queues.js:93:5) {
    code: 500,
    method: 'patch',
    path: '/channels/840041596874391572'
  }
}
-------------------------------------------------------------------------------------------------------------------------------------
[CALLER: RequestHandler.js:107:21 | MS: 1620355593105 | DATE: 5/6/2021, 9:46:33 PM]
-------------------------------------------------------------------------------------------------------------------------------------
FetchError: request to https://discordapp.com/api/v7/channels/840041597390684250 failed, reason: getaddrinfo ENOTFOUND discordapp.com
EXTRA INFO:
Promise {
  <rejected> HTTPError [FetchError]: request to https://discordapp.com/api/v7/channels/840041597390684250 failed, reason: getaddrinfo ENOTFOUND discordapp.com
      at RequestHandler.execute (C:\Users\jaces\Desktop\Corebot\node_modules\discord.js\src\rest\RequestHandler.js:107:21)
      at runMicrotasks (<anonymous>)
      at processTicksAndRejections (internal/process/task_queues.js:93:5) {
    code: 500,
    method: 'patch',
    path: '/channels/840041597390684250'
  }
}
-------------------------------------------------------------------------------------------------------------------------------------
[CALLER: RequestHandler.js:107:21 | MS: 1620355593106 | DATE: 5/6/2021, 9:46:33 PM]
-------------------------------------------------------------------------------------------------------------------------------------
FetchError: request to https://discordapp.com/api/v7/channels/840041597918773258 failed, reason: getaddrinfo ENOTFOUND discordapp.com
EXTRA INFO:
Promise {
  <rejected> HTTPError [FetchError]: request to https://discordapp.com/api/v7/channels/840041597918773258 failed, reason: getaddrinfo ENOTFOUND discordapp.com
      at RequestHandler.execute (C:\Users\jaces\Desktop\Corebot\node_modules\discord.js\src\rest\RequestHandler.js:107:21)
      at runMicrotasks (<anonymous>)
      at processTicksAndRejections (internal/process/task_queues.js:93:5) {
    code: 500,
    method: 'patch',
    path: '/channels/840041597918773258'
  }
}
-------------------------------------------------------------------------------------------------------------------------------------
[CALLER: RequestHandler.js:107:21 | MS: 1620355593106 | DATE: 5/6/2021, 9:46:33 PM]
--------------------------------------------------------------------------------------------------------------------------------------------
FetchError: request to https://discordapp.com/api/v7/guilds/832046329068650526/channels failed, reason: getaddrinfo ENOTFOUND discordapp.com
EXTRA INFO:
Promise {
  <rejected> HTTPError [FetchError]: request to https://discordapp.com/api/v7/guilds/832046329068650526/channels failed, reason: getaddrinfo ENOTFOUND discordapp.com
      at RequestHandler.execute (C:\Users\jaces\Desktop\Corebot\node_modules\discord.js\src\rest\RequestHandler.js:107:21)
      at runMicrotasks (<anonymous>)
      at processTicksAndRejections (internal/process/task_queues.js:93:5) {
    code: 500,
    method: 'post',
    path: '/guilds/832046329068650526/channels'
  }
}
--------------------------------------------------------------------------------------------------------------------------------------------
[CALLER: RequestHandler.js:107:21 | MS: 1620355593107 | DATE: 5/6/2021, 9:46:33 PM]
-------------------------------------------------------------------------------------------------------------------------------------
FetchError: request to https://discordapp.com/api/v7/channels/840041597273767977 failed, reason: getaddrinfo ENOTFOUND discordapp.com
EXTRA INFO:
Promise {
  <rejected> HTTPError [FetchError]: request to https://discordapp.com/api/v7/channels/840041597273767977 failed, reason: getaddrinfo ENOTFOUND discordapp.com
      at RequestHandler.execute (C:\Users\jaces\Desktop\Corebot\node_modules\discord.js\src\rest\RequestHandler.js:107:21)
      at runMicrotasks (<anonymous>)
      at processTicksAndRejections (internal/process/task_queues.js:93:5) {
    code: 500,
    method: 'patch',
    path: '/channels/840041597273767977'
  }
}
-------------------------------------------------------------------------------------------------------------------------------------
[CALLER: RequestHandler.js:107:21 | MS: 1620355593108 | DATE: 5/6/2021, 9:46:33 PM]
-------------------------------------------------------------------------------------------------------------------------------------
FetchError: request to https://discordapp.com/api/v7/channels/840041596803612672 failed, reason: getaddrinfo ENOTFOUND discordapp.com
EXTRA INFO:
Promise {
  <rejected> HTTPError [FetchError]: request to https://discordapp.com/api/v7/channels/840041596803612672 failed, reason: getaddrinfo ENOTFOUND discordapp.com
      at RequestHandler.execute (C:\Users\jaces\Desktop\Corebot\node_modules\discord.js\src\rest\RequestHandler.js:107:21)
      at runMicrotasks (<anonymous>)
      at processTicksAndRejections (internal/process/task_queues.js:93:5) {
    code: 500,
    method: 'patch',
    path: '/channels/840041596803612672'
  }
}
-------------------------------------------------------------------------------------------------------------------------------------
[CALLER: RequestHandler.js:107:21 | MS: 1620355593109 | DATE: 5/6/2021, 9:46:33 PM]
--------------------------------------------------------------------------------------------------------------------------------------------
FetchError: request to https://discordapp.com/api/v7/guilds/837104198419611649/channels failed, reason: getaddrinfo ENOTFOUND discordapp.com
EXTRA INFO:
Promise {
  <rejected> HTTPError [FetchError]: request to https://discordapp.com/api/v7/guilds/837104198419611649/channels failed, reason: getaddrinfo ENOTFOUND discordapp.com
      at RequestHandler.execute (C:\Users\jaces\Desktop\Corebot\node_modules\discord.js\src\rest\RequestHandler.js:107:21)
      at runMicrotasks (<anonymous>)
      at processTicksAndRejections (internal/process/task_queues.js:93:5) {
    code: 500,
    method: 'post',
    path: '/guilds/837104198419611649/channels'
  }
}
--------------------------------------------------------------------------------------------------------------------------------------------
[CALLER: RequestHandler.js:107:21 | MS: 1620355593108 | DATE: 5/6/2021, 9:46:33 PM]
-------------------------------------------------------------------------------------------------------------------------------------
FetchError: request to https://discordapp.com/api/v7/channels/840041597562781708 failed, reason: getaddrinfo ENOTFOUND discordapp.com
EXTRA INFO:
Promise {
  <rejected> HTTPError [FetchError]: request to https://discordapp.com/api/v7/channels/840041597562781708 failed, reason: getaddrinfo ENOTFOUND discordapp.com
      at RequestHandler.execute (C:\Users\jaces\Desktop\Corebot\node_modules\discord.js\src\rest\RequestHandler.js:107:21)
      at runMicrotasks (<anonymous>)
      at processTicksAndRejections (internal/process/task_queues.js:93:5) {
    code: 500,
    method: 'patch',
    path: '/channels/840041597562781708'
  }
}
-------------------------------------------------------------------------------------------------------------------------------------
[CALLER: RequestHandler.js:107:21 | MS: 1620355593534 | DATE: 5/6/2021, 9:46:33 PM]
-------------------------------------------------------------------------------------------------------------------------------------
FetchError: request to https://discordapp.com/api/v7/channels/840041596874391572 failed, reason: getaddrinfo ENOTFOUND discordapp.com
EXTRA INFO:
Promise {
  <rejected> HTTPError [FetchError]: request to https://discordapp.com/api/v7/channels/840041596874391572 failed, reason: getaddrinfo ENOTFOUND discordapp.com
      at RequestHandler.execute (C:\Users\jaces\Desktop\Corebot\node_modules\discord.js\src\rest\RequestHandler.js:107:21)
      at runMicrotasks (<anonymous>)
      at processTicksAndRejections (internal/process/task_queues.js:93:5) {
    code: 500,
    method: 'patch',
    path: '/channels/840041596874391572'
  }
}
-------------------------------------------------------------------------------------------------------------------------------------
[CALLER: RequestHandler.js:107:21 | MS: 1620355593536 | DATE: 5/6/2021, 9:46:33 PM]
--------------------------------------------------------------------------------------------------------------------------------------------
FetchError: request to https://discordapp.com/api/v7/guilds/832046329068650526/channels failed, reason: getaddrinfo ENOTFOUND discordapp.com
EXTRA INFO:
Promise {
  <rejected> HTTPError [FetchError]: request to https://discordapp.com/api/v7/guilds/832046329068650526/channels failed, reason: getaddrinfo ENOTFOUND discordapp.com
      at RequestHandler.execute (C:\Users\jaces\Desktop\Corebot\node_modules\discord.js\src\rest\RequestHandler.js:107:21)
      at runMicrotasks (<anonymous>)
      at processTicksAndRejections (internal/process/task_queues.js:93:5) {
    code: 500,
    method: 'post',
    path: '/guilds/832046329068650526/channels'
  }
}
--------------------------------------------------------------------------------------------------------------------------------------------
[CALLER: RequestHandler.js:107:21 | MS: 1620355593535 | DATE: 5/6/2021, 9:46:33 PM]
-------------------------------------------------------------------------------------------------------------------------------------
FetchError: request to https://discordapp.com/api/v7/channels/840041597390684250 failed, reason: getaddrinfo ENOTFOUND discordapp.com
EXTRA INFO:
Promise {
  <rejected> HTTPError [FetchError]: request to https://discordapp.com/api/v7/channels/840041597390684250 failed, reason: getaddrinfo ENOTFOUND discordapp.com
      at RequestHandler.execute (C:\Users\jaces\Desktop\Corebot\node_modules\discord.js\src\rest\RequestHandler.js:107:21)
      at runMicrotasks (<anonymous>)
      at processTicksAndRejections (internal/process/task_queues.js:93:5) {
    code: 500,
    method: 'patch',
    path: '/channels/840041597390684250'
  }
}
-------------------------------------------------------------------------------------------------------------------------------------
[CALLER: RequestHandler.js:107:21 | MS: 1620355593537 | DATE: 5/6/2021, 9:46:33 PM]
-------------------------------------------------------------------------------------------------------------------------------------
FetchError: request to https://discordapp.com/api/v7/channels/840041596803612672 failed, reason: getaddrinfo ENOTFOUND discordapp.com
EXTRA INFO:
Promise {
  <rejected> HTTPError [FetchError]: request to https://discordapp.com/api/v7/channels/840041596803612672 failed, reason: getaddrinfo ENOTFOUND discordapp.com
      at RequestHandler.execute (C:\Users\jaces\Desktop\Corebot\node_modules\discord.js\src\rest\RequestHandler.js:107:21)
      at runMicrotasks (<anonymous>)
      at processTicksAndRejections (internal/process/task_queues.js:93:5) {
    code: 500,
    method: 'patch',
    path: '/channels/840041596803612672'
  }
}
-------------------------------------------------------------------------------------------------------------------------------------
[CALLER: RequestHandler.js:107:21 | MS: 1620355593537 | DATE: 5/6/2021, 9:46:33 PM]
-------------------------------------------------------------------------------------------------------------------------------------
FetchError: request to https://discordapp.com/api/v7/channels/840041597273767977 failed, reason: getaddrinfo ENOTFOUND discordapp.com
EXTRA INFO:
Promise {
  <rejected> HTTPError [FetchError]: request to https://discordapp.com/api/v7/channels/840041597273767977 failed, reason: getaddrinfo ENOTFOUND discordapp.com
      at RequestHandler.execute (C:\Users\jaces\Desktop\Corebot\node_modules\discord.js\src\rest\RequestHandler.js:107:21)
      at runMicrotasks (<anonymous>)
      at processTicksAndRejections (internal/process/task_queues.js:93:5) {
    code: 500,
    method: 'patch',
    path: '/channels/840041597273767977'
  }
}
-------------------------------------------------------------------------------------------------------------------------------------
[CALLER: RequestHandler.js:107:21 | MS: 1620355593538 | DATE: 5/6/2021, 9:46:33 PM]
--------------------------------------------------------------------------------------------------------------------------------------------
FetchError: request to https://discordapp.com/api/v7/guilds/837104198419611649/channels failed, reason: getaddrinfo ENOTFOUND discordapp.com
EXTRA INFO:
Promise {
  <rejected> HTTPError [FetchError]: request to https://discordapp.com/api/v7/guilds/837104198419611649/channels failed, reason: getaddrinfo ENOTFOUND discordapp.com
      at RequestHandler.execute (C:\Users\jaces\Desktop\Corebot\node_modules\discord.js\src\rest\RequestHandler.js:107:21)
      at runMicrotasks (<anonymous>)
      at processTicksAndRejections (internal/process/task_queues.js:93:5) {
    code: 500,
    method: 'post',
    path: '/guilds/837104198419611649/channels'
  }
}
--------------------------------------------------------------------------------------------------------------------------------------------
[CALLER: RequestHandler.js:107:21 | MS: 1620355593536 | DATE: 5/6/2021, 9:46:33 PM]
-------------------------------------------------------------------------------------------------------------------------------------
FetchError: request to https://discordapp.com/api/v7/channels/840041597918773258 failed, reason: getaddrinfo ENOTFOUND discordapp.com
EXTRA INFO:
Promise {
  <rejected> HTTPError [FetchError]: request to https://discordapp.com/api/v7/channels/840041597918773258 failed, reason: getaddrinfo ENOTFOUND discordapp.com
      at RequestHandler.execute (C:\Users\jaces\Desktop\Corebot\node_modules\discord.js\src\rest\RequestHandler.js:107:21)
      at runMicrotasks (<anonymous>)
      at processTicksAndRejections (internal/process/task_queues.js:93:5) {
    code: 500,
    method: 'patch',
    path: '/channels/840041597918773258'
  }
}
-------------------------------------------------------------------------------------------------------------------------------------
[CALLER: RequestHandler.js:107:21 | MS: 1620355593538 | DATE: 5/6/2021, 9:46:33 PM]
-------------------------------------------------------------------------------------------------------------------------------------
FetchError: request to https://discordapp.com/api/v7/channels/840041597562781708 failed, reason: getaddrinfo ENOTFOUND discordapp.com
EXTRA INFO:
Promise {
  <rejected> HTTPError [FetchError]: request to https://discordapp.com/api/v7/channels/840041597562781708 failed, reason: getaddrinfo ENOTFOUND discordapp.com
      at RequestHandler.execute (C:\Users\jaces\Desktop\Corebot\node_modules\discord.js\src\rest\RequestHandler.js:107:21)
      at runMicrotasks (<anonymous>)
      at processTicksAndRejections (internal/process/task_queues.js:93:5) {
    code: 500,
    method: 'patch',
    path: '/channels/840041597562781708'
  }
}
-------------------------------------------------------------------------------------------------------------------------------------
[CALLER: RequestHandler.js:107:21 | MS: 1620355594970 | DATE: 5/6/2021, 9:46:34 PM]
-------------------------------------------------------------------------------------------------------------------------------------
FetchError: request to https://discordapp.com/api/v7/channels/840041596874391572 failed, reason: getaddrinfo ENOTFOUND discordapp.com
EXTRA INFO:
Promise {
  <rejected> HTTPError [FetchError]: request to https://discordapp.com/api/v7/channels/840041596874391572 failed, reason: getaddrinfo ENOTFOUND discordapp.com
      at RequestHandler.execute (C:\Users\jaces\Desktop\Corebot\node_modules\discord.js\src\rest\RequestHandler.js:107:21)
      at runMicrotasks (<anonymous>)
      at processTicksAndRejections (internal/process/task_queues.js:93:5) {
    code: 500,
    method: 'patch',
    path: '/channels/840041596874391572'
  }
}
-------------------------------------------------------------------------------------------------------------------------------------
[CALLER: RequestHandler.js:107:21 | MS: 1620355594970 | DATE: 5/6/2021, 9:46:34 PM]
-------------------------------------------------------------------------------------------------------------------------------------
FetchError: request to https://discordapp.com/api/v7/channels/840041597390684250 failed, reason: getaddrinfo ENOTFOUND discordapp.com
EXTRA INFO:
Promise {
  <rejected> HTTPError [FetchError]: request to https://discordapp.com/api/v7/channels/840041597390684250 failed, reason: getaddrinfo ENOTFOUND discordapp.com
      at RequestHandler.execute (C:\Users\jaces\Desktop\Corebot\node_modules\discord.js\src\rest\RequestHandler.js:107:21)
      at runMicrotasks (<anonymous>)
      at processTicksAndRejections (internal/process/task_queues.js:93:5) {
    code: 500,
    method: 'patch',
    path: '/channels/840041597390684250'
  }
}
-------------------------------------------------------------------------------------------------------------------------------------
[CALLER: RequestHandler.js:107:21 | MS: 1620355594971 | DATE: 5/6/2021, 9:46:34 PM]
-------------------------------------------------------------------------------------------------------------------------------------
FetchError: request to https://discordapp.com/api/v7/channels/840041597918773258 failed, reason: getaddrinfo ENOTFOUND discordapp.com
EXTRA INFO:
Promise {
  <rejected> HTTPError [FetchError]: request to https://discordapp.com/api/v7/channels/840041597918773258 failed, reason: getaddrinfo ENOTFOUND discordapp.com
      at RequestHandler.execute (C:\Users\jaces\Desktop\Corebot\node_modules\discord.js\src\rest\RequestHandler.js:107:21)
      at runMicrotasks (<anonymous>)
      at processTicksAndRejections (internal/process/task_queues.js:93:5) {
    code: 500,
    method: 'patch',
    path: '/channels/840041597918773258'
  }
}
-------------------------------------------------------------------------------------------------------------------------------------
[CALLER: RequestHandler.js:107:21 | MS: 1620355594973 | DATE: 5/6/2021, 9:46:34 PM]
-------------------------------------------------------------------------------------------------------------------------------------
FetchError: request to https://discordapp.com/api/v7/channels/840041596803612672 failed, reason: getaddrinfo ENOTFOUND discordapp.com
EXTRA INFO:
Promise {
  <rejected> HTTPError [FetchError]: request to https://discordapp.com/api/v7/channels/840041596803612672 failed, reason: getaddrinfo ENOTFOUND discordapp.com
      at RequestHandler.execute (C:\Users\jaces\Desktop\Corebot\node_modules\discord.js\src\rest\RequestHandler.js:107:21)
      at runMicrotasks (<anonymous>)
      at processTicksAndRejections (internal/process/task_queues.js:93:5) {
    code: 500,
    method: 'patch',
    path: '/channels/840041596803612672'
  }
}
-------------------------------------------------------------------------------------------------------------------------------------
[CALLER: RequestHandler.js:107:21 | MS: 1620355594972 | DATE: 5/6/2021, 9:46:34 PM]
--------------------------------------------------------------------------------------------------------------------------------------------
FetchError: request to https://discordapp.com/api/v7/guilds/832046329068650526/channels failed, reason: getaddrinfo ENOTFOUND discordapp.com
EXTRA INFO:
Promise {
  <rejected> HTTPError [FetchError]: request to https://discordapp.com/api/v7/guilds/832046329068650526/channels failed, reason: getaddrinfo ENOTFOUND discordapp.com
      at RequestHandler.execute (C:\Users\jaces\Desktop\Corebot\node_modules\discord.js\src\rest\RequestHandler.js:107:21)
      at runMicrotasks (<anonymous>)
      at processTicksAndRejections (internal/process/task_queues.js:93:5) {
    code: 500,
    method: 'post',
    path: '/guilds/832046329068650526/channels'
  }
}
--------------------------------------------------------------------------------------------------------------------------------------------
[CALLER: RequestHandler.js:107:21 | MS: 1620355594974 | DATE: 5/6/2021, 9:46:34 PM]
-------------------------------------------------------------------------------------------------------------------------------------
FetchError: request to https://discordapp.com/api/v7/channels/840041597562781708 failed, reason: getaddrinfo ENOTFOUND discordapp.com
EXTRA INFO:
Promise {
  <rejected> HTTPError [FetchError]: request to https://discordapp.com/api/v7/channels/840041597562781708 failed, reason: getaddrinfo ENOTFOUND discordapp.com
      at RequestHandler.execute (C:\Users\jaces\Desktop\Corebot\node_modules\discord.js\src\rest\RequestHandler.js:107:21)
      at runMicrotasks (<anonymous>)
      at processTicksAndRejections (internal/process/task_queues.js:93:5) {
    code: 500,
    method: 'patch',
    path: '/channels/840041597562781708'
  }
}
-------------------------------------------------------------------------------------------------------------------------------------
[CALLER: RequestHandler.js:107:21 | MS: 1620355594975 | DATE: 5/6/2021, 9:46:34 PM]
--------------------------------------------------------------------------------------------------------------------------------------------
FetchError: request to https://discordapp.com/api/v7/guilds/837104198419611649/channels failed, reason: getaddrinfo ENOTFOUND discordapp.com
EXTRA INFO:
Promise {
  <rejected> HTTPError [FetchError]: request to https://discordapp.com/api/v7/guilds/837104198419611649/channels failed, reason: getaddrinfo ENOTFOUND discordapp.com
      at RequestHandler.execute (C:\Users\jaces\Desktop\Corebot\node_modules\discord.js\src\rest\RequestHandler.js:107:21)
      at runMicrotasks (<anonymous>)
      at processTicksAndRejections (internal/process/task_queues.js:93:5) {
    code: 500,
    method: 'post',
    path: '/guilds/837104198419611649/channels'
  }
}
--------------------------------------------------------------------------------------------------------------------------------------------
[CALLER: RequestHandler.js:107:21 | MS: 1620355594973 | DATE: 5/6/2021, 9:46:34 PM]
-------------------------------------------------------------------------------------------------------------------------------------
FetchError: request to https://discordapp.com/api/v7/channels/840041597273767977 failed, reason: getaddrinfo ENOTFOUND discordapp.com
EXTRA INFO:
Promise {
  <rejected> HTTPError [FetchError]: request to https://discordapp.com/api/v7/channels/840041597273767977 failed, reason: getaddrinfo ENOTFOUND discordapp.com
      at RequestHandler.execute (C:\Users\jaces\Desktop\Corebot\node_modules\discord.js\src\rest\RequestHandler.js:107:21)
      at runMicrotasks (<anonymous>)
      at processTicksAndRejections (internal/process/task_queues.js:93:5) {
    code: 500,
    method: 'patch',
    path: '/channels/840041597273767977'
  }
}
-------------------------------------------------------------------------------------------------------------------------------------
[CALLER: RequestHandler.js:107:21 | MS: 1620355595168 | DATE: 5/6/2021, 9:46:35 PM]
-------------------------------------------------------------------------------------------------------------------------------------
FetchError: request to https://discordapp.com/api/v7/channels/840041597390684250 failed, reason: getaddrinfo ENOTFOUND discordapp.com
EXTRA INFO:
Promise {
  <rejected> HTTPError [FetchError]: request to https://discordapp.com/api/v7/channels/840041597390684250 failed, reason: getaddrinfo ENOTFOUND discordapp.com
      at RequestHandler.execute (C:\Users\jaces\Desktop\Corebot\node_modules\discord.js\src\rest\RequestHandler.js:107:21)
      at runMicrotasks (<anonymous>)
      at processTicksAndRejections (internal/process/task_queues.js:93:5) {
    code: 500,
    method: 'patch',
    path: '/channels/840041597390684250'
  }
}
-------------------------------------------------------------------------------------------------------------------------------------
[CALLER: RequestHandler.js:107:21 | MS: 1620355595168 | DATE: 5/6/2021, 9:46:35 PM]
-------------------------------------------------------------------------------------------------------------------------------------
FetchError: request to https://discordapp.com/api/v7/channels/840041596874391572 failed, reason: getaddrinfo ENOTFOUND discordapp.com
EXTRA INFO:
Promise {
  <rejected> HTTPError [FetchError]: request to https://discordapp.com/api/v7/channels/840041596874391572 failed, reason: getaddrinfo ENOTFOUND discordapp.com
      at RequestHandler.execute (C:\Users\jaces\Desktop\Corebot\node_modules\discord.js\src\rest\RequestHandler.js:107:21)
      at runMicrotasks (<anonymous>)
      at processTicksAndRejections (internal/process/task_queues.js:93:5) {
    code: 500,
    method: 'patch',
    path: '/channels/840041596874391572'
  }
}
-------------------------------------------------------------------------------------------------------------------------------------
[CALLER: RequestHandler.js:107:21 | MS: 1620355595169 | DATE: 5/6/2021, 9:46:35 PM]
--------------------------------------------------------------------------------------------------------------------------------------------
FetchError: request to https://discordapp.com/api/v7/guilds/832046329068650526/channels failed, reason: getaddrinfo ENOTFOUND discordapp.com
EXTRA INFO:
Promise {
  <rejected> HTTPError [FetchError]: request to https://discordapp.com/api/v7/guilds/832046329068650526/channels failed, reason: getaddrinfo ENOTFOUND discordapp.com
      at RequestHandler.execute (C:\Users\jaces\Desktop\Corebot\node_modules\discord.js\src\rest\RequestHandler.js:107:21)
      at runMicrotasks (<anonymous>)
      at processTicksAndRejections (internal/process/task_queues.js:93:5) {
    code: 500,
    method: 'post',
    path: '/guilds/832046329068650526/channels'
  }
}
--------------------------------------------------------------------------------------------------------------------------------------------
[CALLER: RequestHandler.js:107:21 | MS: 1620355595170 | DATE: 5/6/2021, 9:46:35 PM]
-------------------------------------------------------------------------------------------------------------------------------------
FetchError: request to https://discordapp.com/api/v7/channels/840041596803612672 failed, reason: getaddrinfo ENOTFOUND discordapp.com
EXTRA INFO:
Promise {
  <rejected> HTTPError [FetchError]: request to https://discordapp.com/api/v7/channels/840041596803612672 failed, reason: getaddrinfo ENOTFOUND discordapp.com
      at RequestHandler.execute (C:\Users\jaces\Desktop\Corebot\node_modules\discord.js\src\rest\RequestHandler.js:107:21)
      at runMicrotasks (<anonymous>)
      at processTicksAndRejections (internal/process/task_queues.js:93:5) {
    code: 500,
    method: 'patch',
    path: '/channels/840041596803612672'
  }
}
-------------------------------------------------------------------------------------------------------------------------------------
[CALLER: RequestHandler.js:107:21 | MS: 1620355595170 | DATE: 5/6/2021, 9:46:35 PM]
-------------------------------------------------------------------------------------------------------------------------------------
FetchError: request to https://discordapp.com/api/v7/channels/840041597273767977 failed, reason: getaddrinfo ENOTFOUND discordapp.com
EXTRA INFO:
Promise {
  <rejected> HTTPError [FetchError]: request to https://discordapp.com/api/v7/channels/840041597273767977 failed, reason: getaddrinfo ENOTFOUND discordapp.com
      at RequestHandler.execute (C:\Users\jaces\Desktop\Corebot\node_modules\discord.js\src\rest\RequestHandler.js:107:21)
      at runMicrotasks (<anonymous>)
      at processTicksAndRejections (internal/process/task_queues.js:93:5) {
    code: 500,
    method: 'patch',
    path: '/channels/840041597273767977'
  }
}
-------------------------------------------------------------------------------------------------------------------------------------
[CALLER: RequestHandler.js:107:21 | MS: 1620355595171 | DATE: 5/6/2021, 9:46:35 PM]
-------------------------------------------------------------------------------------------------------------------------------------
FetchError: request to https://discordapp.com/api/v7/channels/840041597562781708 failed, reason: getaddrinfo ENOTFOUND discordapp.com
EXTRA INFO:
Promise {
  <rejected> HTTPError [FetchError]: request to https://discordapp.com/api/v7/channels/840041597562781708 failed, reason: getaddrinfo ENOTFOUND discordapp.com
      at RequestHandler.execute (C:\Users\jaces\Desktop\Corebot\node_modules\discord.js\src\rest\RequestHandler.js:107:21)
      at runMicrotasks (<anonymous>)
      at processTicksAndRejections (internal/process/task_queues.js:93:5) {
    code: 500,
    method: 'patch',
    path: '/channels/840041597562781708'
  }
}
-------------------------------------------------------------------------------------------------------------------------------------
[CALLER: RequestHandler.js:107:21 | MS: 1620355595169 | DATE: 5/6/2021, 9:46:35 PM]
-------------------------------------------------------------------------------------------------------------------------------------
FetchError: request to https://discordapp.com/api/v7/channels/840041597918773258 failed, reason: getaddrinfo ENOTFOUND discordapp.com
EXTRA INFO:
Promise {
  <rejected> HTTPError [FetchError]: request to https://discordapp.com/api/v7/channels/840041597918773258 failed, reason: getaddrinfo ENOTFOUND discordapp.com
      at RequestHandler.execute (C:\Users\jaces\Desktop\Corebot\node_modules\discord.js\src\rest\RequestHandler.js:107:21)
      at runMicrotasks (<anonymous>)
      at processTicksAndRejections (internal/process/task_queues.js:93:5) {
    code: 500,
    method: 'patch',
    path: '/channels/840041597918773258'
  }
}
-------------------------------------------------------------------------------------------------------------------------------------
[CALLER: RequestHandler.js:107:21 | MS: 1620355595171 | DATE: 5/6/2021, 9:46:35 PM]
--------------------------------------------------------------------------------------------------------------------------------------------
FetchError: request to https://discordapp.com/api/v7/guilds/837104198419611649/channels failed, reason: getaddrinfo ENOTFOUND discordapp.com
EXTRA INFO:
Promise {
  <rejected> HTTPError [FetchError]: request to https://discordapp.com/api/v7/guilds/837104198419611649/channels failed, reason: getaddrinfo ENOTFOUND discordapp.com
      at RequestHandler.execute (C:\Users\jaces\Desktop\Corebot\node_modules\discord.js\src\rest\RequestHandler.js:107:21)
      at runMicrotasks (<anonymous>)
      at processTicksAndRejections (internal/process/task_queues.js:93:5) {
    code: 500,
    method: 'post',
    path: '/guilds/837104198419611649/channels'
  }
}
--------------------------------------------------------------------------------------------------------------------------------------------
[CALLER: RequestHandler.js:107:21 | MS: 1620355606560 | DATE: 5/6/2021, 9:46:46 PM]
-------------------------------------------------------------------------------------------------------------------------------------
FetchError: request to https://discordapp.com/api/v7/channels/840041597390684250 failed, reason: getaddrinfo ENOTFOUND discordapp.com
EXTRA INFO:
Promise {
  <rejected> HTTPError [FetchError]: request to https://discordapp.com/api/v7/channels/840041597390684250 failed, reason: getaddrinfo ENOTFOUND discordapp.com
      at RequestHandler.execute (C:\Users\jaces\Desktop\Corebot\node_modules\discord.js\src\rest\RequestHandler.js:107:21)
      at runMicrotasks (<anonymous>)
      at processTicksAndRejections (internal/process/task_queues.js:93:5) {
    code: 500,
    method: 'patch',
    path: '/channels/840041597390684250'
  }
}
-------------------------------------------------------------------------------------------------------------------------------------
[CALLER: RequestHandler.js:107:21 | MS: 1620355606563 | DATE: 5/6/2021, 9:46:46 PM]
-------------------------------------------------------------------------------------------------------------------------------------
FetchError: request to https://discordapp.com/api/v7/channels/840041596874391572 failed, reason: getaddrinfo ENOTFOUND discordapp.com
EXTRA INFO:
Promise {
  <rejected> HTTPError [FetchError]: request to https://discordapp.com/api/v7/channels/840041596874391572 failed, reason: getaddrinfo ENOTFOUND discordapp.com
      at RequestHandler.execute (C:\Users\jaces\Desktop\Corebot\node_modules\discord.js\src\rest\RequestHandler.js:107:21)
      at runMicrotasks (<anonymous>)
      at processTicksAndRejections (internal/process/task_queues.js:93:5) {
    code: 500,
    method: 'patch',
    path: '/channels/840041596874391572'
  }
}
-------------------------------------------------------------------------------------------------------------------------------------
[CALLER: RequestHandler.js:107:21 | MS: 1620355606566 | DATE: 5/6/2021, 9:46:46 PM]
--------------------------------------------------------------------------------------------------------------------------------------------
FetchError: request to https://discordapp.com/api/v7/guilds/832046329068650526/channels failed, reason: getaddrinfo ENOTFOUND discordapp.com
EXTRA INFO:
Promise {
  <rejected> HTTPError [FetchError]: request to https://discordapp.com/api/v7/guilds/832046329068650526/channels failed, reason: getaddrinfo ENOTFOUND discordapp.com
      at RequestHandler.execute (C:\Users\jaces\Desktop\Corebot\node_modules\discord.js\src\rest\RequestHandler.js:107:21)
      at runMicrotasks (<anonymous>)
      at processTicksAndRejections (internal/process/task_queues.js:93:5) {
    code: 500,
    method: 'post',
    path: '/guilds/832046329068650526/channels'
  }
}
--------------------------------------------------------------------------------------------------------------------------------------------
[CALLER: RequestHandler.js:107:21 | MS: 1620355606571 | DATE: 5/6/2021, 9:46:46 PM]
-------------------------------------------------------------------------------------------------------------------------------------
FetchError: request to https://discordapp.com/api/v7/channels/840041597918773258 failed, reason: getaddrinfo ENOTFOUND discordapp.com
EXTRA INFO:
Promise {
  <rejected> HTTPError [FetchError]: request to https://discordapp.com/api/v7/channels/840041597918773258 failed, reason: getaddrinfo ENOTFOUND discordapp.com
      at RequestHandler.execute (C:\Users\jaces\Desktop\Corebot\node_modules\discord.js\src\rest\RequestHandler.js:107:21)
      at runMicrotasks (<anonymous>)
      at processTicksAndRejections (internal/process/task_queues.js:93:5) {
    code: 500,
    method: 'patch',
    path: '/channels/840041597918773258'
  }
}
-------------------------------------------------------------------------------------------------------------------------------------
[CALLER: RequestHandler.js:107:21 | MS: 1620355606574 | DATE: 5/6/2021, 9:46:46 PM]
-------------------------------------------------------------------------------------------------------------------------------------
FetchError: request to https://discordapp.com/api/v7/channels/840041596803612672 failed, reason: getaddrinfo ENOTFOUND discordapp.com
EXTRA INFO:
Promise {
  <rejected> HTTPError [FetchError]: request to https://discordapp.com/api/v7/channels/840041596803612672 failed, reason: getaddrinfo ENOTFOUND discordapp.com
      at RequestHandler.execute (C:\Users\jaces\Desktop\Corebot\node_modules\discord.js\src\rest\RequestHandler.js:107:21)
      at runMicrotasks (<anonymous>)
      at processTicksAndRejections (internal/process/task_queues.js:93:5) {
    code: 500,
    method: 'patch',
    path: '/channels/840041596803612672'
  }
}
-------------------------------------------------------------------------------------------------------------------------------------
[CALLER: RequestHandler.js:107:21 | MS: 1620355606577 | DATE: 5/6/2021, 9:46:46 PM]
-------------------------------------------------------------------------------------------------------------------------------------
FetchError: request to https://discordapp.com/api/v7/channels/840041597273767977 failed, reason: getaddrinfo ENOTFOUND discordapp.com
EXTRA INFO:
Promise {
  <rejected> HTTPError [FetchError]: request to https://discordapp.com/api/v7/channels/840041597273767977 failed, reason: getaddrinfo ENOTFOUND discordapp.com
      at RequestHandler.execute (C:\Users\jaces\Desktop\Corebot\node_modules\discord.js\src\rest\RequestHandler.js:107:21)
      at runMicrotasks (<anonymous>)
      at processTicksAndRejections (internal/process/task_queues.js:93:5) {
    code: 500,
    method: 'patch',
    path: '/channels/840041597273767977'
  }
}
-------------------------------------------------------------------------------------------------------------------------------------
[CALLER: RequestHandler.js:107:21 | MS: 1620355606581 | DATE: 5/6/2021, 9:46:46 PM]
-------------------------------------------------------------------------------------------------------------------------------------
FetchError: request to https://discordapp.com/api/v7/channels/840041597562781708 failed, reason: getaddrinfo ENOTFOUND discordapp.com
EXTRA INFO:
Promise {
  <rejected> HTTPError [FetchError]: request to https://discordapp.com/api/v7/channels/840041597562781708 failed, reason: getaddrinfo ENOTFOUND discordapp.com
      at RequestHandler.execute (C:\Users\jaces\Desktop\Corebot\node_modules\discord.js\src\rest\RequestHandler.js:107:21)
      at runMicrotasks (<anonymous>)
      at processTicksAndRejections (internal/process/task_queues.js:93:5) {
    code: 500,
    method: 'patch',
    path: '/channels/840041597562781708'
  }
}
-------------------------------------------------------------------------------------------------------------------------------------
[CALLER: RequestHandler.js:107:21 | MS: 1620355606583 | DATE: 5/6/2021, 9:46:46 PM]
--------------------------------------------------------------------------------------------------------------------------------------------
FetchError: request to https://discordapp.com/api/v7/guilds/837104198419611649/channels failed, reason: getaddrinfo ENOTFOUND discordapp.com
EXTRA INFO:
Promise {
  <rejected> HTTPError [FetchError]: request to https://discordapp.com/api/v7/guilds/837104198419611649/channels failed, reason: getaddrinfo ENOTFOUND discordapp.com
      at RequestHandler.execute (C:\Users\jaces\Desktop\Corebot\node_modules\discord.js\src\rest\RequestHandler.js:107:21)
      at runMicrotasks (<anonymous>)
      at processTicksAndRejections (internal/process/task_queues.js:93:5) {
    code: 500,
    method: 'post',
    path: '/guilds/837104198419611649/channels'
  }
}
--------------------------------------------------------------------------------------------------------------------------------------------
[CALLER: RequestHandler.js:107:21 | MS: 1620355610633 | DATE: 5/6/2021, 9:46:50 PM]
-------------------------------------------------------------------------------------------------------------------------------------
FetchError: request to https://discordapp.com/api/v7/channels/840041596874391572 failed, reason: getaddrinfo ENOTFOUND discordapp.com
EXTRA INFO:
Promise {
  <rejected> HTTPError [FetchError]: request to https://discordapp.com/api/v7/channels/840041596874391572 failed, reason: getaddrinfo ENOTFOUND discordapp.com
      at RequestHandler.execute (C:\Users\jaces\Desktop\Corebot\node_modules\discord.js\src\rest\RequestHandler.js:107:21)
      at runMicrotasks (<anonymous>)
      at processTicksAndRejections (internal/process/task_queues.js:93:5) {
    code: 500,
    method: 'patch',
    path: '/channels/840041596874391572'
  }
}
-------------------------------------------------------------------------------------------------------------------------------------
[CALLER: RequestHandler.js:107:21 | MS: 1620355610638 | DATE: 5/6/2021, 9:46:50 PM]
-------------------------------------------------------------------------------------------------------------------------------------
FetchError: request to https://discordapp.com/api/v7/channels/840041597390684250 failed, reason: getaddrinfo ENOTFOUND discordapp.com
EXTRA INFO:
Promise {
  <rejected> HTTPError [FetchError]: request to https://discordapp.com/api/v7/channels/840041597390684250 failed, reason: getaddrinfo ENOTFOUND discordapp.com
      at RequestHandler.execute (C:\Users\jaces\Desktop\Corebot\node_modules\discord.js\src\rest\RequestHandler.js:107:21)
      at runMicrotasks (<anonymous>)
      at processTicksAndRejections (internal/process/task_queues.js:93:5) {
    code: 500,
    method: 'patch',
    path: '/channels/840041597390684250'
  }
}
-------------------------------------------------------------------------------------------------------------------------------------
[CALLER: RequestHandler.js:107:21 | MS: 1620355610646 | DATE: 5/6/2021, 9:46:50 PM]
-------------------------------------------------------------------------------------------------------------------------------------
FetchError: request to https://discordapp.com/api/v7/channels/840041597918773258 failed, reason: getaddrinfo ENOTFOUND discordapp.com
EXTRA INFO:
Promise {
  <rejected> HTTPError [FetchError]: request to https://discordapp.com/api/v7/channels/840041597918773258 failed, reason: getaddrinfo ENOTFOUND discordapp.com
      at RequestHandler.execute (C:\Users\jaces\Desktop\Corebot\node_modules\discord.js\src\rest\RequestHandler.js:107:21)
      at runMicrotasks (<anonymous>)
      at processTicksAndRejections (internal/process/task_queues.js:93:5) {
    code: 500,
    method: 'patch',
    path: '/channels/840041597918773258'
  }
}
-------------------------------------------------------------------------------------------------------------------------------------
[CALLER: RequestHandler.js:107:21 | MS: 1620355610664 | DATE: 5/6/2021, 9:46:50 PM]
-------------------------------------------------------------------------------------------------------------------------------------
FetchError: request to https://discordapp.com/api/v7/channels/840041596803612672 failed, reason: getaddrinfo ENOTFOUND discordapp.com
EXTRA INFO:
Promise {
  <rejected> HTTPError [FetchError]: request to https://discordapp.com/api/v7/channels/840041596803612672 failed, reason: getaddrinfo ENOTFOUND discordapp.com
      at RequestHandler.execute (C:\Users\jaces\Desktop\Corebot\node_modules\discord.js\src\rest\RequestHandler.js:107:21)
      at runMicrotasks (<anonymous>)
      at processTicksAndRejections (internal/process/task_queues.js:93:5) {
    code: 500,
    method: 'patch',
    path: '/channels/840041596803612672'
  }
}
-------------------------------------------------------------------------------------------------------------------------------------
[CALLER: RequestHandler.js:107:21 | MS: 1620355610657 | DATE: 5/6/2021, 9:46:50 PM]
--------------------------------------------------------------------------------------------------------------------------------------------
FetchError: request to https://discordapp.com/api/v7/guilds/832046329068650526/channels failed, reason: getaddrinfo ENOTFOUND discordapp.com
EXTRA INFO:
Promise {
  <rejected> HTTPError [FetchError]: request to https://discordapp.com/api/v7/guilds/832046329068650526/channels failed, reason: getaddrinfo ENOTFOUND discordapp.com
      at RequestHandler.execute (C:\Users\jaces\Desktop\Corebot\node_modules\discord.js\src\rest\RequestHandler.js:107:21)
      at runMicrotasks (<anonymous>)
      at processTicksAndRejections (internal/process/task_queues.js:93:5) {
    code: 500,
    method: 'post',
    path: '/guilds/832046329068650526/channels'
  }
}
--------------------------------------------------------------------------------------------------------------------------------------------
[CALLER: RequestHandler.js:107:21 | MS: 1620355610670 | DATE: 5/6/2021, 9:46:50 PM]
-------------------------------------------------------------------------------------------------------------------------------------
FetchError: request to https://discordapp.com/api/v7/channels/840041597562781708 failed, reason: getaddrinfo ENOTFOUND discordapp.com
EXTRA INFO:
Promise {
  <rejected> HTTPError [FetchError]: request to https://discordapp.com/api/v7/channels/840041597562781708 failed, reason: getaddrinfo ENOTFOUND discordapp.com
      at RequestHandler.execute (C:\Users\jaces\Desktop\Corebot\node_modules\discord.js\src\rest\RequestHandler.js:107:21)
      at runMicrotasks (<anonymous>)
      at processTicksAndRejections (internal/process/task_queues.js:93:5) {
    code: 500,
    method: 'patch',
    path: '/channels/840041597562781708'
  }
}
-------------------------------------------------------------------------------------------------------------------------------------
[CALLER: RequestHandler.js:107:21 | MS: 1620355610672 | DATE: 5/6/2021, 9:46:50 PM]
--------------------------------------------------------------------------------------------------------------------------------------------
FetchError: request to https://discordapp.com/api/v7/guilds/837104198419611649/channels failed, reason: getaddrinfo ENOTFOUND discordapp.com
EXTRA INFO:
Promise {
  <rejected> HTTPError [FetchError]: request to https://discordapp.com/api/v7/guilds/837104198419611649/channels failed, reason: getaddrinfo ENOTFOUND discordapp.com
      at RequestHandler.execute (C:\Users\jaces\Desktop\Corebot\node_modules\discord.js\src\rest\RequestHandler.js:107:21)
      at runMicrotasks (<anonymous>)
      at processTicksAndRejections (internal/process/task_queues.js:93:5) {
    code: 500,
    method: 'post',
    path: '/guilds/837104198419611649/channels'
  }
}
--------------------------------------------------------------------------------------------------------------------------------------------
[CALLER: RequestHandler.js:107:21 | MS: 1620355610668 | DATE: 5/6/2021, 9:46:50 PM]
-------------------------------------------------------------------------------------------------------------------------------------
FetchError: request to https://discordapp.com/api/v7/channels/840041597273767977 failed, reason: getaddrinfo ENOTFOUND discordapp.com
EXTRA INFO:
Promise {
  <rejected> HTTPError [FetchError]: request to https://discordapp.com/api/v7/channels/840041597273767977 failed, reason: getaddrinfo ENOTFOUND discordapp.com
      at RequestHandler.execute (C:\Users\jaces\Desktop\Corebot\node_modules\discord.js\src\rest\RequestHandler.js:107:21)
      at runMicrotasks (<anonymous>)
      at processTicksAndRejections (internal/process/task_queues.js:93:5) {
    code: 500,
    method: 'patch',
    path: '/channels/840041597273767977'
  }
}
-------------------------------------------------------------------------------------------------------------------------------------
[CALLER: RequestHandler.js:107:21 | MS: 1620355612742 | DATE: 5/6/2021, 9:46:52 PM]
-------------------------------------------------------------------------------------------------------------------------------------
FetchError: request to https://discordapp.com/api/v7/channels/840041596874391572 failed, reason: getaddrinfo ENOTFOUND discordapp.com
EXTRA INFO:
Promise {
  <rejected> HTTPError [FetchError]: request to https://discordapp.com/api/v7/channels/840041596874391572 failed, reason: getaddrinfo ENOTFOUND discordapp.com
      at RequestHandler.execute (C:\Users\jaces\Desktop\Corebot\node_modules\discord.js\src\rest\RequestHandler.js:107:21)
      at runMicrotasks (<anonymous>)
      at processTicksAndRejections (internal/process/task_queues.js:93:5) {
    code: 500,
    method: 'patch',
    path: '/channels/840041596874391572'
  }
}
-------------------------------------------------------------------------------------------------------------------------------------
[CALLER: RequestHandler.js:107:21 | MS: 1620355612743 | DATE: 5/6/2021, 9:46:52 PM]
-------------------------------------------------------------------------------------------------------------------------------------
FetchError: request to https://discordapp.com/api/v7/channels/840041597390684250 failed, reason: getaddrinfo ENOTFOUND discordapp.com
EXTRA INFO:
Promise {
  <rejected> HTTPError [FetchError]: request to https://discordapp.com/api/v7/channels/840041597390684250 failed, reason: getaddrinfo ENOTFOUND discordapp.com
      at RequestHandler.execute (C:\Users\jaces\Desktop\Corebot\node_modules\discord.js\src\rest\RequestHandler.js:107:21)
      at runMicrotasks (<anonymous>)
      at processTicksAndRejections (internal/process/task_queues.js:93:5) {
    code: 500,
    method: 'patch',
    path: '/channels/840041597390684250'
  }
}
-------------------------------------------------------------------------------------------------------------------------------------
[CALLER: RequestHandler.js:107:21 | MS: 1620355612743 | DATE: 5/6/2021, 9:46:52 PM]
-------------------------------------------------------------------------------------------------------------------------------------
FetchError: request to https://discordapp.com/api/v7/channels/840041597918773258 failed, reason: getaddrinfo ENOTFOUND discordapp.com
EXTRA INFO:
Promise {
  <rejected> HTTPError [FetchError]: request to https://discordapp.com/api/v7/channels/840041597918773258 failed, reason: getaddrinfo ENOTFOUND discordapp.com
      at RequestHandler.execute (C:\Users\jaces\Desktop\Corebot\node_modules\discord.js\src\rest\RequestHandler.js:107:21)
      at runMicrotasks (<anonymous>)
      at processTicksAndRejections (internal/process/task_queues.js:93:5) {
    code: 500,
    method: 'patch',
    path: '/channels/840041597918773258'
  }
}
-------------------------------------------------------------------------------------------------------------------------------------
[CALLER: RequestHandler.js:107:21 | MS: 1620355612744 | DATE: 5/6/2021, 9:46:52 PM]
--------------------------------------------------------------------------------------------------------------------------------------------
FetchError: request to https://discordapp.com/api/v7/guilds/832046329068650526/channels failed, reason: getaddrinfo ENOTFOUND discordapp.com
EXTRA INFO:
Promise {
  <rejected> HTTPError [FetchError]: request to https://discordapp.com/api/v7/guilds/832046329068650526/channels failed, reason: getaddrinfo ENOTFOUND discordapp.com
      at RequestHandler.execute (C:\Users\jaces\Desktop\Corebot\node_modules\discord.js\src\rest\RequestHandler.js:107:21)
      at runMicrotasks (<anonymous>)
      at processTicksAndRejections (internal/process/task_queues.js:93:5) {
    code: 500,
    method: 'post',
    path: '/guilds/832046329068650526/channels'
  }
}
--------------------------------------------------------------------------------------------------------------------------------------------
[CALLER: RequestHandler.js:107:21 | MS: 1620355612745 | DATE: 5/6/2021, 9:46:52 PM]
--------------------------------------------------------------------------------------------------------------------------------------------
FetchError: request to https://discordapp.com/api/v7/guilds/837104198419611649/channels failed, reason: getaddrinfo ENOTFOUND discordapp.com
EXTRA INFO:
Promise {
  <rejected> HTTPError [FetchError]: request to https://discordapp.com/api/v7/guilds/837104198419611649/channels failed, reason: getaddrinfo ENOTFOUND discordapp.com
      at RequestHandler.execute (C:\Users\jaces\Desktop\Corebot\node_modules\discord.js\src\rest\RequestHandler.js:107:21)
      at runMicrotasks (<anonymous>)
      at processTicksAndRejections (internal/process/task_queues.js:93:5) {
    code: 500,
    method: 'post',
    path: '/guilds/837104198419611649/channels'
  }
}
--------------------------------------------------------------------------------------------------------------------------------------------
[CALLER: RequestHandler.js:107:21 | MS: 1620355612744 | DATE: 5/6/2021, 9:46:52 PM]
-------------------------------------------------------------------------------------------------------------------------------------
FetchError: request to https://discordapp.com/api/v7/channels/840041596803612672 failed, reason: getaddrinfo ENOTFOUND discordapp.com
EXTRA INFO:
Promise {
  <rejected> HTTPError [FetchError]: request to https://discordapp.com/api/v7/channels/840041596803612672 failed, reason: getaddrinfo ENOTFOUND discordapp.com
      at RequestHandler.execute (C:\Users\jaces\Desktop\Corebot\node_modules\discord.js\src\rest\RequestHandler.js:107:21)
      at runMicrotasks (<anonymous>)
      at processTicksAndRejections (internal/process/task_queues.js:93:5) {
    code: 500,
    method: 'patch',
    path: '/channels/840041596803612672'
  }
}
-------------------------------------------------------------------------------------------------------------------------------------
[CALLER: RequestHandler.js:107:21 | MS: 1620355612745 | DATE: 5/6/2021, 9:46:52 PM]
-------------------------------------------------------------------------------------------------------------------------------------
FetchError: request to https://discordapp.com/api/v7/channels/840041597273767977 failed, reason: getaddrinfo ENOTFOUND discordapp.com
EXTRA INFO:
Promise {
  <rejected> HTTPError [FetchError]: request to https://discordapp.com/api/v7/channels/840041597273767977 failed, reason: getaddrinfo ENOTFOUND discordapp.com
      at RequestHandler.execute (C:\Users\jaces\Desktop\Corebot\node_modules\discord.js\src\rest\RequestHandler.js:107:21)
      at runMicrotasks (<anonymous>)
      at processTicksAndRejections (internal/process/task_queues.js:93:5) {
    code: 500,
    method: 'patch',
    path: '/channels/840041597273767977'
  }
}
-------------------------------------------------------------------------------------------------------------------------------------
[CALLER: RequestHandler.js:107:21 | MS: 1620355612746 | DATE: 5/6/2021, 9:46:52 PM]
-------------------------------------------------------------------------------------------------------------------------------------
FetchError: request to https://discordapp.com/api/v7/channels/840041597562781708 failed, reason: getaddrinfo ENOTFOUND discordapp.com
EXTRA INFO:
Promise {
  <rejected> HTTPError [FetchError]: request to https://discordapp.com/api/v7/channels/840041597562781708 failed, reason: getaddrinfo ENOTFOUND discordapp.com
      at RequestHandler.execute (C:\Users\jaces\Desktop\Corebot\node_modules\discord.js\src\rest\RequestHandler.js:107:21)
      at runMicrotasks (<anonymous>)
      at processTicksAndRejections (internal/process/task_queues.js:93:5) {
    code: 500,
    method: 'patch',
    path: '/channels/840041597562781708'
  }
}
-------------------------------------------------------------------------------------------------------------------------------------
[CALLER: RequestHandler.js:107:21 | MS: 1620355614318 | DATE: 5/6/2021, 9:46:54 PM]
-------------------------------------------------------------------------------------------------------------------------------------
FetchError: request to https://discordapp.com/api/v7/channels/840041597390684250 failed, reason: getaddrinfo ENOTFOUND discordapp.com
EXTRA INFO:
Promise {
  <rejected> HTTPError [FetchError]: request to https://discordapp.com/api/v7/channels/840041597390684250 failed, reason: getaddrinfo ENOTFOUND discordapp.com
      at RequestHandler.execute (C:\Users\jaces\Desktop\Corebot\node_modules\discord.js\src\rest\RequestHandler.js:107:21)
      at runMicrotasks (<anonymous>)
      at processTicksAndRejections (internal/process/task_queues.js:93:5) {
    code: 500,
    method: 'patch',
    path: '/channels/840041597390684250'
  }
}
-------------------------------------------------------------------------------------------------------------------------------------
[CALLER: RequestHandler.js:107:21 | MS: 1620355614323 | DATE: 5/6/2021, 9:46:54 PM]
-------------------------------------------------------------------------------------------------------------------------------------
FetchError: request to https://discordapp.com/api/v7/channels/840041597918773258 failed, reason: getaddrinfo ENOTFOUND discordapp.com
EXTRA INFO:
Promise {
  <rejected> HTTPError [FetchError]: request to https://discordapp.com/api/v7/channels/840041597918773258 failed, reason: getaddrinfo ENOTFOUND discordapp.com
      at RequestHandler.execute (C:\Users\jaces\Desktop\Corebot\node_modules\discord.js\src\rest\RequestHandler.js:107:21)
      at runMicrotasks (<anonymous>)
      at processTicksAndRejections (internal/process/task_queues.js:93:5) {
    code: 500,
    method: 'patch',
    path: '/channels/840041597918773258'
  }
}
-------------------------------------------------------------------------------------------------------------------------------------
[CALLER: RequestHandler.js:107:21 | MS: 1620355614325 | DATE: 5/6/2021, 9:46:54 PM]
--------------------------------------------------------------------------------------------------------------------------------------------
FetchError: request to https://discordapp.com/api/v7/guilds/832046329068650526/channels failed, reason: getaddrinfo ENOTFOUND discordapp.com
EXTRA INFO:
Promise {
  <rejected> HTTPError [FetchError]: request to https://discordapp.com/api/v7/guilds/832046329068650526/channels failed, reason: getaddrinfo ENOTFOUND discordapp.com
      at RequestHandler.execute (C:\Users\jaces\Desktop\Corebot\node_modules\discord.js\src\rest\RequestHandler.js:107:21)
      at runMicrotasks (<anonymous>)
      at processTicksAndRejections (internal/process/task_queues.js:93:5) {
    code: 500,
    method: 'post',
    path: '/guilds/832046329068650526/channels'
  }
}
--------------------------------------------------------------------------------------------------------------------------------------------
[CALLER: RequestHandler.js:107:21 | MS: 1620355614329 | DATE: 5/6/2021, 9:46:54 PM]
-------------------------------------------------------------------------------------------------------------------------------------
FetchError: request to https://discordapp.com/api/v7/channels/840041596803612672 failed, reason: getaddrinfo ENOTFOUND discordapp.com
EXTRA INFO:
Promise {
  <rejected> HTTPError [FetchError]: request to https://discordapp.com/api/v7/channels/840041596803612672 failed, reason: getaddrinfo ENOTFOUND discordapp.com
      at RequestHandler.execute (C:\Users\jaces\Desktop\Corebot\node_modules\discord.js\src\rest\RequestHandler.js:107:21)
      at runMicrotasks (<anonymous>)
      at processTicksAndRejections (internal/process/task_queues.js:93:5) {
    code: 500,
    method: 'patch',
    path: '/channels/840041596803612672'
  }
}
-------------------------------------------------------------------------------------------------------------------------------------
[CALLER: RequestHandler.js:107:21 | MS: 1620355614320 | DATE: 5/6/2021, 9:46:54 PM]
-------------------------------------------------------------------------------------------------------------------------------------
FetchError: request to https://discordapp.com/api/v7/channels/840041596874391572 failed, reason: getaddrinfo ENOTFOUND discordapp.com
EXTRA INFO:
Promise {
  <rejected> HTTPError [FetchError]: request to https://discordapp.com/api/v7/channels/840041596874391572 failed, reason: getaddrinfo ENOTFOUND discordapp.com
      at RequestHandler.execute (C:\Users\jaces\Desktop\Corebot\node_modules\discord.js\src\rest\RequestHandler.js:107:21)
      at runMicrotasks (<anonymous>)
      at processTicksAndRejections (internal/process/task_queues.js:93:5) {
    code: 500,
    method: 'patch',
    path: '/channels/840041596874391572'
  }
}
-------------------------------------------------------------------------------------------------------------------------------------
[CALLER: RequestHandler.js:107:21 | MS: 1620355614331 | DATE: 5/6/2021, 9:46:54 PM]
-------------------------------------------------------------------------------------------------------------------------------------
FetchError: request to https://discordapp.com/api/v7/channels/840041597273767977 failed, reason: getaddrinfo ENOTFOUND discordapp.com
EXTRA INFO:
Promise {
  <rejected> HTTPError [FetchError]: request to https://discordapp.com/api/v7/channels/840041597273767977 failed, reason: getaddrinfo ENOTFOUND discordapp.com
      at RequestHandler.execute (C:\Users\jaces\Desktop\Corebot\node_modules\discord.js\src\rest\RequestHandler.js:107:21)
      at runMicrotasks (<anonymous>)
      at processTicksAndRejections (internal/process/task_queues.js:93:5) {
    code: 500,
    method: 'patch',
    path: '/channels/840041597273767977'
  }
}
-------------------------------------------------------------------------------------------------------------------------------------
[CALLER: RequestHandler.js:107:21 | MS: 1620355614335 | DATE: 5/6/2021, 9:46:54 PM]
--------------------------------------------------------------------------------------------------------------------------------------------
FetchError: request to https://discordapp.com/api/v7/guilds/837104198419611649/channels failed, reason: getaddrinfo ENOTFOUND discordapp.com
EXTRA INFO:
Promise {
  <rejected> HTTPError [FetchError]: request to https://discordapp.com/api/v7/guilds/837104198419611649/channels failed, reason: getaddrinfo ENOTFOUND discordapp.com
      at RequestHandler.execute (C:\Users\jaces\Desktop\Corebot\node_modules\discord.js\src\rest\RequestHandler.js:107:21)
      at runMicrotasks (<anonymous>)
      at processTicksAndRejections (internal/process/task_queues.js:93:5) {
    code: 500,
    method: 'post',
    path: '/guilds/837104198419611649/channels'
  }
}
--------------------------------------------------------------------------------------------------------------------------------------------
[CALLER: RequestHandler.js:107:21 | MS: 1620355614334 | DATE: 5/6/2021, 9:46:54 PM]
-------------------------------------------------------------------------------------------------------------------------------------
FetchError: request to https://discordapp.com/api/v7/channels/840041597562781708 failed, reason: getaddrinfo ENOTFOUND discordapp.com
EXTRA INFO:
Promise {
  <rejected> HTTPError [FetchError]: request to https://discordapp.com/api/v7/channels/840041597562781708 failed, reason: getaddrinfo ENOTFOUND discordapp.com
      at RequestHandler.execute (C:\Users\jaces\Desktop\Corebot\node_modules\discord.js\src\rest\RequestHandler.js:107:21)
      at runMicrotasks (<anonymous>)
      at processTicksAndRejections (internal/process/task_queues.js:93:5) {
    code: 500,
    method: 'patch',
    path: '/channels/840041597562781708'
  }
}
-------------------------------------------------------------------------------------------------------------------------------------
[CALLER: Promise {
  <rejected> DiscordAPIError: Invalid Form Body
  name: This field is required
      at RequestHandler.execute (C:\Users\jaces\Desktop\Corebot\node_modules\discord.js\src\rest\RequestHandler.js:170:25)
      at runMicrotasks (<anonymous>)
      at processTicksAndRejections (internal/process/task_queues.js:93:5) {
    method: 'post',
    path: '/guilds/832046329068650526/channels',
    code: 50035,
    httpStatus: 400
  }
} | MS: 1620355619374 | DATE: 5/6/2021, 9:46:59 PM]
----------------------------------
DiscordAPIError: Invalid Form Body
name: This field is required
EXTRA INFO:
Unknown
----------------------------------
[CALLER: Promise {
  <rejected> DiscordAPIError: Invalid Form Body
  name: This field is required
      at RequestHandler.execute (C:\Users\jaces\Desktop\Corebot\node_modules\discord.js\src\rest\RequestHandler.js:170:25)
      at runMicrotasks (<anonymous>)
      at processTicksAndRejections (internal/process/task_queues.js:93:5) {
    method: 'post',
    path: '/guilds/837104198419611649/channels',
    code: 50035,
    httpStatus: 400
  }
} | MS: 1620355619396 | DATE: 5/6/2021, 9:46:59 PM]
----------------------------------
DiscordAPIError: Invalid Form Body
name: This field is required
EXTRA INFO:
Unknown
----------------------------------
[CALLER: Promise {
  <rejected> DiscordAPIError: Invalid Form Body
  name: This field is required
      at RequestHandler.execute (C:\Users\jaces\Desktop\Corebot\node_modules\discord.js\src\rest\RequestHandler.js:170:25)
      at runMicrotasks (<anonymous>)
      at processTicksAndRejections (internal/process/task_queues.js:93:5) {
    method: 'post',
    path: '/guilds/832046329068650526/channels',
    code: 50035,
    httpStatus: 400
  }
} | MS: 1620355620373 | DATE: 5/6/2021, 9:47:00 PM]
----------------------------------
DiscordAPIError: Invalid Form Body
name: This field is required
EXTRA INFO:
Unknown
----------------------------------
[CALLER: Promise {
  <rejected> DiscordAPIError: Invalid Form Body
  name: This field is required
      at RequestHandler.execute (C:\Users\jaces\Desktop\Corebot\node_modules\discord.js\src\rest\RequestHandler.js:170:25)
      at runMicrotasks (<anonymous>)
      at processTicksAndRejections (internal/process/task_queues.js:93:5) {
    method: 'post',
    path: '/guilds/837104198419611649/channels',
    code: 50035,
    httpStatus: 400
  }
} | MS: 1620355620381 | DATE: 5/6/2021, 9:47:00 PM]
----------------------------------
DiscordAPIError: Invalid Form Body
name: This field is required
EXTRA INFO:
Unknown
----------------------------------
[CALLER: Promise {
  <rejected> DiscordAPIError: Invalid Form Body
  name: This field is required
      at RequestHandler.execute (C:\Users\jaces\Desktop\Corebot\node_modules\discord.js\src\rest\RequestHandler.js:170:25)
      at runMicrotasks (<anonymous>)
      at processTicksAndRejections (internal/process/task_queues.js:93:5) {
    method: 'post',
    path: '/guilds/832046329068650526/channels',
    code: 50035,
    httpStatus: 400
  }
} | MS: 1620355621312 | DATE: 5/6/2021, 9:47:01 PM]
----------------------------------
DiscordAPIError: Invalid Form Body
name: This field is required
EXTRA INFO:
Unknown
----------------------------------
[CALLER: Promise {
  <rejected> DiscordAPIError: Invalid Form Body
  name: This field is required
      at RequestHandler.execute (C:\Users\jaces\Desktop\Corebot\node_modules\discord.js\src\rest\RequestHandler.js:170:25)
      at runMicrotasks (<anonymous>)
      at processTicksAndRejections (internal/process/task_queues.js:93:5) {
    method: 'post',
    path: '/guilds/837104198419611649/channels',
    code: 50035,
    httpStatus: 400
  }
} | MS: 1620355621348 | DATE: 5/6/2021, 9:47:01 PM]
----------------------------------
DiscordAPIError: Invalid Form Body
name: This field is required
EXTRA INFO:
Unknown
----------------------------------
[CALLER: Promise {
  <rejected> DiscordAPIError: Invalid Form Body
  name: This field is required
      at RequestHandler.execute (C:\Users\jaces\Desktop\Corebot\node_modules\discord.js\src\rest\RequestHandler.js:170:25)
      at runMicrotasks (<anonymous>)
      at processTicksAndRejections (internal/process/task_queues.js:93:5) {
    method: 'post',
    path: '/guilds/837104198419611649/channels',
    code: 50035,
    httpStatus: 400
  }
} | MS: 1620355623627 | DATE: 5/6/2021, 9:47:03 PM]
----------------------------------
DiscordAPIError: Invalid Form Body
name: This field is required
EXTRA INFO:
Unknown
----------------------------------
[CALLER: Promise {
  <rejected> DiscordAPIError: Invalid Form Body
  name: This field is required
      at RequestHandler.execute (C:\Users\jaces\Desktop\Corebot\node_modules\discord.js\src\rest\RequestHandler.js:170:25)
      at runMicrotasks (<anonymous>)
      at processTicksAndRejections (internal/process/task_queues.js:93:5) {
    method: 'post',
    path: '/guilds/832046329068650526/channels',
    code: 50035,
    httpStatus: 400
  }
} | MS: 1620355623640 | DATE: 5/6/2021, 9:47:03 PM]
----------------------------------
DiscordAPIError: Invalid Form Body
name: This field is required
EXTRA INFO:
Unknown
----------------------------------
[CALLER: Promise {
  <rejected> DiscordAPIError: Invalid Form Body
  name: This field is required
      at RequestHandler.execute (C:\Users\jaces\Desktop\Corebot\node_modules\discord.js\src\rest\RequestHandler.js:170:25)
      at runMicrotasks (<anonymous>)
      at processTicksAndRejections (internal/process/task_queues.js:93:5) {
    method: 'post',
    path: '/guilds/837104198419611649/channels',
    code: 50035,
    httpStatus: 400
  }
} | MS: 1620355625068 | DATE: 5/6/2021, 9:47:05 PM]
----------------------------------
DiscordAPIError: Invalid Form Body
name: This field is required
EXTRA INFO:
Unknown
----------------------------------
[CALLER: Promise {
  <rejected> DiscordAPIError: Invalid Form Body
  name: This field is required
      at RequestHandler.execute (C:\Users\jaces\Desktop\Corebot\node_modules\discord.js\src\rest\RequestHandler.js:170:25)
      at runMicrotasks (<anonymous>)
      at processTicksAndRejections (internal/process/task_queues.js:93:5) {
    method: 'post',
    path: '/guilds/832046329068650526/channels',
    code: 50035,
    httpStatus: 400
  }
} | MS: 1620355625068 | DATE: 5/6/2021, 9:47:05 PM]
----------------------------------
DiscordAPIError: Invalid Form Body
name: This field is required
EXTRA INFO:
Unknown
----------------------------------
[CALLER: Promise {
  <rejected> DiscordAPIError: Invalid Form Body
  name: This field is required
      at RequestHandler.execute (C:\Users\jaces\Desktop\Corebot\node_modules\discord.js\src\rest\RequestHandler.js:170:25)
      at runMicrotasks (<anonymous>)
      at processTicksAndRejections (internal/process/task_queues.js:93:5) {
    method: 'post',
    path: '/guilds/837104198419611649/channels',
    code: 50035,
    httpStatus: 400
  }
} | MS: 1620355625262 | DATE: 5/6/2021, 9:47:05 PM]
----------------------------------
DiscordAPIError: Invalid Form Body
name: This field is required
EXTRA INFO:
Unknown
----------------------------------
[CALLER: Promise {
  <rejected> DiscordAPIError: Invalid Form Body
  name: This field is required
      at RequestHandler.execute (C:\Users\jaces\Desktop\Corebot\node_modules\discord.js\src\rest\RequestHandler.js:170:25)
      at runMicrotasks (<anonymous>)
      at processTicksAndRejections (internal/process/task_queues.js:93:5) {
    method: 'post',
    path: '/guilds/832046329068650526/channels',
    code: 50035,
    httpStatus: 400
  }
} | MS: 1620355625288 | DATE: 5/6/2021, 9:47:05 PM]
----------------------------------
DiscordAPIError: Invalid Form Body
name: This field is required
EXTRA INFO:
Unknown
----------------------------------
[CALLER: Promise {
  <rejected> DiscordAPIError: Invalid Form Body
  name: This field is required
      at RequestHandler.execute (C:\Users\jaces\Desktop\Corebot\node_modules\discord.js\src\rest\RequestHandler.js:170:25)
      at processTicksAndRejections (internal/process/task_queues.js:93:5) {
    method: 'post',
    path: '/guilds/832046329068650526/channels',
    code: 50035,
    httpStatus: 400
  }
} | MS: 1620355636652 | DATE: 5/6/2021, 9:47:16 PM]
----------------------------------
DiscordAPIError: Invalid Form Body
name: This field is required
EXTRA INFO:
Unknown
----------------------------------
[CALLER: Promise {
  <rejected> DiscordAPIError: Invalid Form Body
  name: This field is required
      at RequestHandler.execute (C:\Users\jaces\Desktop\Corebot\node_modules\discord.js\src\rest\RequestHandler.js:170:25)
      at processTicksAndRejections (internal/process/task_queues.js:93:5) {
    method: 'post',
    path: '/guilds/837104198419611649/channels',
    code: 50035,
    httpStatus: 400
  }
} | MS: 1620355636673 | DATE: 5/6/2021, 9:47:16 PM]
----------------------------------
DiscordAPIError: Invalid Form Body
name: This field is required
EXTRA INFO:
Unknown
----------------------------------
[CALLER: Promise {
  <rejected> DiscordAPIError: Invalid Form Body
  name: This field is required
      at RequestHandler.execute (C:\Users\jaces\Desktop\Corebot\node_modules\discord.js\src\rest\RequestHandler.js:170:25)
      at processTicksAndRejections (internal/process/task_queues.js:93:5) {
    method: 'post',
    path: '/guilds/837104198419611649/channels',
    code: 50035,
    httpStatus: 400
  }
} | MS: 1620355640721 | DATE: 5/6/2021, 9:47:20 PM]
----------------------------------
DiscordAPIError: Invalid Form Body
name: This field is required
EXTRA INFO:
Unknown
----------------------------------
[CALLER: Promise {
  <rejected> DiscordAPIError: Invalid Form Body
  name: This field is required
      at RequestHandler.execute (C:\Users\jaces\Desktop\Corebot\node_modules\discord.js\src\rest\RequestHandler.js:170:25)
      at processTicksAndRejections (internal/process/task_queues.js:93:5) {
    method: 'post',
    path: '/guilds/832046329068650526/channels',
    code: 50035,
    httpStatus: 400
  }
} | MS: 1620355640750 | DATE: 5/6/2021, 9:47:20 PM]
----------------------------------
DiscordAPIError: Invalid Form Body
name: This field is required
EXTRA INFO:
Unknown
----------------------------------
[CALLER: Promise {
  <rejected> DiscordAPIError: Invalid Form Body
  name: This field is required
      at RequestHandler.execute (C:\Users\jaces\Desktop\Corebot\node_modules\discord.js\src\rest\RequestHandler.js:170:25)
      at processTicksAndRejections (internal/process/task_queues.js:93:5) {
    method: 'post',
    path: '/guilds/837104198419611649/channels',
    code: 50035,
    httpStatus: 400
  }
} | MS: 1620355642839 | DATE: 5/6/2021, 9:47:22 PM]
----------------------------------
DiscordAPIError: Invalid Form Body
name: This field is required
EXTRA INFO:
Unknown
----------------------------------
[CALLER: Promise {
  <rejected> DiscordAPIError: Invalid Form Body
  name: This field is required
      at RequestHandler.execute (C:\Users\jaces\Desktop\Corebot\node_modules\discord.js\src\rest\RequestHandler.js:170:25)
      at processTicksAndRejections (internal/process/task_queues.js:93:5) {
    method: 'post',
    path: '/guilds/832046329068650526/channels',
    code: 50035,
    httpStatus: 400
  }
} | MS: 1620355642855 | DATE: 5/6/2021, 9:47:22 PM]
----------------------------------
DiscordAPIError: Invalid Form Body
name: This field is required
EXTRA INFO:
Unknown
----------------------------------
[CALLER: Promise {
  <rejected> DiscordAPIError: Invalid Form Body
  name: This field is required
      at RequestHandler.execute (C:\Users\jaces\Desktop\Corebot\node_modules\discord.js\src\rest\RequestHandler.js:170:25)
      at processTicksAndRejections (internal/process/task_queues.js:93:5) {
    method: 'post',
    path: '/guilds/837104198419611649/channels',
    code: 50035,
    httpStatus: 400
  }
} | MS: 1620355644411 | DATE: 5/6/2021, 9:47:24 PM]
----------------------------------
DiscordAPIError: Invalid Form Body
name: This field is required
EXTRA INFO:
Unknown
----------------------------------
[CALLER: Promise {
  <rejected> DiscordAPIError: Invalid Form Body
  name: This field is required
      at RequestHandler.execute (C:\Users\jaces\Desktop\Corebot\node_modules\discord.js\src\rest\RequestHandler.js:170:25)
      at processTicksAndRejections (internal/process/task_queues.js:93:5) {
    method: 'post',
    path: '/guilds/832046329068650526/channels',
    code: 50035,
    httpStatus: 400
  }
} | MS: 1620355644412 | DATE: 5/6/2021, 9:47:24 PM]
----------------------------------
DiscordAPIError: Invalid Form Body
name: This field is required
EXTRA INFO:
Unknown
----------------------------------
[CALLER: Promise {
  <rejected> DiscordAPIError: Invalid Form Body
  name: This field is required
      at RequestHandler.execute (C:\Users\jaces\Desktop\Corebot\node_modules\discord.js\src\rest\RequestHandler.js:170:25)
      at processTicksAndRejections (internal/process/task_queues.js:93:5) {
    method: 'post',
    path: '/guilds/837104198419611649/channels',
    code: 50035,
    httpStatus: 400
  }
} | MS: 1620355649205 | DATE: 5/6/2021, 9:47:29 PM]
----------------------------------
DiscordAPIError: Invalid Form Body
name: This field is required
EXTRA INFO:
Unknown
----------------------------------
[CALLER: Promise {
  <rejected> DiscordAPIError: Invalid Form Body
  name: This field is required
      at RequestHandler.execute (C:\Users\jaces\Desktop\Corebot\node_modules\discord.js\src\rest\RequestHandler.js:170:25)
      at processTicksAndRejections (internal/process/task_queues.js:93:5) {
    method: 'post',
    path: '/guilds/832046329068650526/channels',
    code: 50035,
    httpStatus: 400
  }
} | MS: 1620355649206 | DATE: 5/6/2021, 9:47:29 PM]
----------------------------------
DiscordAPIError: Invalid Form Body
name: This field is required
EXTRA INFO:
Unknown
----------------------------------
[CALLER: Promise {
  <rejected> DiscordAPIError: Invalid Form Body
  name: This field is required
      at RequestHandler.execute (C:\Users\jaces\Desktop\Corebot\node_modules\discord.js\src\rest\RequestHandler.js:170:25)
      at processTicksAndRejections (internal/process/task_queues.js:93:5) {
    method: 'post',
    path: '/guilds/832046329068650526/channels',
    code: 50035,
    httpStatus: 400
  }
} | MS: 1620355650362 | DATE: 5/6/2021, 9:47:30 PM]
----------------------------------
DiscordAPIError: Invalid Form Body
name: This field is required
EXTRA INFO:
Unknown
----------------------------------
[CALLER: Promise {
  <rejected> DiscordAPIError: Invalid Form Body
  name: This field is required
      at RequestHandler.execute (C:\Users\jaces\Desktop\Corebot\node_modules\discord.js\src\rest\RequestHandler.js:170:25)
      at processTicksAndRejections (internal/process/task_queues.js:93:5) {
    method: 'post',
    path: '/guilds/837104198419611649/channels',
    code: 50035,
    httpStatus: 400
  }
} | MS: 1620355650373 | DATE: 5/6/2021, 9:47:30 PM]
----------------------------------
DiscordAPIError: Invalid Form Body
name: This field is required
EXTRA INFO:
Unknown
----------------------------------
[CALLER: Promise {
  <rejected> DiscordAPIError: Invalid Form Body
  name: This field is required
      at RequestHandler.execute (C:\Users\jaces\Desktop\Corebot\node_modules\discord.js\src\rest\RequestHandler.js:170:25)
      at processTicksAndRejections (internal/process/task_queues.js:93:5) {
    method: 'post',
    path: '/guilds/837104198419611649/channels',
    code: 50035,
    httpStatus: 400
  }
} | MS: 1620355651269 | DATE: 5/6/2021, 9:47:31 PM]
----------------------------------
DiscordAPIError: Invalid Form Body
name: This field is required
EXTRA INFO:
Unknown
----------------------------------
[CALLER: Promise {
  <rejected> DiscordAPIError: Invalid Form Body
  name: This field is required
      at RequestHandler.execute (C:\Users\jaces\Desktop\Corebot\node_modules\discord.js\src\rest\RequestHandler.js:170:25)
      at processTicksAndRejections (internal/process/task_queues.js:93:5) {
    method: 'post',
    path: '/guilds/832046329068650526/channels',
    code: 50035,
    httpStatus: 400
  }
} | MS: 1620355651280 | DATE: 5/6/2021, 9:47:31 PM]
----------------------------------
DiscordAPIError: Invalid Form Body
name: This field is required
EXTRA INFO:
Unknown
----------------------------------
[CALLER: Promise {
  <rejected> DiscordAPIError: Invalid Form Body
  name: This field is required
      at RequestHandler.execute (C:\Users\jaces\Desktop\Corebot\node_modules\discord.js\src\rest\RequestHandler.js:170:25)
      at processTicksAndRejections (internal/process/task_queues.js:93:5) {
    method: 'post',
    path: '/guilds/837104198419611649/channels',
    code: 50035,
    httpStatus: 400
  }
} | MS: 1620355651379 | DATE: 5/6/2021, 9:47:31 PM]
----------------------------------
DiscordAPIError: Invalid Form Body
name: This field is required
EXTRA INFO:
Unknown
----------------------------------
[CALLER: Promise {
  <rejected> DiscordAPIError: Invalid Form Body
  name: This field is required
      at RequestHandler.execute (C:\Users\jaces\Desktop\Corebot\node_modules\discord.js\src\rest\RequestHandler.js:170:25)
      at processTicksAndRejections (internal/process/task_queues.js:93:5) {
    method: 'post',
    path: '/guilds/837104198419611649/channels',
    code: 50035,
    httpStatus: 400
  }
} | MS: 1620355653633 | DATE: 5/6/2021, 9:47:33 PM]
----------------------------------
DiscordAPIError: Invalid Form Body
name: This field is required
EXTRA INFO:
Unknown
----------------------------------
[CALLER: Promise {
  <rejected> DiscordAPIError: Invalid Form Body
  name: This field is required
      at RequestHandler.execute (C:\Users\jaces\Desktop\Corebot\node_modules\discord.js\src\rest\RequestHandler.js:170:25)
      at processTicksAndRejections (internal/process/task_queues.js:93:5) {
    method: 'post',
    path: '/guilds/832046329068650526/channels',
    code: 50035,
    httpStatus: 400
  }
} | MS: 1620355653661 | DATE: 5/6/2021, 9:47:33 PM]
----------------------------------
DiscordAPIError: Invalid Form Body
name: This field is required
EXTRA INFO:
Unknown
----------------------------------
[CALLER: Promise {
  <rejected> DiscordAPIError: Invalid Form Body
  name: This field is required
      at RequestHandler.execute (C:\Users\jaces\Desktop\Corebot\node_modules\discord.js\src\rest\RequestHandler.js:170:25)
      at processTicksAndRejections (internal/process/task_queues.js:93:5) {
    method: 'post',
    path: '/guilds/837104198419611649/channels',
    code: 50035,
    httpStatus: 400
  }
} | MS: 1620355655072 | DATE: 5/6/2021, 9:47:35 PM]
----------------------------------
DiscordAPIError: Invalid Form Body
name: This field is required
EXTRA INFO:
Unknown
----------------------------------
[CALLER: Promise {
  <rejected> DiscordAPIError: Invalid Form Body
  name: This field is required
      at RequestHandler.execute (C:\Users\jaces\Desktop\Corebot\node_modules\discord.js\src\rest\RequestHandler.js:170:25)
      at processTicksAndRejections (internal/process/task_queues.js:93:5) {
    method: 'post',
    path: '/guilds/832046329068650526/channels',
    code: 50035,
    httpStatus: 400
  }
} | MS: 1620355655080 | DATE: 5/6/2021, 9:47:35 PM]
----------------------------------
DiscordAPIError: Invalid Form Body
name: This field is required
EXTRA INFO:
Unknown
----------------------------------
[CALLER: Promise {
  <rejected> DiscordAPIError: Invalid Form Body
  name: This field is required
      at RequestHandler.execute (C:\Users\jaces\Desktop\Corebot\node_modules\discord.js\src\rest\RequestHandler.js:170:25)
      at processTicksAndRejections (internal/process/task_queues.js:93:5) {
    method: 'post',
    path: '/guilds/837104198419611649/channels',
    code: 50035,
    httpStatus: 400
  }
} | MS: 1620355655249 | DATE: 5/6/2021, 9:47:35 PM]
----------------------------------
DiscordAPIError: Invalid Form Body
name: This field is required
EXTRA INFO:
Unknown
----------------------------------
[CALLER: Promise {
  <rejected> DiscordAPIError: Invalid Form Body
  name: This field is required
      at RequestHandler.execute (C:\Users\jaces\Desktop\Corebot\node_modules\discord.js\src\rest\RequestHandler.js:170:25)
      at processTicksAndRejections (internal/process/task_queues.js:93:5) {
    method: 'post',
    path: '/guilds/832046329068650526/channels',
    code: 50035,
    httpStatus: 400
  }
} | MS: 1620355655258 | DATE: 5/6/2021, 9:47:35 PM]
----------------------------------
DiscordAPIError: Invalid Form Body
name: This field is required
EXTRA INFO:
Unknown
----------------------------------
[CALLER: RequestHandler.js:107:21 | MS: 1620355668717 | DATE: 5/6/2021, 9:47:48 PM]
----------------------------------------------------------------------------------------------------------------
FetchError: request to https://discordapp.com/api/v7/channels/840041597562781708 failed, reason: read ECONNRESET
EXTRA INFO:
Promise {
  <rejected> HTTPError [FetchError]: request to https://discordapp.com/api/v7/channels/840041597562781708 failed, reason: read ECONNRESET
      at RequestHandler.execute (C:\Users\jaces\Desktop\Corebot\node_modules\discord.js\src\rest\RequestHandler.js:107:21)
      at processTicksAndRejections (internal/process/task_queues.js:93:5) {
    code: 500,
    method: 'patch',
    path: '/channels/840041597562781708'
  }
}
----------------------------------------------------------------------------------------------------------------
[CALLER: RequestHandler.js:107:21 | MS: 1620355668731 | DATE: 5/6/2021, 9:47:48 PM]
-----------------------------------------------------------------------------------------------------------------------
FetchError: request to https://discordapp.com/api/v7/guilds/832046329068650526/channels failed, reason: read ECONNRESET
EXTRA INFO:
Promise {
  <rejected> HTTPError [FetchError]: request to https://discordapp.com/api/v7/guilds/832046329068650526/channels failed, reason: read ECONNRESET
      at RequestHandler.execute (C:\Users\jaces\Desktop\Corebot\node_modules\discord.js\src\rest\RequestHandler.js:107:21)
      at processTicksAndRejections (internal/process/task_queues.js:93:5) {
    code: 500,
    method: 'post',
    path: '/guilds/832046329068650526/channels'
  }
}
-----------------------------------------------------------------------------------------------------------------------
[CALLER: RequestHandler.js:107:21 | MS: 1620355668740 | DATE: 5/6/2021, 9:47:48 PM]
----------------------------------------------------------------------------------------------------------------
FetchError: request to https://discordapp.com/api/v7/channels/840041596874391572 failed, reason: read ECONNRESET
EXTRA INFO:
Promise {
  <rejected> HTTPError [FetchError]: request to https://discordapp.com/api/v7/channels/840041596874391572 failed, reason: read ECONNRESET
      at RequestHandler.execute (C:\Users\jaces\Desktop\Corebot\node_modules\discord.js\src\rest\RequestHandler.js:107:21)
      at processTicksAndRejections (internal/process/task_queues.js:93:5) {
    code: 500,
    method: 'patch',
    path: '/channels/840041596874391572'
  }
}
----------------------------------------------------------------------------------------------------------------
[CALLER: RequestHandler.js:107:21 | MS: 1620355668747 | DATE: 5/6/2021, 9:47:48 PM]
----------------------------------------------------------------------------------------------------------------
FetchError: request to https://discordapp.com/api/v7/channels/840041597918773258 failed, reason: read ECONNRESET
EXTRA INFO:
Promise {
  <rejected> HTTPError [FetchError]: request to https://discordapp.com/api/v7/channels/840041597918773258 failed, reason: read ECONNRESET
      at RequestHandler.execute (C:\Users\jaces\Desktop\Corebot\node_modules\discord.js\src\rest\RequestHandler.js:107:21)
      at processTicksAndRejections (internal/process/task_queues.js:93:5) {
    code: 500,
    method: 'patch',
    path: '/channels/840041597918773258'
  }
}
----------------------------------------------------------------------------------------------------------------
[CALLER: RequestHandler.js:107:21 | MS: 1620355668753 | DATE: 5/6/2021, 9:47:48 PM]
-----------------------------------------------------------------------------------------------------------------------
FetchError: request to https://discordapp.com/api/v7/guilds/837104198419611649/channels failed, reason: read ECONNRESET
EXTRA INFO:
Promise {
  <rejected> HTTPError [FetchError]: request to https://discordapp.com/api/v7/guilds/837104198419611649/channels failed, reason: read ECONNRESET
      at RequestHandler.execute (C:\Users\jaces\Desktop\Corebot\node_modules\discord.js\src\rest\RequestHandler.js:107:21)
      at processTicksAndRejections (internal/process/task_queues.js:93:5) {
    code: 500,
    method: 'post',
    path: '/guilds/837104198419611649/channels'
  }
}
-----------------------------------------------------------------------------------------------------------------------
[CALLER: RequestHandler.js:107:21 | MS: 1620355668757 | DATE: 5/6/2021, 9:47:48 PM]
----------------------------------------------------------------------------------------------------------------
FetchError: request to https://discordapp.com/api/v7/channels/840041596803612672 failed, reason: read ECONNRESET
EXTRA INFO:
Promise {
  <rejected> HTTPError [FetchError]: request to https://discordapp.com/api/v7/channels/840041596803612672 failed, reason: read ECONNRESET
      at RequestHandler.execute (C:\Users\jaces\Desktop\Corebot\node_modules\discord.js\src\rest\RequestHandler.js:107:21)
      at processTicksAndRejections (internal/process/task_queues.js:93:5) {
    code: 500,
    method: 'patch',
    path: '/channels/840041596803612672'
  }
}
----------------------------------------------------------------------------------------------------------------
[CALLER: RequestHandler.js:107:21 | MS: 1620355668755 | DATE: 5/6/2021, 9:47:48 PM]
----------------------------------------------------------------------------------------------------------------
FetchError: request to https://discordapp.com/api/v7/channels/840041597273767977 failed, reason: read ECONNRESET
EXTRA INFO:
Promise {
  <rejected> HTTPError [FetchError]: request to https://discordapp.com/api/v7/channels/840041597273767977 failed, reason: read ECONNRESET
      at RequestHandler.execute (C:\Users\jaces\Desktop\Corebot\node_modules\discord.js\src\rest\RequestHandler.js:107:21)
      at processTicksAndRejections (internal/process/task_queues.js:93:5) {
    code: 500,
    method: 'patch',
    path: '/channels/840041597273767977'
  }
}
----------------------------------------------------------------------------------------------------------------
[CALLER: RequestHandler.js:107:21 | MS: 1620355668756 | DATE: 5/6/2021, 9:47:48 PM]
----------------------------------------------------------------------------------------------------------------
FetchError: request to https://discordapp.com/api/v7/channels/840041597390684250 failed, reason: read ECONNRESET
EXTRA INFO:
Promise {
  <rejected> HTTPError [FetchError]: request to https://discordapp.com/api/v7/channels/840041597390684250 failed, reason: read ECONNRESET
      at RequestHandler.execute (C:\Users\jaces\Desktop\Corebot\node_modules\discord.js\src\rest\RequestHandler.js:107:21)
      at processTicksAndRejections (internal/process/task_queues.js:93:5) {
    code: 500,
    method: 'patch',
    path: '/channels/840041597390684250'
  }
}
----------------------------------------------------------------------------------------------------------------
[CALLER: RequestHandler.js:107:21 | MS: 1620355670632 | DATE: 5/6/2021, 9:47:50 PM]
-------------------------------------------------------------------------------------------------------------------------------------
FetchError: request to https://discordapp.com/api/v7/channels/840041597390684250 failed, reason: getaddrinfo ENOTFOUND discordapp.com
EXTRA INFO:
Promise {
  <rejected> HTTPError [FetchError]: request to https://discordapp.com/api/v7/channels/840041597390684250 failed, reason: getaddrinfo ENOTFOUND discordapp.com
      at RequestHandler.execute (C:\Users\jaces\Desktop\Corebot\node_modules\discord.js\src\rest\RequestHandler.js:107:21)
      at processTicksAndRejections (internal/process/task_queues.js:93:5) {
    code: 500,
    method: 'patch',
    path: '/channels/840041597390684250'
  }
}
-------------------------------------------------------------------------------------------------------------------------------------
[CALLER: RequestHandler.js:107:21 | MS: 1620355670634 | DATE: 5/6/2021, 9:47:50 PM]
--------------------------------------------------------------------------------------------------------------------------------------------
FetchError: request to https://discordapp.com/api/v7/guilds/832046329068650526/channels failed, reason: getaddrinfo ENOTFOUND discordapp.com
EXTRA INFO:
Promise {
  <rejected> HTTPError [FetchError]: request to https://discordapp.com/api/v7/guilds/832046329068650526/channels failed, reason: getaddrinfo ENOTFOUND discordapp.com
      at RequestHandler.execute (C:\Users\jaces\Desktop\Corebot\node_modules\discord.js\src\rest\RequestHandler.js:107:21)
      at processTicksAndRejections (internal/process/task_queues.js:93:5) {
    code: 500,
    method: 'post',
    path: '/guilds/832046329068650526/channels'
  }
}
--------------------------------------------------------------------------------------------------------------------------------------------
[CALLER: RequestHandler.js:107:21 | MS: 1620355670633 | DATE: 5/6/2021, 9:47:50 PM]
-------------------------------------------------------------------------------------------------------------------------------------
FetchError: request to https://discordapp.com/api/v7/channels/840041596874391572 failed, reason: getaddrinfo ENOTFOUND discordapp.com
EXTRA INFO:
Promise {
  <rejected> HTTPError [FetchError]: request to https://discordapp.com/api/v7/channels/840041596874391572 failed, reason: getaddrinfo ENOTFOUND discordapp.com
      at RequestHandler.execute (C:\Users\jaces\Desktop\Corebot\node_modules\discord.js\src\rest\RequestHandler.js:107:21)
      at processTicksAndRejections (internal/process/task_queues.js:93:5) {
    code: 500,
    method: 'patch',
    path: '/channels/840041596874391572'
  }
}
-------------------------------------------------------------------------------------------------------------------------------------
[CALLER: RequestHandler.js:107:21 | MS: 1620355670635 | DATE: 5/6/2021, 9:47:50 PM]
-------------------------------------------------------------------------------------------------------------------------------------
FetchError: request to https://discordapp.com/api/v7/channels/840041597273767977 failed, reason: getaddrinfo ENOTFOUND discordapp.com
EXTRA INFO:
Promise {
  <rejected> HTTPError [FetchError]: request to https://discordapp.com/api/v7/channels/840041597273767977 failed, reason: getaddrinfo ENOTFOUND discordapp.com
      at RequestHandler.execute (C:\Users\jaces\Desktop\Corebot\node_modules\discord.js\src\rest\RequestHandler.js:107:21)
      at processTicksAndRejections (internal/process/task_queues.js:93:5) {
    code: 500,
    method: 'patch',
    path: '/channels/840041597273767977'
  }
}
-------------------------------------------------------------------------------------------------------------------------------------
[CALLER: RequestHandler.js:107:21 | MS: 1620355670635 | DATE: 5/6/2021, 9:47:50 PM]
-------------------------------------------------------------------------------------------------------------------------------------
FetchError: request to https://discordapp.com/api/v7/channels/840041596803612672 failed, reason: getaddrinfo ENOTFOUND discordapp.com
EXTRA INFO:
Promise {
  <rejected> HTTPError [FetchError]: request to https://discordapp.com/api/v7/channels/840041596803612672 failed, reason: getaddrinfo ENOTFOUND discordapp.com
      at RequestHandler.execute (C:\Users\jaces\Desktop\Corebot\node_modules\discord.js\src\rest\RequestHandler.js:107:21)
      at processTicksAndRejections (internal/process/task_queues.js:93:5) {
    code: 500,
    method: 'patch',
    path: '/channels/840041596803612672'
  }
}
-------------------------------------------------------------------------------------------------------------------------------------
[CALLER: RequestHandler.js:107:21 | MS: 1620355670636 | DATE: 5/6/2021, 9:47:50 PM]
--------------------------------------------------------------------------------------------------------------------------------------------
FetchError: request to https://discordapp.com/api/v7/guilds/837104198419611649/channels failed, reason: getaddrinfo ENOTFOUND discordapp.com
EXTRA INFO:
Promise {
  <rejected> HTTPError [FetchError]: request to https://discordapp.com/api/v7/guilds/837104198419611649/channels failed, reason: getaddrinfo ENOTFOUND discordapp.com
      at RequestHandler.execute (C:\Users\jaces\Desktop\Corebot\node_modules\discord.js\src\rest\RequestHandler.js:107:21)
      at processTicksAndRejections (internal/process/task_queues.js:93:5) {
    code: 500,
    method: 'post',
    path: '/guilds/837104198419611649/channels'
  }
}
--------------------------------------------------------------------------------------------------------------------------------------------
[CALLER: RequestHandler.js:107:21 | MS: 1620355670634 | DATE: 5/6/2021, 9:47:50 PM]
-------------------------------------------------------------------------------------------------------------------------------------
FetchError: request to https://discordapp.com/api/v7/channels/840041597918773258 failed, reason: getaddrinfo ENOTFOUND discordapp.com
EXTRA INFO:
Promise {
  <rejected> HTTPError [FetchError]: request to https://discordapp.com/api/v7/channels/840041597918773258 failed, reason: getaddrinfo ENOTFOUND discordapp.com
      at RequestHandler.execute (C:\Users\jaces\Desktop\Corebot\node_modules\discord.js\src\rest\RequestHandler.js:107:21)
      at processTicksAndRejections (internal/process/task_queues.js:93:5) {
    code: 500,
    method: 'patch',
    path: '/channels/840041597918773258'
  }
}
-------------------------------------------------------------------------------------------------------------------------------------
[CALLER: RequestHandler.js:107:21 | MS: 1620355670636 | DATE: 5/6/2021, 9:47:50 PM]
-------------------------------------------------------------------------------------------------------------------------------------
FetchError: request to https://discordapp.com/api/v7/channels/840041597562781708 failed, reason: getaddrinfo ENOTFOUND discordapp.com
EXTRA INFO:
Promise {
  <rejected> HTTPError [FetchError]: request to https://discordapp.com/api/v7/channels/840041597562781708 failed, reason: getaddrinfo ENOTFOUND discordapp.com
      at RequestHandler.execute (C:\Users\jaces\Desktop\Corebot\node_modules\discord.js\src\rest\RequestHandler.js:107:21)
      at processTicksAndRejections (internal/process/task_queues.js:93:5) {
    code: 500,
    method: 'patch',
    path: '/channels/840041597562781708'
  }
}
-------------------------------------------------------------------------------------------------------------------------------------
[CALLER: RequestHandler.js:107:21 | MS: 1620355672743 | DATE: 5/6/2021, 9:47:52 PM]
-------------------------------------------------------------------------------------------------------------------------------------
FetchError: request to https://discordapp.com/api/v7/channels/840041596874391572 failed, reason: getaddrinfo ENOTFOUND discordapp.com
EXTRA INFO:
Promise {
  <rejected> HTTPError [FetchError]: request to https://discordapp.com/api/v7/channels/840041596874391572 failed, reason: getaddrinfo ENOTFOUND discordapp.com
      at RequestHandler.execute (C:\Users\jaces\Desktop\Corebot\node_modules\discord.js\src\rest\RequestHandler.js:107:21)
      at processTicksAndRejections (internal/process/task_queues.js:93:5) {
    code: 500,
    method: 'patch',
    path: '/channels/840041596874391572'
  }
}
-------------------------------------------------------------------------------------------------------------------------------------
[CALLER: RequestHandler.js:107:21 | MS: 1620355672746 | DATE: 5/6/2021, 9:47:52 PM]
--------------------------------------------------------------------------------------------------------------------------------------------
FetchError: request to https://discordapp.com/api/v7/guilds/832046329068650526/channels failed, reason: getaddrinfo ENOTFOUND discordapp.com
EXTRA INFO:
Promise {
  <rejected> HTTPError [FetchError]: request to https://discordapp.com/api/v7/guilds/832046329068650526/channels failed, reason: getaddrinfo ENOTFOUND discordapp.com
      at RequestHandler.execute (C:\Users\jaces\Desktop\Corebot\node_modules\discord.js\src\rest\RequestHandler.js:107:21)
      at processTicksAndRejections (internal/process/task_queues.js:93:5) {
    code: 500,
    method: 'post',
    path: '/guilds/832046329068650526/channels'
  }
}
--------------------------------------------------------------------------------------------------------------------------------------------
[CALLER: RequestHandler.js:107:21 | MS: 1620355672744 | DATE: 5/6/2021, 9:47:52 PM]
-------------------------------------------------------------------------------------------------------------------------------------
FetchError: request to https://discordapp.com/api/v7/channels/840041597390684250 failed, reason: getaddrinfo ENOTFOUND discordapp.com
EXTRA INFO:
Promise {
  <rejected> HTTPError [FetchError]: request to https://discordapp.com/api/v7/channels/840041597390684250 failed, reason: getaddrinfo ENOTFOUND discordapp.com
      at RequestHandler.execute (C:\Users\jaces\Desktop\Corebot\node_modules\discord.js\src\rest\RequestHandler.js:107:21)
      at processTicksAndRejections (internal/process/task_queues.js:93:5) {
    code: 500,
    method: 'patch',
    path: '/channels/840041597390684250'
  }
}
-------------------------------------------------------------------------------------------------------------------------------------
[CALLER: RequestHandler.js:107:21 | MS: 1620355672747 | DATE: 5/6/2021, 9:47:52 PM]
-------------------------------------------------------------------------------------------------------------------------------------
FetchError: request to https://discordapp.com/api/v7/channels/840041596803612672 failed, reason: getaddrinfo ENOTFOUND discordapp.com
EXTRA INFO:
Promise {
  <rejected> HTTPError [FetchError]: request to https://discordapp.com/api/v7/channels/840041596803612672 failed, reason: getaddrinfo ENOTFOUND discordapp.com
      at RequestHandler.execute (C:\Users\jaces\Desktop\Corebot\node_modules\discord.js\src\rest\RequestHandler.js:107:21)
      at processTicksAndRejections (internal/process/task_queues.js:93:5) {
    code: 500,
    method: 'patch',
    path: '/channels/840041596803612672'
  }
}
-------------------------------------------------------------------------------------------------------------------------------------
[CALLER: RequestHandler.js:107:21 | MS: 1620355672749 | DATE: 5/6/2021, 9:47:52 PM]
-------------------------------------------------------------------------------------------------------------------------------------
FetchError: request to https://discordapp.com/api/v7/channels/840041597273767977 failed, reason: getaddrinfo ENOTFOUND discordapp.com
EXTRA INFO:
Promise {
  <rejected> HTTPError [FetchError]: request to https://discordapp.com/api/v7/channels/840041597273767977 failed, reason: getaddrinfo ENOTFOUND discordapp.com
      at RequestHandler.execute (C:\Users\jaces\Desktop\Corebot\node_modules\discord.js\src\rest\RequestHandler.js:107:21)
      at processTicksAndRejections (internal/process/task_queues.js:93:5) {
    code: 500,
    method: 'patch',
    path: '/channels/840041597273767977'
  }
}
-------------------------------------------------------------------------------------------------------------------------------------
[CALLER: RequestHandler.js:107:21 | MS: 1620355672753 | DATE: 5/6/2021, 9:47:52 PM]
--------------------------------------------------------------------------------------------------------------------------------------------
FetchError: request to https://discordapp.com/api/v7/guilds/837104198419611649/channels failed, reason: getaddrinfo ENOTFOUND discordapp.com
EXTRA INFO:
Promise {
  <rejected> HTTPError [FetchError]: request to https://discordapp.com/api/v7/guilds/837104198419611649/channels failed, reason: getaddrinfo ENOTFOUND discordapp.com
      at RequestHandler.execute (C:\Users\jaces\Desktop\Corebot\node_modules\discord.js\src\rest\RequestHandler.js:107:21)
      at processTicksAndRejections (internal/process/task_queues.js:93:5) {
    code: 500,
    method: 'post',
    path: '/guilds/837104198419611649/channels'
  }
}
--------------------------------------------------------------------------------------------------------------------------------------------
[CALLER: RequestHandler.js:107:21 | MS: 1620355672750 | DATE: 5/6/2021, 9:47:52 PM]
-------------------------------------------------------------------------------------------------------------------------------------
FetchError: request to https://discordapp.com/api/v7/channels/840041597562781708 failed, reason: getaddrinfo ENOTFOUND discordapp.com
EXTRA INFO:
Promise {
  <rejected> HTTPError [FetchError]: request to https://discordapp.com/api/v7/channels/840041597562781708 failed, reason: getaddrinfo ENOTFOUND discordapp.com
      at RequestHandler.execute (C:\Users\jaces\Desktop\Corebot\node_modules\discord.js\src\rest\RequestHandler.js:107:21)
      at processTicksAndRejections (internal/process/task_queues.js:93:5) {
    code: 500,
    method: 'patch',
    path: '/channels/840041597562781708'
  }
}
-------------------------------------------------------------------------------------------------------------------------------------
[CALLER: RequestHandler.js:107:21 | MS: 1620355672745 | DATE: 5/6/2021, 9:47:52 PM]
-------------------------------------------------------------------------------------------------------------------------------------
FetchError: request to https://discordapp.com/api/v7/channels/840041597918773258 failed, reason: getaddrinfo ENOTFOUND discordapp.com
EXTRA INFO:
Promise {
  <rejected> HTTPError [FetchError]: request to https://discordapp.com/api/v7/channels/840041597918773258 failed, reason: getaddrinfo ENOTFOUND discordapp.com
      at RequestHandler.execute (C:\Users\jaces\Desktop\Corebot\node_modules\discord.js\src\rest\RequestHandler.js:107:21)
      at processTicksAndRejections (internal/process/task_queues.js:93:5) {
    code: 500,
    method: 'patch',
    path: '/channels/840041597918773258'
  }
}
-------------------------------------------------------------------------------------------------------------------------------------
[CALLER: Promise {
  <rejected> DiscordAPIError: Invalid Form Body
  name: This field is required
      at RequestHandler.execute (C:\Users\jaces\Desktop\Corebot\node_modules\discord.js\src\rest\RequestHandler.js:170:25)
      at processTicksAndRejections (internal/process/task_queues.js:93:5) {
    method: 'post',
    path: '/guilds/837104198419611649/channels',
    code: 50035,
    httpStatus: 400
  }
} | MS: 1620355674500 | DATE: 5/6/2021, 9:47:54 PM]
----------------------------------
DiscordAPIError: Invalid Form Body
name: This field is required
EXTRA INFO:
Unknown
----------------------------------
[CALLER: Promise {
  <rejected> DiscordAPIError: Invalid Form Body
  name: This field is required
      at RequestHandler.execute (C:\Users\jaces\Desktop\Corebot\node_modules\discord.js\src\rest\RequestHandler.js:170:25)
      at processTicksAndRejections (internal/process/task_queues.js:93:5) {
    method: 'post',
    path: '/guilds/832046329068650526/channels',
    code: 50035,
    httpStatus: 400
  }
} | MS: 1620355674506 | DATE: 5/6/2021, 9:47:54 PM]
----------------------------------
DiscordAPIError: Invalid Form Body
name: This field is required
EXTRA INFO:
Unknown
----------------------------------
[CALLER: Promise {
  <rejected> DiscordAPIError: Invalid Form Body
  name: This field is required
      at RequestHandler.execute (C:\Users\jaces\Desktop\Corebot\node_modules\discord.js\src\rest\RequestHandler.js:170:25)
      at processTicksAndRejections (internal/process/task_queues.js:93:5) {
    method: 'post',
    path: '/guilds/832046329068650526/channels',
    code: 50035,
    httpStatus: 400
  }
} | MS: 1620355679194 | DATE: 5/6/2021, 9:47:59 PM]
----------------------------------
DiscordAPIError: Invalid Form Body
name: This field is required
EXTRA INFO:
Unknown
----------------------------------
[CALLER: Promise {
  <rejected> DiscordAPIError: Invalid Form Body
  name: This field is required
      at RequestHandler.execute (C:\Users\jaces\Desktop\Corebot\node_modules\discord.js\src\rest\RequestHandler.js:170:25)
      at processTicksAndRejections (internal/process/task_queues.js:93:5) {
    method: 'post',
    path: '/guilds/837104198419611649/channels',
    code: 50035,
    httpStatus: 400
  }
} | MS: 1620355679249 | DATE: 5/6/2021, 9:47:59 PM]
----------------------------------
DiscordAPIError: Invalid Form Body
name: This field is required
EXTRA INFO:
Unknown
----------------------------------
[CALLER: Promise {
  <rejected> DiscordAPIError: Invalid Form Body
  name: This field is required
      at RequestHandler.execute (C:\Users\jaces\Desktop\Corebot\node_modules\discord.js\src\rest\RequestHandler.js:170:25)
      at processTicksAndRejections (internal/process/task_queues.js:93:5) {
    method: 'post',
    path: '/guilds/832046329068650526/channels',
    code: 50035,
    httpStatus: 400
  }
} | MS: 1620355680371 | DATE: 5/6/2021, 9:48:00 PM]
----------------------------------
DiscordAPIError: Invalid Form Body
name: This field is required
EXTRA INFO:
Unknown
----------------------------------
[CALLER: Promise {
  <rejected> DiscordAPIError: Invalid Form Body
  name: This field is required
      at RequestHandler.execute (C:\Users\jaces\Desktop\Corebot\node_modules\discord.js\src\rest\RequestHandler.js:170:25)
      at runMicrotasks (<anonymous>)
      at processTicksAndRejections (internal/process/task_queues.js:93:5) {
    method: 'post',
    path: '/guilds/837104198419611649/channels',
    code: 50035,
    httpStatus: 400
  }
} | MS: 1620355680381 | DATE: 5/6/2021, 9:48:00 PM]
----------------------------------
DiscordAPIError: Invalid Form Body
name: This field is required
EXTRA INFO:
Unknown
----------------------------------
[CALLER: Promise {
  <rejected> DiscordAPIError: Invalid Form Body
  name: This field is required
      at RequestHandler.execute (C:\Users\jaces\Desktop\Corebot\node_modules\discord.js\src\rest\RequestHandler.js:170:25)
      at runMicrotasks (<anonymous>)
      at processTicksAndRejections (internal/process/task_queues.js:93:5) {
    method: 'post',
    path: '/guilds/832046329068650526/channels',
    code: 50035,
    httpStatus: 400
  }
} | MS: 1620355681296 | DATE: 5/6/2021, 9:48:01 PM]
----------------------------------
DiscordAPIError: Invalid Form Body
name: This field is required
EXTRA INFO:
Unknown
----------------------------------
[CALLER: Promise {
  <rejected> DiscordAPIError: Invalid Form Body
  name: This field is required
      at RequestHandler.execute (C:\Users\jaces\Desktop\Corebot\node_modules\discord.js\src\rest\RequestHandler.js:170:25)
      at runMicrotasks (<anonymous>)
      at processTicksAndRejections (internal/process/task_queues.js:93:5) {
    method: 'post',
    path: '/guilds/837104198419611649/channels',
    code: 50035,
    httpStatus: 400
  }
} | MS: 1620355681297 | DATE: 5/6/2021, 9:48:01 PM]
----------------------------------
DiscordAPIError: Invalid Form Body
name: This field is required
EXTRA INFO:
Unknown
----------------------------------
[CALLER: Promise {
  <rejected> DiscordAPIError: Invalid Form Body
  name: This field is required
      at RequestHandler.execute (C:\Users\jaces\Desktop\Corebot\node_modules\discord.js\src\rest\RequestHandler.js:170:25)
      at runMicrotasks (<anonymous>)
      at processTicksAndRejections (internal/process/task_queues.js:93:5) {
    method: 'post',
    path: '/guilds/837104198419611649/channels',
    code: 50035,
    httpStatus: 400
  }
} | MS: 1620355683627 | DATE: 5/6/2021, 9:48:03 PM]
----------------------------------
DiscordAPIError: Invalid Form Body
name: This field is required
EXTRA INFO:
Unknown
----------------------------------
[CALLER: Promise {
  <rejected> DiscordAPIError: Invalid Form Body
  name: This field is required
      at RequestHandler.execute (C:\Users\jaces\Desktop\Corebot\node_modules\discord.js\src\rest\RequestHandler.js:170:25)
      at runMicrotasks (<anonymous>)
      at processTicksAndRejections (internal/process/task_queues.js:93:5) {
    method: 'post',
    path: '/guilds/832046329068650526/channels',
    code: 50035,
    httpStatus: 400
  }
} | MS: 1620355683653 | DATE: 5/6/2021, 9:48:03 PM]
----------------------------------
DiscordAPIError: Invalid Form Body
name: This field is required
EXTRA INFO:
Unknown
----------------------------------
[CALLER: Promise {
  <rejected> DiscordAPIError: Invalid Form Body
  name: This field is required
      at RequestHandler.execute (C:\Users\jaces\Desktop\Corebot\node_modules\discord.js\src\rest\RequestHandler.js:170:25)
      at runMicrotasks (<anonymous>)
      at processTicksAndRejections (internal/process/task_queues.js:93:5) {
    method: 'post',
    path: '/guilds/837104198419611649/channels',
    code: 50035,
    httpStatus: 400
  }
} | MS: 1620355685057 | DATE: 5/6/2021, 9:48:05 PM]
----------------------------------
DiscordAPIError: Invalid Form Body
name: This field is required
EXTRA INFO:
Unknown
----------------------------------
[CALLER: Promise {
  <rejected> DiscordAPIError: Invalid Form Body
  name: This field is required
      at RequestHandler.execute (C:\Users\jaces\Desktop\Corebot\node_modules\discord.js\src\rest\RequestHandler.js:170:25)
      at runMicrotasks (<anonymous>)
      at processTicksAndRejections (internal/process/task_queues.js:93:5) {
    method: 'post',
    path: '/guilds/832046329068650526/channels',
    code: 50035,
    httpStatus: 400
  }
} | MS: 1620355685087 | DATE: 5/6/2021, 9:48:05 PM]
----------------------------------
DiscordAPIError: Invalid Form Body
name: This field is required
EXTRA INFO:
Unknown
----------------------------------
[CALLER: Promise {
  <rejected> DiscordAPIError: Invalid Form Body
  name: This field is required
      at RequestHandler.execute (C:\Users\jaces\Desktop\Corebot\node_modules\discord.js\src\rest\RequestHandler.js:170:25)
      at runMicrotasks (<anonymous>)
      at processTicksAndRejections (internal/process/task_queues.js:93:5) {
    method: 'post',
    path: '/guilds/837104198419611649/channels',
    code: 50035,
    httpStatus: 400
  }
} | MS: 1620355685267 | DATE: 5/6/2021, 9:48:05 PM]
----------------------------------
DiscordAPIError: Invalid Form Body
name: This field is required
EXTRA INFO:
Unknown
----------------------------------
[CALLER: Promise {
  <rejected> DiscordAPIError: Invalid Form Body
  name: This field is required
      at RequestHandler.execute (C:\Users\jaces\Desktop\Corebot\node_modules\discord.js\src\rest\RequestHandler.js:170:25)
      at runMicrotasks (<anonymous>)
      at processTicksAndRejections (internal/process/task_queues.js:93:5) {
    method: 'post',
    path: '/guilds/832046329068650526/channels',
    code: 50035,
    httpStatus: 400
  }
} | MS: 1620355685269 | DATE: 5/6/2021, 9:48:05 PM]
----------------------------------
DiscordAPIError: Invalid Form Body
name: This field is required
EXTRA INFO:
Unknown
----------------------------------
[CALLER: Promise {
  <rejected> DiscordAPIError: Invalid Form Body
  name: This field is required
      at RequestHandler.execute (C:\Users\jaces\Desktop\Corebot\node_modules\discord.js\src\rest\RequestHandler.js:170:25)
      at runMicrotasks (<anonymous>)
      at processTicksAndRejections (internal/process/task_queues.js:93:5) {
    method: 'post',
    path: '/guilds/837104198419611649/channels',
    code: 50035,
    httpStatus: 400
  }
} | MS: 1620355696844 | DATE: 5/6/2021, 9:48:16 PM]
----------------------------------
DiscordAPIError: Invalid Form Body
name: This field is required
EXTRA INFO:
Unknown
----------------------------------
[CALLER: Promise {
  <rejected> DiscordAPIError: Invalid Form Body
  name: This field is required
      at RequestHandler.execute (C:\Users\jaces\Desktop\Corebot\node_modules\discord.js\src\rest\RequestHandler.js:170:25)
      at runMicrotasks (<anonymous>)
      at processTicksAndRejections (internal/process/task_queues.js:93:5) {
    method: 'post',
    path: '/guilds/832046329068650526/channels',
    code: 50035,
    httpStatus: 400
  }
} | MS: 1620355696867 | DATE: 5/6/2021, 9:48:16 PM]
----------------------------------
DiscordAPIError: Invalid Form Body
name: This field is required
EXTRA INFO:
Unknown
----------------------------------
[CALLER: Promise {
  <rejected> DiscordAPIError: Invalid Form Body
  name: This field is required
      at RequestHandler.execute (C:\Users\jaces\Desktop\Corebot\node_modules\discord.js\src\rest\RequestHandler.js:170:25)
      at runMicrotasks (<anonymous>)
      at processTicksAndRejections (internal/process/task_queues.js:93:5) {
    method: 'post',
    path: '/guilds/832046329068650526/channels',
    code: 50035,
    httpStatus: 400
  }
} | MS: 1620355700712 | DATE: 5/6/2021, 9:48:20 PM]
----------------------------------
DiscordAPIError: Invalid Form Body
name: This field is required
EXTRA INFO:
Unknown
----------------------------------
[CALLER: Promise {
  <rejected> DiscordAPIError: Invalid Form Body
  name: This field is required
      at RequestHandler.execute (C:\Users\jaces\Desktop\Corebot\node_modules\discord.js\src\rest\RequestHandler.js:170:25)
      at runMicrotasks (<anonymous>)
      at processTicksAndRejections (internal/process/task_queues.js:93:5) {
    method: 'post',
    path: '/guilds/837104198419611649/channels',
    code: 50035,
    httpStatus: 400
  }
} | MS: 1620355700759 | DATE: 5/6/2021, 9:48:20 PM]
----------------------------------
DiscordAPIError: Invalid Form Body
name: This field is required
EXTRA INFO:
Unknown
----------------------------------
[CALLER: Promise {
  <rejected> DiscordAPIError: Invalid Form Body
  name: This field is required
      at RequestHandler.execute (C:\Users\jaces\Desktop\Corebot\node_modules\discord.js\src\rest\RequestHandler.js:170:25)
      at runMicrotasks (<anonymous>)
      at processTicksAndRejections (internal/process/task_queues.js:93:5) {
    method: 'post',
    path: '/guilds/832046329068650526/channels',
    code: 50035,
    httpStatus: 400
  }
} | MS: 1620355702828 | DATE: 5/6/2021, 9:48:22 PM]
----------------------------------
DiscordAPIError: Invalid Form Body
name: This field is required
EXTRA INFO:
Unknown
----------------------------------
[CALLER: Promise {
  <rejected> DiscordAPIError: Invalid Form Body
  name: This field is required
      at RequestHandler.execute (C:\Users\jaces\Desktop\Corebot\node_modules\discord.js\src\rest\RequestHandler.js:170:25)
      at runMicrotasks (<anonymous>)
      at processTicksAndRejections (internal/process/task_queues.js:93:5) {
    method: 'post',
    path: '/guilds/837104198419611649/channels',
    code: 50035,
    httpStatus: 400
  }
} | MS: 1620355702842 | DATE: 5/6/2021, 9:48:22 PM]
----------------------------------
DiscordAPIError: Invalid Form Body
name: This field is required
EXTRA INFO:
Unknown
----------------------------------
[CALLER: Promise {
  <rejected> DiscordAPIError: Invalid Form Body
  name: This field is required
      at RequestHandler.execute (C:\Users\jaces\Desktop\Corebot\node_modules\discord.js\src\rest\RequestHandler.js:170:25)
      at runMicrotasks (<anonymous>)
      at processTicksAndRejections (internal/process/task_queues.js:93:5) {
    method: 'post',
    path: '/guilds/837104198419611649/channels',
    code: 50035,
    httpStatus: 400
  }
} | MS: 1620355704408 | DATE: 5/6/2021, 9:48:24 PM]
----------------------------------
DiscordAPIError: Invalid Form Body
name: This field is required
EXTRA INFO:
Unknown
----------------------------------
[CALLER: Promise {
  <rejected> DiscordAPIError: Invalid Form Body
  name: This field is required
      at RequestHandler.execute (C:\Users\jaces\Desktop\Corebot\node_modules\discord.js\src\rest\RequestHandler.js:170:25)
      at runMicrotasks (<anonymous>)
      at processTicksAndRejections (internal/process/task_queues.js:93:5) {
    method: 'post',
    path: '/guilds/832046329068650526/channels',
    code: 50035,
    httpStatus: 400
  }
} | MS: 1620355704422 | DATE: 5/6/2021, 9:48:24 PM]
----------------------------------
DiscordAPIError: Invalid Form Body
name: This field is required
EXTRA INFO:
Unknown
----------------------------------
[CALLER: Promise {
  <rejected> DiscordAPIError: Invalid Form Body
  name: This field is required
      at RequestHandler.execute (C:\Users\jaces\Desktop\Corebot\node_modules\discord.js\src\rest\RequestHandler.js:170:25)
      at runMicrotasks (<anonymous>)
      at processTicksAndRejections (internal/process/task_queues.js:93:5) {
    method: 'post',
    path: '/guilds/832046329068650526/channels',
    code: 50035,
    httpStatus: 400
  }
} | MS: 1620355709198 | DATE: 5/6/2021, 9:48:29 PM]
----------------------------------
DiscordAPIError: Invalid Form Body
name: This field is required
EXTRA INFO:
Unknown
----------------------------------
[CALLER: Promise {
  <rejected> DiscordAPIError: Invalid Form Body
  name: This field is required
      at RequestHandler.execute (C:\Users\jaces\Desktop\Corebot\node_modules\discord.js\src\rest\RequestHandler.js:170:25)
      at runMicrotasks (<anonymous>)
      at processTicksAndRejections (internal/process/task_queues.js:93:5) {
    method: 'post',
    path: '/guilds/837104198419611649/channels',
    code: 50035,
    httpStatus: 400
  }
} | MS: 1620355709226 | DATE: 5/6/2021, 9:48:29 PM]
----------------------------------
DiscordAPIError: Invalid Form Body
name: This field is required
EXTRA INFO:
Unknown
----------------------------------
[CALLER: Promise {
  <rejected> DiscordAPIError: Invalid Form Body
  name: This field is required
      at RequestHandler.execute (C:\Users\jaces\Desktop\Corebot\node_modules\discord.js\src\rest\RequestHandler.js:170:25)
      at runMicrotasks (<anonymous>)
      at processTicksAndRejections (internal/process/task_queues.js:93:5) {
    method: 'post',
    path: '/guilds/837104198419611649/channels',
    code: 50035,
    httpStatus: 400
  }
} | MS: 1620355710360 | DATE: 5/6/2021, 9:48:30 PM]
----------------------------------
DiscordAPIError: Invalid Form Body
name: This field is required
EXTRA INFO:
Unknown
----------------------------------
[CALLER: Promise {
  <rejected> DiscordAPIError: Invalid Form Body
  name: This field is required
      at RequestHandler.execute (C:\Users\jaces\Desktop\Corebot\node_modules\discord.js\src\rest\RequestHandler.js:170:25)
      at runMicrotasks (<anonymous>)
      at processTicksAndRejections (internal/process/task_queues.js:93:5) {
    method: 'post',
    path: '/guilds/832046329068650526/channels',
    code: 50035,
    httpStatus: 400
  }
} | MS: 1620355710401 | DATE: 5/6/2021, 9:48:30 PM]
----------------------------------
DiscordAPIError: Invalid Form Body
name: This field is required
EXTRA INFO:
Unknown
----------------------------------
[CALLER: Promise {
  <rejected> DiscordAPIError: Invalid Form Body
  name: This field is required
      at RequestHandler.execute (C:\Users\jaces\Desktop\Corebot\node_modules\discord.js\src\rest\RequestHandler.js:170:25)
      at runMicrotasks (<anonymous>)
      at processTicksAndRejections (internal/process/task_queues.js:93:5) {
    method: 'post',
    path: '/guilds/832046329068650526/channels',
    code: 50035,
    httpStatus: 400
  }
} | MS: 1620355711288 | DATE: 5/6/2021, 9:48:31 PM]
----------------------------------
DiscordAPIError: Invalid Form Body
name: This field is required
EXTRA INFO:
Unknown
----------------------------------
[CALLER: Promise {
  <rejected> DiscordAPIError: Invalid Form Body
  name: This field is required
      at RequestHandler.execute (C:\Users\jaces\Desktop\Corebot\node_modules\discord.js\src\rest\RequestHandler.js:170:25)
      at runMicrotasks (<anonymous>)
      at processTicksAndRejections (internal/process/task_queues.js:93:5) {
    method: 'post',
    path: '/guilds/837104198419611649/channels',
    code: 50035,
    httpStatus: 400
  }
} | MS: 1620355711301 | DATE: 5/6/2021, 9:48:31 PM]
----------------------------------
DiscordAPIError: Invalid Form Body
name: This field is required
EXTRA INFO:
Unknown
----------------------------------
[CALLER: Promise {
  <rejected> DiscordAPIError: Invalid Form Body
  name: This field is required
      at RequestHandler.execute (C:\Users\jaces\Desktop\Corebot\node_modules\discord.js\src\rest\RequestHandler.js:170:25)
      at runMicrotasks (<anonymous>)
      at processTicksAndRejections (internal/process/task_queues.js:93:5) {
    method: 'post',
    path: '/guilds/837104198419611649/channels',
    code: 50035,
    httpStatus: 400
  }
} | MS: 1620355713624 | DATE: 5/6/2021, 9:48:33 PM]
----------------------------------
DiscordAPIError: Invalid Form Body
name: This field is required
EXTRA INFO:
Unknown
----------------------------------
[CALLER: Promise {
  <rejected> DiscordAPIError: Invalid Form Body
  name: This field is required
      at RequestHandler.execute (C:\Users\jaces\Desktop\Corebot\node_modules\discord.js\src\rest\RequestHandler.js:170:25)
      at runMicrotasks (<anonymous>)
      at processTicksAndRejections (internal/process/task_queues.js:93:5) {
    method: 'post',
    path: '/guilds/832046329068650526/channels',
    code: 50035,
    httpStatus: 400
  }
} | MS: 1620355713628 | DATE: 5/6/2021, 9:48:33 PM]
----------------------------------
DiscordAPIError: Invalid Form Body
name: This field is required
EXTRA INFO:
Unknown
----------------------------------
[CALLER: Promise {
  <rejected> DiscordAPIError: Invalid Form Body
  name: This field is required
      at RequestHandler.execute (C:\Users\jaces\Desktop\Corebot\node_modules\discord.js\src\rest\RequestHandler.js:170:25)
      at runMicrotasks (<anonymous>)
      at processTicksAndRejections (internal/process/task_queues.js:93:5) {
    method: 'post',
    path: '/guilds/832046329068650526/channels',
    code: 50035,
    httpStatus: 400
  }
} | MS: 1620355715086 | DATE: 5/6/2021, 9:48:35 PM]
----------------------------------
DiscordAPIError: Invalid Form Body
name: This field is required
EXTRA INFO:
Unknown
----------------------------------
[CALLER: Promise {
  <rejected> DiscordAPIError: Invalid Form Body
  name: This field is required
      at RequestHandler.execute (C:\Users\jaces\Desktop\Corebot\node_modules\discord.js\src\rest\RequestHandler.js:170:25)
      at runMicrotasks (<anonymous>)
      at processTicksAndRejections (internal/process/task_queues.js:93:5) {
    method: 'post',
    path: '/guilds/837104198419611649/channels',
    code: 50035,
    httpStatus: 400
  }
} | MS: 1620355715117 | DATE: 5/6/2021, 9:48:35 PM]
----------------------------------
DiscordAPIError: Invalid Form Body
name: This field is required
EXTRA INFO:
Unknown
----------------------------------
[CALLER: Promise {
  <rejected> DiscordAPIError: Invalid Form Body
  name: This field is required
      at RequestHandler.execute (C:\Users\jaces\Desktop\Corebot\node_modules\discord.js\src\rest\RequestHandler.js:170:25)
      at runMicrotasks (<anonymous>)
      at processTicksAndRejections (internal/process/task_queues.js:93:5) {
    method: 'post',
    path: '/guilds/832046329068650526/channels',
    code: 50035,
    httpStatus: 400
  }
} | MS: 1620355715406 | DATE: 5/6/2021, 9:48:35 PM]
----------------------------------
DiscordAPIError: Invalid Form Body
name: This field is required
EXTRA INFO:
Unknown
----------------------------------
[CALLER: Promise {
  <rejected> DiscordAPIError: Invalid Form Body
  name: This field is required
      at RequestHandler.execute (C:\Users\jaces\Desktop\Corebot\node_modules\discord.js\src\rest\RequestHandler.js:170:25)
      at runMicrotasks (<anonymous>)
      at processTicksAndRejections (internal/process/task_queues.js:93:5) {
    method: 'post',
    path: '/guilds/837104198419611649/channels',
    code: 50035,
    httpStatus: 400
  }
} | MS: 1620355715409 | DATE: 5/6/2021, 9:48:35 PM]
----------------------------------
DiscordAPIError: Invalid Form Body
name: This field is required
EXTRA INFO:
Unknown
----------------------------------
[CALLER: Promise {
  <rejected> DiscordAPIError: Invalid Form Body
  name: This field is required
      at RequestHandler.execute (C:\Users\jaces\Desktop\Corebot\node_modules\discord.js\src\rest\RequestHandler.js:170:25)
      at runMicrotasks (<anonymous>)
      at processTicksAndRejections (internal/process/task_queues.js:93:5) {
    method: 'post',
    path: '/guilds/832046329068650526/channels',
    code: 50035,
    httpStatus: 400
  }
} | MS: 1620355726658 | DATE: 5/6/2021, 9:48:46 PM]
----------------------------------
DiscordAPIError: Invalid Form Body
name: This field is required
EXTRA INFO:
Unknown
----------------------------------
[CALLER: Promise {
  <rejected> DiscordAPIError: Invalid Form Body
  name: This field is required
      at RequestHandler.execute (C:\Users\jaces\Desktop\Corebot\node_modules\discord.js\src\rest\RequestHandler.js:170:25)
      at runMicrotasks (<anonymous>)
      at processTicksAndRejections (internal/process/task_queues.js:93:5) {
    method: 'post',
    path: '/guilds/837104198419611649/channels',
    code: 50035,
    httpStatus: 400
  }
} | MS: 1620355726670 | DATE: 5/6/2021, 9:48:46 PM]
----------------------------------
DiscordAPIError: Invalid Form Body
name: This field is required
EXTRA INFO:
Unknown
----------------------------------
[CALLER: Promise {
  <rejected> DiscordAPIError: Invalid Form Body
  name: This field is required
      at RequestHandler.execute (C:\Users\jaces\Desktop\Corebot\node_modules\discord.js\src\rest\RequestHandler.js:170:25)
      at runMicrotasks (<anonymous>)
      at processTicksAndRejections (internal/process/task_queues.js:93:5) {
    method: 'post',
    path: '/guilds/837104198419611649/channels',
    code: 50035,
    httpStatus: 400
  }
} | MS: 1620355730723 | DATE: 5/6/2021, 9:48:50 PM]
----------------------------------
DiscordAPIError: Invalid Form Body
name: This field is required
EXTRA INFO:
Unknown
----------------------------------
[CALLER: Promise {
  <rejected> DiscordAPIError: Invalid Form Body
  name: This field is required
      at RequestHandler.execute (C:\Users\jaces\Desktop\Corebot\node_modules\discord.js\src\rest\RequestHandler.js:170:25)
      at runMicrotasks (<anonymous>)
      at processTicksAndRejections (internal/process/task_queues.js:93:5) {
    method: 'post',
    path: '/guilds/832046329068650526/channels',
    code: 50035,
    httpStatus: 400
  }
} | MS: 1620355730726 | DATE: 5/6/2021, 9:48:50 PM]
----------------------------------
DiscordAPIError: Invalid Form Body
name: This field is required
EXTRA INFO:
Unknown
----------------------------------
[CALLER: Promise {
  <rejected> DiscordAPIError: Invalid Form Body
  name: This field is required
      at RequestHandler.execute (C:\Users\jaces\Desktop\Corebot\node_modules\discord.js\src\rest\RequestHandler.js:170:25)
      at runMicrotasks (<anonymous>)
      at processTicksAndRejections (internal/process/task_queues.js:93:5) {
    method: 'post',
    path: '/guilds/837104198419611649/channels',
    code: 50035,
    httpStatus: 400
  }
} | MS: 1620355732832 | DATE: 5/6/2021, 9:48:52 PM]
----------------------------------
DiscordAPIError: Invalid Form Body
name: This field is required
EXTRA INFO:
Unknown
----------------------------------
[CALLER: Promise {
  <rejected> DiscordAPIError: Invalid Form Body
  name: This field is required
      at RequestHandler.execute (C:\Users\jaces\Desktop\Corebot\node_modules\discord.js\src\rest\RequestHandler.js:170:25)
      at runMicrotasks (<anonymous>)
      at processTicksAndRejections (internal/process/task_queues.js:93:5) {
    method: 'post',
    path: '/guilds/832046329068650526/channels',
    code: 50035,
    httpStatus: 400
  }
} | MS: 1620355732842 | DATE: 5/6/2021, 9:48:52 PM]
----------------------------------
DiscordAPIError: Invalid Form Body
name: This field is required
EXTRA INFO:
Unknown
----------------------------------
[CALLER: Promise {
  <rejected> DiscordAPIError: Invalid Form Body
  name: This field is required
      at RequestHandler.execute (C:\Users\jaces\Desktop\Corebot\node_modules\discord.js\src\rest\RequestHandler.js:170:25)
      at runMicrotasks (<anonymous>)
      at processTicksAndRejections (internal/process/task_queues.js:93:5) {
    method: 'post',
    path: '/guilds/837104198419611649/channels',
    code: 50035,
    httpStatus: 400
  }
} | MS: 1620355734413 | DATE: 5/6/2021, 9:48:54 PM]
----------------------------------
DiscordAPIError: Invalid Form Body
name: This field is required
EXTRA INFO:
Unknown
----------------------------------
[CALLER: Promise {
  <rejected> DiscordAPIError: Invalid Form Body
  name: This field is required
      at RequestHandler.execute (C:\Users\jaces\Desktop\Corebot\node_modules\discord.js\src\rest\RequestHandler.js:170:25)
      at runMicrotasks (<anonymous>)
      at processTicksAndRejections (internal/process/task_queues.js:93:5) {
    method: 'post',
    path: '/guilds/832046329068650526/channels',
    code: 50035,
    httpStatus: 400
  }
} | MS: 1620355734424 | DATE: 5/6/2021, 9:48:54 PM]
----------------------------------
DiscordAPIError: Invalid Form Body
name: This field is required
EXTRA INFO:
Unknown
----------------------------------
[CALLER: Promise {
  <rejected> DiscordAPIError: Invalid Form Body
  name: This field is required
      at RequestHandler.execute (C:\Users\jaces\Desktop\Corebot\node_modules\discord.js\src\rest\RequestHandler.js:170:25)
      at runMicrotasks (<anonymous>)
      at processTicksAndRejections (internal/process/task_queues.js:93:5) {
    method: 'post',
    path: '/guilds/837104198419611649/channels',
    code: 50035,
    httpStatus: 400
  }
} | MS: 1620355739182 | DATE: 5/6/2021, 9:48:59 PM]
----------------------------------
DiscordAPIError: Invalid Form Body
name: This field is required
EXTRA INFO:
Unknown
----------------------------------
[CALLER: Promise {
  <rejected> DiscordAPIError: Invalid Form Body
  name: This field is required
      at RequestHandler.execute (C:\Users\jaces\Desktop\Corebot\node_modules\discord.js\src\rest\RequestHandler.js:170:25)
      at runMicrotasks (<anonymous>)
      at processTicksAndRejections (internal/process/task_queues.js:93:5) {
    method: 'post',
    path: '/guilds/832046329068650526/channels',
    code: 50035,
    httpStatus: 400
  }
} | MS: 1620355739209 | DATE: 5/6/2021, 9:48:59 PM]
----------------------------------
DiscordAPIError: Invalid Form Body
name: This field is required
EXTRA INFO:
Unknown
----------------------------------
[CALLER: Promise {
  <rejected> DiscordAPIError: Invalid Form Body
  name: This field is required
      at RequestHandler.execute (C:\Users\jaces\Desktop\Corebot\node_modules\discord.js\src\rest\RequestHandler.js:170:25)
      at runMicrotasks (<anonymous>)
      at processTicksAndRejections (internal/process/task_queues.js:93:5) {
    method: 'post',
    path: '/guilds/832046329068650526/channels',
    code: 50035,
    httpStatus: 400
  }
} | MS: 1620355740355 | DATE: 5/6/2021, 9:49:00 PM]
----------------------------------
DiscordAPIError: Invalid Form Body
name: This field is required
EXTRA INFO:
Unknown
----------------------------------
[CALLER: Promise {
  <rejected> DiscordAPIError: Invalid Form Body
  name: This field is required
      at RequestHandler.execute (C:\Users\jaces\Desktop\Corebot\node_modules\discord.js\src\rest\RequestHandler.js:170:25)
      at runMicrotasks (<anonymous>)
      at processTicksAndRejections (internal/process/task_queues.js:93:5) {
    method: 'post',
    path: '/guilds/837104198419611649/channels',
    code: 50035,
    httpStatus: 400
  }
} | MS: 1620355740373 | DATE: 5/6/2021, 9:49:00 PM]
----------------------------------
DiscordAPIError: Invalid Form Body
name: This field is required
EXTRA INFO:
Unknown
----------------------------------
[CALLER: Promise {
  <rejected> DiscordAPIError: Invalid Form Body
  name: This field is required
      at RequestHandler.execute (C:\Users\jaces\Desktop\Corebot\node_modules\discord.js\src\rest\RequestHandler.js:170:25)
      at runMicrotasks (<anonymous>)
      at processTicksAndRejections (internal/process/task_queues.js:93:5) {
    method: 'post',
    path: '/guilds/832046329068650526/channels',
    code: 50035,
    httpStatus: 400
  }
} | MS: 1620355741280 | DATE: 5/6/2021, 9:49:01 PM]
----------------------------------
DiscordAPIError: Invalid Form Body
name: This field is required
EXTRA INFO:
Unknown
----------------------------------
[CALLER: Promise {
  <rejected> DiscordAPIError: Invalid Form Body
  name: This field is required
      at RequestHandler.execute (C:\Users\jaces\Desktop\Corebot\node_modules\discord.js\src\rest\RequestHandler.js:170:25)
      at runMicrotasks (<anonymous>)
      at processTicksAndRejections (internal/process/task_queues.js:93:5) {
    method: 'post',
    path: '/guilds/837104198419611649/channels',
    code: 50035,
    httpStatus: 400
  }
} | MS: 1620355741315 | DATE: 5/6/2021, 9:49:01 PM]
----------------------------------
DiscordAPIError: Invalid Form Body
name: This field is required
EXTRA INFO:
Unknown
----------------------------------
[CALLER: Promise {
  <rejected> DiscordAPIError: Invalid Form Body
  name: This field is required
      at RequestHandler.execute (C:\Users\jaces\Desktop\Corebot\node_modules\discord.js\src\rest\RequestHandler.js:170:25)
      at runMicrotasks (<anonymous>)
      at processTicksAndRejections (internal/process/task_queues.js:93:5) {
    method: 'post',
    path: '/guilds/832046329068650526/channels',
    code: 50035,
    httpStatus: 400
  }
} | MS: 1620355743660 | DATE: 5/6/2021, 9:49:03 PM]
----------------------------------
DiscordAPIError: Invalid Form Body
name: This field is required
EXTRA INFO:
Unknown
----------------------------------
[CALLER: Promise {
  <rejected> DiscordAPIError: Invalid Form Body
  name: This field is required
      at RequestHandler.execute (C:\Users\jaces\Desktop\Corebot\node_modules\discord.js\src\rest\RequestHandler.js:170:25)
      at runMicrotasks (<anonymous>)
      at processTicksAndRejections (internal/process/task_queues.js:93:5) {
    method: 'post',
    path: '/guilds/837104198419611649/channels',
    code: 50035,
    httpStatus: 400
  }
} | MS: 1620355743680 | DATE: 5/6/2021, 9:49:03 PM]
----------------------------------
DiscordAPIError: Invalid Form Body
name: This field is required
EXTRA INFO:
Unknown
----------------------------------
[CALLER: Promise {
  <rejected> DiscordAPIError: Invalid Form Body
  name: This field is required
      at RequestHandler.execute (C:\Users\jaces\Desktop\Corebot\node_modules\discord.js\src\rest\RequestHandler.js:170:25)
      at runMicrotasks (<anonymous>)
      at processTicksAndRejections (internal/process/task_queues.js:93:5) {
    method: 'post',
    path: '/guilds/832046329068650526/channels',
    code: 50035,
    httpStatus: 400
  }
} | MS: 1620355745074 | DATE: 5/6/2021, 9:49:05 PM]
----------------------------------
DiscordAPIError: Invalid Form Body
name: This field is required
EXTRA INFO:
Unknown
----------------------------------
[CALLER: Promise {
  <rejected> DiscordAPIError: Invalid Form Body
  name: This field is required
      at RequestHandler.execute (C:\Users\jaces\Desktop\Corebot\node_modules\discord.js\src\rest\RequestHandler.js:170:25)
      at runMicrotasks (<anonymous>)
      at processTicksAndRejections (internal/process/task_queues.js:93:5) {
    method: 'post',
    path: '/guilds/837104198419611649/channels',
    code: 50035,
    httpStatus: 400
  }
} | MS: 1620355745077 | DATE: 5/6/2021, 9:49:05 PM]
----------------------------------
DiscordAPIError: Invalid Form Body
name: This field is required
EXTRA INFO:
Unknown
----------------------------------
[CALLER: Promise {
  <rejected> DiscordAPIError: Invalid Form Body
  name: This field is required
      at RequestHandler.execute (C:\Users\jaces\Desktop\Corebot\node_modules\discord.js\src\rest\RequestHandler.js:170:25)
      at runMicrotasks (<anonymous>)
      at processTicksAndRejections (internal/process/task_queues.js:93:5) {
    method: 'post',
    path: '/guilds/832046329068650526/channels',
    code: 50035,
    httpStatus: 400
  }
} | MS: 1620355745253 | DATE: 5/6/2021, 9:49:05 PM]
----------------------------------
DiscordAPIError: Invalid Form Body
name: This field is required
EXTRA INFO:
Unknown
----------------------------------
[CALLER: Promise {
  <rejected> DiscordAPIError: Invalid Form Body
  name: This field is required
      at RequestHandler.execute (C:\Users\jaces\Desktop\Corebot\node_modules\discord.js\src\rest\RequestHandler.js:170:25)
      at runMicrotasks (<anonymous>)
      at processTicksAndRejections (internal/process/task_queues.js:93:5) {
    method: 'post',
    path: '/guilds/837104198419611649/channels',
    code: 50035,
    httpStatus: 400
  }
} | MS: 1620355745288 | DATE: 5/6/2021, 9:49:05 PM]
----------------------------------
DiscordAPIError: Invalid Form Body
name: This field is required
EXTRA INFO:
Unknown
----------------------------------
[CALLER: Promise {
  <rejected> DiscordAPIError: Invalid Form Body
  name: This field is required
      at RequestHandler.execute (C:\Users\jaces\Desktop\Corebot\node_modules\discord.js\src\rest\RequestHandler.js:170:25)
      at runMicrotasks (<anonymous>)
      at processTicksAndRejections (internal/process/task_queues.js:93:5) {
    method: 'post',
    path: '/guilds/832046329068650526/channels',
    code: 50035,
    httpStatus: 400
  }
} | MS: 1620355756647 | DATE: 5/6/2021, 9:49:16 PM]
----------------------------------
DiscordAPIError: Invalid Form Body
name: This field is required
EXTRA INFO:
Unknown
----------------------------------
[CALLER: Promise {
  <rejected> DiscordAPIError: Invalid Form Body
  name: This field is required
      at RequestHandler.execute (C:\Users\jaces\Desktop\Corebot\node_modules\discord.js\src\rest\RequestHandler.js:170:25)
      at runMicrotasks (<anonymous>)
      at processTicksAndRejections (internal/process/task_queues.js:93:5) {
    method: 'post',
    path: '/guilds/837104198419611649/channels',
    code: 50035,
    httpStatus: 400
  }
} | MS: 1620355756662 | DATE: 5/6/2021, 9:49:16 PM]
----------------------------------
DiscordAPIError: Invalid Form Body
name: This field is required
EXTRA INFO:
Unknown
----------------------------------
[CALLER: Promise {
  <rejected> DiscordAPIError: Invalid Form Body
  name: This field is required
      at RequestHandler.execute (C:\Users\jaces\Desktop\Corebot\node_modules\discord.js\src\rest\RequestHandler.js:170:25)
      at runMicrotasks (<anonymous>)
      at processTicksAndRejections (internal/process/task_queues.js:93:5) {
    method: 'post',
    path: '/guilds/837104198419611649/channels',
    code: 50035,
    httpStatus: 400
  }
} | MS: 1620355760754 | DATE: 5/6/2021, 9:49:20 PM]
----------------------------------
DiscordAPIError: Invalid Form Body
name: This field is required
EXTRA INFO:
Unknown
----------------------------------
[CALLER: Promise {
  <rejected> DiscordAPIError: Invalid Form Body
  name: This field is required
      at RequestHandler.execute (C:\Users\jaces\Desktop\Corebot\node_modules\discord.js\src\rest\RequestHandler.js:170:25)
      at runMicrotasks (<anonymous>)
      at processTicksAndRejections (internal/process/task_queues.js:93:5) {
    method: 'post',
    path: '/guilds/832046329068650526/channels',
    code: 50035,
    httpStatus: 400
  }
} | MS: 1620355760760 | DATE: 5/6/2021, 9:49:20 PM]
----------------------------------
DiscordAPIError: Invalid Form Body
name: This field is required
EXTRA INFO:
Unknown
----------------------------------
[CALLER: Promise {
  <rejected> DiscordAPIError: Invalid Form Body
  name: This field is required
      at RequestHandler.execute (C:\Users\jaces\Desktop\Corebot\node_modules\discord.js\src\rest\RequestHandler.js:170:25)
      at runMicrotasks (<anonymous>)
      at processTicksAndRejections (internal/process/task_queues.js:93:5) {
    method: 'post',
    path: '/guilds/837104198419611649/channels',
    code: 50035,
    httpStatus: 400
  }
} | MS: 1620355762833 | DATE: 5/6/2021, 9:49:22 PM]
----------------------------------
DiscordAPIError: Invalid Form Body
name: This field is required
EXTRA INFO:
Unknown
----------------------------------
[CALLER: Promise {
  <rejected> DiscordAPIError: Invalid Form Body
  name: This field is required
      at RequestHandler.execute (C:\Users\jaces\Desktop\Corebot\node_modules\discord.js\src\rest\RequestHandler.js:170:25)
      at runMicrotasks (<anonymous>)
      at processTicksAndRejections (internal/process/task_queues.js:93:5) {
    method: 'post',
    path: '/guilds/832046329068650526/channels',
    code: 50035,
    httpStatus: 400
  }
} | MS: 1620355762837 | DATE: 5/6/2021, 9:49:22 PM]
----------------------------------
DiscordAPIError: Invalid Form Body
name: This field is required
EXTRA INFO:
Unknown
----------------------------------
[CALLER: Promise {
  <rejected> DiscordAPIError: Invalid Form Body
  name: This field is required
      at RequestHandler.execute (C:\Users\jaces\Desktop\Corebot\node_modules\discord.js\src\rest\RequestHandler.js:170:25)
      at runMicrotasks (<anonymous>)
      at processTicksAndRejections (internal/process/task_queues.js:93:5) {
    method: 'post',
    path: '/guilds/837104198419611649/channels',
    code: 50035,
    httpStatus: 400
  }
} | MS: 1620355764407 | DATE: 5/6/2021, 9:49:24 PM]
----------------------------------
DiscordAPIError: Invalid Form Body
name: This field is required
EXTRA INFO:
Unknown
----------------------------------
[CALLER: Promise {
  <rejected> DiscordAPIError: Invalid Form Body
  name: This field is required
      at RequestHandler.execute (C:\Users\jaces\Desktop\Corebot\node_modules\discord.js\src\rest\RequestHandler.js:170:25)
      at runMicrotasks (<anonymous>)
      at processTicksAndRejections (internal/process/task_queues.js:93:5) {
    method: 'post',
    path: '/guilds/832046329068650526/channels',
    code: 50035,
    httpStatus: 400
  }
} | MS: 1620355764411 | DATE: 5/6/2021, 9:49:24 PM]
----------------------------------
DiscordAPIError: Invalid Form Body
name: This field is required
EXTRA INFO:
Unknown
----------------------------------
[CALLER: Promise {
  <rejected> DiscordAPIError: Invalid Form Body
  name: This field is required
      at RequestHandler.execute (C:\Users\jaces\Desktop\Corebot\node_modules\discord.js\src\rest\RequestHandler.js:170:25)
      at runMicrotasks (<anonymous>)
      at processTicksAndRejections (internal/process/task_queues.js:93:5) {
    method: 'post',
    path: '/guilds/832046329068650526/channels',
    code: 50035,
    httpStatus: 400
  }
} | MS: 1620355769180 | DATE: 5/6/2021, 9:49:29 PM]
----------------------------------
DiscordAPIError: Invalid Form Body
name: This field is required
EXTRA INFO:
Unknown
----------------------------------
[CALLER: Promise {
  <rejected> DiscordAPIError: Invalid Form Body
  name: This field is required
      at RequestHandler.execute (C:\Users\jaces\Desktop\Corebot\node_modules\discord.js\src\rest\RequestHandler.js:170:25)
      at runMicrotasks (<anonymous>)
      at processTicksAndRejections (internal/process/task_queues.js:93:5) {
    method: 'post',
    path: '/guilds/837104198419611649/channels',
    code: 50035,
    httpStatus: 400
  }
} | MS: 1620355769207 | DATE: 5/6/2021, 9:49:29 PM]
----------------------------------
DiscordAPIError: Invalid Form Body
name: This field is required
EXTRA INFO:
Unknown
----------------------------------
[CALLER: Promise {
  <rejected> DiscordAPIError: Invalid Form Body
  name: This field is required
      at RequestHandler.execute (C:\Users\jaces\Desktop\Corebot\node_modules\discord.js\src\rest\RequestHandler.js:170:25)
      at runMicrotasks (<anonymous>)
      at processTicksAndRejections (internal/process/task_queues.js:93:5) {
    method: 'post',
    path: '/guilds/832046329068650526/channels',
    code: 50035,
    httpStatus: 400
  }
} | MS: 1620355770366 | DATE: 5/6/2021, 9:49:30 PM]
----------------------------------
DiscordAPIError: Invalid Form Body
name: This field is required
EXTRA INFO:
Unknown
----------------------------------
[CALLER: Promise {
  <rejected> DiscordAPIError: Invalid Form Body
  name: This field is required
      at RequestHandler.execute (C:\Users\jaces\Desktop\Corebot\node_modules\discord.js\src\rest\RequestHandler.js:170:25)
      at runMicrotasks (<anonymous>)
      at processTicksAndRejections (internal/process/task_queues.js:93:5) {
    method: 'post',
    path: '/guilds/837104198419611649/channels',
    code: 50035,
    httpStatus: 400
  }
} | MS: 1620355770376 | DATE: 5/6/2021, 9:49:30 PM]
----------------------------------
DiscordAPIError: Invalid Form Body
name: This field is required
EXTRA INFO:
Unknown
----------------------------------
[CALLER: Promise {
  <rejected> DiscordAPIError: Invalid Form Body
  name: This field is required
      at RequestHandler.execute (C:\Users\jaces\Desktop\Corebot\node_modules\discord.js\src\rest\RequestHandler.js:170:25)
      at runMicrotasks (<anonymous>)
      at processTicksAndRejections (internal/process/task_queues.js:93:5) {
    method: 'post',
    path: '/guilds/832046329068650526/channels',
    code: 50035,
    httpStatus: 400
  }
} | MS: 1620355771299 | DATE: 5/6/2021, 9:49:31 PM]
----------------------------------
DiscordAPIError: Invalid Form Body
name: This field is required
EXTRA INFO:
Unknown
----------------------------------
[CALLER: Promise {
  <rejected> DiscordAPIError: Invalid Form Body
  name: This field is required
      at RequestHandler.execute (C:\Users\jaces\Desktop\Corebot\node_modules\discord.js\src\rest\RequestHandler.js:170:25)
      at runMicrotasks (<anonymous>)
      at processTicksAndRejections (internal/process/task_queues.js:93:5) {
    method: 'post',
    path: '/guilds/837104198419611649/channels',
    code: 50035,
    httpStatus: 400
  }
} | MS: 1620355771304 | DATE: 5/6/2021, 9:49:31 PM]
----------------------------------
DiscordAPIError: Invalid Form Body
name: This field is required
EXTRA INFO:
Unknown
----------------------------------
[CALLER: AddonHandler.js:123:44 | MS: 1620355772095 | DATE: 5/6/2021, 9:49:32 PM]
-------------------------------------------------------------------
Cannot find module 'paypal-rest-sdk'
Require stack:
- C:\Users\jaces\Desktop\Corebot\addons\BusinessPayPal.js
- C:\Users\jaces\Desktop\Corebot\modules\handlers\AddonHandler.js
- C:\Users\jaces\Desktop\Corebot\commands\management\addon.js
- C:\Users\jaces\Desktop\Corebot\modules\handlers\CommandHandler.js
- C:\Users\jaces\Desktop\Corebot\index.js
EXTRA INFO:
Error: Cannot find module 'paypal-rest-sdk'
Require stack:
- C:\Users\jaces\Desktop\Corebot\addons\BusinessPayPal.js
- C:\Users\jaces\Desktop\Corebot\modules\handlers\AddonHandler.js
- C:\Users\jaces\Desktop\Corebot\commands\management\addon.js
- C:\Users\jaces\Desktop\Corebot\modules\handlers\CommandHandler.js
- C:\Users\jaces\Desktop\Corebot\index.js
    at Function.Module._resolveFilename (internal/modules/cjs/loader.js:880:15)
    at Function.Module._load (internal/modules/cjs/loader.js:725:27)
    at Module.require (internal/modules/cjs/loader.js:952:19)
    at require (internal/modules/cjs/helpers.js:88:18)
    at Object.<anonymous> (C:\Users\jaces\Desktop\Corebot\addons\BusinessPayPal.js:1:1680)
    at Module._compile (internal/modules/cjs/loader.js:1063:30)
    at Object.Module._extensions..js (internal/modules/cjs/loader.js:1092:10)
    at Module.load (internal/modules/cjs/loader.js:928:32)
    at Function.Module._load (internal/modules/cjs/loader.js:769:14)
    at Module.require (internal/modules/cjs/loader.js:952:19)
    at require (internal/modules/cjs/helpers.js:88:18)
    at C:\Users\jaces\Desktop\Corebot\modules\handlers\AddonHandler.js:112:35
    at Array.forEach (<anonymous>)
    at C:\Users\jaces\Desktop\Corebot\modules\handlers\AddonHandler.js:110:18
    at FSReqCallback.oncomplete (fs.js:171:23)
-------------------------------------------------------------------
[CALLER: Promise {
  <rejected> DiscordAPIError: Invalid Form Body
  name: This field is required
      at RequestHandler.execute (C:\Users\jaces\Desktop\Corebot\node_modules\discord.js\src\rest\RequestHandler.js:170:25)
      at runMicrotasks (<anonymous>)
      at processTicksAndRejections (internal/process/task_queues.js:93:5) {
    method: 'post',
    path: '/guilds/832046329068650526/channels',
    code: 50035,
    httpStatus: 400
  }
} | MS: 1620355772211 | DATE: 5/6/2021, 9:49:32 PM]
----------------------------------
DiscordAPIError: Invalid Form Body
name: This field is required
EXTRA INFO:
Unknown
----------------------------------
[CALLER: Promise {
  <rejected> DiscordAPIError: Invalid Form Body
  name: This field is required
      at RequestHandler.execute (C:\Users\jaces\Desktop\Corebot\node_modules\discord.js\src\rest\RequestHandler.js:170:25)
      at runMicrotasks (<anonymous>)
      at processTicksAndRejections (internal/process/task_queues.js:93:5) {
    method: 'post',
    path: '/guilds/837104198419611649/channels',
    code: 50035,
    httpStatus: 400
  }
} | MS: 1620355772274 | DATE: 5/6/2021, 9:49:32 PM]
----------------------------------
DiscordAPIError: Invalid Form Body
name: This field is required
EXTRA INFO:
Unknown
----------------------------------
[CALLER: Promise {
  <rejected> DiscordAPIError: Invalid Form Body
  name: This field is required
      at RequestHandler.execute (C:\Users\jaces\Desktop\Corebot\node_modules\discord.js\src\rest\RequestHandler.js:170:25)
      at runMicrotasks (<anonymous>)
      at processTicksAndRejections (internal/process/task_queues.js:93:5) {
    method: 'post',
    path: '/guilds/832046329068650526/channels',
    code: 50035,
    httpStatus: 400
  }
} | MS: 1620355773627 | DATE: 5/6/2021, 9:49:33 PM]
----------------------------------
DiscordAPIError: Invalid Form Body
name: This field is required
EXTRA INFO:
Unknown
----------------------------------
[CALLER: Promise {
  <rejected> DiscordAPIError: Invalid Form Body
  name: This field is required
      at RequestHandler.execute (C:\Users\jaces\Desktop\Corebot\node_modules\discord.js\src\rest\RequestHandler.js:170:25)
      at runMicrotasks (<anonymous>)
      at processTicksAndRejections (internal/process/task_queues.js:93:5) {
    method: 'post',
    path: '/guilds/837104198419611649/channels',
    code: 50035,
    httpStatus: 400
  }
} | MS: 1620355773628 | DATE: 5/6/2021, 9:49:33 PM]
----------------------------------
DiscordAPIError: Invalid Form Body
name: This field is required
EXTRA INFO:
Unknown
----------------------------------
[CALLER: Promise {
  <rejected> DiscordAPIError: Invalid Form Body
  name: This field is required
      at RequestHandler.execute (C:\Users\jaces\Desktop\Corebot\node_modules\discord.js\src\rest\RequestHandler.js:170:25)
      at runMicrotasks (<anonymous>)
      at processTicksAndRejections (internal/process/task_queues.js:93:5) {
    method: 'post',
    path: '/guilds/832046329068650526/channels',
    code: 50035,
    httpStatus: 400
  }
} | MS: 1620355775060 | DATE: 5/6/2021, 9:49:35 PM]
----------------------------------
DiscordAPIError: Invalid Form Body
name: This field is required
EXTRA INFO:
Unknown
----------------------------------
[CALLER: Promise {
  <rejected> DiscordAPIError: Invalid Form Body
  name: This field is required
      at RequestHandler.execute (C:\Users\jaces\Desktop\Corebot\node_modules\discord.js\src\rest\RequestHandler.js:170:25)
      at runMicrotasks (<anonymous>)
      at processTicksAndRejections (internal/process/task_queues.js:93:5) {
    method: 'post',
    path: '/guilds/837104198419611649/channels',
    code: 50035,
    httpStatus: 400
  }
} | MS: 1620355775070 | DATE: 5/6/2021, 9:49:35 PM]
----------------------------------
DiscordAPIError: Invalid Form Body
name: This field is required
EXTRA INFO:
Unknown
----------------------------------
[CALLER: Promise {
  <rejected> DiscordAPIError: Invalid Form Body
  name: This field is required
      at RequestHandler.execute (C:\Users\jaces\Desktop\Corebot\node_modules\discord.js\src\rest\RequestHandler.js:170:25)
      at runMicrotasks (<anonymous>)
      at processTicksAndRejections (internal/process/task_queues.js:93:5) {
    method: 'post',
    path: '/guilds/832046329068650526/channels',
    code: 50035,
    httpStatus: 400
  }
} | MS: 1620355775256 | DATE: 5/6/2021, 9:49:35 PM]
----------------------------------
DiscordAPIError: Invalid Form Body
name: This field is required
EXTRA INFO:
Unknown
----------------------------------
[CALLER: Promise {
  <rejected> DiscordAPIError: Invalid Form Body
  name: This field is required
      at RequestHandler.execute (C:\Users\jaces\Desktop\Corebot\node_modules\discord.js\src\rest\RequestHandler.js:170:25)
      at runMicrotasks (<anonymous>)
      at processTicksAndRejections (internal/process/task_queues.js:93:5) {
    method: 'post',
    path: '/guilds/837104198419611649/channels',
    code: 50035,
    httpStatus: 400
  }
} | MS: 1620355775276 | DATE: 5/6/2021, 9:49:35 PM]
----------------------------------
DiscordAPIError: Invalid Form Body
name: This field is required
EXTRA INFO:
Unknown
----------------------------------
[CALLER: Promise {
  <rejected> DiscordAPIError: Invalid Form Body
  name: This field is required
      at RequestHandler.execute (C:\Users\jaces\Desktop\Corebot\node_modules\discord.js\src\rest\RequestHandler.js:170:25)
      at runMicrotasks (<anonymous>)
      at processTicksAndRejections (internal/process/task_queues.js:93:5) {
    method: 'post',
    path: '/guilds/837104198419611649/channels',
    code: 50035,
    httpStatus: 400
  }
} | MS: 1620355786642 | DATE: 5/6/2021, 9:49:46 PM]
----------------------------------
DiscordAPIError: Invalid Form Body
name: This field is required
EXTRA INFO:
Unknown
----------------------------------
[CALLER: Promise {
  <rejected> DiscordAPIError: Invalid Form Body
  name: This field is required
      at RequestHandler.execute (C:\Users\jaces\Desktop\Corebot\node_modules\discord.js\src\rest\RequestHandler.js:170:25)
      at runMicrotasks (<anonymous>)
      at processTicksAndRejections (internal/process/task_queues.js:93:5) {
    method: 'post',
    path: '/guilds/832046329068650526/channels',
    code: 50035,
    httpStatus: 400
  }
} | MS: 1620355786646 | DATE: 5/6/2021, 9:49:46 PM]
----------------------------------
DiscordAPIError: Invalid Form Body
name: This field is required
EXTRA INFO:
Unknown
----------------------------------
[CALLER: AddonHandler.js:123:44 | MS: 1620355787879 | DATE: 5/6/2021, 9:49:47 PM]
-------------------------------------------------------------------
Cannot find module 'paypal-rest-sdk'
Require stack:
- C:\Users\jaces\Desktop\Corebot\addons\BusinessPayPal.js
- C:\Users\jaces\Desktop\Corebot\modules\handlers\AddonHandler.js
- C:\Users\jaces\Desktop\Corebot\commands\management\addon.js
- C:\Users\jaces\Desktop\Corebot\modules\handlers\CommandHandler.js
- C:\Users\jaces\Desktop\Corebot\index.js
EXTRA INFO:
Error: Cannot find module 'paypal-rest-sdk'
Require stack:
- C:\Users\jaces\Desktop\Corebot\addons\BusinessPayPal.js
- C:\Users\jaces\Desktop\Corebot\modules\handlers\AddonHandler.js
- C:\Users\jaces\Desktop\Corebot\commands\management\addon.js
- C:\Users\jaces\Desktop\Corebot\modules\handlers\CommandHandler.js
- C:\Users\jaces\Desktop\Corebot\index.js
    at Function.Module._resolveFilename (internal/modules/cjs/loader.js:880:15)
    at Function.Module._load (internal/modules/cjs/loader.js:725:27)
    at Module.require (internal/modules/cjs/loader.js:952:19)
    at require (internal/modules/cjs/helpers.js:88:18)
    at Object.<anonymous> (C:\Users\jaces\Desktop\Corebot\addons\BusinessPayPal.js:1:1680)
    at Module._compile (internal/modules/cjs/loader.js:1063:30)
    at Object.Module._extensions..js (internal/modules/cjs/loader.js:1092:10)
    at Module.load (internal/modules/cjs/loader.js:928:32)
    at Function.Module._load (internal/modules/cjs/loader.js:769:14)
    at Module.require (internal/modules/cjs/loader.js:952:19)
    at require (internal/modules/cjs/helpers.js:88:18)
    at C:\Users\jaces\Desktop\Corebot\modules\handlers\AddonHandler.js:112:35
    at Array.forEach (<anonymous>)
    at C:\Users\jaces\Desktop\Corebot\modules\handlers\AddonHandler.js:110:18
    at FSReqCallback.oncomplete (fs.js:171:23)
-------------------------------------------------------------------
[CALLER: Promise {
  <rejected> DiscordAPIError: Invalid Form Body
  name: This field is required
      at RequestHandler.execute (C:\Users\jaces\Desktop\Corebot\node_modules\discord.js\src\rest\RequestHandler.js:170:25)
      at runMicrotasks (<anonymous>)
      at processTicksAndRejections (internal/process/task_queues.js:93:5) {
    method: 'post',
    path: '/guilds/832046329068650526/channels',
    code: 50035,
    httpStatus: 400
  }
} | MS: 1620355788022 | DATE: 5/6/2021, 9:49:48 PM]
----------------------------------
DiscordAPIError: Invalid Form Body
name: This field is required
EXTRA INFO:
Unknown
----------------------------------
[CALLER: Promise {
  <rejected> DiscordAPIError: Invalid Form Body
  name: This field is required
      at RequestHandler.execute (C:\Users\jaces\Desktop\Corebot\node_modules\discord.js\src\rest\RequestHandler.js:170:25)
      at runMicrotasks (<anonymous>)
      at processTicksAndRejections (internal/process/task_queues.js:93:5) {
    method: 'post',
    path: '/guilds/837104198419611649/channels',
    code: 50035,
    httpStatus: 400
  }
} | MS: 1620355788021 | DATE: 5/6/2021, 9:49:48 PM]
----------------------------------
DiscordAPIError: Invalid Form Body
name: This field is required
EXTRA INFO:
Unknown
----------------------------------
[CALLER: Promise {
  <rejected> DiscordAPIError: Invalid Form Body
  name: This field is required
      at RequestHandler.execute (C:\Users\jaces\Desktop\Corebot\node_modules\discord.js\src\rest\RequestHandler.js:170:25)
      at runMicrotasks (<anonymous>)
      at processTicksAndRejections (internal/process/task_queues.js:93:5) {
    method: 'post',
    path: '/guilds/832046329068650526/channels',
    code: 50035,
    httpStatus: 400
  }
} | MS: 1620355790746 | DATE: 5/6/2021, 9:49:50 PM]
----------------------------------
DiscordAPIError: Invalid Form Body
name: This field is required
EXTRA INFO:
Unknown
----------------------------------
[CALLER: Promise {
  <rejected> DiscordAPIError: Invalid Form Body
  name: This field is required
      at RequestHandler.execute (C:\Users\jaces\Desktop\Corebot\node_modules\discord.js\src\rest\RequestHandler.js:170:25)
      at runMicrotasks (<anonymous>)
      at processTicksAndRejections (internal/process/task_queues.js:93:5) {
    method: 'post',
    path: '/guilds/837104198419611649/channels',
    code: 50035,
    httpStatus: 400
  }
} | MS: 1620355790770 | DATE: 5/6/2021, 9:49:50 PM]
----------------------------------
DiscordAPIError: Invalid Form Body
name: This field is required
EXTRA INFO:
Unknown
----------------------------------
[CALLER: AddonHandler.js:123:44 | MS: 1620355797132 | DATE: 5/6/2021, 9:49:57 PM]
-------------------------------------------------------------------
Cannot find module 'paypal-rest-sdk'
Require stack:
- C:\Users\jaces\Desktop\Corebot\addons\BusinessPayPal.js
- C:\Users\jaces\Desktop\Corebot\modules\handlers\AddonHandler.js
- C:\Users\jaces\Desktop\Corebot\commands\management\addon.js
- C:\Users\jaces\Desktop\Corebot\modules\handlers\CommandHandler.js
- C:\Users\jaces\Desktop\Corebot\index.js
EXTRA INFO:
Error: Cannot find module 'paypal-rest-sdk'
Require stack:
- C:\Users\jaces\Desktop\Corebot\addons\BusinessPayPal.js
- C:\Users\jaces\Desktop\Corebot\modules\handlers\AddonHandler.js
- C:\Users\jaces\Desktop\Corebot\commands\management\addon.js
- C:\Users\jaces\Desktop\Corebot\modules\handlers\CommandHandler.js
- C:\Users\jaces\Desktop\Corebot\index.js
    at Function.Module._resolveFilename (internal/modules/cjs/loader.js:880:15)
    at Function.Module._load (internal/modules/cjs/loader.js:725:27)
    at Module.require (internal/modules/cjs/loader.js:952:19)
    at require (internal/modules/cjs/helpers.js:88:18)
    at Object.<anonymous> (C:\Users\jaces\Desktop\Corebot\addons\BusinessPayPal.js:1:1680)
    at Module._compile (internal/modules/cjs/loader.js:1063:30)
    at Object.Module._extensions..js (internal/modules/cjs/loader.js:1092:10)
    at Module.load (internal/modules/cjs/loader.js:928:32)
    at Function.Module._load (internal/modules/cjs/loader.js:769:14)
    at Module.require (internal/modules/cjs/loader.js:952:19)
    at require (internal/modules/cjs/helpers.js:88:18)
    at C:\Users\jaces\Desktop\Corebot\modules\handlers\AddonHandler.js:112:35
    at Array.forEach (<anonymous>)
    at C:\Users\jaces\Desktop\Corebot\modules\handlers\AddonHandler.js:110:18
    at FSReqCallback.oncomplete (fs.js:171:23)
-------------------------------------------------------------------
[CALLER: Promise {
  <rejected> DiscordAPIError: Invalid Form Body
  name: This field is required
      at RequestHandler.execute (C:\Users\jaces\Desktop\Corebot\node_modules\discord.js\src\rest\RequestHandler.js:170:25)
      at processTicksAndRejections (internal/process/task_queues.js:93:5) {
    method: 'post',
    path: '/guilds/837104198419611649/channels',
    code: 50035,
    httpStatus: 400
  }
} | MS: 1620355797343 | DATE: 5/6/2021, 9:49:57 PM]
----------------------------------
DiscordAPIError: Invalid Form Body
name: This field is required
EXTRA INFO:
Unknown
----------------------------------
[CALLER: Promise {
  <rejected> DiscordAPIError: Invalid Form Body
  name: This field is required
      at RequestHandler.execute (C:\Users\jaces\Desktop\Corebot\node_modules\discord.js\src\rest\RequestHandler.js:170:25)
      at processTicksAndRejections (internal/process/task_queues.js:93:5) {
    method: 'post',
    path: '/guilds/832046329068650526/channels',
    code: 50035,
    httpStatus: 400
  }
} | MS: 1620355797345 | DATE: 5/6/2021, 9:49:57 PM]
----------------------------------
DiscordAPIError: Invalid Form Body
name: This field is required
EXTRA INFO:
Unknown
----------------------------------
[CALLER: AddonHandler.js:123:44 | MS: 1620355813082 | DATE: 5/6/2021, 9:50:13 PM]
-------------------------------------------------------------------
Cannot find module 'paypal-rest-sdk'
Require stack:
- C:\Users\jaces\Desktop\Corebot\addons\BusinessPayPal.js
- C:\Users\jaces\Desktop\Corebot\modules\handlers\AddonHandler.js
- C:\Users\jaces\Desktop\Corebot\commands\management\addon.js
- C:\Users\jaces\Desktop\Corebot\modules\handlers\CommandHandler.js
- C:\Users\jaces\Desktop\Corebot\index.js
EXTRA INFO:
Error: Cannot find module 'paypal-rest-sdk'
Require stack:
- C:\Users\jaces\Desktop\Corebot\addons\BusinessPayPal.js
- C:\Users\jaces\Desktop\Corebot\modules\handlers\AddonHandler.js
- C:\Users\jaces\Desktop\Corebot\commands\management\addon.js
- C:\Users\jaces\Desktop\Corebot\modules\handlers\CommandHandler.js
- C:\Users\jaces\Desktop\Corebot\index.js
    at Function.Module._resolveFilename (internal/modules/cjs/loader.js:880:15)
    at Function.Module._load (internal/modules/cjs/loader.js:725:27)
    at Module.require (internal/modules/cjs/loader.js:952:19)
    at require (internal/modules/cjs/helpers.js:88:18)
    at Object.<anonymous> (C:\Users\jaces\Desktop\Corebot\addons\BusinessPayPal.js:1:1680)
    at Module._compile (internal/modules/cjs/loader.js:1063:30)
    at Object.Module._extensions..js (internal/modules/cjs/loader.js:1092:10)
    at Module.load (internal/modules/cjs/loader.js:928:32)
    at Function.Module._load (internal/modules/cjs/loader.js:769:14)
    at Module.require (internal/modules/cjs/loader.js:952:19)
    at require (internal/modules/cjs/helpers.js:88:18)
    at C:\Users\jaces\Desktop\Corebot\modules\handlers\AddonHandler.js:112:35
    at Array.forEach (<anonymous>)
    at C:\Users\jaces\Desktop\Corebot\modules\handlers\AddonHandler.js:110:18
    at FSReqCallback.oncomplete (fs.js:171:23)
-------------------------------------------------------------------
[CALLER: Promise {
  <rejected> DiscordAPIError: Invalid Form Body
  name: This field is required
      at RequestHandler.execute (C:\Users\jaces\Desktop\Corebot\node_modules\discord.js\src\rest\RequestHandler.js:170:25)
      at processTicksAndRejections (internal/process/task_queues.js:93:5) {
    method: 'post',
    path: '/guilds/837104198419611649/channels',
    code: 50035,
    httpStatus: 400
  }
} | MS: 1620355813227 | DATE: 5/6/2021, 9:50:13 PM]
----------------------------------
DiscordAPIError: Invalid Form Body
name: This field is required
EXTRA INFO:
Unknown
----------------------------------
[CALLER: Promise {
  <rejected> DiscordAPIError: Invalid Form Body
  name: This field is required
      at RequestHandler.execute (C:\Users\jaces\Desktop\Corebot\node_modules\discord.js\src\rest\RequestHandler.js:170:25)
      at processTicksAndRejections (internal/process/task_queues.js:93:5) {
    method: 'post',
    path: '/guilds/832046329068650526/channels',
    code: 50035,
    httpStatus: 400
  }
} | MS: 1620355813228 | DATE: 5/6/2021, 9:50:13 PM]
----------------------------------
DiscordAPIError: Invalid Form Body
name: This field is required
EXTRA INFO:
Unknown
----------------------------------
[CALLER: Promise {
  <rejected> DiscordAPIError: Invalid Form Body
  name: This field is required
      at RequestHandler.execute (C:\Users\jaces\Desktop\Corebot\node_modules\discord.js\src\rest\RequestHandler.js:170:25)
      at processTicksAndRejections (internal/process/task_queues.js:93:5) {
    method: 'post',
    path: '/guilds/832046329068650526/channels',
    code: 50035,
    httpStatus: 400
  }
} | MS: 1620355827277 | DATE: 5/6/2021, 9:50:27 PM]
----------------------------------
DiscordAPIError: Invalid Form Body
name: This field is required
EXTRA INFO:
Unknown
----------------------------------
[CALLER: Promise {
  <rejected> DiscordAPIError: Invalid Form Body
  name: This field is required
      at RequestHandler.execute (C:\Users\jaces\Desktop\Corebot\node_modules\discord.js\src\rest\RequestHandler.js:170:25)
      at processTicksAndRejections (internal/process/task_queues.js:93:5) {
    method: 'post',
    path: '/guilds/837104198419611649/channels',
    code: 50035,
    httpStatus: 400
  }
} | MS: 1620355827282 | DATE: 5/6/2021, 9:50:27 PM]
----------------------------------
DiscordAPIError: Invalid Form Body
name: This field is required
EXTRA INFO:
Unknown
----------------------------------
[CALLER: Promise {
  <rejected> DiscordAPIError: Invalid Form Body
  name: This field is required
      at RequestHandler.execute (C:\Users\jaces\Desktop\Corebot\node_modules\discord.js\src\rest\RequestHandler.js:170:25)
      at processTicksAndRejections (internal/process/task_queues.js:93:5) {
    method: 'post',
    path: '/guilds/832046329068650526/channels',
    code: 50035,
    httpStatus: 400
  }
} | MS: 1620355843201 | DATE: 5/6/2021, 9:50:43 PM]
----------------------------------
DiscordAPIError: Invalid Form Body
name: This field is required
EXTRA INFO:
Unknown
----------------------------------
[CALLER: Promise {
  <rejected> DiscordAPIError: Invalid Form Body
  name: This field is required
      at RequestHandler.execute (C:\Users\jaces\Desktop\Corebot\node_modules\discord.js\src\rest\RequestHandler.js:170:25)
      at processTicksAndRejections (internal/process/task_queues.js:93:5) {
    method: 'post',
    path: '/guilds/837104198419611649/channels',
    code: 50035,
    httpStatus: 400
  }
} | MS: 1620355843216 | DATE: 5/6/2021, 9:50:43 PM]
----------------------------------
DiscordAPIError: Invalid Form Body
name: This field is required
EXTRA INFO:
Unknown
----------------------------------
[CALLER: AddonHandler.js:123:44 | MS: 1620355843998 | DATE: 5/6/2021, 9:50:43 PM]
-------------------------------------------------------------------
Cannot find module 'paypal-rest-sdk'
Require stack:
- C:\Users\jaces\Desktop\Corebot\addons\BusinessPayPal.js
- C:\Users\jaces\Desktop\Corebot\modules\handlers\AddonHandler.js
- C:\Users\jaces\Desktop\Corebot\commands\management\addon.js
- C:\Users\jaces\Desktop\Corebot\modules\handlers\CommandHandler.js
- C:\Users\jaces\Desktop\Corebot\index.js
EXTRA INFO:
Error: Cannot find module 'paypal-rest-sdk'
Require stack:
- C:\Users\jaces\Desktop\Corebot\addons\BusinessPayPal.js
- C:\Users\jaces\Desktop\Corebot\modules\handlers\AddonHandler.js
- C:\Users\jaces\Desktop\Corebot\commands\management\addon.js
- C:\Users\jaces\Desktop\Corebot\modules\handlers\CommandHandler.js
- C:\Users\jaces\Desktop\Corebot\index.js
    at Function.Module._resolveFilename (internal/modules/cjs/loader.js:880:15)
    at Function.Module._load (internal/modules/cjs/loader.js:725:27)
    at Module.require (internal/modules/cjs/loader.js:952:19)
    at require (internal/modules/cjs/helpers.js:88:18)
    at Object.<anonymous> (C:\Users\jaces\Desktop\Corebot\addons\BusinessPayPal.js:1:1680)
    at Module._compile (internal/modules/cjs/loader.js:1063:30)
    at Object.Module._extensions..js (internal/modules/cjs/loader.js:1092:10)
    at Module.load (internal/modules/cjs/loader.js:928:32)
    at Function.Module._load (internal/modules/cjs/loader.js:769:14)
    at Module.require (internal/modules/cjs/loader.js:952:19)
    at require (internal/modules/cjs/helpers.js:88:18)
    at C:\Users\jaces\Desktop\Corebot\modules\handlers\AddonHandler.js:112:35
    at Array.forEach (<anonymous>)
    at C:\Users\jaces\Desktop\Corebot\modules\handlers\AddonHandler.js:110:18
    at FSReqCallback.oncomplete (fs.js:171:23)
-------------------------------------------------------------------
[CALLER: Promise {
  <rejected> DiscordAPIError: Invalid Form Body
  name: This field is required
      at RequestHandler.execute (C:\Users\jaces\Desktop\Corebot\node_modules\discord.js\src\rest\RequestHandler.js:170:25)
      at processTicksAndRejections (internal/process/task_queues.js:93:5) {
    method: 'post',
    path: '/guilds/837104198419611649/channels',
    code: 50035,
    httpStatus: 400
  }
} | MS: 1620355844113 | DATE: 5/6/2021, 9:50:44 PM]
----------------------------------
DiscordAPIError: Invalid Form Body
name: This field is required
EXTRA INFO:
Unknown
----------------------------------
[CALLER: Promise {
  <rejected> DiscordAPIError: Invalid Form Body
  name: This field is required
      at RequestHandler.execute (C:\Users\jaces\Desktop\Corebot\node_modules\discord.js\src\rest\RequestHandler.js:170:25)
      at processTicksAndRejections (internal/process/task_queues.js:93:5) {
    method: 'post',
    path: '/guilds/832046329068650526/channels',
    code: 50035,
    httpStatus: 400
  }
} | MS: 1620355844137 | DATE: 5/6/2021, 9:50:44 PM]
----------------------------------
DiscordAPIError: Invalid Form Body
name: This field is required
EXTRA INFO:
Unknown
----------------------------------
[CALLER: RequestHandler.js:107:21 | MS: 1620355857181 | DATE: 5/6/2021, 9:50:57 PM]
-------------------------------------------------------------------------------------------------------------------------------------
FetchError: request to https://discordapp.com/api/v7/channels/840041596874391572 failed, reason: getaddrinfo ENOTFOUND discordapp.com
EXTRA INFO:
Promise {
  <rejected> HTTPError [FetchError]: request to https://discordapp.com/api/v7/channels/840041596874391572 failed, reason: getaddrinfo ENOTFOUND discordapp.com
      at RequestHandler.execute (C:\Users\jaces\Desktop\Corebot\node_modules\discord.js\src\rest\RequestHandler.js:107:21)
      at processTicksAndRejections (internal/process/task_queues.js:93:5) {
    code: 500,
    method: 'patch',
    path: '/channels/840041596874391572'
  }
}
-------------------------------------------------------------------------------------------------------------------------------------
[CALLER: RequestHandler.js:107:21 | MS: 1620355857182 | DATE: 5/6/2021, 9:50:57 PM]
-------------------------------------------------------------------------------------------------------------------------------------
FetchError: request to https://discordapp.com/api/v7/channels/840041597918773258 failed, reason: getaddrinfo ENOTFOUND discordapp.com
EXTRA INFO:
Promise {
  <rejected> HTTPError [FetchError]: request to https://discordapp.com/api/v7/channels/840041597918773258 failed, reason: getaddrinfo ENOTFOUND discordapp.com
      at RequestHandler.execute (C:\Users\jaces\Desktop\Corebot\node_modules\discord.js\src\rest\RequestHandler.js:107:21)
      at processTicksAndRejections (internal/process/task_queues.js:93:5) {
    code: 500,
    method: 'patch',
    path: '/channels/840041597918773258'
  }
}
-------------------------------------------------------------------------------------------------------------------------------------
[CALLER: RequestHandler.js:107:21 | MS: 1620355857181 | DATE: 5/6/2021, 9:50:57 PM]
-------------------------------------------------------------------------------------------------------------------------------------
FetchError: request to https://discordapp.com/api/v7/channels/840041597390684250 failed, reason: getaddrinfo ENOTFOUND discordapp.com
EXTRA INFO:
Promise {
  <rejected> HTTPError [FetchError]: request to https://discordapp.com/api/v7/channels/840041597390684250 failed, reason: getaddrinfo ENOTFOUND discordapp.com
      at RequestHandler.execute (C:\Users\jaces\Desktop\Corebot\node_modules\discord.js\src\rest\RequestHandler.js:107:21)
      at processTicksAndRejections (internal/process/task_queues.js:93:5) {
    code: 500,
    method: 'patch',
    path: '/channels/840041597390684250'
  }
}
-------------------------------------------------------------------------------------------------------------------------------------
[CALLER: RequestHandler.js:107:21 | MS: 1620355857183 | DATE: 5/6/2021, 9:50:57 PM]
-------------------------------------------------------------------------------------------------------------------------------------
FetchError: request to https://discordapp.com/api/v7/channels/840041596803612672 failed, reason: getaddrinfo ENOTFOUND discordapp.com
EXTRA INFO:
Promise {
  <rejected> HTTPError [FetchError]: request to https://discordapp.com/api/v7/channels/840041596803612672 failed, reason: getaddrinfo ENOTFOUND discordapp.com
      at RequestHandler.execute (C:\Users\jaces\Desktop\Corebot\node_modules\discord.js\src\rest\RequestHandler.js:107:21)
      at processTicksAndRejections (internal/process/task_queues.js:93:5) {
    code: 500,
    method: 'patch',
    path: '/channels/840041596803612672'
  }
}
-------------------------------------------------------------------------------------------------------------------------------------
[CALLER: RequestHandler.js:107:21 | MS: 1620355857182 | DATE: 5/6/2021, 9:50:57 PM]
--------------------------------------------------------------------------------------------------------------------------------------------
FetchError: request to https://discordapp.com/api/v7/guilds/832046329068650526/channels failed, reason: getaddrinfo ENOTFOUND discordapp.com
EXTRA INFO:
Promise {
  <rejected> HTTPError [FetchError]: request to https://discordapp.com/api/v7/guilds/832046329068650526/channels failed, reason: getaddrinfo ENOTFOUND discordapp.com
      at RequestHandler.execute (C:\Users\jaces\Desktop\Corebot\node_modules\discord.js\src\rest\RequestHandler.js:107:21)
      at processTicksAndRejections (internal/process/task_queues.js:93:5) {
    code: 500,
    method: 'post',
    path: '/guilds/832046329068650526/channels'
  }
}
--------------------------------------------------------------------------------------------------------------------------------------------
[CALLER: RequestHandler.js:107:21 | MS: 1620355857184 | DATE: 5/6/2021, 9:50:57 PM]
--------------------------------------------------------------------------------------------------------------------------------------------
FetchError: request to https://discordapp.com/api/v7/guilds/837104198419611649/channels failed, reason: getaddrinfo ENOTFOUND discordapp.com
EXTRA INFO:
Promise {
  <rejected> HTTPError [FetchError]: request to https://discordapp.com/api/v7/guilds/837104198419611649/channels failed, reason: getaddrinfo ENOTFOUND discordapp.com
      at RequestHandler.execute (C:\Users\jaces\Desktop\Corebot\node_modules\discord.js\src\rest\RequestHandler.js:107:21)
      at processTicksAndRejections (internal/process/task_queues.js:93:5) {
    code: 500,
    method: 'post',
    path: '/guilds/837104198419611649/channels'
  }
}
--------------------------------------------------------------------------------------------------------------------------------------------
[CALLER: RequestHandler.js:107:21 | MS: 1620355857183 | DATE: 5/6/2021, 9:50:57 PM]
-------------------------------------------------------------------------------------------------------------------------------------
FetchError: request to https://discordapp.com/api/v7/channels/840041597273767977 failed, reason: getaddrinfo ENOTFOUND discordapp.com
EXTRA INFO:
Promise {
  <rejected> HTTPError [FetchError]: request to https://discordapp.com/api/v7/channels/840041597273767977 failed, reason: getaddrinfo ENOTFOUND discordapp.com
      at RequestHandler.execute (C:\Users\jaces\Desktop\Corebot\node_modules\discord.js\src\rest\RequestHandler.js:107:21)
      at processTicksAndRejections (internal/process/task_queues.js:93:5) {
    code: 500,
    method: 'patch',
    path: '/channels/840041597273767977'
  }
}
-------------------------------------------------------------------------------------------------------------------------------------
[CALLER: RequestHandler.js:107:21 | MS: 1620355857184 | DATE: 5/6/2021, 9:50:57 PM]
-------------------------------------------------------------------------------------------------------------------------------------
FetchError: request to https://discordapp.com/api/v7/channels/840041597562781708 failed, reason: getaddrinfo ENOTFOUND discordapp.com
EXTRA INFO:
Promise {
  <rejected> HTTPError [FetchError]: request to https://discordapp.com/api/v7/channels/840041597562781708 failed, reason: getaddrinfo ENOTFOUND discordapp.com
      at RequestHandler.execute (C:\Users\jaces\Desktop\Corebot\node_modules\discord.js\src\rest\RequestHandler.js:107:21)
      at processTicksAndRejections (internal/process/task_queues.js:93:5) {
    code: 500,
    method: 'patch',
    path: '/channels/840041597562781708'
  }
}
-------------------------------------------------------------------------------------------------------------------------------------
[CALLER: Promise {
  <rejected> DiscordAPIError: Invalid Form Body
  name: This field is required
      at RequestHandler.execute (C:\Users\jaces\Desktop\Corebot\node_modules\discord.js\src\rest\RequestHandler.js:170:25)
      at processTicksAndRejections (internal/process/task_queues.js:93:5) {
    method: 'post',
    path: '/guilds/832046329068650526/channels',
    code: 50035,
    httpStatus: 400
  }
} | MS: 1620355873271 | DATE: 5/6/2021, 9:51:13 PM]
----------------------------------
DiscordAPIError: Invalid Form Body
name: This field is required
EXTRA INFO:
Unknown
----------------------------------
[CALLER: Promise {
  <rejected> DiscordAPIError: Invalid Form Body
  name: This field is required
      at RequestHandler.execute (C:\Users\jaces\Desktop\Corebot\node_modules\discord.js\src\rest\RequestHandler.js:170:25)
      at processTicksAndRejections (internal/process/task_queues.js:93:5) {
    method: 'post',
    path: '/guilds/837104198419611649/channels',
    code: 50035,
    httpStatus: 400
  }
} | MS: 1620355873291 | DATE: 5/6/2021, 9:51:13 PM]
----------------------------------
DiscordAPIError: Invalid Form Body
name: This field is required
EXTRA INFO:
Unknown
----------------------------------
[CALLER: Promise {
  <rejected> DiscordAPIError: Invalid Form Body
  name: This field is required
      at RequestHandler.execute (C:\Users\jaces\Desktop\Corebot\node_modules\discord.js\src\rest\RequestHandler.js:170:25)
      at processTicksAndRejections (internal/process/task_queues.js:93:5) {
    method: 'post',
    path: '/guilds/837104198419611649/channels',
    code: 50035,
    httpStatus: 400
  }
} | MS: 1620355874104 | DATE: 5/6/2021, 9:51:14 PM]
----------------------------------
DiscordAPIError: Invalid Form Body
name: This field is required
EXTRA INFO:
Unknown
----------------------------------
[CALLER: Promise {
  <rejected> DiscordAPIError: Invalid Form Body
  name: This field is required
      at RequestHandler.execute (C:\Users\jaces\Desktop\Corebot\node_modules\discord.js\src\rest\RequestHandler.js:170:25)
      at processTicksAndRejections (internal/process/task_queues.js:93:5) {
    method: 'post',
    path: '/guilds/832046329068650526/channels',
    code: 50035,
    httpStatus: 400
  }
} | MS: 1620355874130 | DATE: 5/6/2021, 9:51:14 PM]
----------------------------------
DiscordAPIError: Invalid Form Body
name: This field is required
EXTRA INFO:
Unknown
----------------------------------
[CALLER: Promise {
  <rejected> DiscordAPIError: Invalid Form Body
  name: This field is required
      at RequestHandler.execute (C:\Users\jaces\Desktop\Corebot\node_modules\discord.js\src\rest\RequestHandler.js:170:25)
      at processTicksAndRejections (internal/process/task_queues.js:93:5) {
    method: 'post',
    path: '/guilds/832046329068650526/channels',
    code: 50035,
    httpStatus: 400
  }
} | MS: 1620355887269 | DATE: 5/6/2021, 9:51:27 PM]
----------------------------------
DiscordAPIError: Invalid Form Body
name: This field is required
EXTRA INFO:
Unknown
----------------------------------
[CALLER: Promise {
  <rejected> DiscordAPIError: Invalid Form Body
  name: This field is required
      at RequestHandler.execute (C:\Users\jaces\Desktop\Corebot\node_modules\discord.js\src\rest\RequestHandler.js:170:25)
      at processTicksAndRejections (internal/process/task_queues.js:93:5) {
    method: 'post',
    path: '/guilds/837104198419611649/channels',
    code: 50035,
    httpStatus: 400
  }
} | MS: 1620355887282 | DATE: 5/6/2021, 9:51:27 PM]
----------------------------------
DiscordAPIError: Invalid Form Body
name: This field is required
EXTRA INFO:
Unknown
----------------------------------
[CALLER: Promise {
  <rejected> DiscordAPIError: Invalid Form Body
  name: This field is required
      at RequestHandler.execute (C:\Users\jaces\Desktop\Corebot\node_modules\discord.js\src\rest\RequestHandler.js:170:25)
      at processTicksAndRejections (internal/process/task_queues.js:93:5) {
    method: 'post',
    path: '/guilds/832046329068650526/channels',
    code: 50035,
    httpStatus: 400
  }
} | MS: 1620355903196 | DATE: 5/6/2021, 9:51:43 PM]
----------------------------------
DiscordAPIError: Invalid Form Body
name: This field is required
EXTRA INFO:
Unknown
----------------------------------
[CALLER: Promise {
  <rejected> DiscordAPIError: Invalid Form Body
  name: This field is required
      at RequestHandler.execute (C:\Users\jaces\Desktop\Corebot\node_modules\discord.js\src\rest\RequestHandler.js:170:25)
      at processTicksAndRejections (internal/process/task_queues.js:93:5) {
    method: 'post',
    path: '/guilds/837104198419611649/channels',
    code: 50035,
    httpStatus: 400
  }
} | MS: 1620355903213 | DATE: 5/6/2021, 9:51:43 PM]
----------------------------------
DiscordAPIError: Invalid Form Body
name: This field is required
EXTRA INFO:
Unknown
----------------------------------
[CALLER: Promise {
  <rejected> DiscordAPIError: Invalid Form Body
  name: This field is required
      at RequestHandler.execute (C:\Users\jaces\Desktop\Corebot\node_modules\discord.js\src\rest\RequestHandler.js:170:25)
      at processTicksAndRejections (internal/process/task_queues.js:93:5) {
    method: 'post',
    path: '/guilds/837104198419611649/channels',
    code: 50035,
    httpStatus: 400
  }
} | MS: 1620355904099 | DATE: 5/6/2021, 9:51:44 PM]
----------------------------------
DiscordAPIError: Invalid Form Body
name: This field is required
EXTRA INFO:
Unknown
----------------------------------
[CALLER: Promise {
  <rejected> DiscordAPIError: Invalid Form Body
  name: This field is required
      at RequestHandler.execute (C:\Users\jaces\Desktop\Corebot\node_modules\discord.js\src\rest\RequestHandler.js:170:25)
      at processTicksAndRejections (internal/process/task_queues.js:93:5) {
    method: 'post',
    path: '/guilds/832046329068650526/channels',
    code: 50035,
    httpStatus: 400
  }
} | MS: 1620355904129 | DATE: 5/6/2021, 9:51:44 PM]
----------------------------------
DiscordAPIError: Invalid Form Body
name: This field is required
EXTRA INFO:
Unknown
----------------------------------
[CALLER: Promise {
  <rejected> DiscordAPIError: Invalid Form Body
  name: This field is required
      at RequestHandler.execute (C:\Users\jaces\Desktop\Corebot\node_modules\discord.js\src\rest\RequestHandler.js:170:25)
      at processTicksAndRejections (internal/process/task_queues.js:93:5) {
    method: 'post',
    path: '/guilds/837104198419611649/channels',
    code: 50035,
    httpStatus: 400
  }
} | MS: 1620355917263 | DATE: 5/6/2021, 9:51:57 PM]
----------------------------------
DiscordAPIError: Invalid Form Body
name: This field is required
EXTRA INFO:
Unknown
----------------------------------
[CALLER: Promise {
  <rejected> DiscordAPIError: Invalid Form Body
  name: This field is required
      at RequestHandler.execute (C:\Users\jaces\Desktop\Corebot\node_modules\discord.js\src\rest\RequestHandler.js:170:25)
      at processTicksAndRejections (internal/process/task_queues.js:93:5) {
    method: 'post',
    path: '/guilds/832046329068650526/channels',
    code: 50035,
    httpStatus: 400
  }
} | MS: 1620355917280 | DATE: 5/6/2021, 9:51:57 PM]
----------------------------------
DiscordAPIError: Invalid Form Body
name: This field is required
EXTRA INFO:
Unknown
----------------------------------
[CALLER: Promise {
  <rejected> DiscordAPIError: Invalid Form Body
  name: This field is required
      at RequestHandler.execute (C:\Users\jaces\Desktop\Corebot\node_modules\discord.js\src\rest\RequestHandler.js:170:25)
      at processTicksAndRejections (internal/process/task_queues.js:93:5) {
    method: 'post',
    path: '/guilds/832046329068650526/channels',
    code: 50035,
    httpStatus: 400
  }
} | MS: 1620355933192 | DATE: 5/6/2021, 9:52:13 PM]
----------------------------------
DiscordAPIError: Invalid Form Body
name: This field is required
EXTRA INFO:
Unknown
----------------------------------
[CALLER: Promise {
  <rejected> DiscordAPIError: Invalid Form Body
  name: This field is required
      at RequestHandler.execute (C:\Users\jaces\Desktop\Corebot\node_modules\discord.js\src\rest\RequestHandler.js:170:25)
      at processTicksAndRejections (internal/process/task_queues.js:93:5) {
    method: 'post',
    path: '/guilds/837104198419611649/channels',
    code: 50035,
    httpStatus: 400
  }
} | MS: 1620355933233 | DATE: 5/6/2021, 9:52:13 PM]
----------------------------------
DiscordAPIError: Invalid Form Body
name: This field is required
EXTRA INFO:
Unknown
----------------------------------
[CALLER: Promise {
  <rejected> DiscordAPIError: Invalid Form Body
  name: This field is required
      at RequestHandler.execute (C:\Users\jaces\Desktop\Corebot\node_modules\discord.js\src\rest\RequestHandler.js:170:25)
      at processTicksAndRejections (internal/process/task_queues.js:93:5) {
    method: 'post',
    path: '/guilds/837104198419611649/channels',
    code: 50035,
    httpStatus: 400
  }
} | MS: 1620355934110 | DATE: 5/6/2021, 9:52:14 PM]
----------------------------------
DiscordAPIError: Invalid Form Body
name: This field is required
EXTRA INFO:
Unknown
----------------------------------
[CALLER: Promise {
  <rejected> DiscordAPIError: Invalid Form Body
  name: This field is required
      at RequestHandler.execute (C:\Users\jaces\Desktop\Corebot\node_modules\discord.js\src\rest\RequestHandler.js:170:25)
      at processTicksAndRejections (internal/process/task_queues.js:93:5) {
    method: 'post',
    path: '/guilds/832046329068650526/channels',
    code: 50035,
    httpStatus: 400
  }
} | MS: 1620355934171 | DATE: 5/6/2021, 9:52:14 PM]
----------------------------------
DiscordAPIError: Invalid Form Body
name: This field is required
EXTRA INFO:
Unknown
----------------------------------
[CALLER: Promise {
  <rejected> DiscordAPIError: Invalid Form Body
  name: This field is required
      at RequestHandler.execute (C:\Users\jaces\Desktop\Corebot\node_modules\discord.js\src\rest\RequestHandler.js:170:25)
      at processTicksAndRejections (internal/process/task_queues.js:93:5) {
    method: 'post',
    path: '/guilds/832046329068650526/channels',
    code: 50035,
    httpStatus: 400
  }
} | MS: 1620355947276 | DATE: 5/6/2021, 9:52:27 PM]
----------------------------------
DiscordAPIError: Invalid Form Body
name: This field is required
EXTRA INFO:
Unknown
----------------------------------
[CALLER: Promise {
  <rejected> DiscordAPIError: Invalid Form Body
  name: This field is required
      at RequestHandler.execute (C:\Users\jaces\Desktop\Corebot\node_modules\discord.js\src\rest\RequestHandler.js:170:25)
      at processTicksAndRejections (internal/process/task_queues.js:93:5) {
    method: 'post',
    path: '/guilds/837104198419611649/channels',
    code: 50035,
    httpStatus: 400
  }
} | MS: 1620355947286 | DATE: 5/6/2021, 9:52:27 PM]
----------------------------------
DiscordAPIError: Invalid Form Body
name: This field is required
EXTRA INFO:
Unknown
----------------------------------
[CALLER: Promise {
  <rejected> DiscordAPIError: Invalid Form Body
  name: This field is required
      at RequestHandler.execute (C:\Users\jaces\Desktop\Corebot\node_modules\discord.js\src\rest\RequestHandler.js:170:25)
      at processTicksAndRejections (internal/process/task_queues.js:93:5) {
    method: 'post',
    path: '/guilds/837104198419611649/channels',
    code: 50035,
    httpStatus: 400
  }
} | MS: 1620355963214 | DATE: 5/6/2021, 9:52:43 PM]
----------------------------------
DiscordAPIError: Invalid Form Body
name: This field is required
EXTRA INFO:
Unknown
----------------------------------
[CALLER: Promise {
  <rejected> DiscordAPIError: Invalid Form Body
  name: This field is required
      at RequestHandler.execute (C:\Users\jaces\Desktop\Corebot\node_modules\discord.js\src\rest\RequestHandler.js:170:25)
      at processTicksAndRejections (internal/process/task_queues.js:93:5) {
    method: 'post',
    path: '/guilds/832046329068650526/channels',
    code: 50035,
    httpStatus: 400
  }
} | MS: 1620355963232 | DATE: 5/6/2021, 9:52:43 PM]
----------------------------------
DiscordAPIError: Invalid Form Body
name: This field is required
EXTRA INFO:
Unknown
----------------------------------
[CALLER: Promise {
  <rejected> DiscordAPIError: Invalid Form Body
  name: This field is required
      at RequestHandler.execute (C:\Users\jaces\Desktop\Corebot\node_modules\discord.js\src\rest\RequestHandler.js:170:25)
      at processTicksAndRejections (internal/process/task_queues.js:93:5) {
    method: 'post',
    path: '/guilds/837104198419611649/channels',
    code: 50035,
    httpStatus: 400
  }
} | MS: 1620355964095 | DATE: 5/6/2021, 9:52:44 PM]
----------------------------------
DiscordAPIError: Invalid Form Body
name: This field is required
EXTRA INFO:
Unknown
----------------------------------
[CALLER: Promise {
  <rejected> DiscordAPIError: Invalid Form Body
  name: This field is required
      at RequestHandler.execute (C:\Users\jaces\Desktop\Corebot\node_modules\discord.js\src\rest\RequestHandler.js:170:25)
      at processTicksAndRejections (internal/process/task_queues.js:93:5) {
    method: 'post',
    path: '/guilds/832046329068650526/channels',
    code: 50035,
    httpStatus: 400
  }
} | MS: 1620355964129 | DATE: 5/6/2021, 9:52:44 PM]
----------------------------------
DiscordAPIError: Invalid Form Body
name: This field is required
EXTRA INFO:
Unknown
----------------------------------
[CALLER: Promise {
  <rejected> DiscordAPIError: Invalid Form Body
  name: This field is required
      at RequestHandler.execute (C:\Users\jaces\Desktop\Corebot\node_modules\discord.js\src\rest\RequestHandler.js:170:25)
      at processTicksAndRejections (internal/process/task_queues.js:93:5) {
    method: 'post',
    path: '/guilds/837104198419611649/channels',
    code: 50035,
    httpStatus: 400
  }
} | MS: 1620355977267 | DATE: 5/6/2021, 9:52:57 PM]
----------------------------------
DiscordAPIError: Invalid Form Body
name: This field is required
EXTRA INFO:
Unknown
----------------------------------
[CALLER: Promise {
  <rejected> DiscordAPIError: Invalid Form Body
  name: This field is required
      at RequestHandler.execute (C:\Users\jaces\Desktop\Corebot\node_modules\discord.js\src\rest\RequestHandler.js:170:25)
      at processTicksAndRejections (internal/process/task_queues.js:93:5) {
    method: 'post',
    path: '/guilds/832046329068650526/channels',
    code: 50035,
    httpStatus: 400
  }
} | MS: 1620355977291 | DATE: 5/6/2021, 9:52:57 PM]
----------------------------------
DiscordAPIError: Invalid Form Body
name: This field is required
EXTRA INFO:
Unknown
----------------------------------
[CALLER: Promise {
  <rejected> DiscordAPIError: Invalid Form Body
  name: This field is required
      at RequestHandler.execute (C:\Users\jaces\Desktop\Corebot\node_modules\discord.js\src\rest\RequestHandler.js:170:25)
      at runMicrotasks (<anonymous>)
      at processTicksAndRejections (internal/process/task_queues.js:93:5) {
    method: 'post',
    path: '/guilds/832046329068650526/channels',
    code: 50035,
    httpStatus: 400
  }
} | MS: 1620355993209 | DATE: 5/6/2021, 9:53:13 PM]
----------------------------------
DiscordAPIError: Invalid Form Body
name: This field is required
EXTRA INFO:
Unknown
----------------------------------
[CALLER: Promise {
  <rejected> DiscordAPIError: Invalid Form Body
  name: This field is required
      at RequestHandler.execute (C:\Users\jaces\Desktop\Corebot\node_modules\discord.js\src\rest\RequestHandler.js:170:25)
      at runMicrotasks (<anonymous>)
      at processTicksAndRejections (internal/process/task_queues.js:93:5) {
    method: 'post',
    path: '/guilds/837104198419611649/channels',
    code: 50035,
    httpStatus: 400
  }
} | MS: 1620355993233 | DATE: 5/6/2021, 9:53:13 PM]
----------------------------------
DiscordAPIError: Invalid Form Body
name: This field is required
EXTRA INFO:
Unknown
----------------------------------
[CALLER: Promise {
  <rejected> DiscordAPIError: Invalid Form Body
  name: This field is required
      at RequestHandler.execute (C:\Users\jaces\Desktop\Corebot\node_modules\discord.js\src\rest\RequestHandler.js:170:25)
      at runMicrotasks (<anonymous>)
      at processTicksAndRejections (internal/process/task_queues.js:93:5) {
    method: 'post',
    path: '/guilds/832046329068650526/channels',
    code: 50035,
    httpStatus: 400
  }
} | MS: 1620355994130 | DATE: 5/6/2021, 9:53:14 PM]
----------------------------------
DiscordAPIError: Invalid Form Body
name: This field is required
EXTRA INFO:
Unknown
----------------------------------
[CALLER: Promise {
  <rejected> DiscordAPIError: Invalid Form Body
  name: This field is required
      at RequestHandler.execute (C:\Users\jaces\Desktop\Corebot\node_modules\discord.js\src\rest\RequestHandler.js:170:25)
      at runMicrotasks (<anonymous>)
      at processTicksAndRejections (internal/process/task_queues.js:93:5) {
    method: 'post',
    path: '/guilds/837104198419611649/channels',
    code: 50035,
    httpStatus: 400
  }
} | MS: 1620355994132 | DATE: 5/6/2021, 9:53:14 PM]
----------------------------------
DiscordAPIError: Invalid Form Body
name: This field is required
EXTRA INFO:
Unknown
----------------------------------
[CALLER: Promise {
  <rejected> DiscordAPIError: Invalid Form Body
  name: This field is required
      at RequestHandler.execute (C:\Users\jaces\Desktop\Corebot\node_modules\discord.js\src\rest\RequestHandler.js:170:25)
      at runMicrotasks (<anonymous>)
      at processTicksAndRejections (internal/process/task_queues.js:93:5) {
    method: 'post',
    path: '/guilds/837104198419611649/channels',
    code: 50035,
    httpStatus: 400
  }
} | MS: 1620356007267 | DATE: 5/6/2021, 9:53:27 PM]
----------------------------------
DiscordAPIError: Invalid Form Body
name: This field is required
EXTRA INFO:
Unknown
----------------------------------
[CALLER: Promise {
  <rejected> DiscordAPIError: Invalid Form Body
  name: This field is required
      at RequestHandler.execute (C:\Users\jaces\Desktop\Corebot\node_modules\discord.js\src\rest\RequestHandler.js:170:25)
      at runMicrotasks (<anonymous>)
      at processTicksAndRejections (internal/process/task_queues.js:93:5) {
    method: 'post',
    path: '/guilds/832046329068650526/channels',
    code: 50035,
    httpStatus: 400
  }
} | MS: 1620356007276 | DATE: 5/6/2021, 9:53:27 PM]
----------------------------------
DiscordAPIError: Invalid Form Body
name: This field is required
EXTRA INFO:
Unknown
----------------------------------
[CALLER: Promise {
  <rejected> DiscordAPIError: Invalid Form Body
  name: This field is required
      at RequestHandler.execute (C:\Users\jaces\Desktop\Corebot\node_modules\discord.js\src\rest\RequestHandler.js:170:25)
      at runMicrotasks (<anonymous>)
      at processTicksAndRejections (internal/process/task_queues.js:93:5) {
    method: 'post',
    path: '/guilds/837104198419611649/channels',
    code: 50035,
    httpStatus: 400
  }
} | MS: 1620356023209 | DATE: 5/6/2021, 9:53:43 PM]
----------------------------------
DiscordAPIError: Invalid Form Body
name: This field is required
EXTRA INFO:
Unknown
----------------------------------
[CALLER: Promise {
  <rejected> DiscordAPIError: Invalid Form Body
  name: This field is required
      at RequestHandler.execute (C:\Users\jaces\Desktop\Corebot\node_modules\discord.js\src\rest\RequestHandler.js:170:25)
      at runMicrotasks (<anonymous>)
      at processTicksAndRejections (internal/process/task_queues.js:93:5) {
    method: 'post',
    path: '/guilds/832046329068650526/channels',
    code: 50035,
    httpStatus: 400
  }
} | MS: 1620356023231 | DATE: 5/6/2021, 9:53:43 PM]
----------------------------------
DiscordAPIError: Invalid Form Body
name: This field is required
EXTRA INFO:
Unknown
----------------------------------
[CALLER: Promise {
  <rejected> DiscordAPIError: Invalid Form Body
  name: This field is required
      at RequestHandler.execute (C:\Users\jaces\Desktop\Corebot\node_modules\discord.js\src\rest\RequestHandler.js:170:25)
      at runMicrotasks (<anonymous>)
      at processTicksAndRejections (internal/process/task_queues.js:93:5) {
    method: 'post',
    path: '/guilds/837104198419611649/channels',
    code: 50035,
    httpStatus: 400
  }
} | MS: 1620356024115 | DATE: 5/6/2021, 9:53:44 PM]
----------------------------------
DiscordAPIError: Invalid Form Body
name: This field is required
EXTRA INFO:
Unknown
----------------------------------
[CALLER: Promise {
  <rejected> DiscordAPIError: Invalid Form Body
  name: This field is required
      at RequestHandler.execute (C:\Users\jaces\Desktop\Corebot\node_modules\discord.js\src\rest\RequestHandler.js:170:25)
      at runMicrotasks (<anonymous>)
      at processTicksAndRejections (internal/process/task_queues.js:93:5) {
    method: 'post',
    path: '/guilds/832046329068650526/channels',
    code: 50035,
    httpStatus: 400
  }
} | MS: 1620356024117 | DATE: 5/6/2021, 9:53:44 PM]
----------------------------------
DiscordAPIError: Invalid Form Body
name: This field is required
EXTRA INFO:
Unknown
----------------------------------
[CALLER: Promise {
  <rejected> DiscordAPIError: Invalid Form Body
  name: This field is required
      at RequestHandler.execute (C:\Users\jaces\Desktop\Corebot\node_modules\discord.js\src\rest\RequestHandler.js:170:25)
      at runMicrotasks (<anonymous>)
      at processTicksAndRejections (internal/process/task_queues.js:93:5) {
    method: 'post',
    path: '/guilds/837104198419611649/channels',
    code: 50035,
    httpStatus: 400
  }
} | MS: 1620356037263 | DATE: 5/6/2021, 9:53:57 PM]
----------------------------------
DiscordAPIError: Invalid Form Body
name: This field is required
EXTRA INFO:
Unknown
----------------------------------
[CALLER: Promise {
  <rejected> DiscordAPIError: Invalid Form Body
  name: This field is required
      at RequestHandler.execute (C:\Users\jaces\Desktop\Corebot\node_modules\discord.js\src\rest\RequestHandler.js:170:25)
      at runMicrotasks (<anonymous>)
      at processTicksAndRejections (internal/process/task_queues.js:93:5) {
    method: 'post',
    path: '/guilds/832046329068650526/channels',
    code: 50035,
    httpStatus: 400
  }
} | MS: 1620356037264 | DATE: 5/6/2021, 9:53:57 PM]
----------------------------------
DiscordAPIError: Invalid Form Body
name: This field is required
EXTRA INFO:
Unknown
----------------------------------
[CALLER: RequestHandler.js:107:21 | MS: 1620356053106 | DATE: 5/6/2021, 9:54:13 PM]
-------------------------------------------------------------------------------------------------------------------------------------
FetchError: request to https://discordapp.com/api/v7/channels/840041596874391572 failed, reason: getaddrinfo ENOTFOUND discordapp.com
EXTRA INFO:
Promise {
  <rejected> HTTPError [FetchError]: request to https://discordapp.com/api/v7/channels/840041596874391572 failed, reason: getaddrinfo ENOTFOUND discordapp.com
      at RequestHandler.execute (C:\Users\jaces\Desktop\Corebot\node_modules\discord.js\src\rest\RequestHandler.js:107:21)
      at runMicrotasks (<anonymous>)
      at processTicksAndRejections (internal/process/task_queues.js:93:5) {
    code: 500,
    method: 'patch',
    path: '/channels/840041596874391572'
  }
}
-------------------------------------------------------------------------------------------------------------------------------------
[CALLER: RequestHandler.js:107:21 | MS: 1620356053107 | DATE: 5/6/2021, 9:54:13 PM]
-------------------------------------------------------------------------------------------------------------------------------------
FetchError: request to https://discordapp.com/api/v7/channels/840041597390684250 failed, reason: getaddrinfo ENOTFOUND discordapp.com
EXTRA INFO:
Promise {
  <rejected> HTTPError [FetchError]: request to https://discordapp.com/api/v7/channels/840041597390684250 failed, reason: getaddrinfo ENOTFOUND discordapp.com
      at RequestHandler.execute (C:\Users\jaces\Desktop\Corebot\node_modules\discord.js\src\rest\RequestHandler.js:107:21)
      at runMicrotasks (<anonymous>)
      at processTicksAndRejections (internal/process/task_queues.js:93:5) {
    code: 500,
    method: 'patch',
    path: '/channels/840041597390684250'
  }
}
-------------------------------------------------------------------------------------------------------------------------------------
[CALLER: RequestHandler.js:107:21 | MS: 1620356053110 | DATE: 5/6/2021, 9:54:13 PM]
-------------------------------------------------------------------------------------------------------------------------------------
FetchError: request to https://discordapp.com/api/v7/channels/840041596803612672 failed, reason: getaddrinfo ENOTFOUND discordapp.com
EXTRA INFO:
Promise {
  <rejected> HTTPError [FetchError]: request to https://discordapp.com/api/v7/channels/840041596803612672 failed, reason: getaddrinfo ENOTFOUND discordapp.com
      at RequestHandler.execute (C:\Users\jaces\Desktop\Corebot\node_modules\discord.js\src\rest\RequestHandler.js:107:21)
      at runMicrotasks (<anonymous>)
      at processTicksAndRejections (internal/process/task_queues.js:93:5) {
    code: 500,
    method: 'patch',
    path: '/channels/840041596803612672'
  }
}
-------------------------------------------------------------------------------------------------------------------------------------
[CALLER: RequestHandler.js:107:21 | MS: 1620356053108 | DATE: 5/6/2021, 9:54:13 PM]
-------------------------------------------------------------------------------------------------------------------------------------
FetchError: request to https://discordapp.com/api/v7/channels/840041597918773258 failed, reason: getaddrinfo ENOTFOUND discordapp.com
EXTRA INFO:
Promise {
  <rejected> HTTPError [FetchError]: request to https://discordapp.com/api/v7/channels/840041597918773258 failed, reason: getaddrinfo ENOTFOUND discordapp.com
      at RequestHandler.execute (C:\Users\jaces\Desktop\Corebot\node_modules\discord.js\src\rest\RequestHandler.js:107:21)
      at runMicrotasks (<anonymous>)
      at processTicksAndRejections (internal/process/task_queues.js:93:5) {
    code: 500,
    method: 'patch',
    path: '/channels/840041597918773258'
  }
}
-------------------------------------------------------------------------------------------------------------------------------------
[CALLER: RequestHandler.js:107:21 | MS: 1620356053111 | DATE: 5/6/2021, 9:54:13 PM]
-------------------------------------------------------------------------------------------------------------------------------------
FetchError: request to https://discordapp.com/api/v7/channels/840041597273767977 failed, reason: getaddrinfo ENOTFOUND discordapp.com
EXTRA INFO:
Promise {
  <rejected> HTTPError [FetchError]: request to https://discordapp.com/api/v7/channels/840041597273767977 failed, reason: getaddrinfo ENOTFOUND discordapp.com
      at RequestHandler.execute (C:\Users\jaces\Desktop\Corebot\node_modules\discord.js\src\rest\RequestHandler.js:107:21)
      at runMicrotasks (<anonymous>)
      at processTicksAndRejections (internal/process/task_queues.js:93:5) {
    code: 500,
    method: 'patch',
    path: '/channels/840041597273767977'
  }
}
-------------------------------------------------------------------------------------------------------------------------------------
[CALLER: RequestHandler.js:107:21 | MS: 1620356053109 | DATE: 5/6/2021, 9:54:13 PM]
--------------------------------------------------------------------------------------------------------------------------------------------
FetchError: request to https://discordapp.com/api/v7/guilds/832046329068650526/channels failed, reason: getaddrinfo ENOTFOUND discordapp.com
EXTRA INFO:
Promise {
  <rejected> HTTPError [FetchError]: request to https://discordapp.com/api/v7/guilds/832046329068650526/channels failed, reason: getaddrinfo ENOTFOUND discordapp.com
      at RequestHandler.execute (C:\Users\jaces\Desktop\Corebot\node_modules\discord.js\src\rest\RequestHandler.js:107:21)
      at runMicrotasks (<anonymous>)
      at processTicksAndRejections (internal/process/task_queues.js:93:5) {
    code: 500,
    method: 'post',
    path: '/guilds/832046329068650526/channels'
  }
}
--------------------------------------------------------------------------------------------------------------------------------------------
[CALLER: RequestHandler.js:107:21 | MS: 1620356053113 | DATE: 5/6/2021, 9:54:13 PM]
--------------------------------------------------------------------------------------------------------------------------------------------
FetchError: request to https://discordapp.com/api/v7/guilds/837104198419611649/channels failed, reason: getaddrinfo ENOTFOUND discordapp.com
EXTRA INFO:
Promise {
  <rejected> HTTPError [FetchError]: request to https://discordapp.com/api/v7/guilds/837104198419611649/channels failed, reason: getaddrinfo ENOTFOUND discordapp.com
      at RequestHandler.execute (C:\Users\jaces\Desktop\Corebot\node_modules\discord.js\src\rest\RequestHandler.js:107:21)
      at runMicrotasks (<anonymous>)
      at processTicksAndRejections (internal/process/task_queues.js:93:5) {
    code: 500,
    method: 'post',
    path: '/guilds/837104198419611649/channels'
  }
}
--------------------------------------------------------------------------------------------------------------------------------------------
[CALLER: RequestHandler.js:107:21 | MS: 1620356053112 | DATE: 5/6/2021, 9:54:13 PM]
-------------------------------------------------------------------------------------------------------------------------------------
FetchError: request to https://discordapp.com/api/v7/channels/840041597562781708 failed, reason: getaddrinfo ENOTFOUND discordapp.com
EXTRA INFO:
Promise {
  <rejected> HTTPError [FetchError]: request to https://discordapp.com/api/v7/channels/840041597562781708 failed, reason: getaddrinfo ENOTFOUND discordapp.com
      at RequestHandler.execute (C:\Users\jaces\Desktop\Corebot\node_modules\discord.js\src\rest\RequestHandler.js:107:21)
      at runMicrotasks (<anonymous>)
      at processTicksAndRejections (internal/process/task_queues.js:93:5) {
    code: 500,
    method: 'patch',
    path: '/channels/840041597562781708'
  }
}
-------------------------------------------------------------------------------------------------------------------------------------
[CALLER: RequestHandler.js:107:21 | MS: 1620356054017 | DATE: 5/6/2021, 9:54:14 PM]
-------------------------------------------------------------------------------------------------------------------------------------
FetchError: request to https://discordapp.com/api/v7/channels/840041596874391572 failed, reason: getaddrinfo ENOTFOUND discordapp.com
EXTRA INFO:
Promise {
  <rejected> HTTPError [FetchError]: request to https://discordapp.com/api/v7/channels/840041596874391572 failed, reason: getaddrinfo ENOTFOUND discordapp.com
      at RequestHandler.execute (C:\Users\jaces\Desktop\Corebot\node_modules\discord.js\src\rest\RequestHandler.js:107:21)
      at runMicrotasks (<anonymous>)
      at processTicksAndRejections (internal/process/task_queues.js:93:5) {
    code: 500,
    method: 'patch',
    path: '/channels/840041596874391572'
  }
}
-------------------------------------------------------------------------------------------------------------------------------------
[CALLER: RequestHandler.js:107:21 | MS: 1620356054018 | DATE: 5/6/2021, 9:54:14 PM]
--------------------------------------------------------------------------------------------------------------------------------------------
FetchError: request to https://discordapp.com/api/v7/guilds/832046329068650526/channels failed, reason: getaddrinfo ENOTFOUND discordapp.com
EXTRA INFO:
Promise {
  <rejected> HTTPError [FetchError]: request to https://discordapp.com/api/v7/guilds/832046329068650526/channels failed, reason: getaddrinfo ENOTFOUND discordapp.com
      at RequestHandler.execute (C:\Users\jaces\Desktop\Corebot\node_modules\discord.js\src\rest\RequestHandler.js:107:21)
      at runMicrotasks (<anonymous>)
      at processTicksAndRejections (internal/process/task_queues.js:93:5) {
    code: 500,
    method: 'post',
    path: '/guilds/832046329068650526/channels'
  }
}
--------------------------------------------------------------------------------------------------------------------------------------------
[CALLER: RequestHandler.js:107:21 | MS: 1620356054019 | DATE: 5/6/2021, 9:54:14 PM]
-------------------------------------------------------------------------------------------------------------------------------------
FetchError: request to https://discordapp.com/api/v7/channels/840041596803612672 failed, reason: getaddrinfo ENOTFOUND discordapp.com
EXTRA INFO:
Promise {
  <rejected> HTTPError [FetchError]: request to https://discordapp.com/api/v7/channels/840041596803612672 failed, reason: getaddrinfo ENOTFOUND discordapp.com
      at RequestHandler.execute (C:\Users\jaces\Desktop\Corebot\node_modules\discord.js\src\rest\RequestHandler.js:107:21)
      at runMicrotasks (<anonymous>)
      at processTicksAndRejections (internal/process/task_queues.js:93:5) {
    code: 500,
    method: 'patch',
    path: '/channels/840041596803612672'
  }
}
-------------------------------------------------------------------------------------------------------------------------------------
[CALLER: RequestHandler.js:107:21 | MS: 1620356054018 | DATE: 5/6/2021, 9:54:14 PM]
-------------------------------------------------------------------------------------------------------------------------------------
FetchError: request to https://discordapp.com/api/v7/channels/840041597918773258 failed, reason: getaddrinfo ENOTFOUND discordapp.com
EXTRA INFO:
Promise {
  <rejected> HTTPError [FetchError]: request to https://discordapp.com/api/v7/channels/840041597918773258 failed, reason: getaddrinfo ENOTFOUND discordapp.com
      at RequestHandler.execute (C:\Users\jaces\Desktop\Corebot\node_modules\discord.js\src\rest\RequestHandler.js:107:21)
      at runMicrotasks (<anonymous>)
      at processTicksAndRejections (internal/process/task_queues.js:93:5) {
    code: 500,
    method: 'patch',
    path: '/channels/840041597918773258'
  }
}
-------------------------------------------------------------------------------------------------------------------------------------
[CALLER: RequestHandler.js:107:21 | MS: 1620356054017 | DATE: 5/6/2021, 9:54:14 PM]
-------------------------------------------------------------------------------------------------------------------------------------
FetchError: request to https://discordapp.com/api/v7/channels/840041597390684250 failed, reason: getaddrinfo ENOTFOUND discordapp.com
EXTRA INFO:
Promise {
  <rejected> HTTPError [FetchError]: request to https://discordapp.com/api/v7/channels/840041597390684250 failed, reason: getaddrinfo ENOTFOUND discordapp.com
      at RequestHandler.execute (C:\Users\jaces\Desktop\Corebot\node_modules\discord.js\src\rest\RequestHandler.js:107:21)
      at runMicrotasks (<anonymous>)
      at processTicksAndRejections (internal/process/task_queues.js:93:5) {
    code: 500,
    method: 'patch',
    path: '/channels/840041597390684250'
  }
}
-------------------------------------------------------------------------------------------------------------------------------------
[CALLER: RequestHandler.js:107:21 | MS: 1620356054020 | DATE: 5/6/2021, 9:54:14 PM]
--------------------------------------------------------------------------------------------------------------------------------------------
FetchError: request to https://discordapp.com/api/v7/guilds/837104198419611649/channels failed, reason: getaddrinfo ENOTFOUND discordapp.com
EXTRA INFO:
Promise {
  <rejected> HTTPError [FetchError]: request to https://discordapp.com/api/v7/guilds/837104198419611649/channels failed, reason: getaddrinfo ENOTFOUND discordapp.com
      at RequestHandler.execute (C:\Users\jaces\Desktop\Corebot\node_modules\discord.js\src\rest\RequestHandler.js:107:21)
      at runMicrotasks (<anonymous>)
      at processTicksAndRejections (internal/process/task_queues.js:93:5) {
    code: 500,
    method: 'post',
    path: '/guilds/837104198419611649/channels'
  }
}
--------------------------------------------------------------------------------------------------------------------------------------------
[CALLER: RequestHandler.js:107:21 | MS: 1620356054019 | DATE: 5/6/2021, 9:54:14 PM]
-------------------------------------------------------------------------------------------------------------------------------------
FetchError: request to https://discordapp.com/api/v7/channels/840041597273767977 failed, reason: getaddrinfo ENOTFOUND discordapp.com
EXTRA INFO:
Promise {
  <rejected> HTTPError [FetchError]: request to https://discordapp.com/api/v7/channels/840041597273767977 failed, reason: getaddrinfo ENOTFOUND discordapp.com
      at RequestHandler.execute (C:\Users\jaces\Desktop\Corebot\node_modules\discord.js\src\rest\RequestHandler.js:107:21)
      at runMicrotasks (<anonymous>)
      at processTicksAndRejections (internal/process/task_queues.js:93:5) {
    code: 500,
    method: 'patch',
    path: '/channels/840041597273767977'
  }
}
-------------------------------------------------------------------------------------------------------------------------------------
[CALLER: RequestHandler.js:107:21 | MS: 1620356054020 | DATE: 5/6/2021, 9:54:14 PM]
-------------------------------------------------------------------------------------------------------------------------------------
FetchError: request to https://discordapp.com/api/v7/channels/840041597562781708 failed, reason: getaddrinfo ENOTFOUND discordapp.com
EXTRA INFO:
Promise {
  <rejected> HTTPError [FetchError]: request to https://discordapp.com/api/v7/channels/840041597562781708 failed, reason: getaddrinfo ENOTFOUND discordapp.com
      at RequestHandler.execute (C:\Users\jaces\Desktop\Corebot\node_modules\discord.js\src\rest\RequestHandler.js:107:21)
      at runMicrotasks (<anonymous>)
      at processTicksAndRejections (internal/process/task_queues.js:93:5) {
    code: 500,
    method: 'patch',
    path: '/channels/840041597562781708'
  }
}
-------------------------------------------------------------------------------------------------------------------------------------
[CALLER: Promise {
  <rejected> DiscordAPIError: Invalid Form Body
  name: This field is required
      at RequestHandler.execute (C:\Users\jaces\Desktop\Corebot\node_modules\discord.js\src\rest\RequestHandler.js:170:25)
      at runMicrotasks (<anonymous>)
      at processTicksAndRejections (internal/process/task_queues.js:93:5) {
    method: 'post',
    path: '/guilds/837104198419611649/channels',
    code: 50035,
    httpStatus: 400
  }
} | MS: 1620356067358 | DATE: 5/6/2021, 9:54:27 PM]
----------------------------------
DiscordAPIError: Invalid Form Body
name: This field is required
EXTRA INFO:
Unknown
----------------------------------
[CALLER: Promise {
  <rejected> DiscordAPIError: Invalid Form Body
  name: This field is required
      at RequestHandler.execute (C:\Users\jaces\Desktop\Corebot\node_modules\discord.js\src\rest\RequestHandler.js:170:25)
      at runMicrotasks (<anonymous>)
      at processTicksAndRejections (internal/process/task_queues.js:93:5) {
    method: 'post',
    path: '/guilds/832046329068650526/channels',
    code: 50035,
    httpStatus: 400
  }
} | MS: 1620356067393 | DATE: 5/6/2021, 9:54:27 PM]
----------------------------------
DiscordAPIError: Invalid Form Body
name: This field is required
EXTRA INFO:
Unknown
----------------------------------
[CALLER: Promise {
  <rejected> DiscordAPIError: Invalid Form Body
  name: This field is required
      at RequestHandler.execute (C:\Users\jaces\Desktop\Corebot\node_modules\discord.js\src\rest\RequestHandler.js:170:25)
      at runMicrotasks (<anonymous>)
      at processTicksAndRejections (internal/process/task_queues.js:93:5) {
    method: 'post',
    path: '/guilds/837104198419611649/channels',
    code: 50035,
    httpStatus: 400
  }
} | MS: 1620356083181 | DATE: 5/6/2021, 9:54:43 PM]
----------------------------------
DiscordAPIError: Invalid Form Body
name: This field is required
EXTRA INFO:
Unknown
----------------------------------
[CALLER: Promise {
  <rejected> DiscordAPIError: Invalid Form Body
  name: This field is required
      at RequestHandler.execute (C:\Users\jaces\Desktop\Corebot\node_modules\discord.js\src\rest\RequestHandler.js:170:25)
      at runMicrotasks (<anonymous>)
      at processTicksAndRejections (internal/process/task_queues.js:93:5) {
    method: 'post',
    path: '/guilds/832046329068650526/channels',
    code: 50035,
    httpStatus: 400
  }
} | MS: 1620356083224 | DATE: 5/6/2021, 9:54:43 PM]
----------------------------------
DiscordAPIError: Invalid Form Body
name: This field is required
EXTRA INFO:
Unknown
----------------------------------
[CALLER: Promise {
  <rejected> DiscordAPIError: Invalid Form Body
  name: This field is required
      at RequestHandler.execute (C:\Users\jaces\Desktop\Corebot\node_modules\discord.js\src\rest\RequestHandler.js:170:25)
      at runMicrotasks (<anonymous>)
      at processTicksAndRejections (internal/process/task_queues.js:93:5) {
    method: 'post',
    path: '/guilds/832046329068650526/channels',
    code: 50035,
    httpStatus: 400
  }
} | MS: 1620356084140 | DATE: 5/6/2021, 9:54:44 PM]
----------------------------------
DiscordAPIError: Invalid Form Body
name: This field is required
EXTRA INFO:
Unknown
----------------------------------
[CALLER: Promise {
  <rejected> DiscordAPIError: Invalid Form Body
  name: This field is required
      at RequestHandler.execute (C:\Users\jaces\Desktop\Corebot\node_modules\discord.js\src\rest\RequestHandler.js:170:25)
      at runMicrotasks (<anonymous>)
      at processTicksAndRejections (internal/process/task_queues.js:93:5) {
    method: 'post',
    path: '/guilds/837104198419611649/channels',
    code: 50035,
    httpStatus: 400
  }
} | MS: 1620356084236 | DATE: 5/6/2021, 9:54:44 PM]
----------------------------------
DiscordAPIError: Invalid Form Body
name: This field is required
EXTRA INFO:
Unknown
----------------------------------
[CALLER: AddonHandler.js:123:44 | MS: 1620356094853 | DATE: 5/6/2021, 9:54:54 PM]
-------------------------------------------------------------------
Cannot find module 'paypal-rest-sdk'
Require stack:
- C:\Users\jaces\Desktop\Corebot\addons\BusinessPayPal.js
- C:\Users\jaces\Desktop\Corebot\modules\handlers\AddonHandler.js
- C:\Users\jaces\Desktop\Corebot\commands\management\addon.js
- C:\Users\jaces\Desktop\Corebot\modules\handlers\CommandHandler.js
- C:\Users\jaces\Desktop\Corebot\index.js
EXTRA INFO:
Error: Cannot find module 'paypal-rest-sdk'
Require stack:
- C:\Users\jaces\Desktop\Corebot\addons\BusinessPayPal.js
- C:\Users\jaces\Desktop\Corebot\modules\handlers\AddonHandler.js
- C:\Users\jaces\Desktop\Corebot\commands\management\addon.js
- C:\Users\jaces\Desktop\Corebot\modules\handlers\CommandHandler.js
- C:\Users\jaces\Desktop\Corebot\index.js
    at Function.Module._resolveFilename (internal/modules/cjs/loader.js:880:15)
    at Function.Module._load (internal/modules/cjs/loader.js:725:27)
    at Module.require (internal/modules/cjs/loader.js:952:19)
    at require (internal/modules/cjs/helpers.js:88:18)
    at Object.<anonymous> (C:\Users\jaces\Desktop\Corebot\addons\BusinessPayPal.js:1:1680)
    at Module._compile (internal/modules/cjs/loader.js:1063:30)
    at Object.Module._extensions..js (internal/modules/cjs/loader.js:1092:10)
    at Module.load (internal/modules/cjs/loader.js:928:32)
    at Function.Module._load (internal/modules/cjs/loader.js:769:14)
    at Module.require (internal/modules/cjs/loader.js:952:19)
    at require (internal/modules/cjs/helpers.js:88:18)
    at C:\Users\jaces\Desktop\Corebot\modules\handlers\AddonHandler.js:112:35
    at Array.forEach (<anonymous>)
    at C:\Users\jaces\Desktop\Corebot\modules\handlers\AddonHandler.js:110:18
    at FSReqCallback.oncomplete (fs.js:171:23)
-------------------------------------------------------------------
[CALLER: Promise {
  <rejected> DiscordAPIError: Invalid Form Body
  name: This field is required
      at RequestHandler.execute (C:\Users\jaces\Desktop\Corebot\node_modules\discord.js\src\rest\RequestHandler.js:170:25)
      at runMicrotasks (<anonymous>)
      at processTicksAndRejections (internal/process/task_queues.js:93:5) {
    method: 'post',
    path: '/guilds/832046329068650526/channels',
    code: 50035,
    httpStatus: 400
  }
} | MS: 1620356094965 | DATE: 5/6/2021, 9:54:54 PM]
----------------------------------
DiscordAPIError: Invalid Form Body
name: This field is required
EXTRA INFO:
Unknown
----------------------------------
[CALLER: Promise {
  <rejected> DiscordAPIError: Invalid Form Body
  name: This field is required
      at RequestHandler.execute (C:\Users\jaces\Desktop\Corebot\node_modules\discord.js\src\rest\RequestHandler.js:170:25)
      at runMicrotasks (<anonymous>)
      at processTicksAndRejections (internal/process/task_queues.js:93:5) {
    method: 'post',
    path: '/guilds/837104198419611649/channels',
    code: 50035,
    httpStatus: 400
  }
} | MS: 1620356095077 | DATE: 5/6/2021, 9:54:55 PM]
----------------------------------
DiscordAPIError: Invalid Form Body
name: This field is required
EXTRA INFO:
Unknown
----------------------------------
[CALLER: Promise {
  <rejected> DiscordAPIError: Invalid Form Body
  name: This field is required
      at RequestHandler.execute (C:\Users\jaces\Desktop\Corebot\node_modules\discord.js\src\rest\RequestHandler.js:170:25)
      at runMicrotasks (<anonymous>)
      at processTicksAndRejections (internal/process/task_queues.js:93:5) {
    method: 'post',
    path: '/guilds/832046329068650526/channels',
    code: 50035,
    httpStatus: 400
  }
} | MS: 1620356097273 | DATE: 5/6/2021, 9:54:57 PM]
----------------------------------
DiscordAPIError: Invalid Form Body
name: This field is required
EXTRA INFO:
Unknown
----------------------------------
[CALLER: Promise {
  <rejected> DiscordAPIError: Invalid Form Body
  name: This field is required
      at RequestHandler.execute (C:\Users\jaces\Desktop\Corebot\node_modules\discord.js\src\rest\RequestHandler.js:170:25)
      at runMicrotasks (<anonymous>)
      at processTicksAndRejections (internal/process/task_queues.js:93:5) {
    method: 'post',
    path: '/guilds/837104198419611649/channels',
    code: 50035,
    httpStatus: 400
  }
} | MS: 1620356097277 | DATE: 5/6/2021, 9:54:57 PM]
----------------------------------
DiscordAPIError: Invalid Form Body
name: This field is required
EXTRA INFO:
Unknown
----------------------------------
[CALLER: Promise {
  <rejected> DiscordAPIError: Invalid Form Body
  name: This field is required
      at RequestHandler.execute (C:\Users\jaces\Desktop\Corebot\node_modules\discord.js\src\rest\RequestHandler.js:170:25)
      at processTicksAndRejections (internal/process/task_queues.js:93:5) {
    method: 'post',
    path: '/guilds/837104198419611649/channels',
    code: 50035,
    httpStatus: 400
  }
} | MS: 1620356113197 | DATE: 5/6/2021, 9:55:13 PM]
----------------------------------
DiscordAPIError: Invalid Form Body
name: This field is required
EXTRA INFO:
Unknown
----------------------------------
[CALLER: Promise {
  <rejected> DiscordAPIError: Invalid Form Body
  name: This field is required
      at RequestHandler.execute (C:\Users\jaces\Desktop\Corebot\node_modules\discord.js\src\rest\RequestHandler.js:170:25)
      at processTicksAndRejections (internal/process/task_queues.js:93:5) {
    method: 'post',
    path: '/guilds/832046329068650526/channels',
    code: 50035,
    httpStatus: 400
  }
} | MS: 1620356113214 | DATE: 5/6/2021, 9:55:13 PM]
----------------------------------
DiscordAPIError: Invalid Form Body
name: This field is required
EXTRA INFO:
Unknown
----------------------------------
[CALLER: Promise {
  <rejected> DiscordAPIError: Invalid Form Body
  name: This field is required
      at RequestHandler.execute (C:\Users\jaces\Desktop\Corebot\node_modules\discord.js\src\rest\RequestHandler.js:170:25)
      at processTicksAndRejections (internal/process/task_queues.js:93:5) {
    method: 'post',
    path: '/guilds/832046329068650526/channels',
    code: 50035,
    httpStatus: 400
  }
} | MS: 1620356114104 | DATE: 5/6/2021, 9:55:14 PM]
----------------------------------
DiscordAPIError: Invalid Form Body
name: This field is required
EXTRA INFO:
Unknown
----------------------------------
[CALLER: Promise {
  <rejected> DiscordAPIError: Invalid Form Body
  name: This field is required
      at RequestHandler.execute (C:\Users\jaces\Desktop\Corebot\node_modules\discord.js\src\rest\RequestHandler.js:170:25)
      at processTicksAndRejections (internal/process/task_queues.js:93:5) {
    method: 'post',
    path: '/guilds/837104198419611649/channels',
    code: 50035,
    httpStatus: 400
  }
} | MS: 1620356114115 | DATE: 5/6/2021, 9:55:14 PM]
----------------------------------
DiscordAPIError: Invalid Form Body
name: This field is required
EXTRA INFO:
Unknown
----------------------------------
[CALLER: Promise {
  <rejected> DiscordAPIError: Invalid Form Body
  name: This field is required
      at RequestHandler.execute (C:\Users\jaces\Desktop\Corebot\node_modules\discord.js\src\rest\RequestHandler.js:170:25)
      at processTicksAndRejections (internal/process/task_queues.js:93:5) {
    method: 'post',
    path: '/guilds/837104198419611649/channels',
    code: 50035,
    httpStatus: 400
  }
} | MS: 1620356124983 | DATE: 5/6/2021, 9:55:24 PM]
----------------------------------
DiscordAPIError: Invalid Form Body
name: This field is required
EXTRA INFO:
Unknown
----------------------------------
[CALLER: Promise {
  <rejected> DiscordAPIError: Invalid Form Body
  name: This field is required
      at RequestHandler.execute (C:\Users\jaces\Desktop\Corebot\node_modules\discord.js\src\rest\RequestHandler.js:170:25)
      at processTicksAndRejections (internal/process/task_queues.js:93:5) {
    method: 'post',
    path: '/guilds/832046329068650526/channels',
    code: 50035,
    httpStatus: 400
  }
} | MS: 1620356125005 | DATE: 5/6/2021, 9:55:25 PM]
----------------------------------
DiscordAPIError: Invalid Form Body
name: This field is required
EXTRA INFO:
Unknown
----------------------------------
[CALLER: AddonHandler.js:123:44 | MS: 1620356127073 | DATE: 5/6/2021, 9:55:27 PM]
-------------------------------------------------------------------
Cannot find module 'paypal-rest-sdk'
Require stack:
- C:\Users\jaces\Desktop\Corebot\addons\BusinessPayPal.js
- C:\Users\jaces\Desktop\Corebot\modules\handlers\AddonHandler.js
- C:\Users\jaces\Desktop\Corebot\commands\management\addon.js
- C:\Users\jaces\Desktop\Corebot\modules\handlers\CommandHandler.js
- C:\Users\jaces\Desktop\Corebot\index.js
EXTRA INFO:
Error: Cannot find module 'paypal-rest-sdk'
Require stack:
- C:\Users\jaces\Desktop\Corebot\addons\BusinessPayPal.js
- C:\Users\jaces\Desktop\Corebot\modules\handlers\AddonHandler.js
- C:\Users\jaces\Desktop\Corebot\commands\management\addon.js
- C:\Users\jaces\Desktop\Corebot\modules\handlers\CommandHandler.js
- C:\Users\jaces\Desktop\Corebot\index.js
    at Function.Module._resolveFilename (internal/modules/cjs/loader.js:880:15)
    at Function.Module._load (internal/modules/cjs/loader.js:725:27)
    at Module.require (internal/modules/cjs/loader.js:952:19)
    at require (internal/modules/cjs/helpers.js:88:18)
    at Object.<anonymous> (C:\Users\jaces\Desktop\Corebot\addons\BusinessPayPal.js:1:1680)
    at Module._compile (internal/modules/cjs/loader.js:1063:30)
    at Object.Module._extensions..js (internal/modules/cjs/loader.js:1092:10)
    at Module.load (internal/modules/cjs/loader.js:928:32)
    at Function.Module._load (internal/modules/cjs/loader.js:769:14)
    at Module.require (internal/modules/cjs/loader.js:952:19)
    at require (internal/modules/cjs/helpers.js:88:18)
    at C:\Users\jaces\Desktop\Corebot\modules\handlers\AddonHandler.js:112:35
    at Array.forEach (<anonymous>)
    at C:\Users\jaces\Desktop\Corebot\modules\handlers\AddonHandler.js:110:18
    at FSReqCallback.oncomplete (fs.js:171:23)
-------------------------------------------------------------------
[CALLER: Promise {
  <rejected> DiscordAPIError: Invalid Form Body
  name: This field is required
      at RequestHandler.execute (C:\Users\jaces\Desktop\Corebot\node_modules\discord.js\src\rest\RequestHandler.js:170:25)
      at processTicksAndRejections (internal/process/task_queues.js:93:5) {
    method: 'post',
    path: '/guilds/837104198419611649/channels',
    code: 50035,
    httpStatus: 400
  }
} | MS: 1620356127194 | DATE: 5/6/2021, 9:55:27 PM]
----------------------------------
DiscordAPIError: Invalid Form Body
name: This field is required
EXTRA INFO:
Unknown
----------------------------------
[CALLER: Promise {
  <rejected> DiscordAPIError: Invalid Form Body
  name: This field is required
      at RequestHandler.execute (C:\Users\jaces\Desktop\Corebot\node_modules\discord.js\src\rest\RequestHandler.js:170:25)
      at processTicksAndRejections (internal/process/task_queues.js:93:5) {
    method: 'post',
    path: '/guilds/832046329068650526/channels',
    code: 50035,
    httpStatus: 400
  }
} | MS: 1620356127237 | DATE: 5/6/2021, 9:55:27 PM]
----------------------------------
DiscordAPIError: Invalid Form Body
name: This field is required
EXTRA INFO:
Unknown
----------------------------------
[CALLER: Promise {
  <rejected> DiscordAPIError: Invalid Form Body
  name: This field is required
      at RequestHandler.execute (C:\Users\jaces\Desktop\Corebot\node_modules\discord.js\src\rest\RequestHandler.js:170:25)
      at processTicksAndRejections (internal/process/task_queues.js:93:5) {
    method: 'post',
    path: '/guilds/832046329068650526/channels',
    code: 50035,
    httpStatus: 400
  }
} | MS: 1620356143219 | DATE: 5/6/2021, 9:55:43 PM]
----------------------------------
DiscordAPIError: Invalid Form Body
name: This field is required
EXTRA INFO:
Unknown
----------------------------------
[CALLER: Promise {
  <rejected> DiscordAPIError: Invalid Form Body
  name: This field is required
      at RequestHandler.execute (C:\Users\jaces\Desktop\Corebot\node_modules\discord.js\src\rest\RequestHandler.js:170:25)
      at processTicksAndRejections (internal/process/task_queues.js:93:5) {
    method: 'post',
    path: '/guilds/837104198419611649/channels',
    code: 50035,
    httpStatus: 400
  }
} | MS: 1620356143233 | DATE: 5/6/2021, 9:55:43 PM]
----------------------------------
DiscordAPIError: Invalid Form Body
name: This field is required
EXTRA INFO:
Unknown
----------------------------------
[CALLER: Promise {
  <rejected> DiscordAPIError: Invalid Form Body
  name: This field is required
      at RequestHandler.execute (C:\Users\jaces\Desktop\Corebot\node_modules\discord.js\src\rest\RequestHandler.js:170:25)
      at processTicksAndRejections (internal/process/task_queues.js:93:5) {
    method: 'post',
    path: '/guilds/832046329068650526/channels',
    code: 50035,
    httpStatus: 400
  }
} | MS: 1620356144115 | DATE: 5/6/2021, 9:55:44 PM]
----------------------------------
DiscordAPIError: Invalid Form Body
name: This field is required
EXTRA INFO:
Unknown
----------------------------------
[CALLER: Promise {
  <rejected> DiscordAPIError: Invalid Form Body
  name: This field is required
      at RequestHandler.execute (C:\Users\jaces\Desktop\Corebot\node_modules\discord.js\src\rest\RequestHandler.js:170:25)
      at processTicksAndRejections (internal/process/task_queues.js:93:5) {
    method: 'post',
    path: '/guilds/837104198419611649/channels',
    code: 50035,
    httpStatus: 400
  }
} | MS: 1620356144141 | DATE: 5/6/2021, 9:55:44 PM]
----------------------------------
DiscordAPIError: Invalid Form Body
name: This field is required
EXTRA INFO:
Unknown
----------------------------------
[CALLER: Promise {
  <rejected> DiscordAPIError: Invalid Form Body
  name: This field is required
      at RequestHandler.execute (C:\Users\jaces\Desktop\Corebot\node_modules\discord.js\src\rest\RequestHandler.js:170:25)
      at processTicksAndRejections (internal/process/task_queues.js:93:5) {
    method: 'post',
    path: '/guilds/832046329068650526/channels',
    code: 50035,
    httpStatus: 400
  }
} | MS: 1620356154994 | DATE: 5/6/2021, 9:55:54 PM]
----------------------------------
DiscordAPIError: Invalid Form Body
name: This field is required
EXTRA INFO:
Unknown
----------------------------------
[CALLER: Promise {
  <rejected> DiscordAPIError: Invalid Form Body
  name: This field is required
      at RequestHandler.execute (C:\Users\jaces\Desktop\Corebot\node_modules\discord.js\src\rest\RequestHandler.js:170:25)
      at processTicksAndRejections (internal/process/task_queues.js:93:5) {
    method: 'post',
    path: '/guilds/837104198419611649/channels',
    code: 50035,
    httpStatus: 400
  }
} | MS: 1620356155019 | DATE: 5/6/2021, 9:55:55 PM]
----------------------------------
DiscordAPIError: Invalid Form Body
name: This field is required
EXTRA INFO:
Unknown
----------------------------------
[CALLER: Promise {
  <rejected> DiscordAPIError: Invalid Form Body
  name: This field is required
      at RequestHandler.execute (C:\Users\jaces\Desktop\Corebot\node_modules\discord.js\src\rest\RequestHandler.js:170:25)
      at processTicksAndRejections (internal/process/task_queues.js:93:5) {
    method: 'post',
    path: '/guilds/837104198419611649/channels',
    code: 50035,
    httpStatus: 400
  }
} | MS: 1620356157173 | DATE: 5/6/2021, 9:55:57 PM]
----------------------------------
DiscordAPIError: Invalid Form Body
name: This field is required
EXTRA INFO:
Unknown
----------------------------------
[CALLER: Promise {
  <rejected> DiscordAPIError: Invalid Form Body
  name: This field is required
      at RequestHandler.execute (C:\Users\jaces\Desktop\Corebot\node_modules\discord.js\src\rest\RequestHandler.js:170:25)
      at processTicksAndRejections (internal/process/task_queues.js:93:5) {
    method: 'post',
    path: '/guilds/832046329068650526/channels',
    code: 50035,
    httpStatus: 400
  }
} | MS: 1620356157203 | DATE: 5/6/2021, 9:55:57 PM]
----------------------------------
DiscordAPIError: Invalid Form Body
name: This field is required
EXTRA INFO:
Unknown
----------------------------------
[CALLER: Promise {
  <rejected> DiscordAPIError: Invalid Form Body
  name: This field is required
      at RequestHandler.execute (C:\Users\jaces\Desktop\Corebot\node_modules\discord.js\src\rest\RequestHandler.js:170:25)
      at processTicksAndRejections (internal/process/task_queues.js:93:5) {
    method: 'post',
    path: '/guilds/837104198419611649/channels',
    code: 50035,
    httpStatus: 400
  }
} | MS: 1620356157262 | DATE: 5/6/2021, 9:55:57 PM]
----------------------------------
DiscordAPIError: Invalid Form Body
name: This field is required
EXTRA INFO:
Unknown
----------------------------------
[CALLER: AddonHandler.js:123:44 | MS: 1620356164078 | DATE: 5/6/2021, 9:56:04 PM]
-------------------------------------------------------------------
Cannot find module 'paypal-rest-sdk'
Require stack:
- C:\Users\jaces\Desktop\Corebot\addons\BusinessPayPal.js
- C:\Users\jaces\Desktop\Corebot\modules\handlers\AddonHandler.js
- C:\Users\jaces\Desktop\Corebot\commands\management\addon.js
- C:\Users\jaces\Desktop\Corebot\modules\handlers\CommandHandler.js
- C:\Users\jaces\Desktop\Corebot\index.js
EXTRA INFO:
Error: Cannot find module 'paypal-rest-sdk'
Require stack:
- C:\Users\jaces\Desktop\Corebot\addons\BusinessPayPal.js
- C:\Users\jaces\Desktop\Corebot\modules\handlers\AddonHandler.js
- C:\Users\jaces\Desktop\Corebot\commands\management\addon.js
- C:\Users\jaces\Desktop\Corebot\modules\handlers\CommandHandler.js
- C:\Users\jaces\Desktop\Corebot\index.js
    at Function.Module._resolveFilename (internal/modules/cjs/loader.js:880:15)
    at Function.Module._load (internal/modules/cjs/loader.js:725:27)
    at Module.require (internal/modules/cjs/loader.js:952:19)
    at require (internal/modules/cjs/helpers.js:88:18)
    at Object.<anonymous> (C:\Users\jaces\Desktop\Corebot\addons\BusinessPayPal.js:1:1680)
    at Module._compile (internal/modules/cjs/loader.js:1063:30)
    at Object.Module._extensions..js (internal/modules/cjs/loader.js:1092:10)
    at Module.load (internal/modules/cjs/loader.js:928:32)
    at Function.Module._load (internal/modules/cjs/loader.js:769:14)
    at Module.require (internal/modules/cjs/loader.js:952:19)
    at require (internal/modules/cjs/helpers.js:88:18)
    at C:\Users\jaces\Desktop\Corebot\modules\handlers\AddonHandler.js:112:35
    at Array.forEach (<anonymous>)
    at C:\Users\jaces\Desktop\Corebot\modules\handlers\AddonHandler.js:110:18
    at FSReqCallback.oncomplete (fs.js:171:23)
-------------------------------------------------------------------
[CALLER: Promise {
  <rejected> DiscordAPIError: Invalid Form Body
  name: This field is required
      at RequestHandler.execute (C:\Users\jaces\Desktop\Corebot\node_modules\discord.js\src\rest\RequestHandler.js:170:25)
      at processTicksAndRejections (internal/process/task_queues.js:93:5) {
    method: 'post',
    path: '/guilds/837104198419611649/channels',
    code: 50035,
    httpStatus: 400
  }
} | MS: 1620356164198 | DATE: 5/6/2021, 9:56:04 PM]
----------------------------------
DiscordAPIError: Invalid Form Body
name: This field is required
EXTRA INFO:
Unknown
----------------------------------
[CALLER: Promise {
  <rejected> DiscordAPIError: Invalid Form Body
  name: This field is required
      at RequestHandler.execute (C:\Users\jaces\Desktop\Corebot\node_modules\discord.js\src\rest\RequestHandler.js:170:25)
      at processTicksAndRejections (internal/process/task_queues.js:93:5) {
    method: 'post',
    path: '/guilds/832046329068650526/channels',
    code: 50035,
    httpStatus: 400
  }
} | MS: 1620356164199 | DATE: 5/6/2021, 9:56:04 PM]
----------------------------------
DiscordAPIError: Invalid Form Body
name: This field is required
EXTRA INFO:
Unknown
----------------------------------
[CALLER: Promise {
  <rejected> DiscordAPIError: Invalid Form Body
  name: This field is required
      at RequestHandler.execute (C:\Users\jaces\Desktop\Corebot\node_modules\discord.js\src\rest\RequestHandler.js:170:25)
      at processTicksAndRejections (internal/process/task_queues.js:93:5) {
    method: 'post',
    path: '/guilds/832046329068650526/channels',
    code: 50035,
    httpStatus: 400
  }
} | MS: 1620356173209 | DATE: 5/6/2021, 9:56:13 PM]
----------------------------------
DiscordAPIError: Invalid Form Body
name: This field is required
EXTRA INFO:
Unknown
----------------------------------
[CALLER: Promise {
  <rejected> DiscordAPIError: Invalid Form Body
  name: This field is required
      at RequestHandler.execute (C:\Users\jaces\Desktop\Corebot\node_modules\discord.js\src\rest\RequestHandler.js:170:25)
      at processTicksAndRejections (internal/process/task_queues.js:93:5) {
    method: 'post',
    path: '/guilds/837104198419611649/channels',
    code: 50035,
    httpStatus: 400
  }
} | MS: 1620356173210 | DATE: 5/6/2021, 9:56:13 PM]
----------------------------------
DiscordAPIError: Invalid Form Body
name: This field is required
EXTRA INFO:
Unknown
----------------------------------
[CALLER: Promise {
  <rejected> DiscordAPIError: Invalid Form Body
  name: This field is required
      at RequestHandler.execute (C:\Users\jaces\Desktop\Corebot\node_modules\discord.js\src\rest\RequestHandler.js:170:25)
      at processTicksAndRejections (internal/process/task_queues.js:93:5) {
    method: 'post',
    path: '/guilds/832046329068650526/channels',
    code: 50035,
    httpStatus: 400
  }
} | MS: 1620356174113 | DATE: 5/6/2021, 9:56:14 PM]
----------------------------------
DiscordAPIError: Invalid Form Body
name: This field is required
EXTRA INFO:
Unknown
----------------------------------
[CALLER: Promise {
  <rejected> DiscordAPIError: Invalid Form Body
  name: This field is required
      at RequestHandler.execute (C:\Users\jaces\Desktop\Corebot\node_modules\discord.js\src\rest\RequestHandler.js:170:25)
      at processTicksAndRejections (internal/process/task_queues.js:93:5) {
    method: 'post',
    path: '/guilds/837104198419611649/channels',
    code: 50035,
    httpStatus: 400
  }
} | MS: 1620356174139 | DATE: 5/6/2021, 9:56:14 PM]
----------------------------------
DiscordAPIError: Invalid Form Body
name: This field is required
EXTRA INFO:
Unknown
----------------------------------
[CALLER: Promise {
  <rejected> DiscordAPIError: Invalid Form Body
  name: This field is required
      at RequestHandler.execute (C:\Users\jaces\Desktop\Corebot\node_modules\discord.js\src\rest\RequestHandler.js:170:25)
      at processTicksAndRejections (internal/process/task_queues.js:93:5) {
    method: 'post',
    path: '/guilds/837104198419611649/channels',
    code: 50035,
    httpStatus: 400
  }
} | MS: 1620356184960 | DATE: 5/6/2021, 9:56:24 PM]
----------------------------------
DiscordAPIError: Invalid Form Body
name: This field is required
EXTRA INFO:
Unknown
----------------------------------
[CALLER: Promise {
  <rejected> DiscordAPIError: Invalid Form Body
  name: This field is required
      at RequestHandler.execute (C:\Users\jaces\Desktop\Corebot\node_modules\discord.js\src\rest\RequestHandler.js:170:25)
      at processTicksAndRejections (internal/process/task_queues.js:93:5) {
    method: 'post',
    path: '/guilds/832046329068650526/channels',
    code: 50035,
    httpStatus: 400
  }
} | MS: 1620356184978 | DATE: 5/6/2021, 9:56:24 PM]
----------------------------------
DiscordAPIError: Invalid Form Body
name: This field is required
EXTRA INFO:
Unknown
----------------------------------
[CALLER: Promise {
  <rejected> DiscordAPIError: Invalid Form Body
  name: This field is required
      at RequestHandler.execute (C:\Users\jaces\Desktop\Corebot\node_modules\discord.js\src\rest\RequestHandler.js:170:25)
      at processTicksAndRejections (internal/process/task_queues.js:93:5) {
    method: 'post',
    path: '/guilds/837104198419611649/channels',
    code: 50035,
    httpStatus: 400
  }
} | MS: 1620356187183 | DATE: 5/6/2021, 9:56:27 PM]
----------------------------------
DiscordAPIError: Invalid Form Body
name: This field is required
EXTRA INFO:
Unknown
----------------------------------
[CALLER: Promise {
  <rejected> DiscordAPIError: Invalid Form Body
  name: This field is required
      at RequestHandler.execute (C:\Users\jaces\Desktop\Corebot\node_modules\discord.js\src\rest\RequestHandler.js:170:25)
      at processTicksAndRejections (internal/process/task_queues.js:93:5) {
    method: 'post',
    path: '/guilds/832046329068650526/channels',
    code: 50035,
    httpStatus: 400
  }
} | MS: 1620356187187 | DATE: 5/6/2021, 9:56:27 PM]
----------------------------------
DiscordAPIError: Invalid Form Body
name: This field is required
EXTRA INFO:
Unknown
----------------------------------
[CALLER: Promise {
  <rejected> DiscordAPIError: Invalid Form Body
  name: This field is required
      at RequestHandler.execute (C:\Users\jaces\Desktop\Corebot\node_modules\discord.js\src\rest\RequestHandler.js:170:25)
      at processTicksAndRejections (internal/process/task_queues.js:93:5) {
    method: 'post',
    path: '/guilds/837104198419611649/channels',
    code: 50035,
    httpStatus: 400
  }
} | MS: 1620356194230 | DATE: 5/6/2021, 9:56:34 PM]
----------------------------------
DiscordAPIError: Invalid Form Body
name: This field is required
EXTRA INFO:
Unknown
----------------------------------
[CALLER: Promise {
  <rejected> DiscordAPIError: Invalid Form Body
  name: This field is required
      at RequestHandler.execute (C:\Users\jaces\Desktop\Corebot\node_modules\discord.js\src\rest\RequestHandler.js:170:25)
      at processTicksAndRejections (internal/process/task_queues.js:93:5) {
    method: 'post',
    path: '/guilds/832046329068650526/channels',
    code: 50035,
    httpStatus: 400
  }
} | MS: 1620356194247 | DATE: 5/6/2021, 9:56:34 PM]
----------------------------------
DiscordAPIError: Invalid Form Body
name: This field is required
EXTRA INFO:
Unknown
----------------------------------
[CALLER: Promise {
  <rejected> DiscordAPIError: Invalid Form Body
  name: This field is required
      at RequestHandler.execute (C:\Users\jaces\Desktop\Corebot\node_modules\discord.js\src\rest\RequestHandler.js:170:25)
      at processTicksAndRejections (internal/process/task_queues.js:93:5) {
    method: 'post',
    path: '/guilds/837104198419611649/channels',
    code: 50035,
    httpStatus: 400
  }
} | MS: 1620356203192 | DATE: 5/6/2021, 9:56:43 PM]
----------------------------------
DiscordAPIError: Invalid Form Body
name: This field is required
EXTRA INFO:
Unknown
----------------------------------
[CALLER: Promise {
  <rejected> DiscordAPIError: Invalid Form Body
  name: This field is required
      at RequestHandler.execute (C:\Users\jaces\Desktop\Corebot\node_modules\discord.js\src\rest\RequestHandler.js:170:25)
      at processTicksAndRejections (internal/process/task_queues.js:93:5) {
    method: 'post',
    path: '/guilds/832046329068650526/channels',
    code: 50035,
    httpStatus: 400
  }
} | MS: 1620356203197 | DATE: 5/6/2021, 9:56:43 PM]
----------------------------------
DiscordAPIError: Invalid Form Body
name: This field is required
EXTRA INFO:
Unknown
----------------------------------
[CALLER: Promise {
  <rejected> DiscordAPIError: Invalid Form Body
  name: This field is required
      at RequestHandler.execute (C:\Users\jaces\Desktop\Corebot\node_modules\discord.js\src\rest\RequestHandler.js:170:25)
      at processTicksAndRejections (internal/process/task_queues.js:93:5) {
    method: 'post',
    path: '/guilds/837104198419611649/channels',
    code: 50035,
    httpStatus: 400
  }
} | MS: 1620356204120 | DATE: 5/6/2021, 9:56:44 PM]
----------------------------------
DiscordAPIError: Invalid Form Body
name: This field is required
EXTRA INFO:
Unknown
----------------------------------
[CALLER: Promise {
  <rejected> DiscordAPIError: Invalid Form Body
  name: This field is required
      at RequestHandler.execute (C:\Users\jaces\Desktop\Corebot\node_modules\discord.js\src\rest\RequestHandler.js:170:25)
      at processTicksAndRejections (internal/process/task_queues.js:93:5) {
    method: 'post',
    path: '/guilds/832046329068650526/channels',
    code: 50035,
    httpStatus: 400
  }
} | MS: 1620356204206 | DATE: 5/6/2021, 9:56:44 PM]
----------------------------------
DiscordAPIError: Invalid Form Body
name: This field is required
EXTRA INFO:
Unknown
----------------------------------
[CALLER: Promise {
  <rejected> DiscordAPIError: Invalid Form Body
  name: This field is required
      at RequestHandler.execute (C:\Users\jaces\Desktop\Corebot\node_modules\discord.js\src\rest\RequestHandler.js:170:25)
      at processTicksAndRejections (internal/process/task_queues.js:93:5) {
    method: 'post',
    path: '/guilds/832046329068650526/channels',
    code: 50035,
    httpStatus: 400
  }
} | MS: 1620356214959 | DATE: 5/6/2021, 9:56:54 PM]
----------------------------------
DiscordAPIError: Invalid Form Body
name: This field is required
EXTRA INFO:
Unknown
----------------------------------
[CALLER: Promise {
  <rejected> DiscordAPIError: Invalid Form Body
  name: This field is required
      at RequestHandler.execute (C:\Users\jaces\Desktop\Corebot\node_modules\discord.js\src\rest\RequestHandler.js:170:25)
      at processTicksAndRejections (internal/process/task_queues.js:93:5) {
    method: 'post',
    path: '/guilds/837104198419611649/channels',
    code: 50035,
    httpStatus: 400
  }
} | MS: 1620356214966 | DATE: 5/6/2021, 9:56:54 PM]
----------------------------------
DiscordAPIError: Invalid Form Body
name: This field is required
EXTRA INFO:
Unknown
----------------------------------
[CALLER: Promise {
  <rejected> DiscordAPIError: Invalid Form Body
  name: This field is required
      at RequestHandler.execute (C:\Users\jaces\Desktop\Corebot\node_modules\discord.js\src\rest\RequestHandler.js:170:25)
      at processTicksAndRejections (internal/process/task_queues.js:93:5) {
    method: 'post',
    path: '/guilds/837104198419611649/channels',
    code: 50035,
    httpStatus: 400
  }
} | MS: 1620356217190 | DATE: 5/6/2021, 9:56:57 PM]
----------------------------------
DiscordAPIError: Invalid Form Body
name: This field is required
EXTRA INFO:
Unknown
----------------------------------
[CALLER: Promise {
  <rejected> DiscordAPIError: Invalid Form Body
  name: This field is required
      at RequestHandler.execute (C:\Users\jaces\Desktop\Corebot\node_modules\discord.js\src\rest\RequestHandler.js:170:25)
      at processTicksAndRejections (internal/process/task_queues.js:93:5) {
    method: 'post',
    path: '/guilds/832046329068650526/channels',
    code: 50035,
    httpStatus: 400
  }
} | MS: 1620356217201 | DATE: 5/6/2021, 9:56:57 PM]
----------------------------------
DiscordAPIError: Invalid Form Body
name: This field is required
EXTRA INFO:
Unknown
----------------------------------
[CALLER: Promise {
  <rejected> DiscordAPIError: Invalid Form Body
  name: This field is required
      at RequestHandler.execute (C:\Users\jaces\Desktop\Corebot\node_modules\discord.js\src\rest\RequestHandler.js:170:25)
      at processTicksAndRejections (internal/process/task_queues.js:93:5) {
    method: 'post',
    path: '/guilds/837104198419611649/channels',
    code: 50035,
    httpStatus: 400
  }
} | MS: 1620356224205 | DATE: 5/6/2021, 9:57:04 PM]
----------------------------------
DiscordAPIError: Invalid Form Body
name: This field is required
EXTRA INFO:
Unknown
----------------------------------
[CALLER: Promise {
  <rejected> DiscordAPIError: Invalid Form Body
  name: This field is required
      at RequestHandler.execute (C:\Users\jaces\Desktop\Corebot\node_modules\discord.js\src\rest\RequestHandler.js:170:25)
      at processTicksAndRejections (internal/process/task_queues.js:93:5) {
    method: 'post',
    path: '/guilds/832046329068650526/channels',
    code: 50035,
    httpStatus: 400
  }
} | MS: 1620356224208 | DATE: 5/6/2021, 9:57:04 PM]
----------------------------------
DiscordAPIError: Invalid Form Body
name: This field is required
EXTRA INFO:
Unknown
----------------------------------
[CALLER: Promise {
  <rejected> DiscordAPIError: Invalid Form Body
  name: This field is required
      at RequestHandler.execute (C:\Users\jaces\Desktop\Corebot\node_modules\discord.js\src\rest\RequestHandler.js:170:25)
      at processTicksAndRejections (internal/process/task_queues.js:93:5) {
    method: 'post',
    path: '/guilds/837104198419611649/channels',
    code: 50035,
    httpStatus: 400
  }
} | MS: 1620356233201 | DATE: 5/6/2021, 9:57:13 PM]
----------------------------------
DiscordAPIError: Invalid Form Body
name: This field is required
EXTRA INFO:
Unknown
----------------------------------
[CALLER: Promise {
  <rejected> DiscordAPIError: Invalid Form Body
  name: This field is required
      at RequestHandler.execute (C:\Users\jaces\Desktop\Corebot\node_modules\discord.js\src\rest\RequestHandler.js:170:25)
      at processTicksAndRejections (internal/process/task_queues.js:93:5) {
    method: 'post',
    path: '/guilds/832046329068650526/channels',
    code: 50035,
    httpStatus: 400
  }
} | MS: 1620356233250 | DATE: 5/6/2021, 9:57:13 PM]
----------------------------------
DiscordAPIError: Invalid Form Body
name: This field is required
EXTRA INFO:
Unknown
----------------------------------
[CALLER: Promise {
  <rejected> DiscordAPIError: Invalid Form Body
  name: This field is required
      at RequestHandler.execute (C:\Users\jaces\Desktop\Corebot\node_modules\discord.js\src\rest\RequestHandler.js:170:25)
      at processTicksAndRejections (internal/process/task_queues.js:93:5) {
    method: 'post',
    path: '/guilds/837104198419611649/channels',
    code: 50035,
    httpStatus: 400
  }
} | MS: 1620356234101 | DATE: 5/6/2021, 9:57:14 PM]
----------------------------------
DiscordAPIError: Invalid Form Body
name: This field is required
EXTRA INFO:
Unknown
----------------------------------
[CALLER: Promise {
  <rejected> DiscordAPIError: Invalid Form Body
  name: This field is required
      at RequestHandler.execute (C:\Users\jaces\Desktop\Corebot\node_modules\discord.js\src\rest\RequestHandler.js:170:25)
      at processTicksAndRejections (internal/process/task_queues.js:93:5) {
    method: 'post',
    path: '/guilds/832046329068650526/channels',
    code: 50035,
    httpStatus: 400
  }
} | MS: 1620356234140 | DATE: 5/6/2021, 9:57:14 PM]
----------------------------------
DiscordAPIError: Invalid Form Body
name: This field is required
EXTRA INFO:
Unknown
----------------------------------
[CALLER: RequestHandler.js:107:21 | MS: 1620356245680 | DATE: 5/6/2021, 9:57:25 PM]
-------------------------------------------------------------------------------------------------------------------------------------
FetchError: request to https://discordapp.com/api/v7/channels/840041597390684250 failed, reason: getaddrinfo ENOTFOUND discordapp.com
EXTRA INFO:
Promise {
  <rejected> HTTPError [FetchError]: request to https://discordapp.com/api/v7/channels/840041597390684250 failed, reason: getaddrinfo ENOTFOUND discordapp.com
      at RequestHandler.execute (C:\Users\jaces\Desktop\Corebot\node_modules\discord.js\src\rest\RequestHandler.js:107:21)
      at processTicksAndRejections (internal/process/task_queues.js:93:5) {
    code: 500,
    method: 'patch',
    path: '/channels/840041597390684250'
  }
}
-------------------------------------------------------------------------------------------------------------------------------------
[CALLER: RequestHandler.js:107:21 | MS: 1620356245681 | DATE: 5/6/2021, 9:57:25 PM]
--------------------------------------------------------------------------------------------------------------------------------------------
FetchError: request to https://discordapp.com/api/v7/guilds/832046329068650526/channels failed, reason: getaddrinfo ENOTFOUND discordapp.com
EXTRA INFO:
Promise {
  <rejected> HTTPError [FetchError]: request to https://discordapp.com/api/v7/guilds/832046329068650526/channels failed, reason: getaddrinfo ENOTFOUND discordapp.com
      at RequestHandler.execute (C:\Users\jaces\Desktop\Corebot\node_modules\discord.js\src\rest\RequestHandler.js:107:21)
      at processTicksAndRejections (internal/process/task_queues.js:93:5) {
    code: 500,
    method: 'post',
    path: '/guilds/832046329068650526/channels'
  }
}
--------------------------------------------------------------------------------------------------------------------------------------------
[CALLER: RequestHandler.js:107:21 | MS: 1620356245681 | DATE: 5/6/2021, 9:57:25 PM]
-------------------------------------------------------------------------------------------------------------------------------------
FetchError: request to https://discordapp.com/api/v7/channels/840041597918773258 failed, reason: getaddrinfo ENOTFOUND discordapp.com
EXTRA INFO:
Promise {
  <rejected> HTTPError [FetchError]: request to https://discordapp.com/api/v7/channels/840041597918773258 failed, reason: getaddrinfo ENOTFOUND discordapp.com
      at RequestHandler.execute (C:\Users\jaces\Desktop\Corebot\node_modules\discord.js\src\rest\RequestHandler.js:107:21)
      at processTicksAndRejections (internal/process/task_queues.js:93:5) {
    code: 500,
    method: 'patch',
    path: '/channels/840041597918773258'
  }
}
-------------------------------------------------------------------------------------------------------------------------------------
[CALLER: RequestHandler.js:107:21 | MS: 1620356245682 | DATE: 5/6/2021, 9:57:25 PM]
-------------------------------------------------------------------------------------------------------------------------------------
FetchError: request to https://discordapp.com/api/v7/channels/840041596803612672 failed, reason: getaddrinfo ENOTFOUND discordapp.com
EXTRA INFO:
Promise {
  <rejected> HTTPError [FetchError]: request to https://discordapp.com/api/v7/channels/840041596803612672 failed, reason: getaddrinfo ENOTFOUND discordapp.com
      at RequestHandler.execute (C:\Users\jaces\Desktop\Corebot\node_modules\discord.js\src\rest\RequestHandler.js:107:21)
      at processTicksAndRejections (internal/process/task_queues.js:93:5) {
    code: 500,
    method: 'patch',
    path: '/channels/840041596803612672'
  }
}
-------------------------------------------------------------------------------------------------------------------------------------
[CALLER: RequestHandler.js:107:21 | MS: 1620356245682 | DATE: 5/6/2021, 9:57:25 PM]
-------------------------------------------------------------------------------------------------------------------------------------
FetchError: request to https://discordapp.com/api/v7/channels/840041597273767977 failed, reason: getaddrinfo ENOTFOUND discordapp.com
EXTRA INFO:
Promise {
  <rejected> HTTPError [FetchError]: request to https://discordapp.com/api/v7/channels/840041597273767977 failed, reason: getaddrinfo ENOTFOUND discordapp.com
      at RequestHandler.execute (C:\Users\jaces\Desktop\Corebot\node_modules\discord.js\src\rest\RequestHandler.js:107:21)
      at processTicksAndRejections (internal/process/task_queues.js:93:5) {
    code: 500,
    method: 'patch',
    path: '/channels/840041597273767977'
  }
}
-------------------------------------------------------------------------------------------------------------------------------------
[CALLER: RequestHandler.js:107:21 | MS: 1620356245683 | DATE: 5/6/2021, 9:57:25 PM]
--------------------------------------------------------------------------------------------------------------------------------------------
FetchError: request to https://discordapp.com/api/v7/guilds/837104198419611649/channels failed, reason: getaddrinfo ENOTFOUND discordapp.com
EXTRA INFO:
Promise {
  <rejected> HTTPError [FetchError]: request to https://discordapp.com/api/v7/guilds/837104198419611649/channels failed, reason: getaddrinfo ENOTFOUND discordapp.com
      at RequestHandler.execute (C:\Users\jaces\Desktop\Corebot\node_modules\discord.js\src\rest\RequestHandler.js:107:21)
      at processTicksAndRejections (internal/process/task_queues.js:93:5) {
    code: 500,
    method: 'post',
    path: '/guilds/837104198419611649/channels'
  }
}
--------------------------------------------------------------------------------------------------------------------------------------------
[CALLER: RequestHandler.js:107:21 | MS: 1620356245682 | DATE: 5/6/2021, 9:57:25 PM]
-------------------------------------------------------------------------------------------------------------------------------------
FetchError: request to https://discordapp.com/api/v7/channels/840041597562781708 failed, reason: getaddrinfo ENOTFOUND discordapp.com
EXTRA INFO:
Promise {
  <rejected> HTTPError [FetchError]: request to https://discordapp.com/api/v7/channels/840041597562781708 failed, reason: getaddrinfo ENOTFOUND discordapp.com
      at RequestHandler.execute (C:\Users\jaces\Desktop\Corebot\node_modules\discord.js\src\rest\RequestHandler.js:107:21)
      at processTicksAndRejections (internal/process/task_queues.js:93:5) {
    code: 500,
    method: 'patch',
    path: '/channels/840041597562781708'
  }
}
-------------------------------------------------------------------------------------------------------------------------------------
[CALLER: RequestHandler.js:107:21 | MS: 1620356245902 | DATE: 5/6/2021, 9:57:25 PM]
-------------------------------------------------------------------------------------------------------------------------------------
FetchError: request to https://discordapp.com/api/v7/channels/840041596874391572 failed, reason: getaddrinfo ENOTFOUND discordapp.com
EXTRA INFO:
Promise {
  <rejected> HTTPError [FetchError]: request to https://discordapp.com/api/v7/channels/840041596874391572 failed, reason: getaddrinfo ENOTFOUND discordapp.com
      at RequestHandler.execute (C:\Users\jaces\Desktop\Corebot\node_modules\discord.js\src\rest\RequestHandler.js:107:21)
      at processTicksAndRejections (internal/process/task_queues.js:93:5) {
    code: 500,
    method: 'patch',
    path: '/channels/840041596874391572'
  }
}
-------------------------------------------------------------------------------------------------------------------------------------
[CALLER: RequestHandler.js:107:21 | MS: 1620356247094 | DATE: 5/6/2021, 9:57:27 PM]
-------------------------------------------------------------------------------------------------------------------------------------
FetchError: request to https://discordapp.com/api/v7/channels/840041596874391572 failed, reason: getaddrinfo ENOTFOUND discordapp.com
EXTRA INFO:
Promise {
  <rejected> HTTPError [FetchError]: request to https://discordapp.com/api/v7/channels/840041596874391572 failed, reason: getaddrinfo ENOTFOUND discordapp.com
      at RequestHandler.execute (C:\Users\jaces\Desktop\Corebot\node_modules\discord.js\src\rest\RequestHandler.js:107:21)
      at processTicksAndRejections (internal/process/task_queues.js:93:5) {
    code: 500,
    method: 'patch',
    path: '/channels/840041596874391572'
  }
}
-------------------------------------------------------------------------------------------------------------------------------------
[CALLER: RequestHandler.js:107:21 | MS: 1620356247096 | DATE: 5/6/2021, 9:57:27 PM]
--------------------------------------------------------------------------------------------------------------------------------------------
FetchError: request to https://discordapp.com/api/v7/guilds/832046329068650526/channels failed, reason: getaddrinfo ENOTFOUND discordapp.com
EXTRA INFO:
Promise {
  <rejected> HTTPError [FetchError]: request to https://discordapp.com/api/v7/guilds/832046329068650526/channels failed, reason: getaddrinfo ENOTFOUND discordapp.com
      at RequestHandler.execute (C:\Users\jaces\Desktop\Corebot\node_modules\discord.js\src\rest\RequestHandler.js:107:21)
      at processTicksAndRejections (internal/process/task_queues.js:93:5) {
    code: 500,
    method: 'post',
    path: '/guilds/832046329068650526/channels'
  }
}
--------------------------------------------------------------------------------------------------------------------------------------------
[CALLER: RequestHandler.js:107:21 | MS: 1620356247095 | DATE: 5/6/2021, 9:57:27 PM]
-------------------------------------------------------------------------------------------------------------------------------------
FetchError: request to https://discordapp.com/api/v7/channels/840041597390684250 failed, reason: getaddrinfo ENOTFOUND discordapp.com
EXTRA INFO:
Promise {
  <rejected> HTTPError [FetchError]: request to https://discordapp.com/api/v7/channels/840041597390684250 failed, reason: getaddrinfo ENOTFOUND discordapp.com
      at RequestHandler.execute (C:\Users\jaces\Desktop\Corebot\node_modules\discord.js\src\rest\RequestHandler.js:107:21)
      at processTicksAndRejections (internal/process/task_queues.js:93:5) {
    code: 500,
    method: 'patch',
    path: '/channels/840041597390684250'
  }
}
-------------------------------------------------------------------------------------------------------------------------------------
[CALLER: RequestHandler.js:107:21 | MS: 1620356247096 | DATE: 5/6/2021, 9:57:27 PM]
-------------------------------------------------------------------------------------------------------------------------------------
FetchError: request to https://discordapp.com/api/v7/channels/840041596803612672 failed, reason: getaddrinfo ENOTFOUND discordapp.com
EXTRA INFO:
Promise {
  <rejected> HTTPError [FetchError]: request to https://discordapp.com/api/v7/channels/840041596803612672 failed, reason: getaddrinfo ENOTFOUND discordapp.com
      at RequestHandler.execute (C:\Users\jaces\Desktop\Corebot\node_modules\discord.js\src\rest\RequestHandler.js:107:21)
      at processTicksAndRejections (internal/process/task_queues.js:93:5) {
    code: 500,
    method: 'patch',
    path: '/channels/840041596803612672'
  }
}
-------------------------------------------------------------------------------------------------------------------------------------
[CALLER: RequestHandler.js:107:21 | MS: 1620356247096 | DATE: 5/6/2021, 9:57:27 PM]
-------------------------------------------------------------------------------------------------------------------------------------
FetchError: request to https://discordapp.com/api/v7/channels/840041597273767977 failed, reason: getaddrinfo ENOTFOUND discordapp.com
EXTRA INFO:
Promise {
  <rejected> HTTPError [FetchError]: request to https://discordapp.com/api/v7/channels/840041597273767977 failed, reason: getaddrinfo ENOTFOUND discordapp.com
      at RequestHandler.execute (C:\Users\jaces\Desktop\Corebot\node_modules\discord.js\src\rest\RequestHandler.js:107:21)
      at processTicksAndRejections (internal/process/task_queues.js:93:5) {
    code: 500,
    method: 'patch',
    path: '/channels/840041597273767977'
  }
}
-------------------------------------------------------------------------------------------------------------------------------------
[CALLER: RequestHandler.js:107:21 | MS: 1620356247095 | DATE: 5/6/2021, 9:57:27 PM]
-------------------------------------------------------------------------------------------------------------------------------------
FetchError: request to https://discordapp.com/api/v7/channels/840041597918773258 failed, reason: getaddrinfo ENOTFOUND discordapp.com
EXTRA INFO:
Promise {
  <rejected> HTTPError [FetchError]: request to https://discordapp.com/api/v7/channels/840041597918773258 failed, reason: getaddrinfo ENOTFOUND discordapp.com
      at RequestHandler.execute (C:\Users\jaces\Desktop\Corebot\node_modules\discord.js\src\rest\RequestHandler.js:107:21)
      at processTicksAndRejections (internal/process/task_queues.js:93:5) {
    code: 500,
    method: 'patch',
    path: '/channels/840041597918773258'
  }
}
-------------------------------------------------------------------------------------------------------------------------------------
[CALLER: RequestHandler.js:107:21 | MS: 1620356247098 | DATE: 5/6/2021, 9:57:27 PM]
--------------------------------------------------------------------------------------------------------------------------------------------
FetchError: request to https://discordapp.com/api/v7/guilds/837104198419611649/channels failed, reason: getaddrinfo ENOTFOUND discordapp.com
EXTRA INFO:
Promise {
  <rejected> HTTPError [FetchError]: request to https://discordapp.com/api/v7/guilds/837104198419611649/channels failed, reason: getaddrinfo ENOTFOUND discordapp.com
      at RequestHandler.execute (C:\Users\jaces\Desktop\Corebot\node_modules\discord.js\src\rest\RequestHandler.js:107:21)
      at processTicksAndRejections (internal/process/task_queues.js:93:5) {
    code: 500,
    method: 'post',
    path: '/guilds/837104198419611649/channels'
  }
}
--------------------------------------------------------------------------------------------------------------------------------------------
[CALLER: RequestHandler.js:107:21 | MS: 1620356247097 | DATE: 5/6/2021, 9:57:27 PM]
-------------------------------------------------------------------------------------------------------------------------------------
FetchError: request to https://discordapp.com/api/v7/channels/840041597562781708 failed, reason: getaddrinfo ENOTFOUND discordapp.com
EXTRA INFO:
Promise {
  <rejected> HTTPError [FetchError]: request to https://discordapp.com/api/v7/channels/840041597562781708 failed, reason: getaddrinfo ENOTFOUND discordapp.com
      at RequestHandler.execute (C:\Users\jaces\Desktop\Corebot\node_modules\discord.js\src\rest\RequestHandler.js:107:21)
      at processTicksAndRejections (internal/process/task_queues.js:93:5) {
    code: 500,
    method: 'patch',
    path: '/channels/840041597562781708'
  }
}
-------------------------------------------------------------------------------------------------------------------------------------
[CALLER: RequestHandler.js:107:21 | MS: 1620356247183 | DATE: 5/6/2021, 9:57:27 PM]
-------------------------------------------------------------------------------------------------------------------------------------
FetchError: request to https://discordapp.com/api/v7/channels/840041596874391572 failed, reason: getaddrinfo ENOTFOUND discordapp.com
EXTRA INFO:
Promise {
  <rejected> HTTPError [FetchError]: request to https://discordapp.com/api/v7/channels/840041596874391572 failed, reason: getaddrinfo ENOTFOUND discordapp.com
      at RequestHandler.execute (C:\Users\jaces\Desktop\Corebot\node_modules\discord.js\src\rest\RequestHandler.js:107:21)
      at processTicksAndRejections (internal/process/task_queues.js:93:5) {
    code: 500,
    method: 'patch',
    path: '/channels/840041596874391572'
  }
}
-------------------------------------------------------------------------------------------------------------------------------------
[CALLER: RequestHandler.js:107:21 | MS: 1620356247185 | DATE: 5/6/2021, 9:57:27 PM]
--------------------------------------------------------------------------------------------------------------------------------------------
FetchError: request to https://discordapp.com/api/v7/guilds/832046329068650526/channels failed, reason: getaddrinfo ENOTFOUND discordapp.com
EXTRA INFO:
Promise {
  <rejected> HTTPError [FetchError]: request to https://discordapp.com/api/v7/guilds/832046329068650526/channels failed, reason: getaddrinfo ENOTFOUND discordapp.com
      at RequestHandler.execute (C:\Users\jaces\Desktop\Corebot\node_modules\discord.js\src\rest\RequestHandler.js:107:21)
      at processTicksAndRejections (internal/process/task_queues.js:93:5) {
    code: 500,
    method: 'post',
    path: '/guilds/832046329068650526/channels'
  }
}
--------------------------------------------------------------------------------------------------------------------------------------------
[CALLER: RequestHandler.js:107:21 | MS: 1620356247184 | DATE: 5/6/2021, 9:57:27 PM]
-------------------------------------------------------------------------------------------------------------------------------------
FetchError: request to https://discordapp.com/api/v7/channels/840041597390684250 failed, reason: getaddrinfo ENOTFOUND discordapp.com
EXTRA INFO:
Promise {
  <rejected> HTTPError [FetchError]: request to https://discordapp.com/api/v7/channels/840041597390684250 failed, reason: getaddrinfo ENOTFOUND discordapp.com
      at RequestHandler.execute (C:\Users\jaces\Desktop\Corebot\node_modules\discord.js\src\rest\RequestHandler.js:107:21)
      at processTicksAndRejections (internal/process/task_queues.js:93:5) {
    code: 500,
    method: 'patch',
    path: '/channels/840041597390684250'
  }
}
-------------------------------------------------------------------------------------------------------------------------------------
[CALLER: RequestHandler.js:107:21 | MS: 1620356247186 | DATE: 5/6/2021, 9:57:27 PM]
-------------------------------------------------------------------------------------------------------------------------------------
FetchError: request to https://discordapp.com/api/v7/channels/840041597273767977 failed, reason: getaddrinfo ENOTFOUND discordapp.com
EXTRA INFO:
Promise {
  <rejected> HTTPError [FetchError]: request to https://discordapp.com/api/v7/channels/840041597273767977 failed, reason: getaddrinfo ENOTFOUND discordapp.com
      at RequestHandler.execute (C:\Users\jaces\Desktop\Corebot\node_modules\discord.js\src\rest\RequestHandler.js:107:21)
      at processTicksAndRejections (internal/process/task_queues.js:93:5) {
    code: 500,
    method: 'patch',
    path: '/channels/840041597273767977'
  }
}
-------------------------------------------------------------------------------------------------------------------------------------
[CALLER: RequestHandler.js:107:21 | MS: 1620356247187 | DATE: 5/6/2021, 9:57:27 PM]
-------------------------------------------------------------------------------------------------------------------------------------
FetchError: request to https://discordapp.com/api/v7/channels/840041597562781708 failed, reason: getaddrinfo ENOTFOUND discordapp.com
EXTRA INFO:
Promise {
  <rejected> HTTPError [FetchError]: request to https://discordapp.com/api/v7/channels/840041597562781708 failed, reason: getaddrinfo ENOTFOUND discordapp.com
      at RequestHandler.execute (C:\Users\jaces\Desktop\Corebot\node_modules\discord.js\src\rest\RequestHandler.js:107:21)
      at processTicksAndRejections (internal/process/task_queues.js:93:5) {
    code: 500,
    method: 'patch',
    path: '/channels/840041597562781708'
  }
}
-------------------------------------------------------------------------------------------------------------------------------------
[CALLER: RequestHandler.js:107:21 | MS: 1620356247187 | DATE: 5/6/2021, 9:57:27 PM]
--------------------------------------------------------------------------------------------------------------------------------------------
FetchError: request to https://discordapp.com/api/v7/guilds/837104198419611649/channels failed, reason: getaddrinfo ENOTFOUND discordapp.com
EXTRA INFO:
Promise {
  <rejected> HTTPError [FetchError]: request to https://discordapp.com/api/v7/guilds/837104198419611649/channels failed, reason: getaddrinfo ENOTFOUND discordapp.com
      at RequestHandler.execute (C:\Users\jaces\Desktop\Corebot\node_modules\discord.js\src\rest\RequestHandler.js:107:21)
      at processTicksAndRejections (internal/process/task_queues.js:93:5) {
    code: 500,
    method: 'post',
    path: '/guilds/837104198419611649/channels'
  }
}
--------------------------------------------------------------------------------------------------------------------------------------------
[CALLER: RequestHandler.js:107:21 | MS: 1620356247186 | DATE: 5/6/2021, 9:57:27 PM]
-------------------------------------------------------------------------------------------------------------------------------------
FetchError: request to https://discordapp.com/api/v7/channels/840041596803612672 failed, reason: getaddrinfo ENOTFOUND discordapp.com
EXTRA INFO:
Promise {
  <rejected> HTTPError [FetchError]: request to https://discordapp.com/api/v7/channels/840041596803612672 failed, reason: getaddrinfo ENOTFOUND discordapp.com
      at RequestHandler.execute (C:\Users\jaces\Desktop\Corebot\node_modules\discord.js\src\rest\RequestHandler.js:107:21)
      at processTicksAndRejections (internal/process/task_queues.js:93:5) {
    code: 500,
    method: 'patch',
    path: '/channels/840041596803612672'
  }
}
-------------------------------------------------------------------------------------------------------------------------------------
[CALLER: RequestHandler.js:107:21 | MS: 1620356247185 | DATE: 5/6/2021, 9:57:27 PM]
-------------------------------------------------------------------------------------------------------------------------------------
FetchError: request to https://discordapp.com/api/v7/channels/840041597918773258 failed, reason: getaddrinfo ENOTFOUND discordapp.com
EXTRA INFO:
Promise {
  <rejected> HTTPError [FetchError]: request to https://discordapp.com/api/v7/channels/840041597918773258 failed, reason: getaddrinfo ENOTFOUND discordapp.com
      at RequestHandler.execute (C:\Users\jaces\Desktop\Corebot\node_modules\discord.js\src\rest\RequestHandler.js:107:21)
      at processTicksAndRejections (internal/process/task_queues.js:93:5) {
    code: 500,
    method: 'patch',
    path: '/channels/840041597918773258'
  }
}
-------------------------------------------------------------------------------------------------------------------------------------
[CALLER: Promise {
  <rejected> DiscordAPIError: Invalid Form Body
  name: This field is required
      at RequestHandler.execute (C:\Users\jaces\Desktop\Corebot\node_modules\discord.js\src\rest\RequestHandler.js:170:25)
      at runMicrotasks (<anonymous>)
      at processTicksAndRejections (internal/process/task_queues.js:93:5) {
    method: 'post',
    path: '/guilds/837104198419611649/channels',
    code: 50035,
    httpStatus: 400
  }
} | MS: 1620356254371 | DATE: 5/6/2021, 9:57:34 PM]
----------------------------------
DiscordAPIError: Invalid Form Body
name: This field is required
EXTRA INFO:
Unknown
----------------------------------
[CALLER: Promise {
  <rejected> DiscordAPIError: Invalid Form Body
  name: This field is required
      at RequestHandler.execute (C:\Users\jaces\Desktop\Corebot\node_modules\discord.js\src\rest\RequestHandler.js:170:25)
      at runMicrotasks (<anonymous>)
      at processTicksAndRejections (internal/process/task_queues.js:93:5) {
    method: 'post',
    path: '/guilds/832046329068650526/channels',
    code: 50035,
    httpStatus: 400
  }
} | MS: 1620356254496 | DATE: 5/6/2021, 9:57:34 PM]
----------------------------------
DiscordAPIError: Invalid Form Body
name: This field is required
EXTRA INFO:
Unknown
----------------------------------
[CALLER: RequestHandler.js:107:21 | MS: 1620356263107 | DATE: 5/6/2021, 9:57:43 PM]
-------------------------------------------------------------------------------------------------------------------------------------
FetchError: request to https://discordapp.com/api/v7/channels/840041596874391572 failed, reason: getaddrinfo ENOTFOUND discordapp.com
EXTRA INFO:
Promise {
  <rejected> HTTPError [FetchError]: request to https://discordapp.com/api/v7/channels/840041596874391572 failed, reason: getaddrinfo ENOTFOUND discordapp.com
      at RequestHandler.execute (C:\Users\jaces\Desktop\Corebot\node_modules\discord.js\src\rest\RequestHandler.js:107:21)
      at runMicrotasks (<anonymous>)
      at processTicksAndRejections (internal/process/task_queues.js:93:5) {
    code: 500,
    method: 'patch',
    path: '/channels/840041596874391572'
  }
}
-------------------------------------------------------------------------------------------------------------------------------------
[CALLER: RequestHandler.js:107:21 | MS: 1620356263108 | DATE: 5/6/2021, 9:57:43 PM]
-------------------------------------------------------------------------------------------------------------------------------------
FetchError: request to https://discordapp.com/api/v7/channels/840041597390684250 failed, reason: getaddrinfo ENOTFOUND discordapp.com
EXTRA INFO:
Promise {
  <rejected> HTTPError [FetchError]: request to https://discordapp.com/api/v7/channels/840041597390684250 failed, reason: getaddrinfo ENOTFOUND discordapp.com
      at RequestHandler.execute (C:\Users\jaces\Desktop\Corebot\node_modules\discord.js\src\rest\RequestHandler.js:107:21)
      at runMicrotasks (<anonymous>)
      at processTicksAndRejections (internal/process/task_queues.js:93:5) {
    code: 500,
    method: 'patch',
    path: '/channels/840041597390684250'
  }
}
-------------------------------------------------------------------------------------------------------------------------------------
[CALLER: RequestHandler.js:107:21 | MS: 1620356263110 | DATE: 5/6/2021, 9:57:43 PM]
-------------------------------------------------------------------------------------------------------------------------------------
FetchError: request to https://discordapp.com/api/v7/channels/840041596803612672 failed, reason: getaddrinfo ENOTFOUND discordapp.com
EXTRA INFO:
Promise {
  <rejected> HTTPError [FetchError]: request to https://discordapp.com/api/v7/channels/840041596803612672 failed, reason: getaddrinfo ENOTFOUND discordapp.com
      at RequestHandler.execute (C:\Users\jaces\Desktop\Corebot\node_modules\discord.js\src\rest\RequestHandler.js:107:21)
      at runMicrotasks (<anonymous>)
      at processTicksAndRejections (internal/process/task_queues.js:93:5) {
    code: 500,
    method: 'patch',
    path: '/channels/840041596803612672'
  }
}
-------------------------------------------------------------------------------------------------------------------------------------
[CALLER: RequestHandler.js:107:21 | MS: 1620356263109 | DATE: 5/6/2021, 9:57:43 PM]
-------------------------------------------------------------------------------------------------------------------------------------
FetchError: request to https://discordapp.com/api/v7/channels/840041597918773258 failed, reason: getaddrinfo ENOTFOUND discordapp.com
EXTRA INFO:
Promise {
  <rejected> HTTPError [FetchError]: request to https://discordapp.com/api/v7/channels/840041597918773258 failed, reason: getaddrinfo ENOTFOUND discordapp.com
      at RequestHandler.execute (C:\Users\jaces\Desktop\Corebot\node_modules\discord.js\src\rest\RequestHandler.js:107:21)
      at runMicrotasks (<anonymous>)
      at processTicksAndRejections (internal/process/task_queues.js:93:5) {
    code: 500,
    method: 'patch',
    path: '/channels/840041597918773258'
  }
}
-------------------------------------------------------------------------------------------------------------------------------------
[CALLER: RequestHandler.js:107:21 | MS: 1620356263110 | DATE: 5/6/2021, 9:57:43 PM]
-------------------------------------------------------------------------------------------------------------------------------------
FetchError: request to https://discordapp.com/api/v7/channels/840041597273767977 failed, reason: getaddrinfo ENOTFOUND discordapp.com
EXTRA INFO:
Promise {
  <rejected> HTTPError [FetchError]: request to https://discordapp.com/api/v7/channels/840041597273767977 failed, reason: getaddrinfo ENOTFOUND discordapp.com
      at RequestHandler.execute (C:\Users\jaces\Desktop\Corebot\node_modules\discord.js\src\rest\RequestHandler.js:107:21)
      at runMicrotasks (<anonymous>)
      at processTicksAndRejections (internal/process/task_queues.js:93:5) {
    code: 500,
    method: 'patch',
    path: '/channels/840041597273767977'
  }
}
-------------------------------------------------------------------------------------------------------------------------------------
[CALLER: RequestHandler.js:107:21 | MS: 1620356263109 | DATE: 5/6/2021, 9:57:43 PM]
--------------------------------------------------------------------------------------------------------------------------------------------
FetchError: request to https://discordapp.com/api/v7/guilds/832046329068650526/channels failed, reason: getaddrinfo ENOTFOUND discordapp.com
EXTRA INFO:
Promise {
  <rejected> HTTPError [FetchError]: request to https://discordapp.com/api/v7/guilds/832046329068650526/channels failed, reason: getaddrinfo ENOTFOUND discordapp.com
      at RequestHandler.execute (C:\Users\jaces\Desktop\Corebot\node_modules\discord.js\src\rest\RequestHandler.js:107:21)
      at runMicrotasks (<anonymous>)
      at processTicksAndRejections (internal/process/task_queues.js:93:5) {
    code: 500,
    method: 'post',
    path: '/guilds/832046329068650526/channels'
  }
}
--------------------------------------------------------------------------------------------------------------------------------------------
[CALLER: RequestHandler.js:107:21 | MS: 1620356263111 | DATE: 5/6/2021, 9:57:43 PM]
--------------------------------------------------------------------------------------------------------------------------------------------
FetchError: request to https://discordapp.com/api/v7/guilds/837104198419611649/channels failed, reason: getaddrinfo ENOTFOUND discordapp.com
EXTRA INFO:
Promise {
  <rejected> HTTPError [FetchError]: request to https://discordapp.com/api/v7/guilds/837104198419611649/channels failed, reason: getaddrinfo ENOTFOUND discordapp.com
      at RequestHandler.execute (C:\Users\jaces\Desktop\Corebot\node_modules\discord.js\src\rest\RequestHandler.js:107:21)
      at runMicrotasks (<anonymous>)
      at processTicksAndRejections (internal/process/task_queues.js:93:5) {
    code: 500,
    method: 'post',
    path: '/guilds/837104198419611649/channels'
  }
}
--------------------------------------------------------------------------------------------------------------------------------------------
[CALLER: RequestHandler.js:107:21 | MS: 1620356263111 | DATE: 5/6/2021, 9:57:43 PM]
-------------------------------------------------------------------------------------------------------------------------------------
FetchError: request to https://discordapp.com/api/v7/channels/840041597562781708 failed, reason: getaddrinfo ENOTFOUND discordapp.com
EXTRA INFO:
Promise {
  <rejected> HTTPError [FetchError]: request to https://discordapp.com/api/v7/channels/840041597562781708 failed, reason: getaddrinfo ENOTFOUND discordapp.com
      at RequestHandler.execute (C:\Users\jaces\Desktop\Corebot\node_modules\discord.js\src\rest\RequestHandler.js:107:21)
      at runMicrotasks (<anonymous>)
      at processTicksAndRejections (internal/process/task_queues.js:93:5) {
    code: 500,
    method: 'patch',
    path: '/channels/840041597562781708'
  }
}
-------------------------------------------------------------------------------------------------------------------------------------
[CALLER: RequestHandler.js:107:21 | MS: 1620356264020 | DATE: 5/6/2021, 9:57:44 PM]
-------------------------------------------------------------------------------------------------------------------------------------
FetchError: request to https://discordapp.com/api/v7/channels/840041596874391572 failed, reason: getaddrinfo ENOTFOUND discordapp.com
EXTRA INFO:
Promise {
  <rejected> HTTPError [FetchError]: request to https://discordapp.com/api/v7/channels/840041596874391572 failed, reason: getaddrinfo ENOTFOUND discordapp.com
      at RequestHandler.execute (C:\Users\jaces\Desktop\Corebot\node_modules\discord.js\src\rest\RequestHandler.js:107:21)
      at runMicrotasks (<anonymous>)
      at processTicksAndRejections (internal/process/task_queues.js:93:5) {
    code: 500,
    method: 'patch',
    path: '/channels/840041596874391572'
  }
}
-------------------------------------------------------------------------------------------------------------------------------------
[CALLER: RequestHandler.js:107:21 | MS: 1620356264022 | DATE: 5/6/2021, 9:57:44 PM]
-------------------------------------------------------------------------------------------------------------------------------------
FetchError: request to https://discordapp.com/api/v7/channels/840041597918773258 failed, reason: getaddrinfo ENOTFOUND discordapp.com
EXTRA INFO:
Promise {
  <rejected> HTTPError [FetchError]: request to https://discordapp.com/api/v7/channels/840041597918773258 failed, reason: getaddrinfo ENOTFOUND discordapp.com
      at RequestHandler.execute (C:\Users\jaces\Desktop\Corebot\node_modules\discord.js\src\rest\RequestHandler.js:107:21)
      at runMicrotasks (<anonymous>)
      at processTicksAndRejections (internal/process/task_queues.js:93:5) {
    code: 500,
    method: 'patch',
    path: '/channels/840041597918773258'
  }
}
-------------------------------------------------------------------------------------------------------------------------------------
[CALLER: RequestHandler.js:107:21 | MS: 1620356264023 | DATE: 5/6/2021, 9:57:44 PM]
-------------------------------------------------------------------------------------------------------------------------------------
FetchError: request to https://discordapp.com/api/v7/channels/840041596803612672 failed, reason: getaddrinfo ENOTFOUND discordapp.com
EXTRA INFO:
Promise {
  <rejected> HTTPError [FetchError]: request to https://discordapp.com/api/v7/channels/840041596803612672 failed, reason: getaddrinfo ENOTFOUND discordapp.com
      at RequestHandler.execute (C:\Users\jaces\Desktop\Corebot\node_modules\discord.js\src\rest\RequestHandler.js:107:21)
      at runMicrotasks (<anonymous>)
      at processTicksAndRejections (internal/process/task_queues.js:93:5) {
    code: 500,
    method: 'patch',
    path: '/channels/840041596803612672'
  }
}
-------------------------------------------------------------------------------------------------------------------------------------
[CALLER: RequestHandler.js:107:21 | MS: 1620356264021 | DATE: 5/6/2021, 9:57:44 PM]
-------------------------------------------------------------------------------------------------------------------------------------
FetchError: request to https://discordapp.com/api/v7/channels/840041597390684250 failed, reason: getaddrinfo ENOTFOUND discordapp.com
EXTRA INFO:
Promise {
  <rejected> HTTPError [FetchError]: request to https://discordapp.com/api/v7/channels/840041597390684250 failed, reason: getaddrinfo ENOTFOUND discordapp.com
      at RequestHandler.execute (C:\Users\jaces\Desktop\Corebot\node_modules\discord.js\src\rest\RequestHandler.js:107:21)
      at runMicrotasks (<anonymous>)
      at processTicksAndRejections (internal/process/task_queues.js:93:5) {
    code: 500,
    method: 'patch',
    path: '/channels/840041597390684250'
  }
}
-------------------------------------------------------------------------------------------------------------------------------------
[CALLER: RequestHandler.js:107:21 | MS: 1620356264023 | DATE: 5/6/2021, 9:57:44 PM]
-------------------------------------------------------------------------------------------------------------------------------------
FetchError: request to https://discordapp.com/api/v7/channels/840041597273767977 failed, reason: getaddrinfo ENOTFOUND discordapp.com
EXTRA INFO:
Promise {
  <rejected> HTTPError [FetchError]: request to https://discordapp.com/api/v7/channels/840041597273767977 failed, reason: getaddrinfo ENOTFOUND discordapp.com
      at RequestHandler.execute (C:\Users\jaces\Desktop\Corebot\node_modules\discord.js\src\rest\RequestHandler.js:107:21)
      at runMicrotasks (<anonymous>)
      at processTicksAndRejections (internal/process/task_queues.js:93:5) {
    code: 500,
    method: 'patch',
    path: '/channels/840041597273767977'
  }
}
-------------------------------------------------------------------------------------------------------------------------------------
[CALLER: RequestHandler.js:107:21 | MS: 1620356264022 | DATE: 5/6/2021, 9:57:44 PM]
--------------------------------------------------------------------------------------------------------------------------------------------
FetchError: request to https://discordapp.com/api/v7/guilds/832046329068650526/channels failed, reason: getaddrinfo ENOTFOUND discordapp.com
EXTRA INFO:
Promise {
  <rejected> HTTPError [FetchError]: request to https://discordapp.com/api/v7/guilds/832046329068650526/channels failed, reason: getaddrinfo ENOTFOUND discordapp.com
      at RequestHandler.execute (C:\Users\jaces\Desktop\Corebot\node_modules\discord.js\src\rest\RequestHandler.js:107:21)
      at runMicrotasks (<anonymous>)
      at processTicksAndRejections (internal/process/task_queues.js:93:5) {
    code: 500,
    method: 'post',
    path: '/guilds/832046329068650526/channels'
  }
}
--------------------------------------------------------------------------------------------------------------------------------------------
[CALLER: RequestHandler.js:107:21 | MS: 1620356264024 | DATE: 5/6/2021, 9:57:44 PM]
-------------------------------------------------------------------------------------------------------------------------------------
FetchError: request to https://discordapp.com/api/v7/channels/840041597562781708 failed, reason: getaddrinfo ENOTFOUND discordapp.com
EXTRA INFO:
Promise {
  <rejected> HTTPError [FetchError]: request to https://discordapp.com/api/v7/channels/840041597562781708 failed, reason: getaddrinfo ENOTFOUND discordapp.com
      at RequestHandler.execute (C:\Users\jaces\Desktop\Corebot\node_modules\discord.js\src\rest\RequestHandler.js:107:21)
      at runMicrotasks (<anonymous>)
      at processTicksAndRejections (internal/process/task_queues.js:93:5) {
    code: 500,
    method: 'patch',
    path: '/channels/840041597562781708'
  }
}
-------------------------------------------------------------------------------------------------------------------------------------
[CALLER: RequestHandler.js:107:21 | MS: 1620356264024 | DATE: 5/6/2021, 9:57:44 PM]
--------------------------------------------------------------------------------------------------------------------------------------------
FetchError: request to https://discordapp.com/api/v7/guilds/837104198419611649/channels failed, reason: getaddrinfo ENOTFOUND discordapp.com
EXTRA INFO:
Promise {
  <rejected> HTTPError [FetchError]: request to https://discordapp.com/api/v7/guilds/837104198419611649/channels failed, reason: getaddrinfo ENOTFOUND discordapp.com
      at RequestHandler.execute (C:\Users\jaces\Desktop\Corebot\node_modules\discord.js\src\rest\RequestHandler.js:107:21)
      at runMicrotasks (<anonymous>)
      at processTicksAndRejections (internal/process/task_queues.js:93:5) {
    code: 500,
    method: 'post',
    path: '/guilds/837104198419611649/channels'
  }
}
--------------------------------------------------------------------------------------------------------------------------------------------
[CALLER: RequestHandler.js:107:21 | MS: 1620356274874 | DATE: 5/6/2021, 9:57:54 PM]
-------------------------------------------------------------------------------------------------------------------------------------
FetchError: request to https://discordapp.com/api/v7/channels/840041596874391572 failed, reason: getaddrinfo ENOTFOUND discordapp.com
EXTRA INFO:
Promise {
  <rejected> HTTPError [FetchError]: request to https://discordapp.com/api/v7/channels/840041596874391572 failed, reason: getaddrinfo ENOTFOUND discordapp.com
      at RequestHandler.execute (C:\Users\jaces\Desktop\Corebot\node_modules\discord.js\src\rest\RequestHandler.js:107:21)
      at runMicrotasks (<anonymous>)
      at processTicksAndRejections (internal/process/task_queues.js:93:5) {
    code: 500,
    method: 'patch',
    path: '/channels/840041596874391572'
  }
}
-------------------------------------------------------------------------------------------------------------------------------------
[CALLER: RequestHandler.js:107:21 | MS: 1620356274875 | DATE: 5/6/2021, 9:57:54 PM]
-------------------------------------------------------------------------------------------------------------------------------------
FetchError: request to https://discordapp.com/api/v7/channels/840041597390684250 failed, reason: getaddrinfo ENOTFOUND discordapp.com
EXTRA INFO:
Promise {
  <rejected> HTTPError [FetchError]: request to https://discordapp.com/api/v7/channels/840041597390684250 failed, reason: getaddrinfo ENOTFOUND discordapp.com
      at RequestHandler.execute (C:\Users\jaces\Desktop\Corebot\node_modules\discord.js\src\rest\RequestHandler.js:107:21)
      at runMicrotasks (<anonymous>)
      at processTicksAndRejections (internal/process/task_queues.js:93:5) {
    code: 500,
    method: 'patch',
    path: '/channels/840041597390684250'
  }
}
-------------------------------------------------------------------------------------------------------------------------------------
[CALLER: RequestHandler.js:107:21 | MS: 1620356274876 | DATE: 5/6/2021, 9:57:54 PM]
-------------------------------------------------------------------------------------------------------------------------------------
FetchError: request to https://discordapp.com/api/v7/channels/840041596803612672 failed, reason: getaddrinfo ENOTFOUND discordapp.com
EXTRA INFO:
Promise {
  <rejected> HTTPError [FetchError]: request to https://discordapp.com/api/v7/channels/840041596803612672 failed, reason: getaddrinfo ENOTFOUND discordapp.com
      at RequestHandler.execute (C:\Users\jaces\Desktop\Corebot\node_modules\discord.js\src\rest\RequestHandler.js:107:21)
      at runMicrotasks (<anonymous>)
      at processTicksAndRejections (internal/process/task_queues.js:93:5) {
    code: 500,
    method: 'patch',
    path: '/channels/840041596803612672'
  }
}
-------------------------------------------------------------------------------------------------------------------------------------
[CALLER: RequestHandler.js:107:21 | MS: 1620356274875 | DATE: 5/6/2021, 9:57:54 PM]
-------------------------------------------------------------------------------------------------------------------------------------
FetchError: request to https://discordapp.com/api/v7/channels/840041597918773258 failed, reason: getaddrinfo ENOTFOUND discordapp.com
EXTRA INFO:
Promise {
  <rejected> HTTPError [FetchError]: request to https://discordapp.com/api/v7/channels/840041597918773258 failed, reason: getaddrinfo ENOTFOUND discordapp.com
      at RequestHandler.execute (C:\Users\jaces\Desktop\Corebot\node_modules\discord.js\src\rest\RequestHandler.js:107:21)
      at runMicrotasks (<anonymous>)
      at processTicksAndRejections (internal/process/task_queues.js:93:5) {
    code: 500,
    method: 'patch',
    path: '/channels/840041597918773258'
  }
}
-------------------------------------------------------------------------------------------------------------------------------------
[CALLER: RequestHandler.js:107:21 | MS: 1620356274877 | DATE: 5/6/2021, 9:57:54 PM]
-------------------------------------------------------------------------------------------------------------------------------------
FetchError: request to https://discordapp.com/api/v7/channels/840041597273767977 failed, reason: getaddrinfo ENOTFOUND discordapp.com
EXTRA INFO:
Promise {
  <rejected> HTTPError [FetchError]: request to https://discordapp.com/api/v7/channels/840041597273767977 failed, reason: getaddrinfo ENOTFOUND discordapp.com
      at RequestHandler.execute (C:\Users\jaces\Desktop\Corebot\node_modules\discord.js\src\rest\RequestHandler.js:107:21)
      at runMicrotasks (<anonymous>)
      at processTicksAndRejections (internal/process/task_queues.js:93:5) {
    code: 500,
    method: 'patch',
    path: '/channels/840041597273767977'
  }
}
-------------------------------------------------------------------------------------------------------------------------------------
[CALLER: RequestHandler.js:107:21 | MS: 1620356274877 | DATE: 5/6/2021, 9:57:54 PM]
-------------------------------------------------------------------------------------------------------------------------------------
FetchError: request to https://discordapp.com/api/v7/channels/840041597562781708 failed, reason: getaddrinfo ENOTFOUND discordapp.com
EXTRA INFO:
Promise {
  <rejected> HTTPError [FetchError]: request to https://discordapp.com/api/v7/channels/840041597562781708 failed, reason: getaddrinfo ENOTFOUND discordapp.com
      at RequestHandler.execute (C:\Users\jaces\Desktop\Corebot\node_modules\discord.js\src\rest\RequestHandler.js:107:21)
      at runMicrotasks (<anonymous>)
      at processTicksAndRejections (internal/process/task_queues.js:93:5) {
    code: 500,
    method: 'patch',
    path: '/channels/840041597562781708'
  }
}
-------------------------------------------------------------------------------------------------------------------------------------
[CALLER: RequestHandler.js:107:21 | MS: 1620356274876 | DATE: 5/6/2021, 9:57:54 PM]
--------------------------------------------------------------------------------------------------------------------------------------------
FetchError: request to https://discordapp.com/api/v7/guilds/832046329068650526/channels failed, reason: getaddrinfo ENOTFOUND discordapp.com
EXTRA INFO:
Promise {
  <rejected> HTTPError [FetchError]: request to https://discordapp.com/api/v7/guilds/832046329068650526/channels failed, reason: getaddrinfo ENOTFOUND discordapp.com
      at RequestHandler.execute (C:\Users\jaces\Desktop\Corebot\node_modules\discord.js\src\rest\RequestHandler.js:107:21)
      at runMicrotasks (<anonymous>)
      at processTicksAndRejections (internal/process/task_queues.js:93:5) {
    code: 500,
    method: 'post',
    path: '/guilds/832046329068650526/channels'
  }
}
--------------------------------------------------------------------------------------------------------------------------------------------
[CALLER: RequestHandler.js:107:21 | MS: 1620356274878 | DATE: 5/6/2021, 9:57:54 PM]
--------------------------------------------------------------------------------------------------------------------------------------------
FetchError: request to https://discordapp.com/api/v7/guilds/837104198419611649/channels failed, reason: getaddrinfo ENOTFOUND discordapp.com
EXTRA INFO:
Promise {
  <rejected> HTTPError [FetchError]: request to https://discordapp.com/api/v7/guilds/837104198419611649/channels failed, reason: getaddrinfo ENOTFOUND discordapp.com
      at RequestHandler.execute (C:\Users\jaces\Desktop\Corebot\node_modules\discord.js\src\rest\RequestHandler.js:107:21)
      at runMicrotasks (<anonymous>)
      at processTicksAndRejections (internal/process/task_queues.js:93:5) {
    code: 500,
    method: 'post',
    path: '/guilds/837104198419611649/channels'
  }
}
--------------------------------------------------------------------------------------------------------------------------------------------
[CALLER: RequestHandler.js:107:21 | MS: 1620356277094 | DATE: 5/6/2021, 9:57:57 PM]
-------------------------------------------------------------------------------------------------------------------------------------
FetchError: request to https://discordapp.com/api/v7/channels/840041596874391572 failed, reason: getaddrinfo ENOTFOUND discordapp.com
EXTRA INFO:
Promise {
  <rejected> HTTPError [FetchError]: request to https://discordapp.com/api/v7/channels/840041596874391572 failed, reason: getaddrinfo ENOTFOUND discordapp.com
      at RequestHandler.execute (C:\Users\jaces\Desktop\Corebot\node_modules\discord.js\src\rest\RequestHandler.js:107:21)
      at runMicrotasks (<anonymous>)
      at processTicksAndRejections (internal/process/task_queues.js:93:5) {
    code: 500,
    method: 'patch',
    path: '/channels/840041596874391572'
  }
}
-------------------------------------------------------------------------------------------------------------------------------------
[CALLER: RequestHandler.js:107:21 | MS: 1620356277095 | DATE: 5/6/2021, 9:57:57 PM]
-------------------------------------------------------------------------------------------------------------------------------------
FetchError: request to https://discordapp.com/api/v7/channels/840041597390684250 failed, reason: getaddrinfo ENOTFOUND discordapp.com
EXTRA INFO:
Promise {
  <rejected> HTTPError [FetchError]: request to https://discordapp.com/api/v7/channels/840041597390684250 failed, reason: getaddrinfo ENOTFOUND discordapp.com
      at RequestHandler.execute (C:\Users\jaces\Desktop\Corebot\node_modules\discord.js\src\rest\RequestHandler.js:107:21)
      at runMicrotasks (<anonymous>)
      at processTicksAndRejections (internal/process/task_queues.js:93:5) {
    code: 500,
    method: 'patch',
    path: '/channels/840041597390684250'
  }
}
-------------------------------------------------------------------------------------------------------------------------------------
[CALLER: RequestHandler.js:107:21 | MS: 1620356277096 | DATE: 5/6/2021, 9:57:57 PM]
-------------------------------------------------------------------------------------------------------------------------------------
FetchError: request to https://discordapp.com/api/v7/channels/840041596803612672 failed, reason: getaddrinfo ENOTFOUND discordapp.com
EXTRA INFO:
Promise {
  <rejected> HTTPError [FetchError]: request to https://discordapp.com/api/v7/channels/840041596803612672 failed, reason: getaddrinfo ENOTFOUND discordapp.com
      at RequestHandler.execute (C:\Users\jaces\Desktop\Corebot\node_modules\discord.js\src\rest\RequestHandler.js:107:21)
      at runMicrotasks (<anonymous>)
      at processTicksAndRejections (internal/process/task_queues.js:93:5) {
    code: 500,
    method: 'patch',
    path: '/channels/840041596803612672'
  }
}
-------------------------------------------------------------------------------------------------------------------------------------
[CALLER: RequestHandler.js:107:21 | MS: 1620356277095 | DATE: 5/6/2021, 9:57:57 PM]
-------------------------------------------------------------------------------------------------------------------------------------
FetchError: request to https://discordapp.com/api/v7/channels/840041597918773258 failed, reason: getaddrinfo ENOTFOUND discordapp.com
EXTRA INFO:
Promise {
  <rejected> HTTPError [FetchError]: request to https://discordapp.com/api/v7/channels/840041597918773258 failed, reason: getaddrinfo ENOTFOUND discordapp.com
      at RequestHandler.execute (C:\Users\jaces\Desktop\Corebot\node_modules\discord.js\src\rest\RequestHandler.js:107:21)
      at runMicrotasks (<anonymous>)
      at processTicksAndRejections (internal/process/task_queues.js:93:5) {
    code: 500,
    method: 'patch',
    path: '/channels/840041597918773258'
  }
}
-------------------------------------------------------------------------------------------------------------------------------------
[CALLER: RequestHandler.js:107:21 | MS: 1620356277097 | DATE: 5/6/2021, 9:57:57 PM]
-------------------------------------------------------------------------------------------------------------------------------------
FetchError: request to https://discordapp.com/api/v7/channels/840041597273767977 failed, reason: getaddrinfo ENOTFOUND discordapp.com
EXTRA INFO:
Promise {
  <rejected> HTTPError [FetchError]: request to https://discordapp.com/api/v7/channels/840041597273767977 failed, reason: getaddrinfo ENOTFOUND discordapp.com
      at RequestHandler.execute (C:\Users\jaces\Desktop\Corebot\node_modules\discord.js\src\rest\RequestHandler.js:107:21)
      at runMicrotasks (<anonymous>)
      at processTicksAndRejections (internal/process/task_queues.js:93:5) {
    code: 500,
    method: 'patch',
    path: '/channels/840041597273767977'
  }
}
-------------------------------------------------------------------------------------------------------------------------------------
[CALLER: RequestHandler.js:107:21 | MS: 1620356277096 | DATE: 5/6/2021, 9:57:57 PM]
--------------------------------------------------------------------------------------------------------------------------------------------
FetchError: request to https://discordapp.com/api/v7/guilds/832046329068650526/channels failed, reason: getaddrinfo ENOTFOUND discordapp.com
EXTRA INFO:
Promise {
  <rejected> HTTPError [FetchError]: request to https://discordapp.com/api/v7/guilds/832046329068650526/channels failed, reason: getaddrinfo ENOTFOUND discordapp.com
      at RequestHandler.execute (C:\Users\jaces\Desktop\Corebot\node_modules\discord.js\src\rest\RequestHandler.js:107:21)
      at runMicrotasks (<anonymous>)
      at processTicksAndRejections (internal/process/task_queues.js:93:5) {
    code: 500,
    method: 'post',
    path: '/guilds/832046329068650526/channels'
  }
}
--------------------------------------------------------------------------------------------------------------------------------------------
[CALLER: RequestHandler.js:107:21 | MS: 1620356277097 | DATE: 5/6/2021, 9:57:57 PM]
-------------------------------------------------------------------------------------------------------------------------------------
FetchError: request to https://discordapp.com/api/v7/channels/840041597562781708 failed, reason: getaddrinfo ENOTFOUND discordapp.com
EXTRA INFO:
Promise {
  <rejected> HTTPError [FetchError]: request to https://discordapp.com/api/v7/channels/840041597562781708 failed, reason: getaddrinfo ENOTFOUND discordapp.com
      at RequestHandler.execute (C:\Users\jaces\Desktop\Corebot\node_modules\discord.js\src\rest\RequestHandler.js:107:21)
      at runMicrotasks (<anonymous>)
      at processTicksAndRejections (internal/process/task_queues.js:93:5) {
    code: 500,
    method: 'patch',
    path: '/channels/840041597562781708'
  }
}
-------------------------------------------------------------------------------------------------------------------------------------
[CALLER: RequestHandler.js:107:21 | MS: 1620356277098 | DATE: 5/6/2021, 9:57:57 PM]
--------------------------------------------------------------------------------------------------------------------------------------------
FetchError: request to https://discordapp.com/api/v7/guilds/837104198419611649/channels failed, reason: getaddrinfo ENOTFOUND discordapp.com
EXTRA INFO:
Promise {
  <rejected> HTTPError [FetchError]: request to https://discordapp.com/api/v7/guilds/837104198419611649/channels failed, reason: getaddrinfo ENOTFOUND discordapp.com
      at RequestHandler.execute (C:\Users\jaces\Desktop\Corebot\node_modules\discord.js\src\rest\RequestHandler.js:107:21)
      at runMicrotasks (<anonymous>)
      at processTicksAndRejections (internal/process/task_queues.js:93:5) {
    code: 500,
    method: 'post',
    path: '/guilds/837104198419611649/channels'
  }
}
--------------------------------------------------------------------------------------------------------------------------------------------
[CALLER: RequestHandler.js:107:21 | MS: 1620356277181 | DATE: 5/6/2021, 9:57:57 PM]
-------------------------------------------------------------------------------------------------------------------------------------
FetchError: request to https://discordapp.com/api/v7/channels/840041596874391572 failed, reason: getaddrinfo ENOTFOUND discordapp.com
EXTRA INFO:
Promise {
  <rejected> HTTPError [FetchError]: request to https://discordapp.com/api/v7/channels/840041596874391572 failed, reason: getaddrinfo ENOTFOUND discordapp.com
      at RequestHandler.execute (C:\Users\jaces\Desktop\Corebot\node_modules\discord.js\src\rest\RequestHandler.js:107:21)
      at runMicrotasks (<anonymous>)
      at processTicksAndRejections (internal/process/task_queues.js:93:5) {
    code: 500,
    method: 'patch',
    path: '/channels/840041596874391572'
  }
}
-------------------------------------------------------------------------------------------------------------------------------------
[CALLER: RequestHandler.js:107:21 | MS: 1620356277183 | DATE: 5/6/2021, 9:57:57 PM]
--------------------------------------------------------------------------------------------------------------------------------------------
FetchError: request to https://discordapp.com/api/v7/guilds/832046329068650526/channels failed, reason: getaddrinfo ENOTFOUND discordapp.com
EXTRA INFO:
Promise {
  <rejected> HTTPError [FetchError]: request to https://discordapp.com/api/v7/guilds/832046329068650526/channels failed, reason: getaddrinfo ENOTFOUND discordapp.com
      at RequestHandler.execute (C:\Users\jaces\Desktop\Corebot\node_modules\discord.js\src\rest\RequestHandler.js:107:21)
      at runMicrotasks (<anonymous>)
      at processTicksAndRejections (internal/process/task_queues.js:93:5) {
    code: 500,
    method: 'post',
    path: '/guilds/832046329068650526/channels'
  }
}
--------------------------------------------------------------------------------------------------------------------------------------------
[CALLER: RequestHandler.js:107:21 | MS: 1620356277182 | DATE: 5/6/2021, 9:57:57 PM]
-------------------------------------------------------------------------------------------------------------------------------------
FetchError: request to https://discordapp.com/api/v7/channels/840041597390684250 failed, reason: getaddrinfo ENOTFOUND discordapp.com
EXTRA INFO:
Promise {
  <rejected> HTTPError [FetchError]: request to https://discordapp.com/api/v7/channels/840041597390684250 failed, reason: getaddrinfo ENOTFOUND discordapp.com
      at RequestHandler.execute (C:\Users\jaces\Desktop\Corebot\node_modules\discord.js\src\rest\RequestHandler.js:107:21)
      at runMicrotasks (<anonymous>)
      at processTicksAndRejections (internal/process/task_queues.js:93:5) {
    code: 500,
    method: 'patch',
    path: '/channels/840041597390684250'
  }
}
-------------------------------------------------------------------------------------------------------------------------------------
[CALLER: RequestHandler.js:107:21 | MS: 1620356277183 | DATE: 5/6/2021, 9:57:57 PM]
-------------------------------------------------------------------------------------------------------------------------------------
FetchError: request to https://discordapp.com/api/v7/channels/840041596803612672 failed, reason: getaddrinfo ENOTFOUND discordapp.com
EXTRA INFO:
Promise {
  <rejected> HTTPError [FetchError]: request to https://discordapp.com/api/v7/channels/840041596803612672 failed, reason: getaddrinfo ENOTFOUND discordapp.com
      at RequestHandler.execute (C:\Users\jaces\Desktop\Corebot\node_modules\discord.js\src\rest\RequestHandler.js:107:21)
      at runMicrotasks (<anonymous>)
      at processTicksAndRejections (internal/process/task_queues.js:93:5) {
    code: 500,
    method: 'patch',
    path: '/channels/840041596803612672'
  }
}
-------------------------------------------------------------------------------------------------------------------------------------
[CALLER: RequestHandler.js:107:21 | MS: 1620356277182 | DATE: 5/6/2021, 9:57:57 PM]
-------------------------------------------------------------------------------------------------------------------------------------
FetchError: request to https://discordapp.com/api/v7/channels/840041597918773258 failed, reason: getaddrinfo ENOTFOUND discordapp.com
EXTRA INFO:
Promise {
  <rejected> HTTPError [FetchError]: request to https://discordapp.com/api/v7/channels/840041597918773258 failed, reason: getaddrinfo ENOTFOUND discordapp.com
      at RequestHandler.execute (C:\Users\jaces\Desktop\Corebot\node_modules\discord.js\src\rest\RequestHandler.js:107:21)
      at runMicrotasks (<anonymous>)
      at processTicksAndRejections (internal/process/task_queues.js:93:5) {
    code: 500,
    method: 'patch',
    path: '/channels/840041597918773258'
  }
}
-------------------------------------------------------------------------------------------------------------------------------------
[CALLER: RequestHandler.js:107:21 | MS: 1620356277185 | DATE: 5/6/2021, 9:57:57 PM]
--------------------------------------------------------------------------------------------------------------------------------------------
FetchError: request to https://discordapp.com/api/v7/guilds/837104198419611649/channels failed, reason: getaddrinfo ENOTFOUND discordapp.com
EXTRA INFO:
Promise {
  <rejected> HTTPError [FetchError]: request to https://discordapp.com/api/v7/guilds/837104198419611649/channels failed, reason: getaddrinfo ENOTFOUND discordapp.com
      at RequestHandler.execute (C:\Users\jaces\Desktop\Corebot\node_modules\discord.js\src\rest\RequestHandler.js:107:21)
      at runMicrotasks (<anonymous>)
      at processTicksAndRejections (internal/process/task_queues.js:93:5) {
    code: 500,
    method: 'post',
    path: '/guilds/837104198419611649/channels'
  }
}
--------------------------------------------------------------------------------------------------------------------------------------------
[CALLER: RequestHandler.js:107:21 | MS: 1620356277184 | DATE: 5/6/2021, 9:57:57 PM]
-------------------------------------------------------------------------------------------------------------------------------------
FetchError: request to https://discordapp.com/api/v7/channels/840041597562781708 failed, reason: getaddrinfo ENOTFOUND discordapp.com
EXTRA INFO:
Promise {
  <rejected> HTTPError [FetchError]: request to https://discordapp.com/api/v7/channels/840041597562781708 failed, reason: getaddrinfo ENOTFOUND discordapp.com
      at RequestHandler.execute (C:\Users\jaces\Desktop\Corebot\node_modules\discord.js\src\rest\RequestHandler.js:107:21)
      at runMicrotasks (<anonymous>)
      at processTicksAndRejections (internal/process/task_queues.js:93:5) {
    code: 500,
    method: 'patch',
    path: '/channels/840041597562781708'
  }
}
-------------------------------------------------------------------------------------------------------------------------------------
[CALLER: RequestHandler.js:107:21 | MS: 1620356277184 | DATE: 5/6/2021, 9:57:57 PM]
-------------------------------------------------------------------------------------------------------------------------------------
FetchError: request to https://discordapp.com/api/v7/channels/840041597273767977 failed, reason: getaddrinfo ENOTFOUND discordapp.com
EXTRA INFO:
Promise {
  <rejected> HTTPError [FetchError]: request to https://discordapp.com/api/v7/channels/840041597273767977 failed, reason: getaddrinfo ENOTFOUND discordapp.com
      at RequestHandler.execute (C:\Users\jaces\Desktop\Corebot\node_modules\discord.js\src\rest\RequestHandler.js:107:21)
      at runMicrotasks (<anonymous>)
      at processTicksAndRejections (internal/process/task_queues.js:93:5) {
    code: 500,
    method: 'patch',
    path: '/channels/840041597273767977'
  }
}
-------------------------------------------------------------------------------------------------------------------------------------
[CALLER: RequestHandler.js:107:21 | MS: 1620356284099 | DATE: 5/6/2021, 9:58:04 PM]
-------------------------------------------------------------------------------------------------------------------------------------
FetchError: request to https://discordapp.com/api/v7/channels/840041597390684250 failed, reason: getaddrinfo ENOTFOUND discordapp.com
EXTRA INFO:
Promise {
  <rejected> HTTPError [FetchError]: request to https://discordapp.com/api/v7/channels/840041597390684250 failed, reason: getaddrinfo ENOTFOUND discordapp.com
      at RequestHandler.execute (C:\Users\jaces\Desktop\Corebot\node_modules\discord.js\src\rest\RequestHandler.js:107:21)
      at runMicrotasks (<anonymous>)
      at processTicksAndRejections (internal/process/task_queues.js:93:5) {
    code: 500,
    method: 'patch',
    path: '/channels/840041597390684250'
  }
}
-------------------------------------------------------------------------------------------------------------------------------------
[CALLER: RequestHandler.js:107:21 | MS: 1620356284098 | DATE: 5/6/2021, 9:58:04 PM]
-------------------------------------------------------------------------------------------------------------------------------------
FetchError: request to https://discordapp.com/api/v7/channels/840041596874391572 failed, reason: getaddrinfo ENOTFOUND discordapp.com
EXTRA INFO:
Promise {
  <rejected> HTTPError [FetchError]: request to https://discordapp.com/api/v7/channels/840041596874391572 failed, reason: getaddrinfo ENOTFOUND discordapp.com
      at RequestHandler.execute (C:\Users\jaces\Desktop\Corebot\node_modules\discord.js\src\rest\RequestHandler.js:107:21)
      at runMicrotasks (<anonymous>)
      at processTicksAndRejections (internal/process/task_queues.js:93:5) {
    code: 500,
    method: 'patch',
    path: '/channels/840041596874391572'
  }
}
-------------------------------------------------------------------------------------------------------------------------------------
[CALLER: RequestHandler.js:107:21 | MS: 1620356284100 | DATE: 5/6/2021, 9:58:04 PM]
-------------------------------------------------------------------------------------------------------------------------------------
FetchError: request to https://discordapp.com/api/v7/channels/840041597918773258 failed, reason: getaddrinfo ENOTFOUND discordapp.com
EXTRA INFO:
Promise {
  <rejected> HTTPError [FetchError]: request to https://discordapp.com/api/v7/channels/840041597918773258 failed, reason: getaddrinfo ENOTFOUND discordapp.com
      at RequestHandler.execute (C:\Users\jaces\Desktop\Corebot\node_modules\discord.js\src\rest\RequestHandler.js:107:21)
      at runMicrotasks (<anonymous>)
      at processTicksAndRejections (internal/process/task_queues.js:93:5) {
    code: 500,
    method: 'patch',
    path: '/channels/840041597918773258'
  }
}
-------------------------------------------------------------------------------------------------------------------------------------
[CALLER: RequestHandler.js:107:21 | MS: 1620356284101 | DATE: 5/6/2021, 9:58:04 PM]
-------------------------------------------------------------------------------------------------------------------------------------
FetchError: request to https://discordapp.com/api/v7/channels/840041597273767977 failed, reason: getaddrinfo ENOTFOUND discordapp.com
EXTRA INFO:
Promise {
  <rejected> HTTPError [FetchError]: request to https://discordapp.com/api/v7/channels/840041597273767977 failed, reason: getaddrinfo ENOTFOUND discordapp.com
      at RequestHandler.execute (C:\Users\jaces\Desktop\Corebot\node_modules\discord.js\src\rest\RequestHandler.js:107:21)
      at runMicrotasks (<anonymous>)
      at processTicksAndRejections (internal/process/task_queues.js:93:5) {
    code: 500,
    method: 'patch',
    path: '/channels/840041597273767977'
  }
}
-------------------------------------------------------------------------------------------------------------------------------------
[CALLER: RequestHandler.js:107:21 | MS: 1620356284100 | DATE: 5/6/2021, 9:58:04 PM]
-------------------------------------------------------------------------------------------------------------------------------------
FetchError: request to https://discordapp.com/api/v7/channels/840041596803612672 failed, reason: getaddrinfo ENOTFOUND discordapp.com
EXTRA INFO:
Promise {
  <rejected> HTTPError [FetchError]: request to https://discordapp.com/api/v7/channels/840041596803612672 failed, reason: getaddrinfo ENOTFOUND discordapp.com
      at RequestHandler.execute (C:\Users\jaces\Desktop\Corebot\node_modules\discord.js\src\rest\RequestHandler.js:107:21)
      at runMicrotasks (<anonymous>)
      at processTicksAndRejections (internal/process/task_queues.js:93:5) {
    code: 500,
    method: 'patch',
    path: '/channels/840041596803612672'
  }
}
-------------------------------------------------------------------------------------------------------------------------------------
[CALLER: RequestHandler.js:107:21 | MS: 1620356284100 | DATE: 5/6/2021, 9:58:04 PM]
--------------------------------------------------------------------------------------------------------------------------------------------
FetchError: request to https://discordapp.com/api/v7/guilds/832046329068650526/channels failed, reason: getaddrinfo ENOTFOUND discordapp.com
EXTRA INFO:
Promise {
  <rejected> HTTPError [FetchError]: request to https://discordapp.com/api/v7/guilds/832046329068650526/channels failed, reason: getaddrinfo ENOTFOUND discordapp.com
      at RequestHandler.execute (C:\Users\jaces\Desktop\Corebot\node_modules\discord.js\src\rest\RequestHandler.js:107:21)
      at runMicrotasks (<anonymous>)
      at processTicksAndRejections (internal/process/task_queues.js:93:5) {
    code: 500,
    method: 'post',
    path: '/guilds/832046329068650526/channels'
  }
}
--------------------------------------------------------------------------------------------------------------------------------------------
[CALLER: RequestHandler.js:107:21 | MS: 1620356284101 | DATE: 5/6/2021, 9:58:04 PM]
-------------------------------------------------------------------------------------------------------------------------------------
FetchError: request to https://discordapp.com/api/v7/channels/840041597562781708 failed, reason: getaddrinfo ENOTFOUND discordapp.com
EXTRA INFO:
Promise {
  <rejected> HTTPError [FetchError]: request to https://discordapp.com/api/v7/channels/840041597562781708 failed, reason: getaddrinfo ENOTFOUND discordapp.com
      at RequestHandler.execute (C:\Users\jaces\Desktop\Corebot\node_modules\discord.js\src\rest\RequestHandler.js:107:21)
      at runMicrotasks (<anonymous>)
      at processTicksAndRejections (internal/process/task_queues.js:93:5) {
    code: 500,
    method: 'patch',
    path: '/channels/840041597562781708'
  }
}
-------------------------------------------------------------------------------------------------------------------------------------
[CALLER: RequestHandler.js:107:21 | MS: 1620356284102 | DATE: 5/6/2021, 9:58:04 PM]
--------------------------------------------------------------------------------------------------------------------------------------------
FetchError: request to https://discordapp.com/api/v7/guilds/837104198419611649/channels failed, reason: getaddrinfo ENOTFOUND discordapp.com
EXTRA INFO:
Promise {
  <rejected> HTTPError [FetchError]: request to https://discordapp.com/api/v7/guilds/837104198419611649/channels failed, reason: getaddrinfo ENOTFOUND discordapp.com
      at RequestHandler.execute (C:\Users\jaces\Desktop\Corebot\node_modules\discord.js\src\rest\RequestHandler.js:107:21)
      at runMicrotasks (<anonymous>)
      at processTicksAndRejections (internal/process/task_queues.js:93:5) {
    code: 500,
    method: 'post',
    path: '/guilds/837104198419611649/channels'
  }
}
--------------------------------------------------------------------------------------------------------------------------------------------
[CALLER: Promise {
  <rejected> DiscordAPIError: Invalid Form Body
  name: This field is required
      at RequestHandler.execute (C:\Users\jaces\Desktop\Corebot\node_modules\discord.js\src\rest\RequestHandler.js:170:25)
      at runMicrotasks (<anonymous>)
      at processTicksAndRejections (internal/process/task_queues.js:93:5) {
    method: 'post',
    path: '/guilds/837104198419611649/channels',
    code: 50035,
    httpStatus: 400
  }
} | MS: 1620356307122 | DATE: 5/6/2021, 9:58:27 PM]
----------------------------------
DiscordAPIError: Invalid Form Body
name: This field is required
EXTRA INFO:
Unknown
----------------------------------
[CALLER: Promise {
  <rejected> DiscordAPIError: Invalid Form Body
  name: This field is required
      at RequestHandler.execute (C:\Users\jaces\Desktop\Corebot\node_modules\discord.js\src\rest\RequestHandler.js:170:25)
      at runMicrotasks (<anonymous>)
      at processTicksAndRejections (internal/process/task_queues.js:93:5) {
    method: 'post',
    path: '/guilds/832046329068650526/channels',
    code: 50035,
    httpStatus: 400
  }
} | MS: 1620356307124 | DATE: 5/6/2021, 9:58:27 PM]
----------------------------------
DiscordAPIError: Invalid Form Body
name: This field is required
EXTRA INFO:
Unknown
----------------------------------
[CALLER: Promise {
  <rejected> DiscordAPIError: Invalid Form Body
  name: This field is required
      at RequestHandler.execute (C:\Users\jaces\Desktop\Corebot\node_modules\discord.js\src\rest\RequestHandler.js:170:25)
      at runMicrotasks (<anonymous>)
      at processTicksAndRejections (internal/process/task_queues.js:93:5) {
    method: 'post',
    path: '/guilds/837104198419611649/channels',
    code: 50035,
    httpStatus: 400
  }
} | MS: 1620356307326 | DATE: 5/6/2021, 9:58:27 PM]
----------------------------------
DiscordAPIError: Invalid Form Body
name: This field is required
EXTRA INFO:
Unknown
----------------------------------
[CALLER: Promise {
  <rejected> DiscordAPIError: Invalid Form Body
  name: This field is required
      at RequestHandler.execute (C:\Users\jaces\Desktop\Corebot\node_modules\discord.js\src\rest\RequestHandler.js:170:25)
      at runMicrotasks (<anonymous>)
      at processTicksAndRejections (internal/process/task_queues.js:93:5) {
    method: 'post',
    path: '/guilds/832046329068650526/channels',
    code: 50035,
    httpStatus: 400
  }
} | MS: 1620356307327 | DATE: 5/6/2021, 9:58:27 PM]
----------------------------------
DiscordAPIError: Invalid Form Body
name: This field is required
EXTRA INFO:
Unknown
----------------------------------
[CALLER: Promise {
  <rejected> DiscordAPIError: Invalid Form Body
  name: This field is required
      at RequestHandler.execute (C:\Users\jaces\Desktop\Corebot\node_modules\discord.js\src\rest\RequestHandler.js:170:25)
      at runMicrotasks (<anonymous>)
      at processTicksAndRejections (internal/process/task_queues.js:93:5) {
    method: 'post',
    path: '/guilds/837104198419611649/channels',
    code: 50035,
    httpStatus: 400
  }
} | MS: 1620356314181 | DATE: 5/6/2021, 9:58:34 PM]
----------------------------------
DiscordAPIError: Invalid Form Body
name: This field is required
EXTRA INFO:
Unknown
----------------------------------
[CALLER: Promise {
  <rejected> DiscordAPIError: Invalid Form Body
  name: This field is required
      at RequestHandler.execute (C:\Users\jaces\Desktop\Corebot\node_modules\discord.js\src\rest\RequestHandler.js:170:25)
      at runMicrotasks (<anonymous>)
      at processTicksAndRejections (internal/process/task_queues.js:93:5) {
    method: 'post',
    path: '/guilds/832046329068650526/channels',
    code: 50035,
    httpStatus: 400
  }
} | MS: 1620356314214 | DATE: 5/6/2021, 9:58:34 PM]
----------------------------------
DiscordAPIError: Invalid Form Body
name: This field is required
EXTRA INFO:
Unknown
----------------------------------
[CALLER: Promise {
  <rejected> DiscordAPIError: Invalid Form Body
  name: This field is required
      at RequestHandler.execute (C:\Users\jaces\Desktop\Corebot\node_modules\discord.js\src\rest\RequestHandler.js:170:25)
      at runMicrotasks (<anonymous>)
      at processTicksAndRejections (internal/process/task_queues.js:93:5) {
    method: 'post',
    path: '/guilds/832046329068650526/channels',
    code: 50035,
    httpStatus: 400
  }
} | MS: 1620356323218 | DATE: 5/6/2021, 9:58:43 PM]
----------------------------------
DiscordAPIError: Invalid Form Body
name: This field is required
EXTRA INFO:
Unknown
----------------------------------
[CALLER: Promise {
  <rejected> DiscordAPIError: Invalid Form Body
  name: This field is required
      at RequestHandler.execute (C:\Users\jaces\Desktop\Corebot\node_modules\discord.js\src\rest\RequestHandler.js:170:25)
      at runMicrotasks (<anonymous>)
      at processTicksAndRejections (internal/process/task_queues.js:93:5) {
    method: 'post',
    path: '/guilds/837104198419611649/channels',
    code: 50035,
    httpStatus: 400
  }
} | MS: 1620356323224 | DATE: 5/6/2021, 9:58:43 PM]
----------------------------------
DiscordAPIError: Invalid Form Body
name: This field is required
EXTRA INFO:
Unknown
----------------------------------
[CALLER: Promise {
  <rejected> DiscordAPIError: Invalid Form Body
  name: This field is required
      at RequestHandler.execute (C:\Users\jaces\Desktop\Corebot\node_modules\discord.js\src\rest\RequestHandler.js:170:25)
      at runMicrotasks (<anonymous>)
      at processTicksAndRejections (internal/process/task_queues.js:93:5) {
    method: 'post',
    path: '/guilds/832046329068650526/channels',
    code: 50035,
    httpStatus: 400
  }
} | MS: 1620356324114 | DATE: 5/6/2021, 9:58:44 PM]
----------------------------------
DiscordAPIError: Invalid Form Body
name: This field is required
EXTRA INFO:
Unknown
----------------------------------
[CALLER: Promise {
  <rejected> DiscordAPIError: Invalid Form Body
  name: This field is required
      at RequestHandler.execute (C:\Users\jaces\Desktop\Corebot\node_modules\discord.js\src\rest\RequestHandler.js:170:25)
      at runMicrotasks (<anonymous>)
      at processTicksAndRejections (internal/process/task_queues.js:93:5) {
    method: 'post',
    path: '/guilds/837104198419611649/channels',
    code: 50035,
    httpStatus: 400
  }
} | MS: 1620356324144 | DATE: 5/6/2021, 9:58:44 PM]
----------------------------------
DiscordAPIError: Invalid Form Body
name: This field is required
EXTRA INFO:
Unknown
----------------------------------
[CALLER: Promise {
  <rejected> DiscordAPIError: Invalid Form Body
  name: This field is required
      at RequestHandler.execute (C:\Users\jaces\Desktop\Corebot\node_modules\discord.js\src\rest\RequestHandler.js:170:25)
      at runMicrotasks (<anonymous>)
      at processTicksAndRejections (internal/process/task_queues.js:93:5) {
    method: 'post',
    path: '/guilds/837104198419611649/channels',
    code: 50035,
    httpStatus: 400
  }
} | MS: 1620356335027 | DATE: 5/6/2021, 9:58:55 PM]
----------------------------------
DiscordAPIError: Invalid Form Body
name: This field is required
EXTRA INFO:
Unknown
----------------------------------
[CALLER: Promise {
  <rejected> DiscordAPIError: Invalid Form Body
  name: This field is required
      at RequestHandler.execute (C:\Users\jaces\Desktop\Corebot\node_modules\discord.js\src\rest\RequestHandler.js:170:25)
      at runMicrotasks (<anonymous>)
      at processTicksAndRejections (internal/process/task_queues.js:93:5) {
    method: 'post',
    path: '/guilds/832046329068650526/channels',
    code: 50035,
    httpStatus: 400
  }
} | MS: 1620356335079 | DATE: 5/6/2021, 9:58:55 PM]
----------------------------------
DiscordAPIError: Invalid Form Body
name: This field is required
EXTRA INFO:
Unknown
----------------------------------
[CALLER: Promise {
  <rejected> DiscordAPIError: Invalid Form Body
  name: This field is required
      at RequestHandler.execute (C:\Users\jaces\Desktop\Corebot\node_modules\discord.js\src\rest\RequestHandler.js:170:25)
      at runMicrotasks (<anonymous>)
      at processTicksAndRejections (internal/process/task_queues.js:93:5) {
    method: 'post',
    path: '/guilds/837104198419611649/channels',
    code: 50035,
    httpStatus: 400
  }
} | MS: 1620356337222 | DATE: 5/6/2021, 9:58:57 PM]
----------------------------------
DiscordAPIError: Invalid Form Body
name: This field is required
EXTRA INFO:
Unknown
----------------------------------
[CALLER: Promise {
  <rejected> DiscordAPIError: Invalid Form Body
  name: This field is required
      at RequestHandler.execute (C:\Users\jaces\Desktop\Corebot\node_modules\discord.js\src\rest\RequestHandler.js:170:25)
      at runMicrotasks (<anonymous>)
      at processTicksAndRejections (internal/process/task_queues.js:93:5) {
    method: 'post',
    path: '/guilds/832046329068650526/channels',
    code: 50035,
    httpStatus: 400
  }
} | MS: 1620356337571 | DATE: 5/6/2021, 9:58:57 PM]
----------------------------------
DiscordAPIError: Invalid Form Body
name: This field is required
EXTRA INFO:
Unknown
----------------------------------
[CALLER: Promise {
  <rejected> DiscordAPIError: Invalid Form Body
  name: This field is required
      at RequestHandler.execute (C:\Users\jaces\Desktop\Corebot\node_modules\discord.js\src\rest\RequestHandler.js:170:25)
      at runMicrotasks (<anonymous>)
      at processTicksAndRejections (internal/process/task_queues.js:93:5) {
    method: 'post',
    path: '/guilds/837104198419611649/channels',
    code: 50035,
    httpStatus: 400
  }
} | MS: 1620356344197 | DATE: 5/6/2021, 9:59:04 PM]
----------------------------------
DiscordAPIError: Invalid Form Body
name: This field is required
EXTRA INFO:
Unknown
----------------------------------
[CALLER: Promise {
  <rejected> DiscordAPIError: Invalid Form Body
  name: This field is required
      at RequestHandler.execute (C:\Users\jaces\Desktop\Corebot\node_modules\discord.js\src\rest\RequestHandler.js:170:25)
      at runMicrotasks (<anonymous>)
      at processTicksAndRejections (internal/process/task_queues.js:93:5) {
    method: 'post',
    path: '/guilds/832046329068650526/channels',
    code: 50035,
    httpStatus: 400
  }
} | MS: 1620356344210 | DATE: 5/6/2021, 9:59:04 PM]
----------------------------------
DiscordAPIError: Invalid Form Body
name: This field is required
EXTRA INFO:
Unknown
----------------------------------
[CALLER: RequestHandler.js:107:21 | MS: 1620356354836 | DATE: 5/6/2021, 9:59:14 PM]
----------------------------------------------------------------------------------------------------------------
FetchError: request to https://discordapp.com/api/v7/channels/840041596874391572 failed, reason: read ECONNRESET
EXTRA INFO:
Promise {
  <rejected> HTTPError [FetchError]: request to https://discordapp.com/api/v7/channels/840041596874391572 failed, reason: read ECONNRESET
      at RequestHandler.execute (C:\Users\jaces\Desktop\Corebot\node_modules\discord.js\src\rest\RequestHandler.js:107:21)
      at runMicrotasks (<anonymous>)
      at processTicksAndRejections (internal/process/task_queues.js:93:5) {
    code: 500,
    method: 'patch',
    path: '/channels/840041596874391572'
  }
}
----------------------------------------------------------------------------------------------------------------
[CALLER: RequestHandler.js:107:21 | MS: 1620356354994 | DATE: 5/6/2021, 9:59:14 PM]
----------------------------------------------------------------------------------------------------------------
FetchError: request to https://discordapp.com/api/v7/channels/840041597390684250 failed, reason: read ECONNRESET
EXTRA INFO:
Promise {
  <rejected> HTTPError [FetchError]: request to https://discordapp.com/api/v7/channels/840041597390684250 failed, reason: read ECONNRESET
      at RequestHandler.execute (C:\Users\jaces\Desktop\Corebot\node_modules\discord.js\src\rest\RequestHandler.js:107:21)
      at runMicrotasks (<anonymous>)
      at processTicksAndRejections (internal/process/task_queues.js:93:5) {
    code: 500,
    method: 'patch',
    path: '/channels/840041597390684250'
  }
}
----------------------------------------------------------------------------------------------------------------
[CALLER: RequestHandler.js:107:21 | MS: 1620356355197 | DATE: 5/6/2021, 9:59:15 PM]
----------------------------------------------------------------------------------------------------------------
FetchError: request to https://discordapp.com/api/v7/channels/840041597918773258 failed, reason: read ECONNRESET
EXTRA INFO:
Promise {
  <rejected> HTTPError [FetchError]: request to https://discordapp.com/api/v7/channels/840041597918773258 failed, reason: read ECONNRESET
      at RequestHandler.execute (C:\Users\jaces\Desktop\Corebot\node_modules\discord.js\src\rest\RequestHandler.js:107:21)
      at runMicrotasks (<anonymous>)
      at processTicksAndRejections (internal/process/task_queues.js:93:5) {
    code: 500,
    method: 'patch',
    path: '/channels/840041597918773258'
  }
}
----------------------------------------------------------------------------------------------------------------
[CALLER: RequestHandler.js:107:21 | MS: 1620356355206 | DATE: 5/6/2021, 9:59:15 PM]
----------------------------------------------------------------------------------------------------------------
FetchError: request to https://discordapp.com/api/v7/channels/840041596803612672 failed, reason: read ECONNRESET
EXTRA INFO:
Promise {
  <rejected> HTTPError [FetchError]: request to https://discordapp.com/api/v7/channels/840041596803612672 failed, reason: read ECONNRESET
      at RequestHandler.execute (C:\Users\jaces\Desktop\Corebot\node_modules\discord.js\src\rest\RequestHandler.js:107:21)
      at runMicrotasks (<anonymous>)
      at processTicksAndRejections (internal/process/task_queues.js:93:5) {
    code: 500,
    method: 'patch',
    path: '/channels/840041596803612672'
  }
}
----------------------------------------------------------------------------------------------------------------
[CALLER: RequestHandler.js:107:21 | MS: 1620356355206 | DATE: 5/6/2021, 9:59:15 PM]
-----------------------------------------------------------------------------------------------------------------------
FetchError: request to https://discordapp.com/api/v7/guilds/832046329068650526/channels failed, reason: read ECONNRESET
EXTRA INFO:
Promise {
  <rejected> HTTPError [FetchError]: request to https://discordapp.com/api/v7/guilds/832046329068650526/channels failed, reason: read ECONNRESET
      at RequestHandler.execute (C:\Users\jaces\Desktop\Corebot\node_modules\discord.js\src\rest\RequestHandler.js:107:21)
      at runMicrotasks (<anonymous>)
      at processTicksAndRejections (internal/process/task_queues.js:93:5) {
    code: 500,
    method: 'post',
    path: '/guilds/832046329068650526/channels'
  }
}
-----------------------------------------------------------------------------------------------------------------------
[CALLER: RequestHandler.js:107:21 | MS: 1620356355212 | DATE: 5/6/2021, 9:59:15 PM]
-----------------------------------------------------------------------------------------------------------------------
FetchError: request to https://discordapp.com/api/v7/guilds/837104198419611649/channels failed, reason: read ECONNRESET
EXTRA INFO:
Promise {
  <rejected> HTTPError [FetchError]: request to https://discordapp.com/api/v7/guilds/837104198419611649/channels failed, reason: read ECONNRESET
      at RequestHandler.execute (C:\Users\jaces\Desktop\Corebot\node_modules\discord.js\src\rest\RequestHandler.js:107:21)
      at runMicrotasks (<anonymous>)
      at processTicksAndRejections (internal/process/task_queues.js:93:5) {
    code: 500,
    method: 'post',
    path: '/guilds/837104198419611649/channels'
  }
}
-----------------------------------------------------------------------------------------------------------------------
[CALLER: RequestHandler.js:107:21 | MS: 1620356355213 | DATE: 5/6/2021, 9:59:15 PM]
----------------------------------------------------------------------------------------------------------------
FetchError: request to https://discordapp.com/api/v7/channels/840041597562781708 failed, reason: read ECONNRESET
EXTRA INFO:
Promise {
  <rejected> HTTPError [FetchError]: request to https://discordapp.com/api/v7/channels/840041597562781708 failed, reason: read ECONNRESET
      at RequestHandler.execute (C:\Users\jaces\Desktop\Corebot\node_modules\discord.js\src\rest\RequestHandler.js:107:21)
      at runMicrotasks (<anonymous>)
      at processTicksAndRejections (internal/process/task_queues.js:93:5) {
    code: 500,
    method: 'patch',
    path: '/channels/840041597562781708'
  }
}
----------------------------------------------------------------------------------------------------------------
[CALLER: Promise {
  <rejected> DiscordAPIError: Invalid Form Body
  name: This field is required
      at RequestHandler.execute (C:\Users\jaces\Desktop\Corebot\node_modules\discord.js\src\rest\RequestHandler.js:170:25)
      at runMicrotasks (<anonymous>)
      at processTicksAndRejections (internal/process/task_queues.js:93:5) {
    method: 'post',
    path: '/guilds/837104198419611649/channels',
    code: 50035,
    httpStatus: 400
  }
} | MS: 1620356365296 | DATE: 5/6/2021, 9:59:25 PM]
----------------------------------
DiscordAPIError: Invalid Form Body
name: This field is required
EXTRA INFO:
Unknown
----------------------------------
[CALLER: Promise {
  <rejected> DiscordAPIError: Invalid Form Body
  name: This field is required
      at RequestHandler.execute (C:\Users\jaces\Desktop\Corebot\node_modules\discord.js\src\rest\RequestHandler.js:170:25)
      at runMicrotasks (<anonymous>)
      at processTicksAndRejections (internal/process/task_queues.js:93:5) {
    method: 'post',
    path: '/guilds/832046329068650526/channels',
    code: 50035,
    httpStatus: 400
  }
} | MS: 1620356365297 | DATE: 5/6/2021, 9:59:25 PM]
----------------------------------
DiscordAPIError: Invalid Form Body
name: This field is required
EXTRA INFO:
Unknown
----------------------------------
[CALLER: Promise {
  <rejected> DiscordAPIError: Invalid Form Body
  name: This field is required
      at RequestHandler.execute (C:\Users\jaces\Desktop\Corebot\node_modules\discord.js\src\rest\RequestHandler.js:170:25)
      at runMicrotasks (<anonymous>)
      at processTicksAndRejections (internal/process/task_queues.js:93:5) {
    method: 'post',
    path: '/guilds/832046329068650526/channels',
    code: 50035,
    httpStatus: 400
  }
} | MS: 1620356367205 | DATE: 5/6/2021, 9:59:27 PM]
----------------------------------
DiscordAPIError: Invalid Form Body
name: This field is required
EXTRA INFO:
Unknown
----------------------------------
[CALLER: Promise {
  <rejected> DiscordAPIError: Invalid Form Body
  name: This field is required
      at RequestHandler.execute (C:\Users\jaces\Desktop\Corebot\node_modules\discord.js\src\rest\RequestHandler.js:170:25)
      at runMicrotasks (<anonymous>)
      at processTicksAndRejections (internal/process/task_queues.js:93:5) {
    method: 'post',
    path: '/guilds/837104198419611649/channels',
    code: 50035,
    httpStatus: 400
  }
} | MS: 1620356367206 | DATE: 5/6/2021, 9:59:27 PM]
----------------------------------
DiscordAPIError: Invalid Form Body
name: This field is required
EXTRA INFO:
Unknown
----------------------------------
[CALLER: Promise {
  <rejected> DiscordAPIError: Invalid Form Body
  name: This field is required
      at RequestHandler.execute (C:\Users\jaces\Desktop\Corebot\node_modules\discord.js\src\rest\RequestHandler.js:170:25)
      at runMicrotasks (<anonymous>)
      at processTicksAndRejections (internal/process/task_queues.js:93:5) {
    method: 'post',
    path: '/guilds/837104198419611649/channels',
    code: 50035,
    httpStatus: 400
  }
} | MS: 1620356374200 | DATE: 5/6/2021, 9:59:34 PM]
----------------------------------
DiscordAPIError: Invalid Form Body
name: This field is required
EXTRA INFO:
Unknown
----------------------------------
[CALLER: Promise {
  <rejected> DiscordAPIError: Invalid Form Body
  name: This field is required
      at RequestHandler.execute (C:\Users\jaces\Desktop\Corebot\node_modules\discord.js\src\rest\RequestHandler.js:170:25)
      at runMicrotasks (<anonymous>)
      at processTicksAndRejections (internal/process/task_queues.js:93:5) {
    method: 'post',
    path: '/guilds/832046329068650526/channels',
    code: 50035,
    httpStatus: 400
  }
} | MS: 1620356374206 | DATE: 5/6/2021, 9:59:34 PM]
----------------------------------
DiscordAPIError: Invalid Form Body
name: This field is required
EXTRA INFO:
Unknown
----------------------------------
[CALLER: Promise {
  <rejected> DiscordAPIError: Invalid Form Body
  name: This field is required
      at RequestHandler.execute (C:\Users\jaces\Desktop\Corebot\node_modules\discord.js\src\rest\RequestHandler.js:170:25)
      at runMicrotasks (<anonymous>)
      at processTicksAndRejections (internal/process/task_queues.js:93:5) {
    method: 'post',
    path: '/guilds/832046329068650526/channels',
    code: 50035,
    httpStatus: 400
  }
} | MS: 1620356383528 | DATE: 5/6/2021, 9:59:43 PM]
----------------------------------
DiscordAPIError: Invalid Form Body
name: This field is required
EXTRA INFO:
Unknown
----------------------------------
[CALLER: Promise {
  <rejected> DiscordAPIError: Invalid Form Body
  name: This field is required
      at RequestHandler.execute (C:\Users\jaces\Desktop\Corebot\node_modules\discord.js\src\rest\RequestHandler.js:170:25)
      at runMicrotasks (<anonymous>)
      at processTicksAndRejections (internal/process/task_queues.js:93:5) {
    method: 'post',
    path: '/guilds/837104198419611649/channels',
    code: 50035,
    httpStatus: 400
  }
} | MS: 1620356383554 | DATE: 5/6/2021, 9:59:43 PM]
----------------------------------
DiscordAPIError: Invalid Form Body
name: This field is required
EXTRA INFO:
Unknown
----------------------------------
[CALLER: Promise {
  <rejected> DiscordAPIError: Invalid Form Body
  name: This field is required
      at RequestHandler.execute (C:\Users\jaces\Desktop\Corebot\node_modules\discord.js\src\rest\RequestHandler.js:170:25)
      at runMicrotasks (<anonymous>)
      at processTicksAndRejections (internal/process/task_queues.js:93:5) {
    method: 'post',
    path: '/guilds/837104198419611649/channels',
    code: 50035,
    httpStatus: 400
  }
} | MS: 1620356384155 | DATE: 5/6/2021, 9:59:44 PM]
----------------------------------
DiscordAPIError: Invalid Form Body
name: This field is required
EXTRA INFO:
Unknown
----------------------------------
[CALLER: Promise {
  <rejected> DiscordAPIError: Invalid Form Body
  name: This field is required
      at RequestHandler.execute (C:\Users\jaces\Desktop\Corebot\node_modules\discord.js\src\rest\RequestHandler.js:170:25)
      at runMicrotasks (<anonymous>)
      at processTicksAndRejections (internal/process/task_queues.js:93:5) {
    method: 'post',
    path: '/guilds/832046329068650526/channels',
    code: 50035,
    httpStatus: 400
  }
} | MS: 1620356384158 | DATE: 5/6/2021, 9:59:44 PM]
----------------------------------
DiscordAPIError: Invalid Form Body
name: This field is required
EXTRA INFO:
Unknown
----------------------------------
[CALLER: Promise {
  <rejected> DiscordAPIError: Invalid Form Body
  name: This field is required
      at RequestHandler.execute (C:\Users\jaces\Desktop\Corebot\node_modules\discord.js\src\rest\RequestHandler.js:170:25)
      at runMicrotasks (<anonymous>)
      at processTicksAndRejections (internal/process/task_queues.js:93:5) {
    method: 'post',
    path: '/guilds/832046329068650526/channels',
    code: 50035,
    httpStatus: 400
  }
} | MS: 1620356394982 | DATE: 5/6/2021, 9:59:54 PM]
----------------------------------
DiscordAPIError: Invalid Form Body
name: This field is required
EXTRA INFO:
Unknown
----------------------------------
[CALLER: Promise {
  <rejected> DiscordAPIError: Invalid Form Body
  name: This field is required
      at RequestHandler.execute (C:\Users\jaces\Desktop\Corebot\node_modules\discord.js\src\rest\RequestHandler.js:170:25)
      at runMicrotasks (<anonymous>)
      at processTicksAndRejections (internal/process/task_queues.js:93:5) {
    method: 'post',
    path: '/guilds/837104198419611649/channels',
    code: 50035,
    httpStatus: 400
  }
} | MS: 1620356394987 | DATE: 5/6/2021, 9:59:54 PM]
----------------------------------
DiscordAPIError: Invalid Form Body
name: This field is required
EXTRA INFO:
Unknown
----------------------------------
[CALLER: Promise {
  <rejected> DiscordAPIError: Invalid Form Body
  name: This field is required
      at RequestHandler.execute (C:\Users\jaces\Desktop\Corebot\node_modules\discord.js\src\rest\RequestHandler.js:170:25)
      at runMicrotasks (<anonymous>)
      at processTicksAndRejections (internal/process/task_queues.js:93:5) {
    method: 'post',
    path: '/guilds/837104198419611649/channels',
    code: 50035,
    httpStatus: 400
  }
} | MS: 1620356397242 | DATE: 5/6/2021, 9:59:57 PM]
----------------------------------
DiscordAPIError: Invalid Form Body
name: This field is required
EXTRA INFO:
Unknown
----------------------------------
[CALLER: Promise {
  <rejected> DiscordAPIError: Invalid Form Body
  name: This field is required
      at RequestHandler.execute (C:\Users\jaces\Desktop\Corebot\node_modules\discord.js\src\rest\RequestHandler.js:170:25)
      at runMicrotasks (<anonymous>)
      at processTicksAndRejections (internal/process/task_queues.js:93:5) {
    method: 'post',
    path: '/guilds/832046329068650526/channels',
    code: 50035,
    httpStatus: 400
  }
} | MS: 1620356397244 | DATE: 5/6/2021, 9:59:57 PM]
----------------------------------
DiscordAPIError: Invalid Form Body
name: This field is required
EXTRA INFO:
Unknown
----------------------------------
[CALLER: Promise {
  <rejected> DiscordAPIError: Invalid Form Body
  name: This field is required
      at RequestHandler.execute (C:\Users\jaces\Desktop\Corebot\node_modules\discord.js\src\rest\RequestHandler.js:170:25)
      at runMicrotasks (<anonymous>)
      at processTicksAndRejections (internal/process/task_queues.js:93:5) {
    method: 'post',
    path: '/guilds/837104198419611649/channels',
    code: 50035,
    httpStatus: 400
  }
} | MS: 1620356404278 | DATE: 5/6/2021, 10:00:04 PM]
----------------------------------
DiscordAPIError: Invalid Form Body
name: This field is required
EXTRA INFO:
Unknown
----------------------------------
[CALLER: Promise {
  <rejected> DiscordAPIError: Invalid Form Body
  name: This field is required
      at RequestHandler.execute (C:\Users\jaces\Desktop\Corebot\node_modules\discord.js\src\rest\RequestHandler.js:170:25)
      at runMicrotasks (<anonymous>)
      at processTicksAndRejections (internal/process/task_queues.js:93:5) {
    method: 'post',
    path: '/guilds/832046329068650526/channels',
    code: 50035,
    httpStatus: 400
  }
} | MS: 1620356404284 | DATE: 5/6/2021, 10:00:04 PM]
----------------------------------
DiscordAPIError: Invalid Form Body
name: This field is required
EXTRA INFO:
Unknown
----------------------------------
[CALLER: Promise {
  <rejected> DiscordAPIError: Invalid Form Body
  name: This field is required
      at RequestHandler.execute (C:\Users\jaces\Desktop\Corebot\node_modules\discord.js\src\rest\RequestHandler.js:170:25)
      at runMicrotasks (<anonymous>)
      at processTicksAndRejections (internal/process/task_queues.js:93:5) {
    method: 'post',
    path: '/guilds/837104198419611649/channels',
    code: 50035,
    httpStatus: 400
  }
} | MS: 1620356413217 | DATE: 5/6/2021, 10:00:13 PM]
----------------------------------
DiscordAPIError: Invalid Form Body
name: This field is required
EXTRA INFO:
Unknown
----------------------------------
[CALLER: Promise {
  <rejected> DiscordAPIError: Invalid Form Body
  name: This field is required
      at RequestHandler.execute (C:\Users\jaces\Desktop\Corebot\node_modules\discord.js\src\rest\RequestHandler.js:170:25)
      at runMicrotasks (<anonymous>)
      at processTicksAndRejections (internal/process/task_queues.js:93:5) {
    method: 'post',
    path: '/guilds/832046329068650526/channels',
    code: 50035,
    httpStatus: 400
  }
} | MS: 1620356413224 | DATE: 5/6/2021, 10:00:13 PM]
----------------------------------
DiscordAPIError: Invalid Form Body
name: This field is required
EXTRA INFO:
Unknown
----------------------------------
[CALLER: Promise {
  <rejected> DiscordAPIError: Invalid Form Body
  name: This field is required
      at RequestHandler.execute (C:\Users\jaces\Desktop\Corebot\node_modules\discord.js\src\rest\RequestHandler.js:170:25)
      at runMicrotasks (<anonymous>)
      at processTicksAndRejections (internal/process/task_queues.js:93:5) {
    method: 'post',
    path: '/guilds/837104198419611649/channels',
    code: 50035,
    httpStatus: 400
  }
} | MS: 1620356414136 | DATE: 5/6/2021, 10:00:14 PM]
----------------------------------
DiscordAPIError: Invalid Form Body
name: This field is required
EXTRA INFO:
Unknown
----------------------------------
[CALLER: Promise {
  <rejected> DiscordAPIError: Invalid Form Body
  name: This field is required
      at RequestHandler.execute (C:\Users\jaces\Desktop\Corebot\node_modules\discord.js\src\rest\RequestHandler.js:170:25)
      at runMicrotasks (<anonymous>)
      at processTicksAndRejections (internal/process/task_queues.js:93:5) {
    method: 'post',
    path: '/guilds/832046329068650526/channels',
    code: 50035,
    httpStatus: 400
  }
} | MS: 1620356414156 | DATE: 5/6/2021, 10:00:14 PM]
----------------------------------
DiscordAPIError: Invalid Form Body
name: This field is required
EXTRA INFO:
Unknown
----------------------------------
[CALLER: Promise {
  <rejected> DiscordAPIError: Invalid Form Body
  name: This field is required
      at RequestHandler.execute (C:\Users\jaces\Desktop\Corebot\node_modules\discord.js\src\rest\RequestHandler.js:170:25)
      at runMicrotasks (<anonymous>)
      at processTicksAndRejections (internal/process/task_queues.js:93:5) {
    method: 'post',
    path: '/guilds/832046329068650526/channels',
    code: 50035,
    httpStatus: 400
  }
} | MS: 1620356424978 | DATE: 5/6/2021, 10:00:24 PM]
----------------------------------
DiscordAPIError: Invalid Form Body
name: This field is required
EXTRA INFO:
Unknown
----------------------------------
[CALLER: Promise {
  <rejected> DiscordAPIError: Invalid Form Body
  name: This field is required
      at RequestHandler.execute (C:\Users\jaces\Desktop\Corebot\node_modules\discord.js\src\rest\RequestHandler.js:170:25)
      at runMicrotasks (<anonymous>)
      at processTicksAndRejections (internal/process/task_queues.js:93:5) {
    method: 'post',
    path: '/guilds/837104198419611649/channels',
    code: 50035,
    httpStatus: 400
  }
} | MS: 1620356425083 | DATE: 5/6/2021, 10:00:25 PM]
----------------------------------
DiscordAPIError: Invalid Form Body
name: This field is required
EXTRA INFO:
Unknown
----------------------------------
[CALLER: Promise {
  <rejected> DiscordAPIError: Invalid Form Body
  name: This field is required
      at RequestHandler.execute (C:\Users\jaces\Desktop\Corebot\node_modules\discord.js\src\rest\RequestHandler.js:170:25)
      at runMicrotasks (<anonymous>)
      at processTicksAndRejections (internal/process/task_queues.js:93:5) {
    method: 'post',
    path: '/guilds/837104198419611649/channels',
    code: 50035,
    httpStatus: 400
  }
} | MS: 1620356427207 | DATE: 5/6/2021, 10:00:27 PM]
----------------------------------
DiscordAPIError: Invalid Form Body
name: This field is required
EXTRA INFO:
Unknown
----------------------------------
[CALLER: Promise {
  <rejected> DiscordAPIError: Invalid Form Body
  name: This field is required
      at RequestHandler.execute (C:\Users\jaces\Desktop\Corebot\node_modules\discord.js\src\rest\RequestHandler.js:170:25)
      at runMicrotasks (<anonymous>)
      at processTicksAndRejections (internal/process/task_queues.js:93:5) {
    method: 'post',
    path: '/guilds/832046329068650526/channels',
    code: 50035,
    httpStatus: 400
  }
} | MS: 1620356427208 | DATE: 5/6/2021, 10:00:27 PM]
----------------------------------
DiscordAPIError: Invalid Form Body
name: This field is required
EXTRA INFO:
Unknown
----------------------------------
[CALLER: Promise {
  <rejected> DiscordAPIError: Invalid Form Body
  name: This field is required
      at RequestHandler.execute (C:\Users\jaces\Desktop\Corebot\node_modules\discord.js\src\rest\RequestHandler.js:170:25)
      at runMicrotasks (<anonymous>)
      at processTicksAndRejections (internal/process/task_queues.js:93:5) {
    method: 'post',
    path: '/guilds/832046329068650526/channels',
    code: 50035,
    httpStatus: 400
  }
} | MS: 1620356434350 | DATE: 5/6/2021, 10:00:34 PM]
----------------------------------
DiscordAPIError: Invalid Form Body
name: This field is required
EXTRA INFO:
Unknown
----------------------------------
[CALLER: Promise {
  <rejected> DiscordAPIError: Invalid Form Body
  name: This field is required
      at RequestHandler.execute (C:\Users\jaces\Desktop\Corebot\node_modules\discord.js\src\rest\RequestHandler.js:170:25)
      at runMicrotasks (<anonymous>)
      at processTicksAndRejections (internal/process/task_queues.js:93:5) {
    method: 'post',
    path: '/guilds/837104198419611649/channels',
    code: 50035,
    httpStatus: 400
  }
} | MS: 1620356434366 | DATE: 5/6/2021, 10:00:34 PM]
----------------------------------
DiscordAPIError: Invalid Form Body
name: This field is required
EXTRA INFO:
Unknown
----------------------------------
[CALLER: Promise {
  <rejected> DiscordAPIError: Invalid Form Body
  name: This field is required
      at RequestHandler.execute (C:\Users\jaces\Desktop\Corebot\node_modules\discord.js\src\rest\RequestHandler.js:170:25)
      at runMicrotasks (<anonymous>)
      at processTicksAndRejections (internal/process/task_queues.js:93:5) {
    method: 'post',
    path: '/guilds/832046329068650526/channels',
    code: 50035,
    httpStatus: 400
  }
} | MS: 1620356443197 | DATE: 5/6/2021, 10:00:43 PM]
----------------------------------
DiscordAPIError: Invalid Form Body
name: This field is required
EXTRA INFO:
Unknown
----------------------------------
[CALLER: Promise {
  <rejected> DiscordAPIError: Invalid Form Body
  name: This field is required
      at RequestHandler.execute (C:\Users\jaces\Desktop\Corebot\node_modules\discord.js\src\rest\RequestHandler.js:170:25)
      at runMicrotasks (<anonymous>)
      at processTicksAndRejections (internal/process/task_queues.js:93:5) {
    method: 'post',
    path: '/guilds/837104198419611649/channels',
    code: 50035,
    httpStatus: 400
  }
} | MS: 1620356443199 | DATE: 5/6/2021, 10:00:43 PM]
----------------------------------
DiscordAPIError: Invalid Form Body
name: This field is required
EXTRA INFO:
Unknown
----------------------------------
[CALLER: Promise {
  <rejected> DiscordAPIError: Invalid Form Body
  name: This field is required
      at RequestHandler.execute (C:\Users\jaces\Desktop\Corebot\node_modules\discord.js\src\rest\RequestHandler.js:170:25)
      at runMicrotasks (<anonymous>)
      at processTicksAndRejections (internal/process/task_queues.js:93:5) {
    method: 'post',
    path: '/guilds/832046329068650526/channels',
    code: 50035,
    httpStatus: 400
  }
} | MS: 1620356444137 | DATE: 5/6/2021, 10:00:44 PM]
----------------------------------
DiscordAPIError: Invalid Form Body
name: This field is required
EXTRA INFO:
Unknown
----------------------------------
[CALLER: Promise {
  <rejected> DiscordAPIError: Invalid Form Body
  name: This field is required
      at RequestHandler.execute (C:\Users\jaces\Desktop\Corebot\node_modules\discord.js\src\rest\RequestHandler.js:170:25)
      at runMicrotasks (<anonymous>)
      at processTicksAndRejections (internal/process/task_queues.js:93:5) {
    method: 'post',
    path: '/guilds/837104198419611649/channels',
    code: 50035,
    httpStatus: 400
  }
} | MS: 1620356444169 | DATE: 5/6/2021, 10:00:44 PM]
----------------------------------
DiscordAPIError: Invalid Form Body
name: This field is required
EXTRA INFO:
Unknown
----------------------------------
[CALLER: Promise {
  <rejected> DiscordAPIError: Invalid Form Body
  name: This field is required
      at RequestHandler.execute (C:\Users\jaces\Desktop\Corebot\node_modules\discord.js\src\rest\RequestHandler.js:170:25)
      at runMicrotasks (<anonymous>)
      at processTicksAndRejections (internal/process/task_queues.js:93:5) {
    method: 'post',
    path: '/guilds/832046329068650526/channels',
    code: 50035,
    httpStatus: 400
  }
} | MS: 1620356454974 | DATE: 5/6/2021, 10:00:54 PM]
----------------------------------
DiscordAPIError: Invalid Form Body
name: This field is required
EXTRA INFO:
Unknown
----------------------------------
[CALLER: Promise {
  <rejected> DiscordAPIError: Invalid Form Body
  name: This field is required
      at RequestHandler.execute (C:\Users\jaces\Desktop\Corebot\node_modules\discord.js\src\rest\RequestHandler.js:170:25)
      at runMicrotasks (<anonymous>)
      at processTicksAndRejections (internal/process/task_queues.js:93:5) {
    method: 'post',
    path: '/guilds/837104198419611649/channels',
    code: 50035,
    httpStatus: 400
  }
} | MS: 1620356454991 | DATE: 5/6/2021, 10:00:54 PM]
----------------------------------
DiscordAPIError: Invalid Form Body
name: This field is required
EXTRA INFO:
Unknown
----------------------------------
[CALLER: Promise {
  <rejected> DiscordAPIError: Invalid Form Body
  name: This field is required
      at RequestHandler.execute (C:\Users\jaces\Desktop\Corebot\node_modules\discord.js\src\rest\RequestHandler.js:170:25)
      at runMicrotasks (<anonymous>)
      at processTicksAndRejections (internal/process/task_queues.js:93:5) {
    method: 'post',
    path: '/guilds/837104198419611649/channels',
    code: 50035,
    httpStatus: 400
  }
} | MS: 1620356457196 | DATE: 5/6/2021, 10:00:57 PM]
----------------------------------
DiscordAPIError: Invalid Form Body
name: This field is required
EXTRA INFO:
Unknown
----------------------------------
[CALLER: Promise {
  <rejected> DiscordAPIError: Invalid Form Body
  name: This field is required
      at RequestHandler.execute (C:\Users\jaces\Desktop\Corebot\node_modules\discord.js\src\rest\RequestHandler.js:170:25)
      at runMicrotasks (<anonymous>)
      at processTicksAndRejections (internal/process/task_queues.js:93:5) {
    method: 'post',
    path: '/guilds/832046329068650526/channels',
    code: 50035,
    httpStatus: 400
  }
} | MS: 1620356457222 | DATE: 5/6/2021, 10:00:57 PM]
----------------------------------
DiscordAPIError: Invalid Form Body
name: This field is required
EXTRA INFO:
Unknown
----------------------------------
[CALLER: Promise {
  <rejected> DiscordAPIError: Invalid Form Body
  name: This field is required
      at RequestHandler.execute (C:\Users\jaces\Desktop\Corebot\node_modules\discord.js\src\rest\RequestHandler.js:170:25)
      at runMicrotasks (<anonymous>)
      at processTicksAndRejections (internal/process/task_queues.js:93:5) {
    method: 'post',
    path: '/guilds/837104198419611649/channels',
    code: 50035,
    httpStatus: 400
  }
} | MS: 1620356464197 | DATE: 5/6/2021, 10:01:04 PM]
----------------------------------
DiscordAPIError: Invalid Form Body
name: This field is required
EXTRA INFO:
Unknown
----------------------------------
[CALLER: Promise {
  <rejected> DiscordAPIError: Invalid Form Body
  name: This field is required
      at RequestHandler.execute (C:\Users\jaces\Desktop\Corebot\node_modules\discord.js\src\rest\RequestHandler.js:170:25)
      at runMicrotasks (<anonymous>)
      at processTicksAndRejections (internal/process/task_queues.js:93:5) {
    method: 'post',
    path: '/guilds/832046329068650526/channels',
    code: 50035,
    httpStatus: 400
  }
} | MS: 1620356464235 | DATE: 5/6/2021, 10:01:04 PM]
----------------------------------
DiscordAPIError: Invalid Form Body
name: This field is required
EXTRA INFO:
Unknown
----------------------------------
[CALLER: Promise {
  <rejected> DiscordAPIError: Invalid Form Body
  name: This field is required
      at RequestHandler.execute (C:\Users\jaces\Desktop\Corebot\node_modules\discord.js\src\rest\RequestHandler.js:170:25)
      at runMicrotasks (<anonymous>)
      at processTicksAndRejections (internal/process/task_queues.js:93:5) {
    method: 'post',
    path: '/guilds/832046329068650526/channels',
    code: 50035,
    httpStatus: 400
  }
} | MS: 1620356473216 | DATE: 5/6/2021, 10:01:13 PM]
----------------------------------
DiscordAPIError: Invalid Form Body
name: This field is required
EXTRA INFO:
Unknown
----------------------------------
[CALLER: Promise {
  <rejected> DiscordAPIError: Invalid Form Body
  name: This field is required
      at RequestHandler.execute (C:\Users\jaces\Desktop\Corebot\node_modules\discord.js\src\rest\RequestHandler.js:170:25)
      at runMicrotasks (<anonymous>)
      at processTicksAndRejections (internal/process/task_queues.js:93:5) {
    method: 'post',
    path: '/guilds/837104198419611649/channels',
    code: 50035,
    httpStatus: 400
  }
} | MS: 1620356473286 | DATE: 5/6/2021, 10:01:13 PM]
----------------------------------
DiscordAPIError: Invalid Form Body
name: This field is required
EXTRA INFO:
Unknown
----------------------------------
[CALLER: Promise {
  <rejected> DiscordAPIError: Invalid Form Body
  name: This field is required
      at RequestHandler.execute (C:\Users\jaces\Desktop\Corebot\node_modules\discord.js\src\rest\RequestHandler.js:170:25)
      at runMicrotasks (<anonymous>)
      at processTicksAndRejections (internal/process/task_queues.js:93:5) {
    method: 'post',
    path: '/guilds/837104198419611649/channels',
    code: 50035,
    httpStatus: 400
  }
} | MS: 1620356474127 | DATE: 5/6/2021, 10:01:14 PM]
----------------------------------
DiscordAPIError: Invalid Form Body
name: This field is required
EXTRA INFO:
Unknown
----------------------------------
[CALLER: Promise {
  <rejected> DiscordAPIError: Invalid Form Body
  name: This field is required
      at RequestHandler.execute (C:\Users\jaces\Desktop\Corebot\node_modules\discord.js\src\rest\RequestHandler.js:170:25)
      at runMicrotasks (<anonymous>)
      at processTicksAndRejections (internal/process/task_queues.js:93:5) {
    method: 'post',
    path: '/guilds/832046329068650526/channels',
    code: 50035,
    httpStatus: 400
  }
} | MS: 1620356474177 | DATE: 5/6/2021, 10:01:14 PM]
----------------------------------
DiscordAPIError: Invalid Form Body
name: This field is required
EXTRA INFO:
Unknown
----------------------------------
[CALLER: RequestHandler.js:107:21 | MS: 1620356486178 | DATE: 5/6/2021, 10:01:26 PM]
----------------------------------------------------------------------------------------------------------------
FetchError: request to https://discordapp.com/api/v7/channels/840041596874391572 failed, reason: read ECONNRESET
EXTRA INFO:
Promise {
  <rejected> HTTPError [FetchError]: request to https://discordapp.com/api/v7/channels/840041596874391572 failed, reason: read ECONNRESET
      at RequestHandler.execute (C:\Users\jaces\Desktop\Corebot\node_modules\discord.js\src\rest\RequestHandler.js:107:21)
      at runMicrotasks (<anonymous>)
      at processTicksAndRejections (internal/process/task_queues.js:93:5) {
    code: 500,
    method: 'patch',
    path: '/channels/840041596874391572'
  }
}
----------------------------------------------------------------------------------------------------------------
[CALLER: RequestHandler.js:107:21 | MS: 1620356486193 | DATE: 5/6/2021, 10:01:26 PM]
----------------------------------------------------------------------------------------------------------------
FetchError: request to https://discordapp.com/api/v7/channels/840041597918773258 failed, reason: read ECONNRESET
EXTRA INFO:
Promise {
  <rejected> HTTPError [FetchError]: request to https://discordapp.com/api/v7/channels/840041597918773258 failed, reason: read ECONNRESET
      at RequestHandler.execute (C:\Users\jaces\Desktop\Corebot\node_modules\discord.js\src\rest\RequestHandler.js:107:21)
      at runMicrotasks (<anonymous>)
      at processTicksAndRejections (internal/process/task_queues.js:93:5) {
    code: 500,
    method: 'patch',
    path: '/channels/840041597918773258'
  }
}
----------------------------------------------------------------------------------------------------------------
[CALLER: RequestHandler.js:107:21 | MS: 1620356486194 | DATE: 5/6/2021, 10:01:26 PM]
----------------------------------------------------------------------------------------------------------------
FetchError: request to https://discordapp.com/api/v7/channels/840041597390684250 failed, reason: read ECONNRESET
EXTRA INFO:
Promise {
  <rejected> HTTPError [FetchError]: request to https://discordapp.com/api/v7/channels/840041597390684250 failed, reason: read ECONNRESET
      at RequestHandler.execute (C:\Users\jaces\Desktop\Corebot\node_modules\discord.js\src\rest\RequestHandler.js:107:21)
      at runMicrotasks (<anonymous>)
      at processTicksAndRejections (internal/process/task_queues.js:93:5) {
    code: 500,
    method: 'patch',
    path: '/channels/840041597390684250'
  }
}
----------------------------------------------------------------------------------------------------------------
[CALLER: RequestHandler.js:107:21 | MS: 1620356486208 | DATE: 5/6/2021, 10:01:26 PM]
----------------------------------------------------------------------------------------------------------------
FetchError: request to https://discordapp.com/api/v7/channels/840041597273767977 failed, reason: read ECONNRESET
EXTRA INFO:
Promise {
  <rejected> HTTPError [FetchError]: request to https://discordapp.com/api/v7/channels/840041597273767977 failed, reason: read ECONNRESET
      at RequestHandler.execute (C:\Users\jaces\Desktop\Corebot\node_modules\discord.js\src\rest\RequestHandler.js:107:21)
      at runMicrotasks (<anonymous>)
      at processTicksAndRejections (internal/process/task_queues.js:93:5) {
    code: 500,
    method: 'patch',
    path: '/channels/840041597273767977'
  }
}
----------------------------------------------------------------------------------------------------------------
[CALLER: RequestHandler.js:107:21 | MS: 1620356486207 | DATE: 5/6/2021, 10:01:26 PM]
----------------------------------------------------------------------------------------------------------------
FetchError: request to https://discordapp.com/api/v7/channels/840041596803612672 failed, reason: read ECONNRESET
EXTRA INFO:
Promise {
  <rejected> HTTPError [FetchError]: request to https://discordapp.com/api/v7/channels/840041596803612672 failed, reason: read ECONNRESET
      at RequestHandler.execute (C:\Users\jaces\Desktop\Corebot\node_modules\discord.js\src\rest\RequestHandler.js:107:21)
      at runMicrotasks (<anonymous>)
      at processTicksAndRejections (internal/process/task_queues.js:93:5) {
    code: 500,
    method: 'patch',
    path: '/channels/840041596803612672'
  }
}
----------------------------------------------------------------------------------------------------------------
[CALLER: RequestHandler.js:107:21 | MS: 1620356486210 | DATE: 5/6/2021, 10:01:26 PM]
-----------------------------------------------------------------------------------------------------------------------
FetchError: request to https://discordapp.com/api/v7/guilds/837104198419611649/channels failed, reason: read ECONNRESET
EXTRA INFO:
Promise {
  <rejected> HTTPError [FetchError]: request to https://discordapp.com/api/v7/guilds/837104198419611649/channels failed, reason: read ECONNRESET
      at RequestHandler.execute (C:\Users\jaces\Desktop\Corebot\node_modules\discord.js\src\rest\RequestHandler.js:107:21)
      at runMicrotasks (<anonymous>)
      at processTicksAndRejections (internal/process/task_queues.js:93:5) {
    code: 500,
    method: 'post',
    path: '/guilds/837104198419611649/channels'
  }
}
-----------------------------------------------------------------------------------------------------------------------
[CALLER: RequestHandler.js:107:21 | MS: 1620356486209 | DATE: 5/6/2021, 10:01:26 PM]
----------------------------------------------------------------------------------------------------------------
FetchError: request to https://discordapp.com/api/v7/channels/840041597562781708 failed, reason: read ECONNRESET
EXTRA INFO:
Promise {
  <rejected> HTTPError [FetchError]: request to https://discordapp.com/api/v7/channels/840041597562781708 failed, reason: read ECONNRESET
      at RequestHandler.execute (C:\Users\jaces\Desktop\Corebot\node_modules\discord.js\src\rest\RequestHandler.js:107:21)
      at runMicrotasks (<anonymous>)
      at processTicksAndRejections (internal/process/task_queues.js:93:5) {
    code: 500,
    method: 'patch',
    path: '/channels/840041597562781708'
  }
}
----------------------------------------------------------------------------------------------------------------
[CALLER: RequestHandler.js:107:21 | MS: 1620356486210 | DATE: 5/6/2021, 10:01:26 PM]
-----------------------------------------------------------------------------------------------------------------------
FetchError: request to https://discordapp.com/api/v7/guilds/832046329068650526/channels failed, reason: read ECONNRESET
EXTRA INFO:
Promise {
  <rejected> HTTPError [FetchError]: request to https://discordapp.com/api/v7/guilds/832046329068650526/channels failed, reason: read ECONNRESET
      at RequestHandler.execute (C:\Users\jaces\Desktop\Corebot\node_modules\discord.js\src\rest\RequestHandler.js:107:21)
      at runMicrotasks (<anonymous>)
      at processTicksAndRejections (internal/process/task_queues.js:93:5) {
    code: 500,
    method: 'post',
    path: '/guilds/832046329068650526/channels'
  }
}
-----------------------------------------------------------------------------------------------------------------------
[CALLER: Promise {
  <rejected> DiscordAPIError: Invalid Form Body
  name: This field is required
      at RequestHandler.execute (C:\Users\jaces\Desktop\Corebot\node_modules\discord.js\src\rest\RequestHandler.js:170:25)
      at runMicrotasks (<anonymous>)
      at processTicksAndRejections (internal/process/task_queues.js:93:5) {
    method: 'post',
    path: '/guilds/837104198419611649/channels',
    code: 50035,
    httpStatus: 400
  }
} | MS: 1620356494483 | DATE: 5/6/2021, 10:01:34 PM]
----------------------------------
DiscordAPIError: Invalid Form Body
name: This field is required
EXTRA INFO:
Unknown
----------------------------------
[CALLER: Promise {
  <rejected> DiscordAPIError: Invalid Form Body
  name: This field is required
      at RequestHandler.execute (C:\Users\jaces\Desktop\Corebot\node_modules\discord.js\src\rest\RequestHandler.js:170:25)
      at runMicrotasks (<anonymous>)
      at processTicksAndRejections (internal/process/task_queues.js:93:5) {
    method: 'post',
    path: '/guilds/832046329068650526/channels',
    code: 50035,
    httpStatus: 400
  }
} | MS: 1620356494508 | DATE: 5/6/2021, 10:01:34 PM]
----------------------------------
DiscordAPIError: Invalid Form Body
name: This field is required
EXTRA INFO:
Unknown
----------------------------------
[CALLER: Promise {
  <rejected> DiscordAPIError: Invalid Form Body
  name: This field is required
      at RequestHandler.execute (C:\Users\jaces\Desktop\Corebot\node_modules\discord.js\src\rest\RequestHandler.js:170:25)
      at runMicrotasks (<anonymous>)
      at processTicksAndRejections (internal/process/task_queues.js:93:5) {
    method: 'post',
    path: '/guilds/837104198419611649/channels',
    code: 50035,
    httpStatus: 400
  }
} | MS: 1620356503225 | DATE: 5/6/2021, 10:01:43 PM]
----------------------------------
DiscordAPIError: Invalid Form Body
name: This field is required
EXTRA INFO:
Unknown
----------------------------------
[CALLER: Promise {
  <rejected> DiscordAPIError: Invalid Form Body
  name: This field is required
      at RequestHandler.execute (C:\Users\jaces\Desktop\Corebot\node_modules\discord.js\src\rest\RequestHandler.js:170:25)
      at runMicrotasks (<anonymous>)
      at processTicksAndRejections (internal/process/task_queues.js:93:5) {
    method: 'post',
    path: '/guilds/832046329068650526/channels',
    code: 50035,
    httpStatus: 400
  }
} | MS: 1620356503331 | DATE: 5/6/2021, 10:01:43 PM]
----------------------------------
DiscordAPIError: Invalid Form Body
name: This field is required
EXTRA INFO:
Unknown
----------------------------------
[CALLER: Promise {
  <rejected> DiscordAPIError: Invalid Form Body
  name: This field is required
      at RequestHandler.execute (C:\Users\jaces\Desktop\Corebot\node_modules\discord.js\src\rest\RequestHandler.js:170:25)
      at runMicrotasks (<anonymous>)
      at processTicksAndRejections (internal/process/task_queues.js:93:5) {
    method: 'post',
    path: '/guilds/837104198419611649/channels',
    code: 50035,
    httpStatus: 400
  }
} | MS: 1620356504111 | DATE: 5/6/2021, 10:01:44 PM]
----------------------------------
DiscordAPIError: Invalid Form Body
name: This field is required
EXTRA INFO:
Unknown
----------------------------------
[CALLER: Promise {
  <rejected> DiscordAPIError: Invalid Form Body
  name: This field is required
      at RequestHandler.execute (C:\Users\jaces\Desktop\Corebot\node_modules\discord.js\src\rest\RequestHandler.js:170:25)
      at runMicrotasks (<anonymous>)
      at processTicksAndRejections (internal/process/task_queues.js:93:5) {
    method: 'post',
    path: '/guilds/832046329068650526/channels',
    code: 50035,
    httpStatus: 400
  }
} | MS: 1620356504122 | DATE: 5/6/2021, 10:01:44 PM]
----------------------------------
DiscordAPIError: Invalid Form Body
name: This field is required
EXTRA INFO:
Unknown
----------------------------------
[CALLER: Promise {
  <rejected> DiscordAPIError: Invalid Form Body
  name: This field is required
      at RequestHandler.execute (C:\Users\jaces\Desktop\Corebot\node_modules\discord.js\src\rest\RequestHandler.js:170:25)
      at runMicrotasks (<anonymous>)
      at processTicksAndRejections (internal/process/task_queues.js:93:5) {
    method: 'post',
    path: '/guilds/837104198419611649/channels',
    code: 50035,
    httpStatus: 400
  }
} | MS: 1620356514977 | DATE: 5/6/2021, 10:01:54 PM]
----------------------------------
DiscordAPIError: Invalid Form Body
name: This field is required
EXTRA INFO:
Unknown
----------------------------------
[CALLER: Promise {
  <rejected> DiscordAPIError: Invalid Form Body
  name: This field is required
      at RequestHandler.execute (C:\Users\jaces\Desktop\Corebot\node_modules\discord.js\src\rest\RequestHandler.js:170:25)
      at runMicrotasks (<anonymous>)
      at processTicksAndRejections (internal/process/task_queues.js:93:5) {
    method: 'post',
    path: '/guilds/832046329068650526/channels',
    code: 50035,
    httpStatus: 400
  }
} | MS: 1620356514981 | DATE: 5/6/2021, 10:01:54 PM]
----------------------------------
DiscordAPIError: Invalid Form Body
name: This field is required
EXTRA INFO:
Unknown
----------------------------------
[CALLER: Promise {
  <rejected> DiscordAPIError: Invalid Form Body
  name: This field is required
      at RequestHandler.execute (C:\Users\jaces\Desktop\Corebot\node_modules\discord.js\src\rest\RequestHandler.js:170:25)
      at runMicrotasks (<anonymous>)
      at processTicksAndRejections (internal/process/task_queues.js:93:5) {
    method: 'post',
    path: '/guilds/837104198419611649/channels',
    code: 50035,
    httpStatus: 400
  }
} | MS: 1620356517216 | DATE: 5/6/2021, 10:01:57 PM]
----------------------------------
DiscordAPIError: Invalid Form Body
name: This field is required
EXTRA INFO:
Unknown
----------------------------------
[CALLER: Promise {
  <rejected> DiscordAPIError: Invalid Form Body
  name: This field is required
      at RequestHandler.execute (C:\Users\jaces\Desktop\Corebot\node_modules\discord.js\src\rest\RequestHandler.js:170:25)
      at runMicrotasks (<anonymous>)
      at processTicksAndRejections (internal/process/task_queues.js:93:5) {
    method: 'post',
    path: '/guilds/832046329068650526/channels',
    code: 50035,
    httpStatus: 400
  }
} | MS: 1620356517222 | DATE: 5/6/2021, 10:01:57 PM]
----------------------------------
DiscordAPIError: Invalid Form Body
name: This field is required
EXTRA INFO:
Unknown
----------------------------------
[CALLER: Promise {
  <rejected> DiscordAPIError: Invalid Form Body
  name: This field is required
      at RequestHandler.execute (C:\Users\jaces\Desktop\Corebot\node_modules\discord.js\src\rest\RequestHandler.js:170:25)
      at runMicrotasks (<anonymous>)
      at processTicksAndRejections (internal/process/task_queues.js:93:5) {
    method: 'post',
    path: '/guilds/837104198419611649/channels',
    code: 50035,
    httpStatus: 400
  }
} | MS: 1620356524207 | DATE: 5/6/2021, 10:02:04 PM]
----------------------------------
DiscordAPIError: Invalid Form Body
name: This field is required
EXTRA INFO:
Unknown
----------------------------------
[CALLER: Promise {
  <rejected> DiscordAPIError: Invalid Form Body
  name: This field is required
      at RequestHandler.execute (C:\Users\jaces\Desktop\Corebot\node_modules\discord.js\src\rest\RequestHandler.js:170:25)
      at runMicrotasks (<anonymous>)
      at processTicksAndRejections (internal/process/task_queues.js:93:5) {
    method: 'post',
    path: '/guilds/832046329068650526/channels',
    code: 50035,
    httpStatus: 400
  }
} | MS: 1620356524222 | DATE: 5/6/2021, 10:02:04 PM]
----------------------------------
DiscordAPIError: Invalid Form Body
name: This field is required
EXTRA INFO:
Unknown
----------------------------------
[CALLER: AddonHandler.js:123:44 | MS: 1620356526719 | DATE: 5/6/2021, 10:02:06 PM]
-------------------------------------------------------------------
Cannot find module 'paypal-rest-sdk'
Require stack:
- C:\Users\jaces\Desktop\Corebot\addons\BusinessPayPal.js
- C:\Users\jaces\Desktop\Corebot\modules\handlers\AddonHandler.js
- C:\Users\jaces\Desktop\Corebot\commands\management\addon.js
- C:\Users\jaces\Desktop\Corebot\modules\handlers\CommandHandler.js
- C:\Users\jaces\Desktop\Corebot\index.js
EXTRA INFO:
Error: Cannot find module 'paypal-rest-sdk'
Require stack:
- C:\Users\jaces\Desktop\Corebot\addons\BusinessPayPal.js
- C:\Users\jaces\Desktop\Corebot\modules\handlers\AddonHandler.js
- C:\Users\jaces\Desktop\Corebot\commands\management\addon.js
- C:\Users\jaces\Desktop\Corebot\modules\handlers\CommandHandler.js
- C:\Users\jaces\Desktop\Corebot\index.js
    at Function.Module._resolveFilename (internal/modules/cjs/loader.js:880:15)
    at Function.Module._load (internal/modules/cjs/loader.js:725:27)
    at Module.require (internal/modules/cjs/loader.js:952:19)
    at require (internal/modules/cjs/helpers.js:88:18)
    at Object.<anonymous> (C:\Users\jaces\Desktop\Corebot\addons\BusinessPayPal.js:1:1680)
    at Module._compile (internal/modules/cjs/loader.js:1063:30)
    at Object.Module._extensions..js (internal/modules/cjs/loader.js:1092:10)
    at Module.load (internal/modules/cjs/loader.js:928:32)
    at Function.Module._load (internal/modules/cjs/loader.js:769:14)
    at Module.require (internal/modules/cjs/loader.js:952:19)
    at require (internal/modules/cjs/helpers.js:88:18)
    at C:\Users\jaces\Desktop\Corebot\modules\handlers\AddonHandler.js:112:35
    at Array.forEach (<anonymous>)
    at C:\Users\jaces\Desktop\Corebot\modules\handlers\AddonHandler.js:110:18
    at FSReqCallback.oncomplete (fs.js:171:23)
-------------------------------------------------------------------
[CALLER: Promise {
  <rejected> DiscordAPIError: Invalid Form Body
  name: This field is required
      at RequestHandler.execute (C:\Users\jaces\Desktop\Corebot\node_modules\discord.js\src\rest\RequestHandler.js:170:25)
      at runMicrotasks (<anonymous>)
      at processTicksAndRejections (internal/process/task_queues.js:93:5) {
    method: 'post',
    path: '/guilds/832046329068650526/channels',
    code: 50035,
    httpStatus: 400
  }
} | MS: 1620356526833 | DATE: 5/6/2021, 10:02:06 PM]
----------------------------------
DiscordAPIError: Invalid Form Body
name: This field is required
EXTRA INFO:
Unknown
----------------------------------
[CALLER: Promise {
  <rejected> DiscordAPIError: Invalid Form Body
  name: This field is required
      at RequestHandler.execute (C:\Users\jaces\Desktop\Corebot\node_modules\discord.js\src\rest\RequestHandler.js:170:25)
      at runMicrotasks (<anonymous>)
      at processTicksAndRejections (internal/process/task_queues.js:93:5) {
    method: 'post',
    path: '/guilds/837104198419611649/channels',
    code: 50035,
    httpStatus: 400
  }
} | MS: 1620356526977 | DATE: 5/6/2021, 10:02:06 PM]
----------------------------------
DiscordAPIError: Invalid Form Body
name: This field is required
EXTRA INFO:
Unknown
----------------------------------
[CALLER: Promise {
  <rejected> DiscordAPIError: Invalid Form Body
  name: This field is required
      at RequestHandler.execute (C:\Users\jaces\Desktop\Corebot\node_modules\discord.js\src\rest\RequestHandler.js:170:25)
      at runMicrotasks (<anonymous>)
      at processTicksAndRejections (internal/process/task_queues.js:93:5) {
    method: 'post',
    path: '/guilds/832046329068650526/channels',
    code: 50035,
    httpStatus: 400
  }
} | MS: 1620356533194 | DATE: 5/6/2021, 10:02:13 PM]
----------------------------------
DiscordAPIError: Invalid Form Body
name: This field is required
EXTRA INFO:
Unknown
----------------------------------
[CALLER: Promise {
  <rejected> DiscordAPIError: Invalid Form Body
  name: This field is required
      at RequestHandler.execute (C:\Users\jaces\Desktop\Corebot\node_modules\discord.js\src\rest\RequestHandler.js:170:25)
      at runMicrotasks (<anonymous>)
      at processTicksAndRejections (internal/process/task_queues.js:93:5) {
    method: 'post',
    path: '/guilds/837104198419611649/channels',
    code: 50035,
    httpStatus: 400
  }
} | MS: 1620356533217 | DATE: 5/6/2021, 10:02:13 PM]
----------------------------------
DiscordAPIError: Invalid Form Body
name: This field is required
EXTRA INFO:
Unknown
----------------------------------
[CALLER: Promise {
  <rejected> DiscordAPIError: Invalid Form Body
  name: This field is required
      at RequestHandler.execute (C:\Users\jaces\Desktop\Corebot\node_modules\discord.js\src\rest\RequestHandler.js:170:25)
      at runMicrotasks (<anonymous>)
      at processTicksAndRejections (internal/process/task_queues.js:93:5) {
    method: 'post',
    path: '/guilds/837104198419611649/channels',
    code: 50035,
    httpStatus: 400
  }
} | MS: 1620356534109 | DATE: 5/6/2021, 10:02:14 PM]
----------------------------------
DiscordAPIError: Invalid Form Body
name: This field is required
EXTRA INFO:
Unknown
----------------------------------
[CALLER: Promise {
  <rejected> DiscordAPIError: Invalid Form Body
  name: This field is required
      at RequestHandler.execute (C:\Users\jaces\Desktop\Corebot\node_modules\discord.js\src\rest\RequestHandler.js:170:25)
      at runMicrotasks (<anonymous>)
      at processTicksAndRejections (internal/process/task_queues.js:93:5) {
    method: 'post',
    path: '/guilds/832046329068650526/channels',
    code: 50035,
    httpStatus: 400
  }
} | MS: 1620356534116 | DATE: 5/6/2021, 10:02:14 PM]
----------------------------------
DiscordAPIError: Invalid Form Body
name: This field is required
EXTRA INFO:
Unknown
----------------------------------
[CALLER: Promise {
  <rejected> DiscordAPIError: Invalid Form Body
  name: This field is required
      at RequestHandler.execute (C:\Users\jaces\Desktop\Corebot\node_modules\discord.js\src\rest\RequestHandler.js:170:25)
      at processTicksAndRejections (internal/process/task_queues.js:93:5) {
    method: 'post',
    path: '/guilds/832046329068650526/channels',
    code: 50035,
    httpStatus: 400
  }
} | MS: 1620356544980 | DATE: 5/6/2021, 10:02:24 PM]
----------------------------------
DiscordAPIError: Invalid Form Body
name: This field is required
EXTRA INFO:
Unknown
----------------------------------
[CALLER: Promise {
  <rejected> DiscordAPIError: Invalid Form Body
  name: This field is required
      at RequestHandler.execute (C:\Users\jaces\Desktop\Corebot\node_modules\discord.js\src\rest\RequestHandler.js:170:25)
      at processTicksAndRejections (internal/process/task_queues.js:93:5) {
    method: 'post',
    path: '/guilds/837104198419611649/channels',
    code: 50035,
    httpStatus: 400
  }
} | MS: 1620356545057 | DATE: 5/6/2021, 10:02:25 PM]
----------------------------------
DiscordAPIError: Invalid Form Body
name: This field is required
EXTRA INFO:
Unknown
----------------------------------
[CALLER: Promise {
  <rejected> DiscordAPIError: Invalid Form Body
  name: This field is required
      at RequestHandler.execute (C:\Users\jaces\Desktop\Corebot\node_modules\discord.js\src\rest\RequestHandler.js:170:25)
      at processTicksAndRejections (internal/process/task_queues.js:93:5) {
    method: 'post',
    path: '/guilds/837104198419611649/channels',
    code: 50035,
    httpStatus: 400
  }
} | MS: 1620356547188 | DATE: 5/6/2021, 10:02:27 PM]
----------------------------------
DiscordAPIError: Invalid Form Body
name: This field is required
EXTRA INFO:
Unknown
----------------------------------
[CALLER: Promise {
  <rejected> DiscordAPIError: Invalid Form Body
  name: This field is required
      at RequestHandler.execute (C:\Users\jaces\Desktop\Corebot\node_modules\discord.js\src\rest\RequestHandler.js:170:25)
      at processTicksAndRejections (internal/process/task_queues.js:93:5) {
    method: 'post',
    path: '/guilds/832046329068650526/channels',
    code: 50035,
    httpStatus: 400
  }
} | MS: 1620356547206 | DATE: 5/6/2021, 10:02:27 PM]
----------------------------------
DiscordAPIError: Invalid Form Body
name: This field is required
EXTRA INFO:
Unknown
----------------------------------
[CALLER: Promise {
  <rejected> DiscordAPIError: Invalid Form Body
  name: This field is required
      at RequestHandler.execute (C:\Users\jaces\Desktop\Corebot\node_modules\discord.js\src\rest\RequestHandler.js:170:25)
      at processTicksAndRejections (internal/process/task_queues.js:93:5) {
    method: 'post',
    path: '/guilds/837104198419611649/channels',
    code: 50035,
    httpStatus: 400
  }
} | MS: 1620356554479 | DATE: 5/6/2021, 10:02:34 PM]
----------------------------------
DiscordAPIError: Invalid Form Body
name: This field is required
EXTRA INFO:
Unknown
----------------------------------
[CALLER: Promise {
  <rejected> DiscordAPIError: Invalid Form Body
  name: This field is required
      at RequestHandler.execute (C:\Users\jaces\Desktop\Corebot\node_modules\discord.js\src\rest\RequestHandler.js:170:25)
      at processTicksAndRejections (internal/process/task_queues.js:93:5) {
    method: 'post',
    path: '/guilds/832046329068650526/channels',
    code: 50035,
    httpStatus: 400
  }
} | MS: 1620356554535 | DATE: 5/6/2021, 10:02:34 PM]
----------------------------------
DiscordAPIError: Invalid Form Body
name: This field is required
EXTRA INFO:
Unknown
----------------------------------
[CALLER: Promise {
  <rejected> DiscordAPIError: Invalid Form Body
  name: This field is required
      at RequestHandler.execute (C:\Users\jaces\Desktop\Corebot\node_modules\discord.js\src\rest\RequestHandler.js:170:25)
      at processTicksAndRejections (internal/process/task_queues.js:93:5) {
    method: 'post',
    path: '/guilds/837104198419611649/channels',
    code: 50035,
    httpStatus: 400
  }
} | MS: 1620356556835 | DATE: 5/6/2021, 10:02:36 PM]
----------------------------------
DiscordAPIError: Invalid Form Body
name: This field is required
EXTRA INFO:
Unknown
----------------------------------
[CALLER: Promise {
  <rejected> DiscordAPIError: Invalid Form Body
  name: This field is required
      at RequestHandler.execute (C:\Users\jaces\Desktop\Corebot\node_modules\discord.js\src\rest\RequestHandler.js:170:25)
      at processTicksAndRejections (internal/process/task_queues.js:93:5) {
    method: 'post',
    path: '/guilds/832046329068650526/channels',
    code: 50035,
    httpStatus: 400
  }
} | MS: 1620356556864 | DATE: 5/6/2021, 10:02:36 PM]
----------------------------------
DiscordAPIError: Invalid Form Body
name: This field is required
EXTRA INFO:
Unknown
----------------------------------
[CALLER: AddonHandler.js:123:44 | MS: 1620356567221 | DATE: 5/6/2021, 10:02:47 PM]
-------------------------------------------------------------------
Cannot find module 'paypal-rest-sdk'
Require stack:
- C:\Users\jaces\Desktop\Corebot\addons\BusinessPayPal.js
- C:\Users\jaces\Desktop\Corebot\modules\handlers\AddonHandler.js
- C:\Users\jaces\Desktop\Corebot\commands\management\addon.js
- C:\Users\jaces\Desktop\Corebot\modules\handlers\CommandHandler.js
- C:\Users\jaces\Desktop\Corebot\index.js
EXTRA INFO:
Error: Cannot find module 'paypal-rest-sdk'
Require stack:
- C:\Users\jaces\Desktop\Corebot\addons\BusinessPayPal.js
- C:\Users\jaces\Desktop\Corebot\modules\handlers\AddonHandler.js
- C:\Users\jaces\Desktop\Corebot\commands\management\addon.js
- C:\Users\jaces\Desktop\Corebot\modules\handlers\CommandHandler.js
- C:\Users\jaces\Desktop\Corebot\index.js
    at Function.Module._resolveFilename (internal/modules/cjs/loader.js:880:15)
    at Function.Module._load (internal/modules/cjs/loader.js:725:27)
    at Module.require (internal/modules/cjs/loader.js:952:19)
    at require (internal/modules/cjs/helpers.js:88:18)
    at Object.<anonymous> (C:\Users\jaces\Desktop\Corebot\addons\BusinessPayPal.js:1:1680)
    at Module._compile (internal/modules/cjs/loader.js:1063:30)
    at Object.Module._extensions..js (internal/modules/cjs/loader.js:1092:10)
    at Module.load (internal/modules/cjs/loader.js:928:32)
    at Function.Module._load (internal/modules/cjs/loader.js:769:14)
    at Module.require (internal/modules/cjs/loader.js:952:19)
    at require (internal/modules/cjs/helpers.js:88:18)
    at C:\Users\jaces\Desktop\Corebot\modules\handlers\AddonHandler.js:112:35
    at Array.forEach (<anonymous>)
    at C:\Users\jaces\Desktop\Corebot\modules\handlers\AddonHandler.js:110:18
    at FSReqCallback.oncomplete (fs.js:171:23)
-------------------------------------------------------------------
[CALLER: Promise {
  <rejected> DiscordAPIError: Invalid Form Body
  name: This field is required
      at RequestHandler.execute (C:\Users\jaces\Desktop\Corebot\node_modules\discord.js\src\rest\RequestHandler.js:170:25)
      at processTicksAndRejections (internal/process/task_queues.js:93:5) {
    method: 'post',
    path: '/guilds/832046329068650526/channels',
    code: 50035,
    httpStatus: 400
  }
} | MS: 1620356567510 | DATE: 5/6/2021, 10:02:47 PM]
----------------------------------
DiscordAPIError: Invalid Form Body
name: This field is required
EXTRA INFO:
Unknown
----------------------------------
[CALLER: Promise {
  <rejected> DiscordAPIError: Invalid Form Body
  name: This field is required
      at RequestHandler.execute (C:\Users\jaces\Desktop\Corebot\node_modules\discord.js\src\rest\RequestHandler.js:170:25)
      at processTicksAndRejections (internal/process/task_queues.js:93:5) {
    method: 'post',
    path: '/guilds/837104198419611649/channels',
    code: 50035,
    httpStatus: 400
  }
} | MS: 1620356567554 | DATE: 5/6/2021, 10:02:47 PM]
----------------------------------
DiscordAPIError: Invalid Form Body
name: This field is required
EXTRA INFO:
Unknown
----------------------------------
[CALLER: RequestHandler.js:107:21 | MS: 1620356599331 | DATE: 5/6/2021, 10:03:19 PM]
----------------------------------------------------------------------------------------------------------------
FetchError: request to https://discordapp.com/api/v7/channels/840041597918773258 failed, reason: read ECONNRESET
EXTRA INFO:
Promise {
  <rejected> HTTPError [FetchError]: request to https://discordapp.com/api/v7/channels/840041597918773258 failed, reason: read ECONNRESET
      at RequestHandler.execute (C:\Users\jaces\Desktop\Corebot\node_modules\discord.js\src\rest\RequestHandler.js:107:21)
      at processTicksAndRejections (internal/process/task_queues.js:93:5) {
    code: 500,
    method: 'patch',
    path: '/channels/840041597918773258'
  }
}
----------------------------------------------------------------------------------------------------------------
[CALLER: RequestHandler.js:107:21 | MS: 1620356599375 | DATE: 5/6/2021, 10:03:19 PM]
----------------------------------------------------------------------------------------------------------------
FetchError: request to https://discordapp.com/api/v7/channels/840041597390684250 failed, reason: read ECONNRESET
EXTRA INFO:
Promise {
  <rejected> HTTPError [FetchError]: request to https://discordapp.com/api/v7/channels/840041597390684250 failed, reason: read ECONNRESET
      at RequestHandler.execute (C:\Users\jaces\Desktop\Corebot\node_modules\discord.js\src\rest\RequestHandler.js:107:21)
      at processTicksAndRejections (internal/process/task_queues.js:93:5) {
    code: 500,
    method: 'patch',
    path: '/channels/840041597390684250'
  }
}
----------------------------------------------------------------------------------------------------------------
[CALLER: RequestHandler.js:107:21 | MS: 1620356599376 | DATE: 5/6/2021, 10:03:19 PM]
----------------------------------------------------------------------------------------------------------------
FetchError: request to https://discordapp.com/api/v7/channels/840041596874391572 failed, reason: read ECONNRESET
EXTRA INFO:
Promise {
  <rejected> HTTPError [FetchError]: request to https://discordapp.com/api/v7/channels/840041596874391572 failed, reason: read ECONNRESET
      at RequestHandler.execute (C:\Users\jaces\Desktop\Corebot\node_modules\discord.js\src\rest\RequestHandler.js:107:21)
      at processTicksAndRejections (internal/process/task_queues.js:93:5) {
    code: 500,
    method: 'patch',
    path: '/channels/840041596874391572'
  }
}
----------------------------------------------------------------------------------------------------------------
[CALLER: RequestHandler.js:107:21 | MS: 1620356599437 | DATE: 5/6/2021, 10:03:19 PM]
----------------------------------------------------------------------------------------------------------------
FetchError: request to https://discordapp.com/api/v7/channels/840041596803612672 failed, reason: read ECONNRESET
EXTRA INFO:
Promise {
  <rejected> HTTPError [FetchError]: request to https://discordapp.com/api/v7/channels/840041596803612672 failed, reason: read ECONNRESET
      at RequestHandler.execute (C:\Users\jaces\Desktop\Corebot\node_modules\discord.js\src\rest\RequestHandler.js:107:21)
      at processTicksAndRejections (internal/process/task_queues.js:93:5) {
    code: 500,
    method: 'patch',
    path: '/channels/840041596803612672'
  }
}
----------------------------------------------------------------------------------------------------------------
[CALLER: RequestHandler.js:107:21 | MS: 1620356599876 | DATE: 5/6/2021, 10:03:19 PM]
-----------------------------------------------------------------------------------------------------------------------
FetchError: request to https://discordapp.com/api/v7/guilds/837104198419611649/channels failed, reason: read ECONNRESET
EXTRA INFO:
Promise {
  <rejected> HTTPError [FetchError]: request to https://discordapp.com/api/v7/guilds/837104198419611649/channels failed, reason: read ECONNRESET
      at RequestHandler.execute (C:\Users\jaces\Desktop\Corebot\node_modules\discord.js\src\rest\RequestHandler.js:107:21)
      at processTicksAndRejections (internal/process/task_queues.js:93:5) {
    code: 500,
    method: 'post',
    path: '/guilds/837104198419611649/channels'
  }
}
-----------------------------------------------------------------------------------------------------------------------
[CALLER: RequestHandler.js:107:21 | MS: 1620356599886 | DATE: 5/6/2021, 10:03:19 PM]
----------------------------------------------------------------------------------------------------------------
FetchError: request to https://discordapp.com/api/v7/channels/840041597562781708 failed, reason: read ECONNRESET
EXTRA INFO:
Promise {
  <rejected> HTTPError [FetchError]: request to https://discordapp.com/api/v7/channels/840041597562781708 failed, reason: read ECONNRESET
      at RequestHandler.execute (C:\Users\jaces\Desktop\Corebot\node_modules\discord.js\src\rest\RequestHandler.js:107:21)
      at processTicksAndRejections (internal/process/task_queues.js:93:5) {
    code: 500,
    method: 'patch',
    path: '/channels/840041597562781708'
  }
}
----------------------------------------------------------------------------------------------------------------
[CALLER: RequestHandler.js:107:21 | MS: 1620356599944 | DATE: 5/6/2021, 10:03:19 PM]
-----------------------------------------------------------------------------------------------------------------------
FetchError: request to https://discordapp.com/api/v7/guilds/832046329068650526/channels failed, reason: read ECONNRESET
EXTRA INFO:
Promise {
  <rejected> HTTPError [FetchError]: request to https://discordapp.com/api/v7/guilds/832046329068650526/channels failed, reason: read ECONNRESET
      at RequestHandler.execute (C:\Users\jaces\Desktop\Corebot\node_modules\discord.js\src\rest\RequestHandler.js:107:21)
      at processTicksAndRejections (internal/process/task_queues.js:93:5) {
    code: 500,
    method: 'post',
    path: '/guilds/832046329068650526/channels'
  }
}
-----------------------------------------------------------------------------------------------------------------------
[CALLER: RequestHandler.js:107:21 | MS: 1620356599961 | DATE: 5/6/2021, 10:03:19 PM]
----------------------------------------------------------------------------------------------------------------
FetchError: request to https://discordapp.com/api/v7/channels/840041597273767977 failed, reason: read ECONNRESET
EXTRA INFO:
Promise {
  <rejected> HTTPError [FetchError]: request to https://discordapp.com/api/v7/channels/840041597273767977 failed, reason: read ECONNRESET
      at RequestHandler.execute (C:\Users\jaces\Desktop\Corebot\node_modules\discord.js\src\rest\RequestHandler.js:107:21)
      at processTicksAndRejections (internal/process/task_queues.js:93:5) {
    code: 500,
    method: 'patch',
    path: '/channels/840041597273767977'
  }
}
----------------------------------------------------------------------------------------------------------------
[CALLER: Promise {
  <rejected> TypeError: Cannot read property 'bot' of undefined
      at C:\Users\jaces\Desktop\Corebot\addons\music.js:696:18
      at Client.CallEvent (C:\Users\jaces\Desktop\Corebot\modules\handlers\EventHandler.js:13:17)
      at Client.emit (events.js:327:22)
      at WebSocketShard.onMessage (C:\Users\jaces\Desktop\Corebot\node_modules\discord.js\src\client\websocket\WebSocketShard.js:287:27)
      at WebSocket.onMessage (C:\Users\jaces\Desktop\Corebot\node_modules\ws\lib\event-target.js:125:16)
      at WebSocket.emit (events.js:315:20)
      at Receiver.receiverOnMessage (C:\Users\jaces\Desktop\Corebot\node_modules\ws\lib\websocket.js:797:20)
      at Receiver.emit (events.js:315:20)
      at Receiver.dataMessage (C:\Users\jaces\Desktop\Corebot\node_modules\ws\lib\receiver.js:437:14)
      at Receiver.getData (C:\Users\jaces\Desktop\Corebot\node_modules\ws\lib\receiver.js:367:17)
      at Receiver.startLoop (C:\Users\jaces\Desktop\Corebot\node_modules\ws\lib\receiver.js:143:22)
      at Receiver._write (C:\Users\jaces\Desktop\Corebot\node_modules\ws\lib\receiver.js:78:10)
      at writeOrBuffer (internal/streams/writable.js:358:12)
      at Receiver.Writable.write (internal/streams/writable.js:303:10)
      at TLSSocket.socketOnData (C:\Users\jaces\Desktop\Corebot\node_modules\ws\lib\websocket.js:872:35)
      at TLSSocket.emit (events.js:315:20)
      at addChunk (internal/streams/readable.js:309:12)
      at readableAddChunk (internal/streams/readable.js:284:9)
      at TLSSocket.Readable.push (internal/streams/readable.js:223:10)
      at TLSWrap.onStreamRead (internal/stream_base_commons.js:188:23)
} | MS: 1620356617864 | DATE: 5/6/2021, 10:03:37 PM]
--------------------------------------------------
TypeError: Cannot read property 'bot' of undefined
EXTRA INFO:
Unknown
--------------------------------------------------
[CALLER: raw.js:19:57 | MS: 1620356618191 | DATE: 5/6/2021, 10:03:38 PM]
-------------------------------------------------
TypeError: Cannot read property 'id' of undefined
EXTRA INFO:
Promise {
  <rejected> TypeError: Cannot read property 'id' of undefined
      at module.exports (C:\Users\jaces\Desktop\Corebot\events\raw.js:19:57)
      at processTicksAndRejections (internal/process/task_queues.js:93:5)
}
-------------------------------------------------
[CALLER: Promise {
  <rejected> DiscordAPIError: Invalid Form Body
  name: This field is required
      at RequestHandler.execute (C:\Users\jaces\Desktop\Corebot\node_modules\discord.js\src\rest\RequestHandler.js:170:25)
      at processTicksAndRejections (internal/process/task_queues.js:93:5) {
    method: 'post',
    path: '/guilds/832046329068650526/channels',
    code: 50035,
    httpStatus: 400
  }
} | MS: 1620356627545 | DATE: 5/6/2021, 10:03:47 PM]
----------------------------------
DiscordAPIError: Invalid Form Body
name: This field is required
EXTRA INFO:
Unknown
----------------------------------
[CALLER: Promise {
  <rejected> DiscordAPIError: Invalid Form Body
  name: This field is required
      at RequestHandler.execute (C:\Users\jaces\Desktop\Corebot\node_modules\discord.js\src\rest\RequestHandler.js:170:25)
      at processTicksAndRejections (internal/process/task_queues.js:93:5) {
    method: 'post',
    path: '/guilds/837104198419611649/channels',
    code: 50035,
    httpStatus: 400
  }
} | MS: 1620356627547 | DATE: 5/6/2021, 10:03:47 PM]
----------------------------------
DiscordAPIError: Invalid Form Body
name: This field is required
EXTRA INFO:
Unknown
----------------------------------
[CALLER: AddonHandler.js:123:44 | MS: 1620356710189 | DATE: 5/6/2021, 10:05:10 PM]
-------------------------------------------------------------------
Cannot find module 'paypal-rest-sdk'
Require stack:
- C:\Users\jaces\Desktop\Corebot\addons\BusinessPayPal.js
- C:\Users\jaces\Desktop\Corebot\modules\handlers\AddonHandler.js
- C:\Users\jaces\Desktop\Corebot\commands\management\addon.js
- C:\Users\jaces\Desktop\Corebot\modules\handlers\CommandHandler.js
- C:\Users\jaces\Desktop\Corebot\index.js
EXTRA INFO:
Error: Cannot find module 'paypal-rest-sdk'
Require stack:
- C:\Users\jaces\Desktop\Corebot\addons\BusinessPayPal.js
- C:\Users\jaces\Desktop\Corebot\modules\handlers\AddonHandler.js
- C:\Users\jaces\Desktop\Corebot\commands\management\addon.js
- C:\Users\jaces\Desktop\Corebot\modules\handlers\CommandHandler.js
- C:\Users\jaces\Desktop\Corebot\index.js
    at Function.Module._resolveFilename (internal/modules/cjs/loader.js:880:15)
    at Function.Module._load (internal/modules/cjs/loader.js:725:27)
    at Module.require (internal/modules/cjs/loader.js:952:19)
    at require (internal/modules/cjs/helpers.js:88:18)
    at Object.<anonymous> (C:\Users\jaces\Desktop\Corebot\addons\BusinessPayPal.js:1:1680)
    at Module._compile (internal/modules/cjs/loader.js:1063:30)
    at Object.Module._extensions..js (internal/modules/cjs/loader.js:1092:10)
    at Module.load (internal/modules/cjs/loader.js:928:32)
    at Function.Module._load (internal/modules/cjs/loader.js:769:14)
    at Module.require (internal/modules/cjs/loader.js:952:19)
    at require (internal/modules/cjs/helpers.js:88:18)
    at C:\Users\jaces\Desktop\Corebot\modules\handlers\AddonHandler.js:112:35
    at Array.forEach (<anonymous>)
    at C:\Users\jaces\Desktop\Corebot\modules\handlers\AddonHandler.js:110:18
    at FSReqCallback.oncomplete (fs.js:171:23)
-------------------------------------------------------------------
[CALLER: Promise {
  <rejected> DiscordAPIError: Invalid Form Body
  name: This field is required
      at RequestHandler.execute (C:\Users\jaces\Desktop\Corebot\node_modules\discord.js\src\rest\RequestHandler.js:170:25)
      at processTicksAndRejections (internal/process/task_queues.js:93:5) {
    method: 'post',
    path: '/guilds/837104198419611649/channels',
    code: 50035,
    httpStatus: 400
  }
} | MS: 1620356710418 | DATE: 5/6/2021, 10:05:10 PM]
----------------------------------
DiscordAPIError: Invalid Form Body
name: This field is required
EXTRA INFO:
Unknown
----------------------------------
[CALLER: Promise {
  <rejected> DiscordAPIError: Invalid Form Body
  name: This field is required
      at RequestHandler.execute (C:\Users\jaces\Desktop\Corebot\node_modules\discord.js\src\rest\RequestHandler.js:170:25)
      at processTicksAndRejections (internal/process/task_queues.js:93:5) {
    method: 'post',
    path: '/guilds/832046329068650526/channels',
    code: 50035,
    httpStatus: 400
  }
} | MS: 1620356710453 | DATE: 5/6/2021, 10:05:10 PM]
----------------------------------
DiscordAPIError: Invalid Form Body
name: This field is required
EXTRA INFO:
Unknown
----------------------------------
[CALLER: Promise {
  <rejected> DiscordAPIError: Invalid Form Body
  name: This field is required
      at RequestHandler.execute (C:\Users\jaces\Desktop\Corebot\node_modules\discord.js\src\rest\RequestHandler.js:170:25)
      at processTicksAndRejections (internal/process/task_queues.js:93:5) {
    method: 'post',
    path: '/guilds/837104198419611649/channels',
    code: 50035,
    httpStatus: 400
  }
} | MS: 1620356741765 | DATE: 5/6/2021, 10:05:41 PM]
----------------------------------
DiscordAPIError: Invalid Form Body
name: This field is required
EXTRA INFO:
Unknown
----------------------------------
[CALLER: Promise {
  <rejected> DiscordAPIError: Invalid Form Body
  name: This field is required
      at RequestHandler.execute (C:\Users\jaces\Desktop\Corebot\node_modules\discord.js\src\rest\RequestHandler.js:170:25)
      at processTicksAndRejections (internal/process/task_queues.js:93:5) {
    method: 'post',
    path: '/guilds/832046329068650526/channels',
    code: 50035,
    httpStatus: 400
  }
} | MS: 1620356741769 | DATE: 5/6/2021, 10:05:41 PM]
----------------------------------
DiscordAPIError: Invalid Form Body
name: This field is required
EXTRA INFO:
Unknown
----------------------------------
[CALLER: AddonHandler.js:123:44 | MS: 1620356742078 | DATE: 5/6/2021, 10:05:42 PM]
-------------------------------------------------------------------
Cannot find module 'paypal-rest-sdk'
Require stack:
- C:\Users\jaces\Desktop\Corebot\addons\BusinessPayPal.js
- C:\Users\jaces\Desktop\Corebot\modules\handlers\AddonHandler.js
- C:\Users\jaces\Desktop\Corebot\commands\management\addon.js
- C:\Users\jaces\Desktop\Corebot\modules\handlers\CommandHandler.js
- C:\Users\jaces\Desktop\Corebot\index.js
EXTRA INFO:
Error: Cannot find module 'paypal-rest-sdk'
Require stack:
- C:\Users\jaces\Desktop\Corebot\addons\BusinessPayPal.js
- C:\Users\jaces\Desktop\Corebot\modules\handlers\AddonHandler.js
- C:\Users\jaces\Desktop\Corebot\commands\management\addon.js
- C:\Users\jaces\Desktop\Corebot\modules\handlers\CommandHandler.js
- C:\Users\jaces\Desktop\Corebot\index.js
    at Function.Module._resolveFilename (internal/modules/cjs/loader.js:880:15)
    at Function.Module._load (internal/modules/cjs/loader.js:725:27)
    at Module.require (internal/modules/cjs/loader.js:952:19)
    at require (internal/modules/cjs/helpers.js:88:18)
    at Object.<anonymous> (C:\Users\jaces\Desktop\Corebot\addons\BusinessPayPal.js:1:1680)
    at Module._compile (internal/modules/cjs/loader.js:1063:30)
    at Object.Module._extensions..js (internal/modules/cjs/loader.js:1092:10)
    at Module.load (internal/modules/cjs/loader.js:928:32)
    at Function.Module._load (internal/modules/cjs/loader.js:769:14)
    at Module.require (internal/modules/cjs/loader.js:952:19)
    at require (internal/modules/cjs/helpers.js:88:18)
    at C:\Users\jaces\Desktop\Corebot\modules\handlers\AddonHandler.js:112:35
    at Array.forEach (<anonymous>)
    at C:\Users\jaces\Desktop\Corebot\modules\handlers\AddonHandler.js:110:18
    at FSReqCallback.oncomplete (fs.js:171:23)
-------------------------------------------------------------------
[CALLER: Promise {
  <rejected> DiscordAPIError: Invalid Form Body
  name: This field is required
      at RequestHandler.execute (C:\Users\jaces\Desktop\Corebot\node_modules\discord.js\src\rest\RequestHandler.js:170:25)
      at processTicksAndRejections (internal/process/task_queues.js:93:5) {
    method: 'post',
    path: '/guilds/832046329068650526/channels',
    code: 50035,
    httpStatus: 400
  }
} | MS: 1620356742212 | DATE: 5/6/2021, 10:05:42 PM]
----------------------------------
DiscordAPIError: Invalid Form Body
name: This field is required
EXTRA INFO:
Unknown
----------------------------------
[CALLER: Promise {
  <rejected> DiscordAPIError: Invalid Form Body
  name: This field is required
      at RequestHandler.execute (C:\Users\jaces\Desktop\Corebot\node_modules\discord.js\src\rest\RequestHandler.js:170:25)
      at processTicksAndRejections (internal/process/task_queues.js:93:5) {
    method: 'post',
    path: '/guilds/837104198419611649/channels',
    code: 50035,
    httpStatus: 400
  }
} | MS: 1620356742372 | DATE: 5/6/2021, 10:05:42 PM]
----------------------------------
DiscordAPIError: Invalid Form Body
name: This field is required
EXTRA INFO:
Unknown
----------------------------------
[CALLER: AddonHandler.js:123:44 | MS: 1620356774718 | DATE: 5/6/2021, 10:06:14 PM]
-------------------------------------------------------------------
Cannot find module 'paypal-rest-sdk'
Require stack:
- C:\Users\jaces\Desktop\Corebot\addons\BusinessPayPal.js
- C:\Users\jaces\Desktop\Corebot\modules\handlers\AddonHandler.js
- C:\Users\jaces\Desktop\Corebot\commands\management\addon.js
- C:\Users\jaces\Desktop\Corebot\modules\handlers\CommandHandler.js
- C:\Users\jaces\Desktop\Corebot\index.js
EXTRA INFO:
Error: Cannot find module 'paypal-rest-sdk'
Require stack:
- C:\Users\jaces\Desktop\Corebot\addons\BusinessPayPal.js
- C:\Users\jaces\Desktop\Corebot\modules\handlers\AddonHandler.js
- C:\Users\jaces\Desktop\Corebot\commands\management\addon.js
- C:\Users\jaces\Desktop\Corebot\modules\handlers\CommandHandler.js
- C:\Users\jaces\Desktop\Corebot\index.js
    at Function.Module._resolveFilename (internal/modules/cjs/loader.js:880:15)
    at Function.Module._load (internal/modules/cjs/loader.js:725:27)
    at Module.require (internal/modules/cjs/loader.js:952:19)
    at require (internal/modules/cjs/helpers.js:88:18)
    at Object.<anonymous> (C:\Users\jaces\Desktop\Corebot\addons\BusinessPayPal.js:1:1680)
    at Module._compile (internal/modules/cjs/loader.js:1063:30)
    at Object.Module._extensions..js (internal/modules/cjs/loader.js:1092:10)
    at Module.load (internal/modules/cjs/loader.js:928:32)
    at Function.Module._load (internal/modules/cjs/loader.js:769:14)
    at Module.require (internal/modules/cjs/loader.js:952:19)
    at require (internal/modules/cjs/helpers.js:88:18)
    at C:\Users\jaces\Desktop\Corebot\modules\handlers\AddonHandler.js:112:35
    at Array.forEach (<anonymous>)
    at C:\Users\jaces\Desktop\Corebot\modules\handlers\AddonHandler.js:110:18
    at FSReqCallback.oncomplete (fs.js:171:23)
-------------------------------------------------------------------
[CALLER: Promise {
  <rejected> DiscordAPIError: Invalid Form Body
  name: This field is required
      at RequestHandler.execute (C:\Users\jaces\Desktop\Corebot\node_modules\discord.js\src\rest\RequestHandler.js:170:25)
      at processTicksAndRejections (internal/process/task_queues.js:93:5) {
    method: 'post',
    path: '/guilds/837104198419611649/channels',
    code: 50035,
    httpStatus: 400
  }
} | MS: 1620356774970 | DATE: 5/6/2021, 10:06:14 PM]
----------------------------------
DiscordAPIError: Invalid Form Body
name: This field is required
EXTRA INFO:
Unknown
----------------------------------
[CALLER: Promise {
  <rejected> DiscordAPIError: Invalid Form Body
  name: This field is required
      at RequestHandler.execute (C:\Users\jaces\Desktop\Corebot\node_modules\discord.js\src\rest\RequestHandler.js:170:25)
      at processTicksAndRejections (internal/process/task_queues.js:93:5) {
    method: 'post',
    path: '/guilds/832046329068650526/channels',
    code: 50035,
    httpStatus: 400
  }
} | MS: 1620356774976 | DATE: 5/6/2021, 10:06:14 PM]
----------------------------------
DiscordAPIError: Invalid Form Body
name: This field is required
EXTRA INFO:
Unknown
----------------------------------
[CALLER: Promise {
  <rejected> DiscordAPIError: Invalid Form Body
  name: This field is required
      at RequestHandler.execute (C:\Users\jaces\Desktop\Corebot\node_modules\discord.js\src\rest\RequestHandler.js:170:25)
      at processTicksAndRejections (internal/process/task_queues.js:93:5) {
    method: 'post',
    path: '/guilds/832046329068650526/channels',
    code: 50035,
    httpStatus: 400
  }
} | MS: 1620356804912 | DATE: 5/6/2021, 10:06:44 PM]
----------------------------------
DiscordAPIError: Invalid Form Body
name: This field is required
EXTRA INFO:
Unknown
----------------------------------
[CALLER: Promise {
  <rejected> DiscordAPIError: Invalid Form Body
  name: This field is required
      at RequestHandler.execute (C:\Users\jaces\Desktop\Corebot\node_modules\discord.js\src\rest\RequestHandler.js:170:25)
      at processTicksAndRejections (internal/process/task_queues.js:93:5) {
    method: 'post',
    path: '/guilds/837104198419611649/channels',
    code: 50035,
    httpStatus: 400
  }
} | MS: 1620356804914 | DATE: 5/6/2021, 10:06:44 PM]
----------------------------------
DiscordAPIError: Invalid Form Body
name: This field is required
EXTRA INFO:
Unknown
----------------------------------
[CALLER: AddonHandler.js:123:44 | MS: 1620356818497 | DATE: 5/6/2021, 10:06:58 PM]
-------------------------------------------------------------------
Cannot find module 'paypal-rest-sdk'
Require stack:
- C:\Users\jaces\Desktop\Corebot\addons\BusinessPayPal.js
- C:\Users\jaces\Desktop\Corebot\modules\handlers\AddonHandler.js
- C:\Users\jaces\Desktop\Corebot\commands\management\addon.js
- C:\Users\jaces\Desktop\Corebot\modules\handlers\CommandHandler.js
- C:\Users\jaces\Desktop\Corebot\index.js
EXTRA INFO:
Error: Cannot find module 'paypal-rest-sdk'
Require stack:
- C:\Users\jaces\Desktop\Corebot\addons\BusinessPayPal.js
- C:\Users\jaces\Desktop\Corebot\modules\handlers\AddonHandler.js
- C:\Users\jaces\Desktop\Corebot\commands\management\addon.js
- C:\Users\jaces\Desktop\Corebot\modules\handlers\CommandHandler.js
- C:\Users\jaces\Desktop\Corebot\index.js
    at Function.Module._resolveFilename (internal/modules/cjs/loader.js:880:15)
    at Function.Module._load (internal/modules/cjs/loader.js:725:27)
    at Module.require (internal/modules/cjs/loader.js:952:19)
    at require (internal/modules/cjs/helpers.js:88:18)
    at Object.<anonymous> (C:\Users\jaces\Desktop\Corebot\addons\BusinessPayPal.js:1:1680)
    at Module._compile (internal/modules/cjs/loader.js:1063:30)
    at Object.Module._extensions..js (internal/modules/cjs/loader.js:1092:10)
    at Module.load (internal/modules/cjs/loader.js:928:32)
    at Function.Module._load (internal/modules/cjs/loader.js:769:14)
    at Module.require (internal/modules/cjs/loader.js:952:19)
    at require (internal/modules/cjs/helpers.js:88:18)
    at C:\Users\jaces\Desktop\Corebot\modules\handlers\AddonHandler.js:112:35
    at Array.forEach (<anonymous>)
    at C:\Users\jaces\Desktop\Corebot\modules\handlers\AddonHandler.js:110:18
    at FSReqCallback.oncomplete (fs.js:171:23)
-------------------------------------------------------------------
[CALLER: Promise {
  <rejected> DiscordAPIError: Invalid Form Body
  name: This field is required
      at RequestHandler.execute (C:\Users\jaces\Desktop\Corebot\node_modules\discord.js\src\rest\RequestHandler.js:170:25)
      at processTicksAndRejections (internal/process/task_queues.js:93:5) {
    method: 'post',
    path: '/guilds/832046329068650526/channels',
    code: 50035,
    httpStatus: 400
  }
} | MS: 1620356818700 | DATE: 5/6/2021, 10:06:58 PM]
----------------------------------
DiscordAPIError: Invalid Form Body
name: This field is required
EXTRA INFO:
Unknown
----------------------------------
[CALLER: Promise {
  <rejected> DiscordAPIError: Invalid Form Body
  name: This field is required
      at RequestHandler.execute (C:\Users\jaces\Desktop\Corebot\node_modules\discord.js\src\rest\RequestHandler.js:170:25)
      at processTicksAndRejections (internal/process/task_queues.js:93:5) {
    method: 'post',
    path: '/guilds/837104198419611649/channels',
    code: 50035,
    httpStatus: 400
  }
} | MS: 1620356818752 | DATE: 5/6/2021, 10:06:58 PM]
----------------------------------
DiscordAPIError: Invalid Form Body
name: This field is required
EXTRA INFO:
Unknown
----------------------------------
[CALLER: Promise {
  <rejected> DiscordAPIError: Invalid Form Body
  name: This field is required
      at RequestHandler.execute (C:\Users\jaces\Desktop\Corebot\node_modules\discord.js\src\rest\RequestHandler.js:170:25)
      at processTicksAndRejections (internal/process/task_queues.js:93:5) {
    method: 'post',
    path: '/guilds/832046329068650526/channels',
    code: 50035,
    httpStatus: 400
  }
} | MS: 1620356834878 | DATE: 5/6/2021, 10:07:14 PM]
----------------------------------
DiscordAPIError: Invalid Form Body
name: This field is required
EXTRA INFO:
Unknown
----------------------------------
[CALLER: Promise {
  <rejected> DiscordAPIError: Invalid Form Body
  name: This field is required
      at RequestHandler.execute (C:\Users\jaces\Desktop\Corebot\node_modules\discord.js\src\rest\RequestHandler.js:170:25)
      at processTicksAndRejections (internal/process/task_queues.js:93:5) {
    method: 'post',
    path: '/guilds/837104198419611649/channels',
    code: 50035,
    httpStatus: 400
  }
} | MS: 1620356834882 | DATE: 5/6/2021, 10:07:14 PM]
----------------------------------
DiscordAPIError: Invalid Form Body
name: This field is required
EXTRA INFO:
Unknown
----------------------------------
[CALLER: Promise {
  <rejected> DiscordAPIError: Invalid Form Body
  name: This field is required
      at RequestHandler.execute (C:\Users\jaces\Desktop\Corebot\node_modules\discord.js\src\rest\RequestHandler.js:170:25)
      at processTicksAndRejections (internal/process/task_queues.js:93:5) {
    method: 'post',
    path: '/guilds/837104198419611649/channels',
    code: 50035,
    httpStatus: 400
  }
} | MS: 1620356848695 | DATE: 5/6/2021, 10:07:28 PM]
----------------------------------
DiscordAPIError: Invalid Form Body
name: This field is required
EXTRA INFO:
Unknown
----------------------------------
[CALLER: Promise {
  <rejected> DiscordAPIError: Invalid Form Body
  name: This field is required
      at RequestHandler.execute (C:\Users\jaces\Desktop\Corebot\node_modules\discord.js\src\rest\RequestHandler.js:170:25)
      at processTicksAndRejections (internal/process/task_queues.js:93:5) {
    method: 'post',
    path: '/guilds/832046329068650526/channels',
    code: 50035,
    httpStatus: 400
  }
} | MS: 1620356848696 | DATE: 5/6/2021, 10:07:28 PM]
----------------------------------
DiscordAPIError: Invalid Form Body
name: This field is required
EXTRA INFO:
Unknown
----------------------------------
[CALLER: Promise {
  <rejected> DiscordAPIError: Invalid Form Body
  name: This field is required
      at RequestHandler.execute (C:\Users\jaces\Desktop\Corebot\node_modules\discord.js\src\rest\RequestHandler.js:170:25)
      at processTicksAndRejections (internal/process/task_queues.js:93:5) {
    method: 'post',
    path: '/guilds/837104198419611649/channels',
    code: 50035,
    httpStatus: 400
  }
} | MS: 1620356864845 | DATE: 5/6/2021, 10:07:44 PM]
----------------------------------
DiscordAPIError: Invalid Form Body
name: This field is required
EXTRA INFO:
Unknown
----------------------------------
[CALLER: Promise {
  <rejected> DiscordAPIError: Invalid Form Body
  name: This field is required
      at RequestHandler.execute (C:\Users\jaces\Desktop\Corebot\node_modules\discord.js\src\rest\RequestHandler.js:170:25)
      at processTicksAndRejections (internal/process/task_queues.js:93:5) {
    method: 'post',
    path: '/guilds/832046329068650526/channels',
    code: 50035,
    httpStatus: 400
  }
} | MS: 1620356864894 | DATE: 5/6/2021, 10:07:44 PM]
----------------------------------
DiscordAPIError: Invalid Form Body
name: This field is required
EXTRA INFO:
Unknown
----------------------------------
[CALLER: Promise {
  <rejected> DiscordAPIError: Invalid Form Body
  name: This field is required
      at RequestHandler.execute (C:\Users\jaces\Desktop\Corebot\node_modules\discord.js\src\rest\RequestHandler.js:170:25)
      at processTicksAndRejections (internal/process/task_queues.js:93:5) {
    method: 'post',
    path: '/guilds/832046329068650526/channels',
    code: 50035,
    httpStatus: 400
  }
} | MS: 1620356878686 | DATE: 5/6/2021, 10:07:58 PM]
----------------------------------
DiscordAPIError: Invalid Form Body
name: This field is required
EXTRA INFO:
Unknown
----------------------------------
[CALLER: Promise {
  <rejected> DiscordAPIError: Invalid Form Body
  name: This field is required
      at RequestHandler.execute (C:\Users\jaces\Desktop\Corebot\node_modules\discord.js\src\rest\RequestHandler.js:170:25)
      at processTicksAndRejections (internal/process/task_queues.js:93:5) {
    method: 'post',
    path: '/guilds/837104198419611649/channels',
    code: 50035,
    httpStatus: 400
  }
} | MS: 1620356878687 | DATE: 5/6/2021, 10:07:58 PM]
----------------------------------
DiscordAPIError: Invalid Form Body
name: This field is required
EXTRA INFO:
Unknown
----------------------------------
[CALLER: Promise {
  <rejected> DiscordAPIError: Invalid Form Body
  name: This field is required
      at RequestHandler.execute (C:\Users\jaces\Desktop\Corebot\node_modules\discord.js\src\rest\RequestHandler.js:170:25)
      at processTicksAndRejections (internal/process/task_queues.js:93:5) {
    method: 'post',
    path: '/guilds/832046329068650526/channels',
    code: 50035,
    httpStatus: 400
  }
} | MS: 1620356899461 | DATE: 5/6/2021, 10:08:19 PM]
----------------------------------
DiscordAPIError: Invalid Form Body
name: This field is required
EXTRA INFO:
Unknown
----------------------------------
[CALLER: Promise {
  <rejected> DiscordAPIError: Invalid Form Body
  name: This field is required
      at RequestHandler.execute (C:\Users\jaces\Desktop\Corebot\node_modules\discord.js\src\rest\RequestHandler.js:170:25)
      at processTicksAndRejections (internal/process/task_queues.js:93:5) {
    method: 'post',
    path: '/guilds/837104198419611649/channels',
    code: 50035,
    httpStatus: 400
  }
} | MS: 1620356899597 | DATE: 5/6/2021, 10:08:19 PM]
----------------------------------
DiscordAPIError: Invalid Form Body
name: This field is required
EXTRA INFO:
Unknown
----------------------------------
[CALLER: Promise {
  <rejected> DiscordAPIError: Invalid Form Body
  name: This field is required
      at RequestHandler.execute (C:\Users\jaces\Desktop\Corebot\node_modules\discord.js\src\rest\RequestHandler.js:170:25)
      at processTicksAndRejections (internal/process/task_queues.js:93:5) {
    method: 'post',
    path: '/guilds/837104198419611649/channels',
    code: 50035,
    httpStatus: 400
  }
} | MS: 1620356908629 | DATE: 5/6/2021, 10:08:28 PM]
----------------------------------
DiscordAPIError: Invalid Form Body
name: This field is required
EXTRA INFO:
Unknown
----------------------------------
[CALLER: Promise {
  <rejected> DiscordAPIError: Invalid Form Body
  name: This field is required
      at RequestHandler.execute (C:\Users\jaces\Desktop\Corebot\node_modules\discord.js\src\rest\RequestHandler.js:170:25)
      at processTicksAndRejections (internal/process/task_queues.js:93:5) {
    method: 'post',
    path: '/guilds/832046329068650526/channels',
    code: 50035,
    httpStatus: 400
  }
} | MS: 1620356908631 | DATE: 5/6/2021, 10:08:28 PM]
----------------------------------
DiscordAPIError: Invalid Form Body
name: This field is required
EXTRA INFO:
Unknown
----------------------------------
[CALLER: Promise {
  <rejected> DiscordAPIError: Invalid Form Body
  name: This field is required
      at RequestHandler.execute (C:\Users\jaces\Desktop\Corebot\node_modules\discord.js\src\rest\RequestHandler.js:170:25)
      at processTicksAndRejections (internal/process/task_queues.js:93:5) {
    method: 'post',
    path: '/guilds/837104198419611649/channels',
    code: 50035,
    httpStatus: 400
  }
} | MS: 1620356924890 | DATE: 5/6/2021, 10:08:44 PM]
----------------------------------
DiscordAPIError: Invalid Form Body
name: This field is required
EXTRA INFO:
Unknown
----------------------------------
[CALLER: Promise {
  <rejected> DiscordAPIError: Invalid Form Body
  name: This field is required
      at RequestHandler.execute (C:\Users\jaces\Desktop\Corebot\node_modules\discord.js\src\rest\RequestHandler.js:170:25)
      at processTicksAndRejections (internal/process/task_queues.js:93:5) {
    method: 'post',
    path: '/guilds/832046329068650526/channels',
    code: 50035,
    httpStatus: 400
  }
} | MS: 1620356924949 | DATE: 5/6/2021, 10:08:44 PM]
----------------------------------
DiscordAPIError: Invalid Form Body
name: This field is required
EXTRA INFO:
Unknown
----------------------------------
[CALLER: Promise {
  <rejected> DiscordAPIError: Invalid Form Body
  name: This field is required
      at RequestHandler.execute (C:\Users\jaces\Desktop\Corebot\node_modules\discord.js\src\rest\RequestHandler.js:170:25)
      at processTicksAndRejections (internal/process/task_queues.js:93:5) {
    method: 'post',
    path: '/guilds/837104198419611649/channels',
    code: 50035,
    httpStatus: 400
  }
} | MS: 1620356938628 | DATE: 5/6/2021, 10:08:58 PM]
----------------------------------
DiscordAPIError: Invalid Form Body
name: This field is required
EXTRA INFO:
Unknown
----------------------------------
[CALLER: Promise {
  <rejected> DiscordAPIError: Invalid Form Body
  name: This field is required
      at RequestHandler.execute (C:\Users\jaces\Desktop\Corebot\node_modules\discord.js\src\rest\RequestHandler.js:170:25)
      at processTicksAndRejections (internal/process/task_queues.js:93:5) {
    method: 'post',
    path: '/guilds/832046329068650526/channels',
    code: 50035,
    httpStatus: 400
  }
} | MS: 1620356938663 | DATE: 5/6/2021, 10:08:58 PM]
----------------------------------
DiscordAPIError: Invalid Form Body
name: This field is required
EXTRA INFO:
Unknown
----------------------------------
[CALLER: RequestHandler.js:107:21 | MS: 1620356954778 | DATE: 5/6/2021, 10:09:14 PM]
----------------------------------------------------------------------------------------------------------------
FetchError: request to https://discordapp.com/api/v7/channels/840041597390684250 failed, reason: read ECONNRESET
EXTRA INFO:
Promise {
  <rejected> HTTPError [FetchError]: request to https://discordapp.com/api/v7/channels/840041597390684250 failed, reason: read ECONNRESET
      at RequestHandler.execute (C:\Users\jaces\Desktop\Corebot\node_modules\discord.js\src\rest\RequestHandler.js:107:21)
      at processTicksAndRejections (internal/process/task_queues.js:93:5) {
    code: 500,
    method: 'patch',
    path: '/channels/840041597390684250'
  }
}
----------------------------------------------------------------------------------------------------------------
[CALLER: RequestHandler.js:107:21 | MS: 1620356954778 | DATE: 5/6/2021, 10:09:14 PM]
----------------------------------------------------------------------------------------------------------------
FetchError: request to https://discordapp.com/api/v7/channels/840041596874391572 failed, reason: read ECONNRESET
EXTRA INFO:
Promise {
  <rejected> HTTPError [FetchError]: request to https://discordapp.com/api/v7/channels/840041596874391572 failed, reason: read ECONNRESET
      at RequestHandler.execute (C:\Users\jaces\Desktop\Corebot\node_modules\discord.js\src\rest\RequestHandler.js:107:21)
      at processTicksAndRejections (internal/process/task_queues.js:93:5) {
    code: 500,
    method: 'patch',
    path: '/channels/840041596874391572'
  }
}
----------------------------------------------------------------------------------------------------------------
[CALLER: RequestHandler.js:107:21 | MS: 1620356954827 | DATE: 5/6/2021, 10:09:14 PM]
----------------------------------------------------------------------------------------------------------------
FetchError: request to https://discordapp.com/api/v7/channels/840041597918773258 failed, reason: read ECONNRESET
EXTRA INFO:
Promise {
  <rejected> HTTPError [FetchError]: request to https://discordapp.com/api/v7/channels/840041597918773258 failed, reason: read ECONNRESET
      at RequestHandler.execute (C:\Users\jaces\Desktop\Corebot\node_modules\discord.js\src\rest\RequestHandler.js:107:21)
      at processTicksAndRejections (internal/process/task_queues.js:93:5) {
    code: 500,
    method: 'patch',
    path: '/channels/840041597918773258'
  }
}
----------------------------------------------------------------------------------------------------------------
[CALLER: RequestHandler.js:107:21 | MS: 1620356954921 | DATE: 5/6/2021, 10:09:14 PM]
-----------------------------------------------------------------------------------------------------------------------
FetchError: request to https://discordapp.com/api/v7/guilds/832046329068650526/channels failed, reason: read ECONNRESET
EXTRA INFO:
Promise {
  <rejected> HTTPError [FetchError]: request to https://discordapp.com/api/v7/guilds/832046329068650526/channels failed, reason: read ECONNRESET
      at RequestHandler.execute (C:\Users\jaces\Desktop\Corebot\node_modules\discord.js\src\rest\RequestHandler.js:107:21)
      at processTicksAndRejections (internal/process/task_queues.js:93:5) {
    code: 500,
    method: 'post',
    path: '/guilds/832046329068650526/channels'
  }
}
-----------------------------------------------------------------------------------------------------------------------
[CALLER: RequestHandler.js:107:21 | MS: 1620356954966 | DATE: 5/6/2021, 10:09:14 PM]
-----------------------------------------------------------------------------------------------------------------------
FetchError: request to https://discordapp.com/api/v7/guilds/837104198419611649/channels failed, reason: read ECONNRESET
EXTRA INFO:
Promise {
  <rejected> HTTPError [FetchError]: request to https://discordapp.com/api/v7/guilds/837104198419611649/channels failed, reason: read ECONNRESET
      at RequestHandler.execute (C:\Users\jaces\Desktop\Corebot\node_modules\discord.js\src\rest\RequestHandler.js:107:21)
      at processTicksAndRejections (internal/process/task_queues.js:93:5) {
    code: 500,
    method: 'post',
    path: '/guilds/837104198419611649/channels'
  }
}
-----------------------------------------------------------------------------------------------------------------------
[CALLER: RequestHandler.js:107:21 | MS: 1620356954967 | DATE: 5/6/2021, 10:09:14 PM]
----------------------------------------------------------------------------------------------------------------
FetchError: request to https://discordapp.com/api/v7/channels/840041596803612672 failed, reason: read ECONNRESET
EXTRA INFO:
Promise {
  <rejected> HTTPError [FetchError]: request to https://discordapp.com/api/v7/channels/840041596803612672 failed, reason: read ECONNRESET
      at RequestHandler.execute (C:\Users\jaces\Desktop\Corebot\node_modules\discord.js\src\rest\RequestHandler.js:107:21)
      at processTicksAndRejections (internal/process/task_queues.js:93:5) {
    code: 500,
    method: 'patch',
    path: '/channels/840041596803612672'
  }
}
----------------------------------------------------------------------------------------------------------------
[CALLER: RequestHandler.js:107:21 | MS: 1620356954968 | DATE: 5/6/2021, 10:09:14 PM]
----------------------------------------------------------------------------------------------------------------
FetchError: request to https://discordapp.com/api/v7/channels/840041597562781708 failed, reason: read ECONNRESET
EXTRA INFO:
Promise {
  <rejected> HTTPError [FetchError]: request to https://discordapp.com/api/v7/channels/840041597562781708 failed, reason: read ECONNRESET
      at RequestHandler.execute (C:\Users\jaces\Desktop\Corebot\node_modules\discord.js\src\rest\RequestHandler.js:107:21)
      at processTicksAndRejections (internal/process/task_queues.js:93:5) {
    code: 500,
    method: 'patch',
    path: '/channels/840041597562781708'
  }
}
----------------------------------------------------------------------------------------------------------------
[CALLER: RequestHandler.js:107:21 | MS: 1620356954969 | DATE: 5/6/2021, 10:09:14 PM]
----------------------------------------------------------------------------------------------------------------
FetchError: request to https://discordapp.com/api/v7/channels/840041597273767977 failed, reason: read ECONNRESET
EXTRA INFO:
Promise {
  <rejected> HTTPError [FetchError]: request to https://discordapp.com/api/v7/channels/840041597273767977 failed, reason: read ECONNRESET
      at RequestHandler.execute (C:\Users\jaces\Desktop\Corebot\node_modules\discord.js\src\rest\RequestHandler.js:107:21)
      at processTicksAndRejections (internal/process/task_queues.js:93:5) {
    code: 500,
    method: 'patch',
    path: '/channels/840041597273767977'
  }
}
----------------------------------------------------------------------------------------------------------------
[CALLER: RequestHandler.js:107:21 | MS: 1620356983522 | DATE: 5/6/2021, 10:09:43 PM]
---------------------------------------
AbortError: The user aborted a request.
EXTRA INFO:
Promise {
  <rejected> HTTPError [AbortError]: The user aborted a request.
      at RequestHandler.execute (C:\Users\jaces\Desktop\Corebot\node_modules\discord.js\src\rest\RequestHandler.js:107:21)
      at processTicksAndRejections (internal/process/task_queues.js:93:5) {
    code: 500,
    method: 'patch',
    path: '/channels/840041596874391572'
  }
}
---------------------------------------
[CALLER: RequestHandler.js:107:21 | MS: 1620356983523 | DATE: 5/6/2021, 10:09:43 PM]
---------------------------------------
AbortError: The user aborted a request.
EXTRA INFO:
Promise {
  <rejected> HTTPError [AbortError]: The user aborted a request.
      at RequestHandler.execute (C:\Users\jaces\Desktop\Corebot\node_modules\discord.js\src\rest\RequestHandler.js:107:21)
      at processTicksAndRejections (internal/process/task_queues.js:93:5)
      at runNextTicks (internal/process/task_queues.js:62:3)
      at listOnTimeout (internal/timers.js:523:9)
      at processTimers (internal/timers.js:497:7) {
    code: 500,
    method: 'patch',
    path: '/channels/840041597390684250'
  }
}
---------------------------------------
[CALLER: RequestHandler.js:107:21 | MS: 1620356983524 | DATE: 5/6/2021, 10:09:43 PM]
---------------------------------------
AbortError: The user aborted a request.
EXTRA INFO:
Promise {
  <rejected> HTTPError [AbortError]: The user aborted a request.
      at RequestHandler.execute (C:\Users\jaces\Desktop\Corebot\node_modules\discord.js\src\rest\RequestHandler.js:107:21)
      at processTicksAndRejections (internal/process/task_queues.js:93:5)
      at runNextTicks (internal/process/task_queues.js:62:3)
      at listOnTimeout (internal/timers.js:523:9)
      at processTimers (internal/timers.js:497:7) {
    code: 500,
    method: 'patch',
    path: '/channels/840041597918773258'
  }
}
---------------------------------------
[CALLER: RequestHandler.js:107:21 | MS: 1620356983524 | DATE: 5/6/2021, 10:09:43 PM]
---------------------------------------
AbortError: The user aborted a request.
EXTRA INFO:
Promise {
  <rejected> HTTPError [AbortError]: The user aborted a request.
      at RequestHandler.execute (C:\Users\jaces\Desktop\Corebot\node_modules\discord.js\src\rest\RequestHandler.js:107:21)
      at processTicksAndRejections (internal/process/task_queues.js:93:5)
      at runNextTicks (internal/process/task_queues.js:62:3)
      at listOnTimeout (internal/timers.js:523:9)
      at processTimers (internal/timers.js:497:7) {
    code: 500,
    method: 'post',
    path: '/guilds/832046329068650526/channels'
  }
}
---------------------------------------
[CALLER: RequestHandler.js:107:21 | MS: 1620356983525 | DATE: 5/6/2021, 10:09:43 PM]
---------------------------------------
AbortError: The user aborted a request.
EXTRA INFO:
Promise {
  <rejected> HTTPError [AbortError]: The user aborted a request.
      at RequestHandler.execute (C:\Users\jaces\Desktop\Corebot\node_modules\discord.js\src\rest\RequestHandler.js:107:21)
      at processTicksAndRejections (internal/process/task_queues.js:93:5)
      at runNextTicks (internal/process/task_queues.js:62:3)
      at listOnTimeout (internal/timers.js:523:9)
      at processTimers (internal/timers.js:497:7) {
    code: 500,
    method: 'patch',
    path: '/channels/840041596803612672'
  }
}
---------------------------------------
[CALLER: RequestHandler.js:107:21 | MS: 1620356983526 | DATE: 5/6/2021, 10:09:43 PM]
---------------------------------------
AbortError: The user aborted a request.
EXTRA INFO:
Promise {
  <rejected> HTTPError [AbortError]: The user aborted a request.
      at RequestHandler.execute (C:\Users\jaces\Desktop\Corebot\node_modules\discord.js\src\rest\RequestHandler.js:107:21)
      at runMicrotasks (<anonymous>)
      at processTicksAndRejections (internal/process/task_queues.js:93:5)
      at runNextTicks (internal/process/task_queues.js:62:3)
      at listOnTimeout (internal/timers.js:523:9)
      at processTimers (internal/timers.js:497:7) {
    code: 500,
    method: 'patch',
    path: '/channels/840041597273767977'
  }
}
---------------------------------------
[CALLER: RequestHandler.js:107:21 | MS: 1620356983526 | DATE: 5/6/2021, 10:09:43 PM]
---------------------------------------
AbortError: The user aborted a request.
EXTRA INFO:
Promise {
  <rejected> HTTPError [AbortError]: The user aborted a request.
      at RequestHandler.execute (C:\Users\jaces\Desktop\Corebot\node_modules\discord.js\src\rest\RequestHandler.js:107:21)
      at runMicrotasks (<anonymous>)
      at processTicksAndRejections (internal/process/task_queues.js:93:5)
      at runNextTicks (internal/process/task_queues.js:62:3)
      at listOnTimeout (internal/timers.js:523:9)
      at processTimers (internal/timers.js:497:7) {
    code: 500,
    method: 'patch',
    path: '/channels/840041597562781708'
  }
}
---------------------------------------
[CALLER: RequestHandler.js:107:21 | MS: 1620356983528 | DATE: 5/6/2021, 10:09:43 PM]
---------------------------------------
AbortError: The user aborted a request.
EXTRA INFO:
Promise {
  <rejected> HTTPError [AbortError]: The user aborted a request.
      at RequestHandler.execute (C:\Users\jaces\Desktop\Corebot\node_modules\discord.js\src\rest\RequestHandler.js:107:21)
      at runMicrotasks (<anonymous>)
      at processTicksAndRejections (internal/process/task_queues.js:93:5) {
    code: 500,
    method: 'post',
    path: '/guilds/837104198419611649/channels'
  }
}
---------------------------------------
[CALLER: RequestHandler.js:107:21 | MS: 1620356999762 | DATE: 5/6/2021, 10:09:59 PM]
---------------------------------------
AbortError: The user aborted a request.
EXTRA INFO:
Promise {
  <rejected> HTTPError [AbortError]: The user aborted a request.
      at RequestHandler.execute (C:\Users\jaces\Desktop\Corebot\node_modules\discord.js\src\rest\RequestHandler.js:107:21)
      at processTicksAndRejections (internal/process/task_queues.js:93:5)
      at runNextTicks (internal/process/task_queues.js:62:3)
      at listOnTimeout (internal/timers.js:523:9)
      at processTimers (internal/timers.js:497:7) {
    code: 500,
    method: 'patch',
    path: '/channels/840041596874391572'
  }
}
---------------------------------------
[CALLER: RequestHandler.js:107:21 | MS: 1620356999762 | DATE: 5/6/2021, 10:09:59 PM]
---------------------------------------
AbortError: The user aborted a request.
EXTRA INFO:
Promise {
  <rejected> HTTPError [AbortError]: The user aborted a request.
      at RequestHandler.execute (C:\Users\jaces\Desktop\Corebot\node_modules\discord.js\src\rest\RequestHandler.js:107:21)
      at processTicksAndRejections (internal/process/task_queues.js:93:5) {
    code: 500,
    method: 'patch',
    path: '/channels/840041597390684250'
  }
}
---------------------------------------
[CALLER: RequestHandler.js:107:21 | MS: 1620356999764 | DATE: 5/6/2021, 10:09:59 PM]
---------------------------------------
AbortError: The user aborted a request.
EXTRA INFO:
Promise {
  <rejected> HTTPError [AbortError]: The user aborted a request.
      at RequestHandler.execute (C:\Users\jaces\Desktop\Corebot\node_modules\discord.js\src\rest\RequestHandler.js:107:21)
      at processTicksAndRejections (internal/process/task_queues.js:93:5)
      at runNextTicks (internal/process/task_queues.js:62:3)
      at listOnTimeout (internal/timers.js:523:9)
      at processTimers (internal/timers.js:497:7) {
    code: 500,
    method: 'post',
    path: '/guilds/832046329068650526/channels'
  }
}
---------------------------------------
[CALLER: RequestHandler.js:107:21 | MS: 1620356999763 | DATE: 5/6/2021, 10:09:59 PM]
---------------------------------------
AbortError: The user aborted a request.
EXTRA INFO:
Promise {
  <rejected> HTTPError [AbortError]: The user aborted a request.
      at RequestHandler.execute (C:\Users\jaces\Desktop\Corebot\node_modules\discord.js\src\rest\RequestHandler.js:107:21)
      at processTicksAndRejections (internal/process/task_queues.js:93:5)
      at runNextTicks (internal/process/task_queues.js:62:3)
      at listOnTimeout (internal/timers.js:523:9)
      at processTimers (internal/timers.js:497:7) {
    code: 500,
    method: 'patch',
    path: '/channels/840041597918773258'
  }
}
---------------------------------------
[CALLER: RequestHandler.js:107:21 | MS: 1620356999765 | DATE: 5/6/2021, 10:09:59 PM]
---------------------------------------
AbortError: The user aborted a request.
EXTRA INFO:
Promise {
  <rejected> HTTPError [AbortError]: The user aborted a request.
      at RequestHandler.execute (C:\Users\jaces\Desktop\Corebot\node_modules\discord.js\src\rest\RequestHandler.js:107:21)
      at processTicksAndRejections (internal/process/task_queues.js:93:5)
      at runNextTicks (internal/process/task_queues.js:62:3)
      at listOnTimeout (internal/timers.js:523:9)
      at processTimers (internal/timers.js:497:7) {
    code: 500,
    method: 'patch',
    path: '/channels/840041596803612672'
  }
}
---------------------------------------
[CALLER: RequestHandler.js:107:21 | MS: 1620356999766 | DATE: 5/6/2021, 10:09:59 PM]
---------------------------------------
AbortError: The user aborted a request.
EXTRA INFO:
Promise {
  <rejected> HTTPError [AbortError]: The user aborted a request.
      at RequestHandler.execute (C:\Users\jaces\Desktop\Corebot\node_modules\discord.js\src\rest\RequestHandler.js:107:21)
      at processTicksAndRejections (internal/process/task_queues.js:93:5)
      at runNextTicks (internal/process/task_queues.js:62:3)
      at listOnTimeout (internal/timers.js:523:9)
      at processTimers (internal/timers.js:497:7) {
    code: 500,
    method: 'patch',
    path: '/channels/840041597273767977'
  }
}
---------------------------------------
[CALLER: RequestHandler.js:107:21 | MS: 1620356999767 | DATE: 5/6/2021, 10:09:59 PM]
---------------------------------------
AbortError: The user aborted a request.
EXTRA INFO:
Promise {
  <rejected> HTTPError [AbortError]: The user aborted a request.
      at RequestHandler.execute (C:\Users\jaces\Desktop\Corebot\node_modules\discord.js\src\rest\RequestHandler.js:107:21)
      at processTicksAndRejections (internal/process/task_queues.js:93:5) {
    code: 500,
    method: 'patch',
    path: '/channels/840041597562781708'
  }
}
---------------------------------------
[CALLER: RequestHandler.js:107:21 | MS: 1620356999767 | DATE: 5/6/2021, 10:09:59 PM]
---------------------------------------
AbortError: The user aborted a request.
EXTRA INFO:
Promise {
  <rejected> HTTPError [AbortError]: The user aborted a request.
      at RequestHandler.execute (C:\Users\jaces\Desktop\Corebot\node_modules\discord.js\src\rest\RequestHandler.js:107:21)
      at processTicksAndRejections (internal/process/task_queues.js:93:5) {
    code: 500,
    method: 'post',
    path: '/guilds/837104198419611649/channels'
  }
}
---------------------------------------
[CALLER: RequestHandler.js:107:21 | MS: 1620357014765 | DATE: 5/6/2021, 10:10:14 PM]
-------------------------------------------------------------------------------------------------------------------------------------
FetchError: request to https://discordapp.com/api/v7/channels/840041596874391572 failed, reason: getaddrinfo ENOTFOUND discordapp.com
EXTRA INFO:
Promise {
  <rejected> HTTPError [FetchError]: request to https://discordapp.com/api/v7/channels/840041596874391572 failed, reason: getaddrinfo ENOTFOUND discordapp.com
      at RequestHandler.execute (C:\Users\jaces\Desktop\Corebot\node_modules\discord.js\src\rest\RequestHandler.js:107:21)
      at processTicksAndRejections (internal/process/task_queues.js:93:5) {
    code: 500,
    method: 'patch',
    path: '/channels/840041596874391572'
  }
}
-------------------------------------------------------------------------------------------------------------------------------------
[CALLER: RequestHandler.js:107:21 | MS: 1620357014765 | DATE: 5/6/2021, 10:10:14 PM]
-------------------------------------------------------------------------------------------------------------------------------------
FetchError: request to https://discordapp.com/api/v7/channels/840041597390684250 failed, reason: getaddrinfo ENOTFOUND discordapp.com
EXTRA INFO:
Promise {
  <rejected> HTTPError [FetchError]: request to https://discordapp.com/api/v7/channels/840041597390684250 failed, reason: getaddrinfo ENOTFOUND discordapp.com
      at RequestHandler.execute (C:\Users\jaces\Desktop\Corebot\node_modules\discord.js\src\rest\RequestHandler.js:107:21)
      at processTicksAndRejections (internal/process/task_queues.js:93:5) {
    code: 500,
    method: 'patch',
    path: '/channels/840041597390684250'
  }
}
-------------------------------------------------------------------------------------------------------------------------------------
[CALLER: RequestHandler.js:107:21 | MS: 1620357014767 | DATE: 5/6/2021, 10:10:14 PM]
-------------------------------------------------------------------------------------------------------------------------------------
FetchError: request to https://discordapp.com/api/v7/channels/840041596803612672 failed, reason: getaddrinfo ENOTFOUND discordapp.com
EXTRA INFO:
Promise {
  <rejected> HTTPError [FetchError]: request to https://discordapp.com/api/v7/channels/840041596803612672 failed, reason: getaddrinfo ENOTFOUND discordapp.com
      at RequestHandler.execute (C:\Users\jaces\Desktop\Corebot\node_modules\discord.js\src\rest\RequestHandler.js:107:21)
      at processTicksAndRejections (internal/process/task_queues.js:93:5) {
    code: 500,
    method: 'patch',
    path: '/channels/840041596803612672'
  }
}
-------------------------------------------------------------------------------------------------------------------------------------
[CALLER: RequestHandler.js:107:21 | MS: 1620357014766 | DATE: 5/6/2021, 10:10:14 PM]
-------------------------------------------------------------------------------------------------------------------------------------
FetchError: request to https://discordapp.com/api/v7/channels/840041597918773258 failed, reason: getaddrinfo ENOTFOUND discordapp.com
EXTRA INFO:
Promise {
  <rejected> HTTPError [FetchError]: request to https://discordapp.com/api/v7/channels/840041597918773258 failed, reason: getaddrinfo ENOTFOUND discordapp.com
      at RequestHandler.execute (C:\Users\jaces\Desktop\Corebot\node_modules\discord.js\src\rest\RequestHandler.js:107:21)
      at processTicksAndRejections (internal/process/task_queues.js:93:5) {
    code: 500,
    method: 'patch',
    path: '/channels/840041597918773258'
  }
}
-------------------------------------------------------------------------------------------------------------------------------------
[CALLER: RequestHandler.js:107:21 | MS: 1620357014766 | DATE: 5/6/2021, 10:10:14 PM]
--------------------------------------------------------------------------------------------------------------------------------------------
FetchError: request to https://discordapp.com/api/v7/guilds/832046329068650526/channels failed, reason: getaddrinfo ENOTFOUND discordapp.com
EXTRA INFO:
Promise {
  <rejected> HTTPError [FetchError]: request to https://discordapp.com/api/v7/guilds/832046329068650526/channels failed, reason: getaddrinfo ENOTFOUND discordapp.com
      at RequestHandler.execute (C:\Users\jaces\Desktop\Corebot\node_modules\discord.js\src\rest\RequestHandler.js:107:21)
      at processTicksAndRejections (internal/process/task_queues.js:93:5) {
    code: 500,
    method: 'post',
    path: '/guilds/832046329068650526/channels'
  }
}
--------------------------------------------------------------------------------------------------------------------------------------------
[CALLER: RequestHandler.js:107:21 | MS: 1620357014769 | DATE: 5/6/2021, 10:10:14 PM]
-------------------------------------------------------------------------------------------------------------------------------------
FetchError: request to https://discordapp.com/api/v7/channels/840041597562781708 failed, reason: getaddrinfo ENOTFOUND discordapp.com
EXTRA INFO:
Promise {
  <rejected> HTTPError [FetchError]: request to https://discordapp.com/api/v7/channels/840041597562781708 failed, reason: getaddrinfo ENOTFOUND discordapp.com
      at RequestHandler.execute (C:\Users\jaces\Desktop\Corebot\node_modules\discord.js\src\rest\RequestHandler.js:107:21)
      at processTicksAndRejections (internal/process/task_queues.js:93:5) {
    code: 500,
    method: 'patch',
    path: '/channels/840041597562781708'
  }
}
-------------------------------------------------------------------------------------------------------------------------------------
[CALLER: RequestHandler.js:107:21 | MS: 1620357014770 | DATE: 5/6/2021, 10:10:14 PM]
--------------------------------------------------------------------------------------------------------------------------------------------
FetchError: request to https://discordapp.com/api/v7/guilds/837104198419611649/channels failed, reason: getaddrinfo ENOTFOUND discordapp.com
EXTRA INFO:
Promise {
  <rejected> HTTPError [FetchError]: request to https://discordapp.com/api/v7/guilds/837104198419611649/channels failed, reason: getaddrinfo ENOTFOUND discordapp.com
      at RequestHandler.execute (C:\Users\jaces\Desktop\Corebot\node_modules\discord.js\src\rest\RequestHandler.js:107:21)
      at processTicksAndRejections (internal/process/task_queues.js:93:5) {
    code: 500,
    method: 'post',
    path: '/guilds/837104198419611649/channels'
  }
}
--------------------------------------------------------------------------------------------------------------------------------------------
[CALLER: RequestHandler.js:107:21 | MS: 1620357014769 | DATE: 5/6/2021, 10:10:14 PM]
-------------------------------------------------------------------------------------------------------------------------------------
FetchError: request to https://discordapp.com/api/v7/channels/840041597273767977 failed, reason: getaddrinfo ENOTFOUND discordapp.com
EXTRA INFO:
Promise {
  <rejected> HTTPError [FetchError]: request to https://discordapp.com/api/v7/channels/840041597273767977 failed, reason: getaddrinfo ENOTFOUND discordapp.com
      at RequestHandler.execute (C:\Users\jaces\Desktop\Corebot\node_modules\discord.js\src\rest\RequestHandler.js:107:21)
      at processTicksAndRejections (internal/process/task_queues.js:93:5) {
    code: 500,
    method: 'patch',
    path: '/channels/840041597273767977'
  }
}
-------------------------------------------------------------------------------------------------------------------------------------
[CALLER: Promise {
  <rejected> DiscordAPIError: Invalid Form Body
  name: This field is required
      at RequestHandler.execute (C:\Users\jaces\Desktop\Corebot\node_modules\discord.js\src\rest\RequestHandler.js:170:25)
      at processTicksAndRejections (internal/process/task_queues.js:93:5) {
    method: 'post',
    path: '/guilds/832046329068650526/channels',
    code: 50035,
    httpStatus: 400
  }
} | MS: 1620357028730 | DATE: 5/6/2021, 10:10:28 PM]
----------------------------------
DiscordAPIError: Invalid Form Body
name: This field is required
EXTRA INFO:
Unknown
----------------------------------
[CALLER: Promise {
  <rejected> DiscordAPIError: Invalid Form Body
  name: This field is required
      at RequestHandler.execute (C:\Users\jaces\Desktop\Corebot\node_modules\discord.js\src\rest\RequestHandler.js:170:25)
      at processTicksAndRejections (internal/process/task_queues.js:93:5) {
    method: 'post',
    path: '/guilds/837104198419611649/channels',
    code: 50035,
    httpStatus: 400
  }
} | MS: 1620357028746 | DATE: 5/6/2021, 10:10:28 PM]
----------------------------------
DiscordAPIError: Invalid Form Body
name: This field is required
EXTRA INFO:
Unknown
----------------------------------
[CALLER: RequestHandler.js:107:21 | MS: 1620357044767 | DATE: 5/6/2021, 10:10:44 PM]
-------------------------------------------------------------------------------------------------------------------------------------
FetchError: request to https://discordapp.com/api/v7/channels/840041596874391572 failed, reason: getaddrinfo ENOTFOUND discordapp.com
EXTRA INFO:
Promise {
  <rejected> HTTPError [FetchError]: request to https://discordapp.com/api/v7/channels/840041596874391572 failed, reason: getaddrinfo ENOTFOUND discordapp.com
      at RequestHandler.execute (C:\Users\jaces\Desktop\Corebot\node_modules\discord.js\src\rest\RequestHandler.js:107:21)
      at processTicksAndRejections (internal/process/task_queues.js:93:5) {
    code: 500,
    method: 'patch',
    path: '/channels/840041596874391572'
  }
}
-------------------------------------------------------------------------------------------------------------------------------------
[CALLER: RequestHandler.js:107:21 | MS: 1620357044768 | DATE: 5/6/2021, 10:10:44 PM]
-------------------------------------------------------------------------------------------------------------------------------------
FetchError: request to https://discordapp.com/api/v7/channels/840041597390684250 failed, reason: getaddrinfo ENOTFOUND discordapp.com
EXTRA INFO:
Promise {
  <rejected> HTTPError [FetchError]: request to https://discordapp.com/api/v7/channels/840041597390684250 failed, reason: getaddrinfo ENOTFOUND discordapp.com
      at RequestHandler.execute (C:\Users\jaces\Desktop\Corebot\node_modules\discord.js\src\rest\RequestHandler.js:107:21)
      at processTicksAndRejections (internal/process/task_queues.js:93:5) {
    code: 500,
    method: 'patch',
    path: '/channels/840041597390684250'
  }
}
-------------------------------------------------------------------------------------------------------------------------------------
[CALLER: RequestHandler.js:107:21 | MS: 1620357044769 | DATE: 5/6/2021, 10:10:44 PM]
--------------------------------------------------------------------------------------------------------------------------------------------
FetchError: request to https://discordapp.com/api/v7/guilds/832046329068650526/channels failed, reason: getaddrinfo ENOTFOUND discordapp.com
EXTRA INFO:
Promise {
  <rejected> HTTPError [FetchError]: request to https://discordapp.com/api/v7/guilds/832046329068650526/channels failed, reason: getaddrinfo ENOTFOUND discordapp.com
      at RequestHandler.execute (C:\Users\jaces\Desktop\Corebot\node_modules\discord.js\src\rest\RequestHandler.js:107:21)
      at processTicksAndRejections (internal/process/task_queues.js:93:5) {
    code: 500,
    method: 'post',
    path: '/guilds/832046329068650526/channels'
  }
}
--------------------------------------------------------------------------------------------------------------------------------------------
[CALLER: RequestHandler.js:107:21 | MS: 1620357044770 | DATE: 5/6/2021, 10:10:44 PM]
-------------------------------------------------------------------------------------------------------------------------------------
FetchError: request to https://discordapp.com/api/v7/channels/840041596803612672 failed, reason: getaddrinfo ENOTFOUND discordapp.com
EXTRA INFO:
Promise {
  <rejected> HTTPError [FetchError]: request to https://discordapp.com/api/v7/channels/840041596803612672 failed, reason: getaddrinfo ENOTFOUND discordapp.com
      at RequestHandler.execute (C:\Users\jaces\Desktop\Corebot\node_modules\discord.js\src\rest\RequestHandler.js:107:21)
      at processTicksAndRejections (internal/process/task_queues.js:93:5) {
    code: 500,
    method: 'patch',
    path: '/channels/840041596803612672'
  }
}
-------------------------------------------------------------------------------------------------------------------------------------
[CALLER: RequestHandler.js:107:21 | MS: 1620357044770 | DATE: 5/6/2021, 10:10:44 PM]
-------------------------------------------------------------------------------------------------------------------------------------
FetchError: request to https://discordapp.com/api/v7/channels/840041597273767977 failed, reason: getaddrinfo ENOTFOUND discordapp.com
EXTRA INFO:
Promise {
  <rejected> HTTPError [FetchError]: request to https://discordapp.com/api/v7/channels/840041597273767977 failed, reason: getaddrinfo ENOTFOUND discordapp.com
      at RequestHandler.execute (C:\Users\jaces\Desktop\Corebot\node_modules\discord.js\src\rest\RequestHandler.js:107:21)
      at processTicksAndRejections (internal/process/task_queues.js:93:5) {
    code: 500,
    method: 'patch',
    path: '/channels/840041597273767977'
  }
}
-------------------------------------------------------------------------------------------------------------------------------------
[CALLER: RequestHandler.js:107:21 | MS: 1620357044771 | DATE: 5/6/2021, 10:10:44 PM]
--------------------------------------------------------------------------------------------------------------------------------------------
FetchError: request to https://discordapp.com/api/v7/guilds/837104198419611649/channels failed, reason: getaddrinfo ENOTFOUND discordapp.com
EXTRA INFO:
Promise {
  <rejected> HTTPError [FetchError]: request to https://discordapp.com/api/v7/guilds/837104198419611649/channels failed, reason: getaddrinfo ENOTFOUND discordapp.com
      at RequestHandler.execute (C:\Users\jaces\Desktop\Corebot\node_modules\discord.js\src\rest\RequestHandler.js:107:21)
      at processTicksAndRejections (internal/process/task_queues.js:93:5) {
    code: 500,
    method: 'post',
    path: '/guilds/837104198419611649/channels'
  }
}
--------------------------------------------------------------------------------------------------------------------------------------------
[CALLER: RequestHandler.js:107:21 | MS: 1620357044771 | DATE: 5/6/2021, 10:10:44 PM]
-------------------------------------------------------------------------------------------------------------------------------------
FetchError: request to https://discordapp.com/api/v7/channels/840041597562781708 failed, reason: getaddrinfo ENOTFOUND discordapp.com
EXTRA INFO:
Promise {
  <rejected> HTTPError [FetchError]: request to https://discordapp.com/api/v7/channels/840041597562781708 failed, reason: getaddrinfo ENOTFOUND discordapp.com
      at RequestHandler.execute (C:\Users\jaces\Desktop\Corebot\node_modules\discord.js\src\rest\RequestHandler.js:107:21)
      at processTicksAndRejections (internal/process/task_queues.js:93:5) {
    code: 500,
    method: 'patch',
    path: '/channels/840041597562781708'
  }
}
-------------------------------------------------------------------------------------------------------------------------------------
[CALLER: RequestHandler.js:107:21 | MS: 1620357044768 | DATE: 5/6/2021, 10:10:44 PM]
-------------------------------------------------------------------------------------------------------------------------------------
FetchError: request to https://discordapp.com/api/v7/channels/840041597918773258 failed, reason: getaddrinfo ENOTFOUND discordapp.com
EXTRA INFO:
Promise {
  <rejected> HTTPError [FetchError]: request to https://discordapp.com/api/v7/channels/840041597918773258 failed, reason: getaddrinfo ENOTFOUND discordapp.com
      at RequestHandler.execute (C:\Users\jaces\Desktop\Corebot\node_modules\discord.js\src\rest\RequestHandler.js:107:21)
      at processTicksAndRejections (internal/process/task_queues.js:93:5) {
    code: 500,
    method: 'patch',
    path: '/channels/840041597918773258'
  }
}
-------------------------------------------------------------------------------------------------------------------------------------
[CALLER: Promise {
  <rejected> DiscordAPIError: Invalid Form Body
  name: This field is required
      at RequestHandler.execute (C:\Users\jaces\Desktop\Corebot\node_modules\discord.js\src\rest\RequestHandler.js:170:25)
      at processTicksAndRejections (internal/process/task_queues.js:93:5) {
    method: 'post',
    path: '/guilds/832046329068650526/channels',
    code: 50035,
    httpStatus: 400
  }
} | MS: 1620357058712 | DATE: 5/6/2021, 10:10:58 PM]
----------------------------------
DiscordAPIError: Invalid Form Body
name: This field is required
EXTRA INFO:
Unknown
----------------------------------
[CALLER: Promise {
  <rejected> DiscordAPIError: Invalid Form Body
  name: This field is required
      at RequestHandler.execute (C:\Users\jaces\Desktop\Corebot\node_modules\discord.js\src\rest\RequestHandler.js:170:25)
      at processTicksAndRejections (internal/process/task_queues.js:93:5) {
    method: 'post',
    path: '/guilds/837104198419611649/channels',
    code: 50035,
    httpStatus: 400
  }
} | MS: 1620357058717 | DATE: 5/6/2021, 10:10:58 PM]
----------------------------------
DiscordAPIError: Invalid Form Body
name: This field is required
EXTRA INFO:
Unknown
----------------------------------
[CALLER: Promise {
  <rejected> DiscordAPIError: Invalid Form Body
  name: This field is required
      at RequestHandler.execute (C:\Users\jaces\Desktop\Corebot\node_modules\discord.js\src\rest\RequestHandler.js:170:25)
      at processTicksAndRejections (internal/process/task_queues.js:93:5) {
    method: 'post',
    path: '/guilds/837104198419611649/channels',
    code: 50035,
    httpStatus: 400
  }
} | MS: 1620357074845 | DATE: 5/6/2021, 10:11:14 PM]
----------------------------------
DiscordAPIError: Invalid Form Body
name: This field is required
EXTRA INFO:
Unknown
----------------------------------
[CALLER: Promise {
  <rejected> DiscordAPIError: Invalid Form Body
  name: This field is required
      at RequestHandler.execute (C:\Users\jaces\Desktop\Corebot\node_modules\discord.js\src\rest\RequestHandler.js:170:25)
      at processTicksAndRejections (internal/process/task_queues.js:93:5) {
    method: 'post',
    path: '/guilds/832046329068650526/channels',
    code: 50035,
    httpStatus: 400
  }
} | MS: 1620357074855 | DATE: 5/6/2021, 10:11:14 PM]
----------------------------------
DiscordAPIError: Invalid Form Body
name: This field is required
EXTRA INFO:
Unknown
----------------------------------
[CALLER: Promise {
  <rejected> DiscordAPIError: Invalid Form Body
  name: This field is required
      at RequestHandler.execute (C:\Users\jaces\Desktop\Corebot\node_modules\discord.js\src\rest\RequestHandler.js:170:25)
      at processTicksAndRejections (internal/process/task_queues.js:93:5) {
    method: 'post',
    path: '/guilds/832046329068650526/channels',
    code: 50035,
    httpStatus: 400
  }
} | MS: 1620357088609 | DATE: 5/6/2021, 10:11:28 PM]
----------------------------------
DiscordAPIError: Invalid Form Body
name: This field is required
EXTRA INFO:
Unknown
----------------------------------
[CALLER: Promise {
  <rejected> DiscordAPIError: Invalid Form Body
  name: This field is required
      at RequestHandler.execute (C:\Users\jaces\Desktop\Corebot\node_modules\discord.js\src\rest\RequestHandler.js:170:25)
      at processTicksAndRejections (internal/process/task_queues.js:93:5) {
    method: 'post',
    path: '/guilds/837104198419611649/channels',
    code: 50035,
    httpStatus: 400
  }
} | MS: 1620357088615 | DATE: 5/6/2021, 10:11:28 PM]
----------------------------------
DiscordAPIError: Invalid Form Body
name: This field is required
EXTRA INFO:
Unknown
----------------------------------
[CALLER: Promise {
  <rejected> DiscordAPIError: Invalid Form Body
  name: This field is required
      at RequestHandler.execute (C:\Users\jaces\Desktop\Corebot\node_modules\discord.js\src\rest\RequestHandler.js:170:25)
      at processTicksAndRejections (internal/process/task_queues.js:93:5) {
    method: 'post',
    path: '/guilds/832046329068650526/channels',
    code: 50035,
    httpStatus: 400
  }
} | MS: 1620357104846 | DATE: 5/6/2021, 10:11:44 PM]
----------------------------------
DiscordAPIError: Invalid Form Body
name: This field is required
EXTRA INFO:
Unknown
----------------------------------
[CALLER: Promise {
  <rejected> DiscordAPIError: Invalid Form Body
  name: This field is required
      at RequestHandler.execute (C:\Users\jaces\Desktop\Corebot\node_modules\discord.js\src\rest\RequestHandler.js:170:25)
      at processTicksAndRejections (internal/process/task_queues.js:93:5) {
    method: 'post',
    path: '/guilds/837104198419611649/channels',
    code: 50035,
    httpStatus: 400
  }
} | MS: 1620357104847 | DATE: 5/6/2021, 10:11:44 PM]
----------------------------------
DiscordAPIError: Invalid Form Body
name: This field is required
EXTRA INFO:
Unknown
----------------------------------
[CALLER: Promise {
  <rejected> DiscordAPIError: Invalid Form Body
  name: This field is required
      at RequestHandler.execute (C:\Users\jaces\Desktop\Corebot\node_modules\discord.js\src\rest\RequestHandler.js:170:25)
      at processTicksAndRejections (internal/process/task_queues.js:93:5) {
    method: 'post',
    path: '/guilds/837104198419611649/channels',
    code: 50035,
    httpStatus: 400
  }
} | MS: 1620357118615 | DATE: 5/6/2021, 10:11:58 PM]
----------------------------------
DiscordAPIError: Invalid Form Body
name: This field is required
EXTRA INFO:
Unknown
----------------------------------
[CALLER: Promise {
  <rejected> DiscordAPIError: Invalid Form Body
  name: This field is required
      at RequestHandler.execute (C:\Users\jaces\Desktop\Corebot\node_modules\discord.js\src\rest\RequestHandler.js:170:25)
      at processTicksAndRejections (internal/process/task_queues.js:93:5) {
    method: 'post',
    path: '/guilds/832046329068650526/channels',
    code: 50035,
    httpStatus: 400
  }
} | MS: 1620357118635 | DATE: 5/6/2021, 10:11:58 PM]
----------------------------------
DiscordAPIError: Invalid Form Body
name: This field is required
EXTRA INFO:
Unknown
----------------------------------
[CALLER: Promise {
  <rejected> DiscordAPIError: Invalid Form Body
  name: This field is required
      at RequestHandler.execute (C:\Users\jaces\Desktop\Corebot\node_modules\discord.js\src\rest\RequestHandler.js:170:25)
      at processTicksAndRejections (internal/process/task_queues.js:93:5) {
    method: 'post',
    path: '/guilds/837104198419611649/channels',
    code: 50035,
    httpStatus: 400
  }
} | MS: 1620357134852 | DATE: 5/6/2021, 10:12:14 PM]
----------------------------------
DiscordAPIError: Invalid Form Body
name: This field is required
EXTRA INFO:
Unknown
----------------------------------
[CALLER: Promise {
  <rejected> DiscordAPIError: Invalid Form Body
  name: This field is required
      at RequestHandler.execute (C:\Users\jaces\Desktop\Corebot\node_modules\discord.js\src\rest\RequestHandler.js:170:25)
      at processTicksAndRejections (internal/process/task_queues.js:93:5) {
    method: 'post',
    path: '/guilds/832046329068650526/channels',
    code: 50035,
    httpStatus: 400
  }
} | MS: 1620357134869 | DATE: 5/6/2021, 10:12:14 PM]
----------------------------------
DiscordAPIError: Invalid Form Body
name: This field is required
EXTRA INFO:
Unknown
----------------------------------
[CALLER: Promise {
  <rejected> DiscordAPIError: Invalid Form Body
  name: This field is required
      at RequestHandler.execute (C:\Users\jaces\Desktop\Corebot\node_modules\discord.js\src\rest\RequestHandler.js:170:25)
      at processTicksAndRejections (internal/process/task_queues.js:93:5) {
    method: 'post',
    path: '/guilds/832046329068650526/channels',
    code: 50035,
    httpStatus: 400
  }
} | MS: 1620357148610 | DATE: 5/6/2021, 10:12:28 PM]
----------------------------------
DiscordAPIError: Invalid Form Body
name: This field is required
EXTRA INFO:
Unknown
----------------------------------
[CALLER: Promise {
  <rejected> DiscordAPIError: Invalid Form Body
  name: This field is required
      at RequestHandler.execute (C:\Users\jaces\Desktop\Corebot\node_modules\discord.js\src\rest\RequestHandler.js:170:25)
      at processTicksAndRejections (internal/process/task_queues.js:93:5) {
    method: 'post',
    path: '/guilds/837104198419611649/channels',
    code: 50035,
    httpStatus: 400
  }
} | MS: 1620357148620 | DATE: 5/6/2021, 10:12:28 PM]
----------------------------------
DiscordAPIError: Invalid Form Body
name: This field is required
EXTRA INFO:
Unknown
----------------------------------
[CALLER: Promise {
  <rejected> DiscordAPIError: Invalid Form Body
  name: This field is required
      at RequestHandler.execute (C:\Users\jaces\Desktop\Corebot\node_modules\discord.js\src\rest\RequestHandler.js:170:25)
      at processTicksAndRejections (internal/process/task_queues.js:93:5) {
    method: 'post',
    path: '/guilds/837104198419611649/channels',
    code: 50035,
    httpStatus: 400
  }
} | MS: 1620357164862 | DATE: 5/6/2021, 10:12:44 PM]
----------------------------------
DiscordAPIError: Invalid Form Body
name: This field is required
EXTRA INFO:
Unknown
----------------------------------
[CALLER: Promise {
  <rejected> DiscordAPIError: Invalid Form Body
  name: This field is required
      at RequestHandler.execute (C:\Users\jaces\Desktop\Corebot\node_modules\discord.js\src\rest\RequestHandler.js:170:25)
      at processTicksAndRejections (internal/process/task_queues.js:93:5) {
    method: 'post',
    path: '/guilds/832046329068650526/channels',
    code: 50035,
    httpStatus: 400
  }
} | MS: 1620357164876 | DATE: 5/6/2021, 10:12:44 PM]
----------------------------------
DiscordAPIError: Invalid Form Body
name: This field is required
EXTRA INFO:
Unknown
----------------------------------
[CALLER: Promise {
  <rejected> DiscordAPIError: Invalid Form Body
  name: This field is required
      at RequestHandler.execute (C:\Users\jaces\Desktop\Corebot\node_modules\discord.js\src\rest\RequestHandler.js:170:25)
      at processTicksAndRejections (internal/process/task_queues.js:93:5) {
    method: 'post',
    path: '/guilds/832046329068650526/channels',
    code: 50035,
    httpStatus: 400
  }
} | MS: 1620357178617 | DATE: 5/6/2021, 10:12:58 PM]
----------------------------------
DiscordAPIError: Invalid Form Body
name: This field is required
EXTRA INFO:
Unknown
----------------------------------
[CALLER: Promise {
  <rejected> DiscordAPIError: Invalid Form Body
  name: This field is required
      at RequestHandler.execute (C:\Users\jaces\Desktop\Corebot\node_modules\discord.js\src\rest\RequestHandler.js:170:25)
      at processTicksAndRejections (internal/process/task_queues.js:93:5) {
    method: 'post',
    path: '/guilds/837104198419611649/channels',
    code: 50035,
    httpStatus: 400
  }
} | MS: 1620357178629 | DATE: 5/6/2021, 10:12:58 PM]
----------------------------------
DiscordAPIError: Invalid Form Body
name: This field is required
EXTRA INFO:
Unknown
----------------------------------
[CALLER: Promise {
  <rejected> DiscordAPIError: Invalid Form Body
  name: This field is required
      at RequestHandler.execute (C:\Users\jaces\Desktop\Corebot\node_modules\discord.js\src\rest\RequestHandler.js:170:25)
      at processTicksAndRejections (internal/process/task_queues.js:93:5) {
    method: 'post',
    path: '/guilds/837104198419611649/channels',
    code: 50035,
    httpStatus: 400
  }
} | MS: 1620357194889 | DATE: 5/6/2021, 10:13:14 PM]
----------------------------------
DiscordAPIError: Invalid Form Body
name: This field is required
EXTRA INFO:
Unknown
----------------------------------
[CALLER: Promise {
  <rejected> DiscordAPIError: Invalid Form Body
  name: This field is required
      at RequestHandler.execute (C:\Users\jaces\Desktop\Corebot\node_modules\discord.js\src\rest\RequestHandler.js:170:25)
      at processTicksAndRejections (internal/process/task_queues.js:93:5) {
    method: 'post',
    path: '/guilds/832046329068650526/channels',
    code: 50035,
    httpStatus: 400
  }
} | MS: 1620357194900 | DATE: 5/6/2021, 10:13:14 PM]
----------------------------------
DiscordAPIError: Invalid Form Body
name: This field is required
EXTRA INFO:
Unknown
----------------------------------
[CALLER: Promise {
  <rejected> DiscordAPIError: Invalid Form Body
  name: This field is required
      at RequestHandler.execute (C:\Users\jaces\Desktop\Corebot\node_modules\discord.js\src\rest\RequestHandler.js:170:25)
      at processTicksAndRejections (internal/process/task_queues.js:93:5) {
    method: 'post',
    path: '/guilds/832046329068650526/channels',
    code: 50035,
    httpStatus: 400
  }
} | MS: 1620357208619 | DATE: 5/6/2021, 10:13:28 PM]
----------------------------------
DiscordAPIError: Invalid Form Body
name: This field is required
EXTRA INFO:
Unknown
----------------------------------
[CALLER: Promise {
  <rejected> DiscordAPIError: Invalid Form Body
  name: This field is required
      at RequestHandler.execute (C:\Users\jaces\Desktop\Corebot\node_modules\discord.js\src\rest\RequestHandler.js:170:25)
      at runMicrotasks (<anonymous>)
      at processTicksAndRejections (internal/process/task_queues.js:93:5) {
    method: 'post',
    path: '/guilds/837104198419611649/channels',
    code: 50035,
    httpStatus: 400
  }
} | MS: 1620357208654 | DATE: 5/6/2021, 10:13:28 PM]
----------------------------------
DiscordAPIError: Invalid Form Body
name: This field is required
EXTRA INFO:
Unknown
----------------------------------
[CALLER: Promise {
  <rejected> DiscordAPIError: Invalid Form Body
  name: This field is required
      at RequestHandler.execute (C:\Users\jaces\Desktop\Corebot\node_modules\discord.js\src\rest\RequestHandler.js:170:25)
      at runMicrotasks (<anonymous>)
      at processTicksAndRejections (internal/process/task_queues.js:93:5) {
    method: 'post',
    path: '/guilds/837104198419611649/channels',
    code: 50035,
    httpStatus: 400
  }
} | MS: 1620357224856 | DATE: 5/6/2021, 10:13:44 PM]
----------------------------------
DiscordAPIError: Invalid Form Body
name: This field is required
EXTRA INFO:
Unknown
----------------------------------
[CALLER: Promise {
  <rejected> DiscordAPIError: Invalid Form Body
  name: This field is required
      at RequestHandler.execute (C:\Users\jaces\Desktop\Corebot\node_modules\discord.js\src\rest\RequestHandler.js:170:25)
      at runMicrotasks (<anonymous>)
      at processTicksAndRejections (internal/process/task_queues.js:93:5) {
    method: 'post',
    path: '/guilds/832046329068650526/channels',
    code: 50035,
    httpStatus: 400
  }
} | MS: 1620357224868 | DATE: 5/6/2021, 10:13:44 PM]
----------------------------------
DiscordAPIError: Invalid Form Body
name: This field is required
EXTRA INFO:
Unknown
----------------------------------
[CALLER: Promise {
  <rejected> DiscordAPIError: Invalid Form Body
  name: This field is required
      at RequestHandler.execute (C:\Users\jaces\Desktop\Corebot\node_modules\discord.js\src\rest\RequestHandler.js:170:25)
      at runMicrotasks (<anonymous>)
      at processTicksAndRejections (internal/process/task_queues.js:93:5) {
    method: 'post',
    path: '/guilds/837104198419611649/channels',
    code: 50035,
    httpStatus: 400
  }
} | MS: 1620357238612 | DATE: 5/6/2021, 10:13:58 PM]
----------------------------------
DiscordAPIError: Invalid Form Body
name: This field is required
EXTRA INFO:
Unknown
----------------------------------
[CALLER: Promise {
  <rejected> DiscordAPIError: Invalid Form Body
  name: This field is required
      at RequestHandler.execute (C:\Users\jaces\Desktop\Corebot\node_modules\discord.js\src\rest\RequestHandler.js:170:25)
      at runMicrotasks (<anonymous>)
      at processTicksAndRejections (internal/process/task_queues.js:93:5) {
    method: 'post',
    path: '/guilds/832046329068650526/channels',
    code: 50035,
    httpStatus: 400
  }
} | MS: 1620357238681 | DATE: 5/6/2021, 10:13:58 PM]
----------------------------------
DiscordAPIError: Invalid Form Body
name: This field is required
EXTRA INFO:
Unknown
----------------------------------
[CALLER: Promise {
  <rejected> DiscordAPIError: Invalid Form Body
  name: This field is required
      at RequestHandler.execute (C:\Users\jaces\Desktop\Corebot\node_modules\discord.js\src\rest\RequestHandler.js:170:25)
      at runMicrotasks (<anonymous>)
      at processTicksAndRejections (internal/process/task_queues.js:93:5) {
    method: 'post',
    path: '/guilds/832046329068650526/channels',
    code: 50035,
    httpStatus: 400
  }
} | MS: 1620357254862 | DATE: 5/6/2021, 10:14:14 PM]
----------------------------------
DiscordAPIError: Invalid Form Body
name: This field is required
EXTRA INFO:
Unknown
----------------------------------
[CALLER: Promise {
  <rejected> DiscordAPIError: Invalid Form Body
  name: This field is required
      at RequestHandler.execute (C:\Users\jaces\Desktop\Corebot\node_modules\discord.js\src\rest\RequestHandler.js:170:25)
      at runMicrotasks (<anonymous>)
      at processTicksAndRejections (internal/process/task_queues.js:93:5) {
    method: 'post',
    path: '/guilds/837104198419611649/channels',
    code: 50035,
    httpStatus: 400
  }
} | MS: 1620357254867 | DATE: 5/6/2021, 10:14:14 PM]
----------------------------------
DiscordAPIError: Invalid Form Body
name: This field is required
EXTRA INFO:
Unknown
----------------------------------
[CALLER: Promise {
  <rejected> DiscordAPIError: Invalid Form Body
  name: This field is required
      at RequestHandler.execute (C:\Users\jaces\Desktop\Corebot\node_modules\discord.js\src\rest\RequestHandler.js:170:25)
      at runMicrotasks (<anonymous>)
      at processTicksAndRejections (internal/process/task_queues.js:93:5) {
    method: 'post',
    path: '/guilds/837104198419611649/channels',
    code: 50035,
    httpStatus: 400
  }
} | MS: 1620357268625 | DATE: 5/6/2021, 10:14:28 PM]
----------------------------------
DiscordAPIError: Invalid Form Body
name: This field is required
EXTRA INFO:
Unknown
----------------------------------
[CALLER: Promise {
  <rejected> DiscordAPIError: Invalid Form Body
  name: This field is required
      at RequestHandler.execute (C:\Users\jaces\Desktop\Corebot\node_modules\discord.js\src\rest\RequestHandler.js:170:25)
      at runMicrotasks (<anonymous>)
      at processTicksAndRejections (internal/process/task_queues.js:93:5) {
    method: 'post',
    path: '/guilds/832046329068650526/channels',
    code: 50035,
    httpStatus: 400
  }
} | MS: 1620357268626 | DATE: 5/6/2021, 10:14:28 PM]
----------------------------------
DiscordAPIError: Invalid Form Body
name: This field is required
EXTRA INFO:
Unknown
----------------------------------
[CALLER: Promise {
  <rejected> DiscordAPIError: Invalid Form Body
  name: This field is required
      at RequestHandler.execute (C:\Users\jaces\Desktop\Corebot\node_modules\discord.js\src\rest\RequestHandler.js:170:25)
      at runMicrotasks (<anonymous>)
      at processTicksAndRejections (internal/process/task_queues.js:93:5) {
    method: 'post',
    path: '/guilds/837104198419611649/channels',
    code: 50035,
    httpStatus: 400
  }
} | MS: 1620357284903 | DATE: 5/6/2021, 10:14:44 PM]
----------------------------------
DiscordAPIError: Invalid Form Body
name: This field is required
EXTRA INFO:
Unknown
----------------------------------
[CALLER: Promise {
  <rejected> DiscordAPIError: Invalid Form Body
  name: This field is required
      at RequestHandler.execute (C:\Users\jaces\Desktop\Corebot\node_modules\discord.js\src\rest\RequestHandler.js:170:25)
      at runMicrotasks (<anonymous>)
      at processTicksAndRejections (internal/process/task_queues.js:93:5) {
    method: 'post',
    path: '/guilds/832046329068650526/channels',
    code: 50035,
    httpStatus: 400
  }
} | MS: 1620357284904 | DATE: 5/6/2021, 10:14:44 PM]
----------------------------------
DiscordAPIError: Invalid Form Body
name: This field is required
EXTRA INFO:
Unknown
----------------------------------
[CALLER: Promise {
  <rejected> DiscordAPIError: Invalid Form Body
  name: This field is required
      at RequestHandler.execute (C:\Users\jaces\Desktop\Corebot\node_modules\discord.js\src\rest\RequestHandler.js:170:25)
      at runMicrotasks (<anonymous>)
      at processTicksAndRejections (internal/process/task_queues.js:93:5) {
    method: 'post',
    path: '/guilds/837104198419611649/channels',
    code: 50035,
    httpStatus: 400
  }
} | MS: 1620357298606 | DATE: 5/6/2021, 10:14:58 PM]
----------------------------------
DiscordAPIError: Invalid Form Body
name: This field is required
EXTRA INFO:
Unknown
----------------------------------
[CALLER: Promise {
  <rejected> DiscordAPIError: Invalid Form Body
  name: This field is required
      at RequestHandler.execute (C:\Users\jaces\Desktop\Corebot\node_modules\discord.js\src\rest\RequestHandler.js:170:25)
      at runMicrotasks (<anonymous>)
      at processTicksAndRejections (internal/process/task_queues.js:93:5) {
    method: 'post',
    path: '/guilds/832046329068650526/channels',
    code: 50035,
    httpStatus: 400
  }
} | MS: 1620357298629 | DATE: 5/6/2021, 10:14:58 PM]
----------------------------------
DiscordAPIError: Invalid Form Body
name: This field is required
EXTRA INFO:
Unknown
----------------------------------
[CALLER: Promise {
  <rejected> DiscordAPIError: Invalid Form Body
  name: This field is required
      at RequestHandler.execute (C:\Users\jaces\Desktop\Corebot\node_modules\discord.js\src\rest\RequestHandler.js:170:25)
      at runMicrotasks (<anonymous>)
      at processTicksAndRejections (internal/process/task_queues.js:93:5) {
    method: 'post',
    path: '/guilds/837104198419611649/channels',
    code: 50035,
    httpStatus: 400
  }
} | MS: 1620357314859 | DATE: 5/6/2021, 10:15:14 PM]
----------------------------------
DiscordAPIError: Invalid Form Body
name: This field is required
EXTRA INFO:
Unknown
----------------------------------
[CALLER: Promise {
  <rejected> DiscordAPIError: Invalid Form Body
  name: This field is required
      at RequestHandler.execute (C:\Users\jaces\Desktop\Corebot\node_modules\discord.js\src\rest\RequestHandler.js:170:25)
      at runMicrotasks (<anonymous>)
      at processTicksAndRejections (internal/process/task_queues.js:93:5) {
    method: 'post',
    path: '/guilds/832046329068650526/channels',
    code: 50035,
    httpStatus: 400
  }
} | MS: 1620357314888 | DATE: 5/6/2021, 10:15:14 PM]
----------------------------------
DiscordAPIError: Invalid Form Body
name: This field is required
EXTRA INFO:
Unknown
----------------------------------
[CALLER: Promise {
  <rejected> DiscordAPIError: Invalid Form Body
  name: This field is required
      at RequestHandler.execute (C:\Users\jaces\Desktop\Corebot\node_modules\discord.js\src\rest\RequestHandler.js:170:25)
      at runMicrotasks (<anonymous>)
      at processTicksAndRejections (internal/process/task_queues.js:93:5) {
    method: 'post',
    path: '/guilds/837104198419611649/channels',
    code: 50035,
    httpStatus: 400
  }
} | MS: 1620357328614 | DATE: 5/6/2021, 10:15:28 PM]
----------------------------------
DiscordAPIError: Invalid Form Body
name: This field is required
EXTRA INFO:
Unknown
----------------------------------
[CALLER: Promise {
  <rejected> DiscordAPIError: Invalid Form Body
  name: This field is required
      at RequestHandler.execute (C:\Users\jaces\Desktop\Corebot\node_modules\discord.js\src\rest\RequestHandler.js:170:25)
      at runMicrotasks (<anonymous>)
      at processTicksAndRejections (internal/process/task_queues.js:93:5) {
    method: 'post',
    path: '/guilds/832046329068650526/channels',
    code: 50035,
    httpStatus: 400
  }
} | MS: 1620357328615 | DATE: 5/6/2021, 10:15:28 PM]
----------------------------------
DiscordAPIError: Invalid Form Body
name: This field is required
EXTRA INFO:
Unknown
----------------------------------
[CALLER: Promise {
  <rejected> DiscordAPIError: Invalid Form Body
  name: This field is required
      at RequestHandler.execute (C:\Users\jaces\Desktop\Corebot\node_modules\discord.js\src\rest\RequestHandler.js:170:25)
      at runMicrotasks (<anonymous>)
      at processTicksAndRejections (internal/process/task_queues.js:93:5) {
    method: 'post',
    path: '/guilds/832046329068650526/channels',
    code: 50035,
    httpStatus: 400
  }
} | MS: 1620357344856 | DATE: 5/6/2021, 10:15:44 PM]
----------------------------------
DiscordAPIError: Invalid Form Body
name: This field is required
EXTRA INFO:
Unknown
----------------------------------
[CALLER: Promise {
  <rejected> DiscordAPIError: Invalid Form Body
  name: This field is required
      at RequestHandler.execute (C:\Users\jaces\Desktop\Corebot\node_modules\discord.js\src\rest\RequestHandler.js:170:25)
      at runMicrotasks (<anonymous>)
      at processTicksAndRejections (internal/process/task_queues.js:93:5) {
    method: 'post',
    path: '/guilds/837104198419611649/channels',
    code: 50035,
    httpStatus: 400
  }
} | MS: 1620357344859 | DATE: 5/6/2021, 10:15:44 PM]
----------------------------------
DiscordAPIError: Invalid Form Body
name: This field is required
EXTRA INFO:
Unknown
----------------------------------
[CALLER: Promise {
  <rejected> DiscordAPIError: Invalid Form Body
  name: This field is required
      at RequestHandler.execute (C:\Users\jaces\Desktop\Corebot\node_modules\discord.js\src\rest\RequestHandler.js:170:25)
      at runMicrotasks (<anonymous>)
      at processTicksAndRejections (internal/process/task_queues.js:93:5) {
    method: 'post',
    path: '/guilds/832046329068650526/channels',
    code: 50035,
    httpStatus: 400
  }
} | MS: 1620357358615 | DATE: 5/6/2021, 10:15:58 PM]
----------------------------------
DiscordAPIError: Invalid Form Body
name: This field is required
EXTRA INFO:
Unknown
----------------------------------
[CALLER: Promise {
  <rejected> DiscordAPIError: Invalid Form Body
  name: This field is required
      at RequestHandler.execute (C:\Users\jaces\Desktop\Corebot\node_modules\discord.js\src\rest\RequestHandler.js:170:25)
      at runMicrotasks (<anonymous>)
      at processTicksAndRejections (internal/process/task_queues.js:93:5) {
    method: 'post',
    path: '/guilds/837104198419611649/channels',
    code: 50035,
    httpStatus: 400
  }
} | MS: 1620357358640 | DATE: 5/6/2021, 10:15:58 PM]
----------------------------------
DiscordAPIError: Invalid Form Body
name: This field is required
EXTRA INFO:
Unknown
----------------------------------
[CALLER: Promise {
  <rejected> DiscordAPIError: Invalid Form Body
  name: This field is required
      at RequestHandler.execute (C:\Users\jaces\Desktop\Corebot\node_modules\discord.js\src\rest\RequestHandler.js:170:25)
      at runMicrotasks (<anonymous>)
      at processTicksAndRejections (internal/process/task_queues.js:93:5) {
    method: 'post',
    path: '/guilds/837104198419611649/channels',
    code: 50035,
    httpStatus: 400
  }
} | MS: 1620357374860 | DATE: 5/6/2021, 10:16:14 PM]
----------------------------------
DiscordAPIError: Invalid Form Body
name: This field is required
EXTRA INFO:
Unknown
----------------------------------
[CALLER: Promise {
  <rejected> DiscordAPIError: Invalid Form Body
  name: This field is required
      at RequestHandler.execute (C:\Users\jaces\Desktop\Corebot\node_modules\discord.js\src\rest\RequestHandler.js:170:25)
      at runMicrotasks (<anonymous>)
      at processTicksAndRejections (internal/process/task_queues.js:93:5) {
    method: 'post',
    path: '/guilds/832046329068650526/channels',
    code: 50035,
    httpStatus: 400
  }
} | MS: 1620357374862 | DATE: 5/6/2021, 10:16:14 PM]
----------------------------------
DiscordAPIError: Invalid Form Body
name: This field is required
EXTRA INFO:
Unknown
----------------------------------
[CALLER: Promise {
  <rejected> DiscordAPIError: Invalid Form Body
  name: This field is required
      at RequestHandler.execute (C:\Users\jaces\Desktop\Corebot\node_modules\discord.js\src\rest\RequestHandler.js:170:25)
      at runMicrotasks (<anonymous>)
      at processTicksAndRejections (internal/process/task_queues.js:93:5) {
    method: 'post',
    path: '/guilds/832046329068650526/channels',
    code: 50035,
    httpStatus: 400
  }
} | MS: 1620357388630 | DATE: 5/6/2021, 10:16:28 PM]
----------------------------------
DiscordAPIError: Invalid Form Body
name: This field is required
EXTRA INFO:
Unknown
----------------------------------
[CALLER: Promise {
  <rejected> DiscordAPIError: Invalid Form Body
  name: This field is required
      at RequestHandler.execute (C:\Users\jaces\Desktop\Corebot\node_modules\discord.js\src\rest\RequestHandler.js:170:25)
      at runMicrotasks (<anonymous>)
      at processTicksAndRejections (internal/process/task_queues.js:93:5) {
    method: 'post',
    path: '/guilds/837104198419611649/channels',
    code: 50035,
    httpStatus: 400
  }
} | MS: 1620357388636 | DATE: 5/6/2021, 10:16:28 PM]
----------------------------------
DiscordAPIError: Invalid Form Body
name: This field is required
EXTRA INFO:
Unknown
----------------------------------
[CALLER: Promise {
  <rejected> DiscordAPIError: Invalid Form Body
  name: This field is required
      at RequestHandler.execute (C:\Users\jaces\Desktop\Corebot\node_modules\discord.js\src\rest\RequestHandler.js:170:25)
      at runMicrotasks (<anonymous>)
      at processTicksAndRejections (internal/process/task_queues.js:93:5) {
    method: 'post',
    path: '/guilds/832046329068650526/channels',
    code: 50035,
    httpStatus: 400
  }
} | MS: 1620357404846 | DATE: 5/6/2021, 10:16:44 PM]
----------------------------------
DiscordAPIError: Invalid Form Body
name: This field is required
EXTRA INFO:
Unknown
----------------------------------
[CALLER: Promise {
  <rejected> DiscordAPIError: Invalid Form Body
  name: This field is required
      at RequestHandler.execute (C:\Users\jaces\Desktop\Corebot\node_modules\discord.js\src\rest\RequestHandler.js:170:25)
      at runMicrotasks (<anonymous>)
      at processTicksAndRejections (internal/process/task_queues.js:93:5) {
    method: 'post',
    path: '/guilds/837104198419611649/channels',
    code: 50035,
    httpStatus: 400
  }
} | MS: 1620357404857 | DATE: 5/6/2021, 10:16:44 PM]
----------------------------------
DiscordAPIError: Invalid Form Body
name: This field is required
EXTRA INFO:
Unknown
----------------------------------
[CALLER: Promise {
  <rejected> DiscordAPIError: Invalid Form Body
  name: This field is required
      at RequestHandler.execute (C:\Users\jaces\Desktop\Corebot\node_modules\discord.js\src\rest\RequestHandler.js:170:25)
      at runMicrotasks (<anonymous>)
      at processTicksAndRejections (internal/process/task_queues.js:93:5) {
    method: 'post',
    path: '/guilds/837104198419611649/channels',
    code: 50035,
    httpStatus: 400
  }
} | MS: 1620357418643 | DATE: 5/6/2021, 10:16:58 PM]
----------------------------------
DiscordAPIError: Invalid Form Body
name: This field is required
EXTRA INFO:
Unknown
----------------------------------
[CALLER: Promise {
  <rejected> DiscordAPIError: Invalid Form Body
  name: This field is required
      at RequestHandler.execute (C:\Users\jaces\Desktop\Corebot\node_modules\discord.js\src\rest\RequestHandler.js:170:25)
      at runMicrotasks (<anonymous>)
      at processTicksAndRejections (internal/process/task_queues.js:93:5) {
    method: 'post',
    path: '/guilds/832046329068650526/channels',
    code: 50035,
    httpStatus: 400
  }
} | MS: 1620357418649 | DATE: 5/6/2021, 10:16:58 PM]
----------------------------------
DiscordAPIError: Invalid Form Body
name: This field is required
EXTRA INFO:
Unknown
----------------------------------
[CALLER: Promise {
  <rejected> DiscordAPIError: Invalid Form Body
  name: This field is required
      at RequestHandler.execute (C:\Users\jaces\Desktop\Corebot\node_modules\discord.js\src\rest\RequestHandler.js:170:25)
      at runMicrotasks (<anonymous>)
      at processTicksAndRejections (internal/process/task_queues.js:93:5) {
    method: 'post',
    path: '/guilds/837104198419611649/channels',
    code: 50035,
    httpStatus: 400
  }
} | MS: 1620357434866 | DATE: 5/6/2021, 10:17:14 PM]
----------------------------------
DiscordAPIError: Invalid Form Body
name: This field is required
EXTRA INFO:
Unknown
----------------------------------
[CALLER: Promise {
  <rejected> DiscordAPIError: Invalid Form Body
  name: This field is required
      at RequestHandler.execute (C:\Users\jaces\Desktop\Corebot\node_modules\discord.js\src\rest\RequestHandler.js:170:25)
      at runMicrotasks (<anonymous>)
      at processTicksAndRejections (internal/process/task_queues.js:93:5) {
    method: 'post',
    path: '/guilds/832046329068650526/channels',
    code: 50035,
    httpStatus: 400
  }
} | MS: 1620357434894 | DATE: 5/6/2021, 10:17:14 PM]
----------------------------------
DiscordAPIError: Invalid Form Body
name: This field is required
EXTRA INFO:
Unknown
----------------------------------
[CALLER: Promise {
  <rejected> DiscordAPIError: Invalid Form Body
  name: This field is required
      at RequestHandler.execute (C:\Users\jaces\Desktop\Corebot\node_modules\discord.js\src\rest\RequestHandler.js:170:25)
      at runMicrotasks (<anonymous>)
      at processTicksAndRejections (internal/process/task_queues.js:93:5) {
    method: 'post',
    path: '/guilds/832046329068650526/channels',
    code: 50035,
    httpStatus: 400
  }
} | MS: 1620357448620 | DATE: 5/6/2021, 10:17:28 PM]
----------------------------------
DiscordAPIError: Invalid Form Body
name: This field is required
EXTRA INFO:
Unknown
----------------------------------
[CALLER: Promise {
  <rejected> DiscordAPIError: Invalid Form Body
  name: This field is required
      at RequestHandler.execute (C:\Users\jaces\Desktop\Corebot\node_modules\discord.js\src\rest\RequestHandler.js:170:25)
      at runMicrotasks (<anonymous>)
      at processTicksAndRejections (internal/process/task_queues.js:93:5) {
    method: 'post',
    path: '/guilds/837104198419611649/channels',
    code: 50035,
    httpStatus: 400
  }
} | MS: 1620357448715 | DATE: 5/6/2021, 10:17:28 PM]
----------------------------------
DiscordAPIError: Invalid Form Body
name: This field is required
EXTRA INFO:
Unknown
----------------------------------
[CALLER: Promise {
  <rejected> DiscordAPIError: Invalid Form Body
  name: This field is required
      at RequestHandler.execute (C:\Users\jaces\Desktop\Corebot\node_modules\discord.js\src\rest\RequestHandler.js:170:25)
      at runMicrotasks (<anonymous>)
      at processTicksAndRejections (internal/process/task_queues.js:93:5) {
    method: 'post',
    path: '/guilds/837104198419611649/channels',
    code: 50035,
    httpStatus: 400
  }
} | MS: 1620357464871 | DATE: 5/6/2021, 10:17:44 PM]
----------------------------------
DiscordAPIError: Invalid Form Body
name: This field is required
EXTRA INFO:
Unknown
----------------------------------
[CALLER: Promise {
  <rejected> DiscordAPIError: Invalid Form Body
  name: This field is required
      at RequestHandler.execute (C:\Users\jaces\Desktop\Corebot\node_modules\discord.js\src\rest\RequestHandler.js:170:25)
      at runMicrotasks (<anonymous>)
      at processTicksAndRejections (internal/process/task_queues.js:93:5) {
    method: 'post',
    path: '/guilds/832046329068650526/channels',
    code: 50035,
    httpStatus: 400
  }
} | MS: 1620357464885 | DATE: 5/6/2021, 10:17:44 PM]
----------------------------------
DiscordAPIError: Invalid Form Body
name: This field is required
EXTRA INFO:
Unknown
----------------------------------
[CALLER: Promise {
  <rejected> DiscordAPIError: Invalid Form Body
  name: This field is required
      at RequestHandler.execute (C:\Users\jaces\Desktop\Corebot\node_modules\discord.js\src\rest\RequestHandler.js:170:25)
      at runMicrotasks (<anonymous>)
      at processTicksAndRejections (internal/process/task_queues.js:93:5) {
    method: 'post',
    path: '/guilds/832046329068650526/channels',
    code: 50035,
    httpStatus: 400
  }
} | MS: 1620357478634 | DATE: 5/6/2021, 10:17:58 PM]
----------------------------------
DiscordAPIError: Invalid Form Body
name: This field is required
EXTRA INFO:
Unknown
----------------------------------
[CALLER: Promise {
  <rejected> DiscordAPIError: Invalid Form Body
  name: This field is required
      at RequestHandler.execute (C:\Users\jaces\Desktop\Corebot\node_modules\discord.js\src\rest\RequestHandler.js:170:25)
      at runMicrotasks (<anonymous>)
      at processTicksAndRejections (internal/process/task_queues.js:93:5) {
    method: 'post',
    path: '/guilds/837104198419611649/channels',
    code: 50035,
    httpStatus: 400
  }
} | MS: 1620357478638 | DATE: 5/6/2021, 10:17:58 PM]
----------------------------------
DiscordAPIError: Invalid Form Body
name: This field is required
EXTRA INFO:
Unknown
----------------------------------
[CALLER: Promise {
  <rejected> DiscordAPIError: Invalid Form Body
  name: This field is required
      at RequestHandler.execute (C:\Users\jaces\Desktop\Corebot\node_modules\discord.js\src\rest\RequestHandler.js:170:25)
      at runMicrotasks (<anonymous>)
      at processTicksAndRejections (internal/process/task_queues.js:93:5) {
    method: 'post',
    path: '/guilds/837104198419611649/channels',
    code: 50035,
    httpStatus: 400
  }
} | MS: 1620357494860 | DATE: 5/6/2021, 10:18:14 PM]
----------------------------------
DiscordAPIError: Invalid Form Body
name: This field is required
EXTRA INFO:
Unknown
----------------------------------
[CALLER: Promise {
  <rejected> DiscordAPIError: Invalid Form Body
  name: This field is required
      at RequestHandler.execute (C:\Users\jaces\Desktop\Corebot\node_modules\discord.js\src\rest\RequestHandler.js:170:25)
      at runMicrotasks (<anonymous>)
      at processTicksAndRejections (internal/process/task_queues.js:93:5) {
    method: 'post',
    path: '/guilds/832046329068650526/channels',
    code: 50035,
    httpStatus: 400
  }
} | MS: 1620357494861 | DATE: 5/6/2021, 10:18:14 PM]
----------------------------------
DiscordAPIError: Invalid Form Body
name: This field is required
EXTRA INFO:
Unknown
----------------------------------
[CALLER: Promise {
  <rejected> DiscordAPIError: Invalid Form Body
  name: This field is required
      at RequestHandler.execute (C:\Users\jaces\Desktop\Corebot\node_modules\discord.js\src\rest\RequestHandler.js:170:25)
      at runMicrotasks (<anonymous>)
      at processTicksAndRejections (internal/process/task_queues.js:93:5) {
    method: 'post',
    path: '/guilds/837104198419611649/channels',
    code: 50035,
    httpStatus: 400
  }
} | MS: 1620357508634 | DATE: 5/6/2021, 10:18:28 PM]
----------------------------------
DiscordAPIError: Invalid Form Body
name: This field is required
EXTRA INFO:
Unknown
----------------------------------
[CALLER: Promise {
  <rejected> DiscordAPIError: Invalid Form Body
  name: This field is required
      at RequestHandler.execute (C:\Users\jaces\Desktop\Corebot\node_modules\discord.js\src\rest\RequestHandler.js:170:25)
      at runMicrotasks (<anonymous>)
      at processTicksAndRejections (internal/process/task_queues.js:93:5) {
    method: 'post',
    path: '/guilds/832046329068650526/channels',
    code: 50035,
    httpStatus: 400
  }
} | MS: 1620357508636 | DATE: 5/6/2021, 10:18:28 PM]
----------------------------------
DiscordAPIError: Invalid Form Body
name: This field is required
EXTRA INFO:
Unknown
----------------------------------
[CALLER: Promise {
  <rejected> DiscordAPIError: Invalid Form Body
  name: This field is required
      at RequestHandler.execute (C:\Users\jaces\Desktop\Corebot\node_modules\discord.js\src\rest\RequestHandler.js:170:25)
      at runMicrotasks (<anonymous>)
      at processTicksAndRejections (internal/process/task_queues.js:93:5) {
    method: 'post',
    path: '/guilds/832046329068650526/channels',
    code: 50035,
    httpStatus: 400
  }
} | MS: 1620357524866 | DATE: 5/6/2021, 10:18:44 PM]
----------------------------------
DiscordAPIError: Invalid Form Body
name: This field is required
EXTRA INFO:
Unknown
----------------------------------
[CALLER: Promise {
  <rejected> DiscordAPIError: Invalid Form Body
  name: This field is required
      at RequestHandler.execute (C:\Users\jaces\Desktop\Corebot\node_modules\discord.js\src\rest\RequestHandler.js:170:25)
      at runMicrotasks (<anonymous>)
      at processTicksAndRejections (internal/process/task_queues.js:93:5) {
    method: 'post',
    path: '/guilds/837104198419611649/channels',
    code: 50035,
    httpStatus: 400
  }
} | MS: 1620357524891 | DATE: 5/6/2021, 10:18:44 PM]
----------------------------------
DiscordAPIError: Invalid Form Body
name: This field is required
EXTRA INFO:
Unknown
----------------------------------
[CALLER: Promise {
  <rejected> DiscordAPIError: Invalid Form Body
  name: This field is required
      at RequestHandler.execute (C:\Users\jaces\Desktop\Corebot\node_modules\discord.js\src\rest\RequestHandler.js:170:25)
      at runMicrotasks (<anonymous>)
      at processTicksAndRejections (internal/process/task_queues.js:93:5) {
    method: 'post',
    path: '/guilds/837104198419611649/channels',
    code: 50035,
    httpStatus: 400
  }
} | MS: 1620357538639 | DATE: 5/6/2021, 10:18:58 PM]
----------------------------------
DiscordAPIError: Invalid Form Body
name: This field is required
EXTRA INFO:
Unknown
----------------------------------
[CALLER: Promise {
  <rejected> DiscordAPIError: Invalid Form Body
  name: This field is required
      at RequestHandler.execute (C:\Users\jaces\Desktop\Corebot\node_modules\discord.js\src\rest\RequestHandler.js:170:25)
      at runMicrotasks (<anonymous>)
      at processTicksAndRejections (internal/process/task_queues.js:93:5) {
    method: 'post',
    path: '/guilds/832046329068650526/channels',
    code: 50035,
    httpStatus: 400
  }
} | MS: 1620357538645 | DATE: 5/6/2021, 10:18:58 PM]
----------------------------------
DiscordAPIError: Invalid Form Body
name: This field is required
EXTRA INFO:
Unknown
----------------------------------
[CALLER: Promise {
  <rejected> DiscordAPIError: Invalid Form Body
  name: This field is required
      at RequestHandler.execute (C:\Users\jaces\Desktop\Corebot\node_modules\discord.js\src\rest\RequestHandler.js:170:25)
      at runMicrotasks (<anonymous>)
      at processTicksAndRejections (internal/process/task_queues.js:93:5) {
    method: 'post',
    path: '/guilds/837104198419611649/channels',
    code: 50035,
    httpStatus: 400
  }
} | MS: 1620357554847 | DATE: 5/6/2021, 10:19:14 PM]
----------------------------------
DiscordAPIError: Invalid Form Body
name: This field is required
EXTRA INFO:
Unknown
----------------------------------
[CALLER: Promise {
  <rejected> DiscordAPIError: Invalid Form Body
  name: This field is required
      at RequestHandler.execute (C:\Users\jaces\Desktop\Corebot\node_modules\discord.js\src\rest\RequestHandler.js:170:25)
      at runMicrotasks (<anonymous>)
      at processTicksAndRejections (internal/process/task_queues.js:93:5) {
    method: 'post',
    path: '/guilds/832046329068650526/channels',
    code: 50035,
    httpStatus: 400
  }
} | MS: 1620357554855 | DATE: 5/6/2021, 10:19:14 PM]
----------------------------------
DiscordAPIError: Invalid Form Body
name: This field is required
EXTRA INFO:
Unknown
----------------------------------
[CALLER: Promise {
  <rejected> DiscordAPIError: Invalid Form Body
  name: This field is required
      at RequestHandler.execute (C:\Users\jaces\Desktop\Corebot\node_modules\discord.js\src\rest\RequestHandler.js:170:25)
      at runMicrotasks (<anonymous>)
      at processTicksAndRejections (internal/process/task_queues.js:93:5) {
    method: 'post',
    path: '/guilds/837104198419611649/channels',
    code: 50035,
    httpStatus: 400
  }
} | MS: 1620357568628 | DATE: 5/6/2021, 10:19:28 PM]
----------------------------------
DiscordAPIError: Invalid Form Body
name: This field is required
EXTRA INFO:
Unknown
----------------------------------
[CALLER: Promise {
  <rejected> DiscordAPIError: Invalid Form Body
  name: This field is required
      at RequestHandler.execute (C:\Users\jaces\Desktop\Corebot\node_modules\discord.js\src\rest\RequestHandler.js:170:25)
      at runMicrotasks (<anonymous>)
      at processTicksAndRejections (internal/process/task_queues.js:93:5) {
    method: 'post',
    path: '/guilds/832046329068650526/channels',
    code: 50035,
    httpStatus: 400
  }
} | MS: 1620357568629 | DATE: 5/6/2021, 10:19:28 PM]
----------------------------------
DiscordAPIError: Invalid Form Body
name: This field is required
EXTRA INFO:
Unknown
----------------------------------
[CALLER: Promise {
  <rejected> DiscordAPIError: Invalid Form Body
  name: This field is required
      at RequestHandler.execute (C:\Users\jaces\Desktop\Corebot\node_modules\discord.js\src\rest\RequestHandler.js:170:25)
      at runMicrotasks (<anonymous>)
      at processTicksAndRejections (internal/process/task_queues.js:93:5) {
    method: 'post',
    path: '/guilds/832046329068650526/channels',
    code: 50035,
    httpStatus: 400
  }
} | MS: 1620357584862 | DATE: 5/6/2021, 10:19:44 PM]
----------------------------------
DiscordAPIError: Invalid Form Body
name: This field is required
EXTRA INFO:
Unknown
----------------------------------
[CALLER: Promise {
  <rejected> DiscordAPIError: Invalid Form Body
  name: This field is required
      at RequestHandler.execute (C:\Users\jaces\Desktop\Corebot\node_modules\discord.js\src\rest\RequestHandler.js:170:25)
      at runMicrotasks (<anonymous>)
      at processTicksAndRejections (internal/process/task_queues.js:93:5) {
    method: 'post',
    path: '/guilds/837104198419611649/channels',
    code: 50035,
    httpStatus: 400
  }
} | MS: 1620357584875 | DATE: 5/6/2021, 10:19:44 PM]
----------------------------------
DiscordAPIError: Invalid Form Body
name: This field is required
EXTRA INFO:
Unknown
----------------------------------
[CALLER: Promise {
  <rejected> DiscordAPIError: Invalid Form Body
  name: This field is required
      at RequestHandler.execute (C:\Users\jaces\Desktop\Corebot\node_modules\discord.js\src\rest\RequestHandler.js:170:25)
      at runMicrotasks (<anonymous>)
      at processTicksAndRejections (internal/process/task_queues.js:93:5) {
    method: 'post',
    path: '/guilds/837104198419611649/channels',
    code: 50035,
    httpStatus: 400
  }
} | MS: 1620357598621 | DATE: 5/6/2021, 10:19:58 PM]
----------------------------------
DiscordAPIError: Invalid Form Body
name: This field is required
EXTRA INFO:
Unknown
----------------------------------
[CALLER: Promise {
  <rejected> DiscordAPIError: Invalid Form Body
  name: This field is required
      at RequestHandler.execute (C:\Users\jaces\Desktop\Corebot\node_modules\discord.js\src\rest\RequestHandler.js:170:25)
      at runMicrotasks (<anonymous>)
      at processTicksAndRejections (internal/process/task_queues.js:93:5) {
    method: 'post',
    path: '/guilds/832046329068650526/channels',
    code: 50035,
    httpStatus: 400
  }
} | MS: 1620357598648 | DATE: 5/6/2021, 10:19:58 PM]
----------------------------------
DiscordAPIError: Invalid Form Body
name: This field is required
EXTRA INFO:
Unknown
----------------------------------
[CALLER: Promise {
  <rejected> DiscordAPIError: Invalid Form Body
  name: This field is required
      at RequestHandler.execute (C:\Users\jaces\Desktop\Corebot\node_modules\discord.js\src\rest\RequestHandler.js:170:25)
      at runMicrotasks (<anonymous>)
      at processTicksAndRejections (internal/process/task_queues.js:93:5) {
    method: 'post',
    path: '/guilds/837104198419611649/channels',
    code: 50035,
    httpStatus: 400
  }
} | MS: 1620357614872 | DATE: 5/6/2021, 10:20:14 PM]
----------------------------------
DiscordAPIError: Invalid Form Body
name: This field is required
EXTRA INFO:
Unknown
----------------------------------
[CALLER: Promise {
  <rejected> DiscordAPIError: Invalid Form Body
  name: This field is required
      at RequestHandler.execute (C:\Users\jaces\Desktop\Corebot\node_modules\discord.js\src\rest\RequestHandler.js:170:25)
      at runMicrotasks (<anonymous>)
      at processTicksAndRejections (internal/process/task_queues.js:93:5) {
    method: 'post',
    path: '/guilds/832046329068650526/channels',
    code: 50035,
    httpStatus: 400
  }
} | MS: 1620357614890 | DATE: 5/6/2021, 10:20:14 PM]
----------------------------------
DiscordAPIError: Invalid Form Body
name: This field is required
EXTRA INFO:
Unknown
----------------------------------
[CALLER: Promise {
  <rejected> DiscordAPIError: Invalid Form Body
  name: This field is required
      at RequestHandler.execute (C:\Users\jaces\Desktop\Corebot\node_modules\discord.js\src\rest\RequestHandler.js:170:25)
      at runMicrotasks (<anonymous>)
      at processTicksAndRejections (internal/process/task_queues.js:93:5) {
    method: 'post',
    path: '/guilds/832046329068650526/channels',
    code: 50035,
    httpStatus: 400
  }
} | MS: 1620357628636 | DATE: 5/6/2021, 10:20:28 PM]
----------------------------------
DiscordAPIError: Invalid Form Body
name: This field is required
EXTRA INFO:
Unknown
----------------------------------
[CALLER: Promise {
  <rejected> DiscordAPIError: Invalid Form Body
  name: This field is required
      at RequestHandler.execute (C:\Users\jaces\Desktop\Corebot\node_modules\discord.js\src\rest\RequestHandler.js:170:25)
      at runMicrotasks (<anonymous>)
      at processTicksAndRejections (internal/process/task_queues.js:93:5) {
    method: 'post',
    path: '/guilds/837104198419611649/channels',
    code: 50035,
    httpStatus: 400
  }
} | MS: 1620357629277 | DATE: 5/6/2021, 10:20:29 PM]
----------------------------------
DiscordAPIError: Invalid Form Body
name: This field is required
EXTRA INFO:
Unknown
----------------------------------
[CALLER: Promise {
  <rejected> DiscordAPIError: Invalid Form Body
  name: This field is required
      at RequestHandler.execute (C:\Users\jaces\Desktop\Corebot\node_modules\discord.js\src\rest\RequestHandler.js:170:25)
      at runMicrotasks (<anonymous>)
      at processTicksAndRejections (internal/process/task_queues.js:93:5) {
    method: 'post',
    path: '/guilds/832046329068650526/channels',
    code: 50035,
    httpStatus: 400
  }
} | MS: 1620357644850 | DATE: 5/6/2021, 10:20:44 PM]
----------------------------------
DiscordAPIError: Invalid Form Body
name: This field is required
EXTRA INFO:
Unknown
----------------------------------
[CALLER: Promise {
  <rejected> DiscordAPIError: Invalid Form Body
  name: This field is required
      at RequestHandler.execute (C:\Users\jaces\Desktop\Corebot\node_modules\discord.js\src\rest\RequestHandler.js:170:25)
      at runMicrotasks (<anonymous>)
      at processTicksAndRejections (internal/process/task_queues.js:93:5) {
    method: 'post',
    path: '/guilds/837104198419611649/channels',
    code: 50035,
    httpStatus: 400
  }
} | MS: 1620357644859 | DATE: 5/6/2021, 10:20:44 PM]
----------------------------------
DiscordAPIError: Invalid Form Body
name: This field is required
EXTRA INFO:
Unknown
----------------------------------
[CALLER: Promise {
  <rejected> DiscordAPIError: Invalid Form Body
  name: This field is required
      at RequestHandler.execute (C:\Users\jaces\Desktop\Corebot\node_modules\discord.js\src\rest\RequestHandler.js:170:25)
      at runMicrotasks (<anonymous>)
      at processTicksAndRejections (internal/process/task_queues.js:93:5) {
    method: 'post',
    path: '/guilds/832046329068650526/channels',
    code: 50035,
    httpStatus: 400
  }
} | MS: 1620357658633 | DATE: 5/6/2021, 10:20:58 PM]
----------------------------------
DiscordAPIError: Invalid Form Body
name: This field is required
EXTRA INFO:
Unknown
----------------------------------
[CALLER: Promise {
  <rejected> DiscordAPIError: Invalid Form Body
  name: This field is required
      at RequestHandler.execute (C:\Users\jaces\Desktop\Corebot\node_modules\discord.js\src\rest\RequestHandler.js:170:25)
      at runMicrotasks (<anonymous>)
      at processTicksAndRejections (internal/process/task_queues.js:93:5) {
    method: 'post',
    path: '/guilds/837104198419611649/channels',
    code: 50035,
    httpStatus: 400
  }
} | MS: 1620357658646 | DATE: 5/6/2021, 10:20:58 PM]
----------------------------------
DiscordAPIError: Invalid Form Body
name: This field is required
EXTRA INFO:
Unknown
----------------------------------
[CALLER: Promise {
  <rejected> DiscordAPIError: Invalid Form Body
  name: This field is required
      at RequestHandler.execute (C:\Users\jaces\Desktop\Corebot\node_modules\discord.js\src\rest\RequestHandler.js:170:25)
      at runMicrotasks (<anonymous>)
      at processTicksAndRejections (internal/process/task_queues.js:93:5) {
    method: 'post',
    path: '/guilds/837104198419611649/channels',
    code: 50035,
    httpStatus: 400
  }
} | MS: 1620357674856 | DATE: 5/6/2021, 10:21:14 PM]
----------------------------------
DiscordAPIError: Invalid Form Body
name: This field is required
EXTRA INFO:
Unknown
----------------------------------
[CALLER: Promise {
  <rejected> DiscordAPIError: Invalid Form Body
  name: This field is required
      at RequestHandler.execute (C:\Users\jaces\Desktop\Corebot\node_modules\discord.js\src\rest\RequestHandler.js:170:25)
      at runMicrotasks (<anonymous>)
      at processTicksAndRejections (internal/process/task_queues.js:93:5) {
    method: 'post',
    path: '/guilds/832046329068650526/channels',
    code: 50035,
    httpStatus: 400
  }
} | MS: 1620357674862 | DATE: 5/6/2021, 10:21:14 PM]
----------------------------------
DiscordAPIError: Invalid Form Body
name: This field is required
EXTRA INFO:
Unknown
----------------------------------
[CALLER: Promise {
  <rejected> DiscordAPIError: Invalid Form Body
  name: This field is required
      at RequestHandler.execute (C:\Users\jaces\Desktop\Corebot\node_modules\discord.js\src\rest\RequestHandler.js:170:25)
      at runMicrotasks (<anonymous>)
      at processTicksAndRejections (internal/process/task_queues.js:93:5) {
    method: 'post',
    path: '/guilds/837104198419611649/channels',
    code: 50035,
    httpStatus: 400
  }
} | MS: 1620357688627 | DATE: 5/6/2021, 10:21:28 PM]
----------------------------------
DiscordAPIError: Invalid Form Body
name: This field is required
EXTRA INFO:
Unknown
----------------------------------
[CALLER: Promise {
  <rejected> DiscordAPIError: Invalid Form Body
  name: This field is required
      at RequestHandler.execute (C:\Users\jaces\Desktop\Corebot\node_modules\discord.js\src\rest\RequestHandler.js:170:25)
      at runMicrotasks (<anonymous>)
      at processTicksAndRejections (internal/process/task_queues.js:93:5) {
    method: 'post',
    path: '/guilds/832046329068650526/channels',
    code: 50035,
    httpStatus: 400
  }
} | MS: 1620357688628 | DATE: 5/6/2021, 10:21:28 PM]
----------------------------------
DiscordAPIError: Invalid Form Body
name: This field is required
EXTRA INFO:
Unknown
----------------------------------
[CALLER: Promise {
  <rejected> DiscordAPIError: Invalid Form Body
  name: This field is required
      at RequestHandler.execute (C:\Users\jaces\Desktop\Corebot\node_modules\discord.js\src\rest\RequestHandler.js:170:25)
      at runMicrotasks (<anonymous>)
      at processTicksAndRejections (internal/process/task_queues.js:93:5) {
    method: 'post',
    path: '/guilds/837104198419611649/channels',
    code: 50035,
    httpStatus: 400
  }
} | MS: 1620357704857 | DATE: 5/6/2021, 10:21:44 PM]
----------------------------------
DiscordAPIError: Invalid Form Body
name: This field is required
EXTRA INFO:
Unknown
----------------------------------
[CALLER: Promise {
  <rejected> DiscordAPIError: Invalid Form Body
  name: This field is required
      at RequestHandler.execute (C:\Users\jaces\Desktop\Corebot\node_modules\discord.js\src\rest\RequestHandler.js:170:25)
      at runMicrotasks (<anonymous>)
      at processTicksAndRejections (internal/process/task_queues.js:93:5) {
    method: 'post',
    path: '/guilds/832046329068650526/channels',
    code: 50035,
    httpStatus: 400
  }
} | MS: 1620357704860 | DATE: 5/6/2021, 10:21:44 PM]
----------------------------------
DiscordAPIError: Invalid Form Body
name: This field is required
EXTRA INFO:
Unknown
----------------------------------
[CALLER: Promise {
  <rejected> DiscordAPIError: Invalid Form Body
  name: This field is required
      at RequestHandler.execute (C:\Users\jaces\Desktop\Corebot\node_modules\discord.js\src\rest\RequestHandler.js:170:25)
      at runMicrotasks (<anonymous>)
      at processTicksAndRejections (internal/process/task_queues.js:93:5) {
    method: 'post',
    path: '/guilds/837104198419611649/channels',
    code: 50035,
    httpStatus: 400
  }
} | MS: 1620357718615 | DATE: 5/6/2021, 10:21:58 PM]
----------------------------------
DiscordAPIError: Invalid Form Body
name: This field is required
EXTRA INFO:
Unknown
----------------------------------
[CALLER: Promise {
  <rejected> DiscordAPIError: Invalid Form Body
  name: This field is required
      at RequestHandler.execute (C:\Users\jaces\Desktop\Corebot\node_modules\discord.js\src\rest\RequestHandler.js:170:25)
      at runMicrotasks (<anonymous>)
      at processTicksAndRejections (internal/process/task_queues.js:93:5) {
    method: 'post',
    path: '/guilds/832046329068650526/channels',
    code: 50035,
    httpStatus: 400
  }
} | MS: 1620357718628 | DATE: 5/6/2021, 10:21:58 PM]
----------------------------------
DiscordAPIError: Invalid Form Body
name: This field is required
EXTRA INFO:
Unknown
----------------------------------
[CALLER: Promise {
  <rejected> DiscordAPIError: Invalid Form Body
  name: This field is required
      at RequestHandler.execute (C:\Users\jaces\Desktop\Corebot\node_modules\discord.js\src\rest\RequestHandler.js:170:25)
      at runMicrotasks (<anonymous>)
      at processTicksAndRejections (internal/process/task_queues.js:93:5) {
    method: 'post',
    path: '/guilds/837104198419611649/channels',
    code: 50035,
    httpStatus: 400
  }
} | MS: 1620357734895 | DATE: 5/6/2021, 10:22:14 PM]
----------------------------------
DiscordAPIError: Invalid Form Body
name: This field is required
EXTRA INFO:
Unknown
----------------------------------
[CALLER: Promise {
  <rejected> DiscordAPIError: Invalid Form Body
  name: This field is required
      at RequestHandler.execute (C:\Users\jaces\Desktop\Corebot\node_modules\discord.js\src\rest\RequestHandler.js:170:25)
      at runMicrotasks (<anonymous>)
      at processTicksAndRejections (internal/process/task_queues.js:93:5) {
    method: 'post',
    path: '/guilds/832046329068650526/channels',
    code: 50035,
    httpStatus: 400
  }
} | MS: 1620357734897 | DATE: 5/6/2021, 10:22:14 PM]
----------------------------------
DiscordAPIError: Invalid Form Body
name: This field is required
EXTRA INFO:
Unknown
----------------------------------
[CALLER: Promise {
  <rejected> DiscordAPIError: Invalid Form Body
  name: This field is required
      at RequestHandler.execute (C:\Users\jaces\Desktop\Corebot\node_modules\discord.js\src\rest\RequestHandler.js:170:25)
      at runMicrotasks (<anonymous>)
      at processTicksAndRejections (internal/process/task_queues.js:93:5) {
    method: 'post',
    path: '/guilds/837104198419611649/channels',
    code: 50035,
    httpStatus: 400
  }
} | MS: 1620357748614 | DATE: 5/6/2021, 10:22:28 PM]
----------------------------------
DiscordAPIError: Invalid Form Body
name: This field is required
EXTRA INFO:
Unknown
----------------------------------
[CALLER: Promise {
  <rejected> DiscordAPIError: Invalid Form Body
  name: This field is required
      at RequestHandler.execute (C:\Users\jaces\Desktop\Corebot\node_modules\discord.js\src\rest\RequestHandler.js:170:25)
      at runMicrotasks (<anonymous>)
      at processTicksAndRejections (internal/process/task_queues.js:93:5) {
    method: 'post',
    path: '/guilds/832046329068650526/channels',
    code: 50035,
    httpStatus: 400
  }
} | MS: 1620357748635 | DATE: 5/6/2021, 10:22:28 PM]
----------------------------------
DiscordAPIError: Invalid Form Body
name: This field is required
EXTRA INFO:
Unknown
----------------------------------
[CALLER: Promise {
  <rejected> DiscordAPIError: Invalid Form Body
  name: This field is required
      at RequestHandler.execute (C:\Users\jaces\Desktop\Corebot\node_modules\discord.js\src\rest\RequestHandler.js:170:25)
      at runMicrotasks (<anonymous>)
      at processTicksAndRejections (internal/process/task_queues.js:93:5) {
    method: 'post',
    path: '/guilds/837104198419611649/channels',
    code: 50035,
    httpStatus: 400
  }
} | MS: 1620357764857 | DATE: 5/6/2021, 10:22:44 PM]
----------------------------------
DiscordAPIError: Invalid Form Body
name: This field is required
EXTRA INFO:
Unknown
----------------------------------
[CALLER: Promise {
  <rejected> DiscordAPIError: Invalid Form Body
  name: This field is required
      at RequestHandler.execute (C:\Users\jaces\Desktop\Corebot\node_modules\discord.js\src\rest\RequestHandler.js:170:25)
      at runMicrotasks (<anonymous>)
      at processTicksAndRejections (internal/process/task_queues.js:93:5) {
    method: 'post',
    path: '/guilds/832046329068650526/channels',
    code: 50035,
    httpStatus: 400
  }
} | MS: 1620357764885 | DATE: 5/6/2021, 10:22:44 PM]
----------------------------------
DiscordAPIError: Invalid Form Body
name: This field is required
EXTRA INFO:
Unknown
----------------------------------
[CALLER: Promise {
  <rejected> DiscordAPIError: Invalid Form Body
  name: This field is required
      at RequestHandler.execute (C:\Users\jaces\Desktop\Corebot\node_modules\discord.js\src\rest\RequestHandler.js:170:25)
      at runMicrotasks (<anonymous>)
      at processTicksAndRejections (internal/process/task_queues.js:93:5) {
    method: 'post',
    path: '/guilds/837104198419611649/channels',
    code: 50035,
    httpStatus: 400
  }
} | MS: 1620357778631 | DATE: 5/6/2021, 10:22:58 PM]
----------------------------------
DiscordAPIError: Invalid Form Body
name: This field is required
EXTRA INFO:
Unknown
----------------------------------
[CALLER: Promise {
  <rejected> DiscordAPIError: Invalid Form Body
  name: This field is required
      at RequestHandler.execute (C:\Users\jaces\Desktop\Corebot\node_modules\discord.js\src\rest\RequestHandler.js:170:25)
      at runMicrotasks (<anonymous>)
      at processTicksAndRejections (internal/process/task_queues.js:93:5) {
    method: 'post',
    path: '/guilds/832046329068650526/channels',
    code: 50035,
    httpStatus: 400
  }
} | MS: 1620357778635 | DATE: 5/6/2021, 10:22:58 PM]
----------------------------------
DiscordAPIError: Invalid Form Body
name: This field is required
EXTRA INFO:
Unknown
----------------------------------
[CALLER: Promise {
  <rejected> DiscordAPIError: Invalid Form Body
  name: This field is required
      at RequestHandler.execute (C:\Users\jaces\Desktop\Corebot\node_modules\discord.js\src\rest\RequestHandler.js:170:25)
      at runMicrotasks (<anonymous>)
      at processTicksAndRejections (internal/process/task_queues.js:93:5) {
    method: 'post',
    path: '/guilds/837104198419611649/channels',
    code: 50035,
    httpStatus: 400
  }
} | MS: 1620357794904 | DATE: 5/6/2021, 10:23:14 PM]
----------------------------------
DiscordAPIError: Invalid Form Body
name: This field is required
EXTRA INFO:
Unknown
----------------------------------
[CALLER: Promise {
  <rejected> DiscordAPIError: Invalid Form Body
  name: This field is required
      at RequestHandler.execute (C:\Users\jaces\Desktop\Corebot\node_modules\discord.js\src\rest\RequestHandler.js:170:25)
      at runMicrotasks (<anonymous>)
      at processTicksAndRejections (internal/process/task_queues.js:93:5) {
    method: 'post',
    path: '/guilds/832046329068650526/channels',
    code: 50035,
    httpStatus: 400
  }
} | MS: 1620357794930 | DATE: 5/6/2021, 10:23:14 PM]
----------------------------------
DiscordAPIError: Invalid Form Body
name: This field is required
EXTRA INFO:
Unknown
----------------------------------
[CALLER: Promise {
  <rejected> DiscordAPIError: Invalid Form Body
  name: This field is required
      at RequestHandler.execute (C:\Users\jaces\Desktop\Corebot\node_modules\discord.js\src\rest\RequestHandler.js:170:25)
      at runMicrotasks (<anonymous>)
      at processTicksAndRejections (internal/process/task_queues.js:93:5) {
    method: 'post',
    path: '/guilds/832046329068650526/channels',
    code: 50035,
    httpStatus: 400
  }
} | MS: 1620357808627 | DATE: 5/6/2021, 10:23:28 PM]
----------------------------------
DiscordAPIError: Invalid Form Body
name: This field is required
EXTRA INFO:
Unknown
----------------------------------
[CALLER: Promise {
  <rejected> DiscordAPIError: Invalid Form Body
  name: This field is required
      at RequestHandler.execute (C:\Users\jaces\Desktop\Corebot\node_modules\discord.js\src\rest\RequestHandler.js:170:25)
      at runMicrotasks (<anonymous>)
      at processTicksAndRejections (internal/process/task_queues.js:93:5) {
    method: 'post',
    path: '/guilds/837104198419611649/channels',
    code: 50035,
    httpStatus: 400
  }
} | MS: 1620357808645 | DATE: 5/6/2021, 10:23:28 PM]
----------------------------------
DiscordAPIError: Invalid Form Body
name: This field is required
EXTRA INFO:
Unknown
----------------------------------
[CALLER: Promise {
  <rejected> DiscordAPIError: Invalid Form Body
  name: This field is required
      at RequestHandler.execute (C:\Users\jaces\Desktop\Corebot\node_modules\discord.js\src\rest\RequestHandler.js:170:25)
      at runMicrotasks (<anonymous>)
      at processTicksAndRejections (internal/process/task_queues.js:93:5) {
    method: 'post',
    path: '/guilds/837104198419611649/channels',
    code: 50035,
    httpStatus: 400
  }
} | MS: 1620357824865 | DATE: 5/6/2021, 10:23:44 PM]
----------------------------------
DiscordAPIError: Invalid Form Body
name: This field is required
EXTRA INFO:
Unknown
----------------------------------
[CALLER: Promise {
  <rejected> DiscordAPIError: Invalid Form Body
  name: This field is required
      at RequestHandler.execute (C:\Users\jaces\Desktop\Corebot\node_modules\discord.js\src\rest\RequestHandler.js:170:25)
      at runMicrotasks (<anonymous>)
      at processTicksAndRejections (internal/process/task_queues.js:93:5) {
    method: 'post',
    path: '/guilds/832046329068650526/channels',
    code: 50035,
    httpStatus: 400
  }
} | MS: 1620357824910 | DATE: 5/6/2021, 10:23:44 PM]
----------------------------------
DiscordAPIError: Invalid Form Body
name: This field is required
EXTRA INFO:
Unknown
----------------------------------
[CALLER: Promise {
  <rejected> DiscordAPIError: Invalid Form Body
  name: This field is required
      at RequestHandler.execute (C:\Users\jaces\Desktop\Corebot\node_modules\discord.js\src\rest\RequestHandler.js:170:25)
      at runMicrotasks (<anonymous>)
      at processTicksAndRejections (internal/process/task_queues.js:93:5) {
    method: 'post',
    path: '/guilds/837104198419611649/channels',
    code: 50035,
    httpStatus: 400
  }
} | MS: 1620357838639 | DATE: 5/6/2021, 10:23:58 PM]
----------------------------------
DiscordAPIError: Invalid Form Body
name: This field is required
EXTRA INFO:
Unknown
----------------------------------
[CALLER: Promise {
  <rejected> DiscordAPIError: Invalid Form Body
  name: This field is required
      at RequestHandler.execute (C:\Users\jaces\Desktop\Corebot\node_modules\discord.js\src\rest\RequestHandler.js:170:25)
      at runMicrotasks (<anonymous>)
      at processTicksAndRejections (internal/process/task_queues.js:93:5) {
    method: 'post',
    path: '/guilds/832046329068650526/channels',
    code: 50035,
    httpStatus: 400
  }
} | MS: 1620357838673 | DATE: 5/6/2021, 10:23:58 PM]
----------------------------------
DiscordAPIError: Invalid Form Body
name: This field is required
EXTRA INFO:
Unknown
----------------------------------
[CALLER: Promise {
  <rejected> DiscordAPIError: Invalid Form Body
  name: This field is required
      at RequestHandler.execute (C:\Users\jaces\Desktop\Corebot\node_modules\discord.js\src\rest\RequestHandler.js:170:25)
      at runMicrotasks (<anonymous>)
      at processTicksAndRejections (internal/process/task_queues.js:93:5) {
    method: 'post',
    path: '/guilds/832046329068650526/channels',
    code: 50035,
    httpStatus: 400
  }
} | MS: 1620357854904 | DATE: 5/6/2021, 10:24:14 PM]
----------------------------------
DiscordAPIError: Invalid Form Body
name: This field is required
EXTRA INFO:
Unknown
----------------------------------
[CALLER: Promise {
  <rejected> DiscordAPIError: Invalid Form Body
  name: This field is required
      at RequestHandler.execute (C:\Users\jaces\Desktop\Corebot\node_modules\discord.js\src\rest\RequestHandler.js:170:25)
      at runMicrotasks (<anonymous>)
      at processTicksAndRejections (internal/process/task_queues.js:93:5) {
    method: 'post',
    path: '/guilds/837104198419611649/channels',
    code: 50035,
    httpStatus: 400
  }
} | MS: 1620357854914 | DATE: 5/6/2021, 10:24:14 PM]
----------------------------------
DiscordAPIError: Invalid Form Body
name: This field is required
EXTRA INFO:
Unknown
----------------------------------
[CALLER: Promise {
  <rejected> DiscordAPIError: Invalid Form Body
  name: This field is required
      at RequestHandler.execute (C:\Users\jaces\Desktop\Corebot\node_modules\discord.js\src\rest\RequestHandler.js:170:25)
      at runMicrotasks (<anonymous>)
      at processTicksAndRejections (internal/process/task_queues.js:93:5) {
    method: 'post',
    path: '/guilds/837104198419611649/channels',
    code: 50035,
    httpStatus: 400
  }
} | MS: 1620357868625 | DATE: 5/6/2021, 10:24:28 PM]
----------------------------------
DiscordAPIError: Invalid Form Body
name: This field is required
EXTRA INFO:
Unknown
----------------------------------
[CALLER: Promise {
  <rejected> DiscordAPIError: Invalid Form Body
  name: This field is required
      at RequestHandler.execute (C:\Users\jaces\Desktop\Corebot\node_modules\discord.js\src\rest\RequestHandler.js:170:25)
      at runMicrotasks (<anonymous>)
      at processTicksAndRejections (internal/process/task_queues.js:93:5) {
    method: 'post',
    path: '/guilds/832046329068650526/channels',
    code: 50035,
    httpStatus: 400
  }
} | MS: 1620357868626 | DATE: 5/6/2021, 10:24:28 PM]
----------------------------------
DiscordAPIError: Invalid Form Body
name: This field is required
EXTRA INFO:
Unknown
----------------------------------
[CALLER: Promise {
  <rejected> DiscordAPIError: Invalid Form Body
  name: This field is required
      at RequestHandler.execute (C:\Users\jaces\Desktop\Corebot\node_modules\discord.js\src\rest\RequestHandler.js:170:25)
      at runMicrotasks (<anonymous>)
      at processTicksAndRejections (internal/process/task_queues.js:93:5) {
    method: 'post',
    path: '/guilds/832046329068650526/channels',
    code: 50035,
    httpStatus: 400
  }
} | MS: 1620357884906 | DATE: 5/6/2021, 10:24:44 PM]
----------------------------------
DiscordAPIError: Invalid Form Body
name: This field is required
EXTRA INFO:
Unknown
----------------------------------
[CALLER: Promise {
  <rejected> DiscordAPIError: Invalid Form Body
  name: This field is required
      at RequestHandler.execute (C:\Users\jaces\Desktop\Corebot\node_modules\discord.js\src\rest\RequestHandler.js:170:25)
      at runMicrotasks (<anonymous>)
      at processTicksAndRejections (internal/process/task_queues.js:93:5) {
    method: 'post',
    path: '/guilds/837104198419611649/channels',
    code: 50035,
    httpStatus: 400
  }
} | MS: 1620357884979 | DATE: 5/6/2021, 10:24:44 PM]
----------------------------------
DiscordAPIError: Invalid Form Body
name: This field is required
EXTRA INFO:
Unknown
----------------------------------
[CALLER: Promise {
  <rejected> DiscordAPIError: Invalid Form Body
  name: This field is required
      at RequestHandler.execute (C:\Users\jaces\Desktop\Corebot\node_modules\discord.js\src\rest\RequestHandler.js:170:25)
      at runMicrotasks (<anonymous>)
      at processTicksAndRejections (internal/process/task_queues.js:93:5) {
    method: 'post',
    path: '/guilds/837104198419611649/channels',
    code: 50035,
    httpStatus: 400
  }
} | MS: 1620357898710 | DATE: 5/6/2021, 10:24:58 PM]
----------------------------------
DiscordAPIError: Invalid Form Body
name: This field is required
EXTRA INFO:
Unknown
----------------------------------
[CALLER: Promise {
  <rejected> DiscordAPIError: Invalid Form Body
  name: This field is required
      at RequestHandler.execute (C:\Users\jaces\Desktop\Corebot\node_modules\discord.js\src\rest\RequestHandler.js:170:25)
      at runMicrotasks (<anonymous>)
      at processTicksAndRejections (internal/process/task_queues.js:93:5) {
    method: 'post',
    path: '/guilds/832046329068650526/channels',
    code: 50035,
    httpStatus: 400
  }
} | MS: 1620357898736 | DATE: 5/6/2021, 10:24:58 PM]
----------------------------------
DiscordAPIError: Invalid Form Body
name: This field is required
EXTRA INFO:
Unknown
----------------------------------
[CALLER: Promise {
  <rejected> DiscordAPIError: Invalid Form Body
  name: This field is required
      at RequestHandler.execute (C:\Users\jaces\Desktop\Corebot\node_modules\discord.js\src\rest\RequestHandler.js:170:25)
      at runMicrotasks (<anonymous>)
      at processTicksAndRejections (internal/process/task_queues.js:93:5) {
    method: 'post',
    path: '/guilds/832046329068650526/channels',
    code: 50035,
    httpStatus: 400
  }
} | MS: 1620357914857 | DATE: 5/6/2021, 10:25:14 PM]
----------------------------------
DiscordAPIError: Invalid Form Body
name: This field is required
EXTRA INFO:
Unknown
----------------------------------
[CALLER: Promise {
  <rejected> DiscordAPIError: Invalid Form Body
  name: This field is required
      at RequestHandler.execute (C:\Users\jaces\Desktop\Corebot\node_modules\discord.js\src\rest\RequestHandler.js:170:25)
      at runMicrotasks (<anonymous>)
      at processTicksAndRejections (internal/process/task_queues.js:93:5) {
    method: 'post',
    path: '/guilds/837104198419611649/channels',
    code: 50035,
    httpStatus: 400
  }
} | MS: 1620357914872 | DATE: 5/6/2021, 10:25:14 PM]
----------------------------------
DiscordAPIError: Invalid Form Body
name: This field is required
EXTRA INFO:
Unknown
----------------------------------
[CALLER: Promise {
  <rejected> DiscordAPIError: Invalid Form Body
  name: This field is required
      at RequestHandler.execute (C:\Users\jaces\Desktop\Corebot\node_modules\discord.js\src\rest\RequestHandler.js:170:25)
      at runMicrotasks (<anonymous>)
      at processTicksAndRejections (internal/process/task_queues.js:93:5) {
    method: 'post',
    path: '/guilds/837104198419611649/channels',
    code: 50035,
    httpStatus: 400
  }
} | MS: 1620357928622 | DATE: 5/6/2021, 10:25:28 PM]
----------------------------------
DiscordAPIError: Invalid Form Body
name: This field is required
EXTRA INFO:
Unknown
----------------------------------
[CALLER: Promise {
  <rejected> DiscordAPIError: Invalid Form Body
  name: This field is required
      at RequestHandler.execute (C:\Users\jaces\Desktop\Corebot\node_modules\discord.js\src\rest\RequestHandler.js:170:25)
      at runMicrotasks (<anonymous>)
      at processTicksAndRejections (internal/process/task_queues.js:93:5) {
    method: 'post',
    path: '/guilds/832046329068650526/channels',
    code: 50035,
    httpStatus: 400
  }
} | MS: 1620357928650 | DATE: 5/6/2021, 10:25:28 PM]
----------------------------------
DiscordAPIError: Invalid Form Body
name: This field is required
EXTRA INFO:
Unknown
----------------------------------
[CALLER: Promise {
  <rejected> DiscordAPIError: Invalid Form Body
  name: This field is required
      at RequestHandler.execute (C:\Users\jaces\Desktop\Corebot\node_modules\discord.js\src\rest\RequestHandler.js:170:25)
      at runMicrotasks (<anonymous>)
      at processTicksAndRejections (internal/process/task_queues.js:93:5) {
    method: 'post',
    path: '/guilds/837104198419611649/channels',
    code: 50035,
    httpStatus: 400
  }
} | MS: 1620357944855 | DATE: 5/6/2021, 10:25:44 PM]
----------------------------------
DiscordAPIError: Invalid Form Body
name: This field is required
EXTRA INFO:
Unknown
----------------------------------
[CALLER: Promise {
  <rejected> DiscordAPIError: Invalid Form Body
  name: This field is required
      at RequestHandler.execute (C:\Users\jaces\Desktop\Corebot\node_modules\discord.js\src\rest\RequestHandler.js:170:25)
      at runMicrotasks (<anonymous>)
      at processTicksAndRejections (internal/process/task_queues.js:93:5) {
    method: 'post',
    path: '/guilds/832046329068650526/channels',
    code: 50035,
    httpStatus: 400
  }
} | MS: 1620357944885 | DATE: 5/6/2021, 10:25:44 PM]
----------------------------------
DiscordAPIError: Invalid Form Body
name: This field is required
EXTRA INFO:
Unknown
----------------------------------
[CALLER: Promise {
  <rejected> DiscordAPIError: Invalid Form Body
  name: This field is required
      at RequestHandler.execute (C:\Users\jaces\Desktop\Corebot\node_modules\discord.js\src\rest\RequestHandler.js:170:25)
      at runMicrotasks (<anonymous>)
      at processTicksAndRejections (internal/process/task_queues.js:93:5) {
    method: 'post',
    path: '/guilds/832046329068650526/channels',
    code: 50035,
    httpStatus: 400
  }
} | MS: 1620357958630 | DATE: 5/6/2021, 10:25:58 PM]
----------------------------------
DiscordAPIError: Invalid Form Body
name: This field is required
EXTRA INFO:
Unknown
----------------------------------
[CALLER: Promise {
  <rejected> DiscordAPIError: Invalid Form Body
  name: This field is required
      at RequestHandler.execute (C:\Users\jaces\Desktop\Corebot\node_modules\discord.js\src\rest\RequestHandler.js:170:25)
      at runMicrotasks (<anonymous>)
      at processTicksAndRejections (internal/process/task_queues.js:93:5) {
    method: 'post',
    path: '/guilds/837104198419611649/channels',
    code: 50035,
    httpStatus: 400
  }
} | MS: 1620357958640 | DATE: 5/6/2021, 10:25:58 PM]
----------------------------------
DiscordAPIError: Invalid Form Body
name: This field is required
EXTRA INFO:
Unknown
----------------------------------
[CALLER: Promise {
  <rejected> DiscordAPIError: Invalid Form Body
  name: This field is required
      at RequestHandler.execute (C:\Users\jaces\Desktop\Corebot\node_modules\discord.js\src\rest\RequestHandler.js:170:25)
      at runMicrotasks (<anonymous>)
      at processTicksAndRejections (internal/process/task_queues.js:93:5) {
    method: 'post',
    path: '/guilds/837104198419611649/channels',
    code: 50035,
    httpStatus: 400
  }
} | MS: 1620357974858 | DATE: 5/6/2021, 10:26:14 PM]
----------------------------------
DiscordAPIError: Invalid Form Body
name: This field is required
EXTRA INFO:
Unknown
----------------------------------
[CALLER: Promise {
  <rejected> DiscordAPIError: Invalid Form Body
  name: This field is required
      at RequestHandler.execute (C:\Users\jaces\Desktop\Corebot\node_modules\discord.js\src\rest\RequestHandler.js:170:25)
      at runMicrotasks (<anonymous>)
      at processTicksAndRejections (internal/process/task_queues.js:93:5) {
    method: 'post',
    path: '/guilds/832046329068650526/channels',
    code: 50035,
    httpStatus: 400
  }
} | MS: 1620357974863 | DATE: 5/6/2021, 10:26:14 PM]
----------------------------------
DiscordAPIError: Invalid Form Body
name: This field is required
EXTRA INFO:
Unknown
----------------------------------
[CALLER: Promise {
  <rejected> DiscordAPIError: Invalid Form Body
  name: This field is required
      at RequestHandler.execute (C:\Users\jaces\Desktop\Corebot\node_modules\discord.js\src\rest\RequestHandler.js:170:25)
      at runMicrotasks (<anonymous>)
      at processTicksAndRejections (internal/process/task_queues.js:93:5) {
    method: 'post',
    path: '/guilds/832046329068650526/channels',
    code: 50035,
    httpStatus: 400
  }
} | MS: 1620357988639 | DATE: 5/6/2021, 10:26:28 PM]
----------------------------------
DiscordAPIError: Invalid Form Body
name: This field is required
EXTRA INFO:
Unknown
----------------------------------
[CALLER: Promise {
  <rejected> DiscordAPIError: Invalid Form Body
  name: This field is required
      at RequestHandler.execute (C:\Users\jaces\Desktop\Corebot\node_modules\discord.js\src\rest\RequestHandler.js:170:25)
      at runMicrotasks (<anonymous>)
      at processTicksAndRejections (internal/process/task_queues.js:93:5) {
    method: 'post',
    path: '/guilds/837104198419611649/channels',
    code: 50035,
    httpStatus: 400
  }
} | MS: 1620357988643 | DATE: 5/6/2021, 10:26:28 PM]
----------------------------------
DiscordAPIError: Invalid Form Body
name: This field is required
EXTRA INFO:
Unknown
----------------------------------
[CALLER: Promise {
  <rejected> DiscordAPIError: Invalid Form Body
  name: This field is required
      at RequestHandler.execute (C:\Users\jaces\Desktop\Corebot\node_modules\discord.js\src\rest\RequestHandler.js:170:25)
      at runMicrotasks (<anonymous>)
      at processTicksAndRejections (internal/process/task_queues.js:93:5) {
    method: 'post',
    path: '/guilds/832046329068650526/channels',
    code: 50035,
    httpStatus: 400
  }
} | MS: 1620358004868 | DATE: 5/6/2021, 10:26:44 PM]
----------------------------------
DiscordAPIError: Invalid Form Body
name: This field is required
EXTRA INFO:
Unknown
----------------------------------
[CALLER: Promise {
  <rejected> DiscordAPIError: Invalid Form Body
  name: This field is required
      at RequestHandler.execute (C:\Users\jaces\Desktop\Corebot\node_modules\discord.js\src\rest\RequestHandler.js:170:25)
      at runMicrotasks (<anonymous>)
      at processTicksAndRejections (internal/process/task_queues.js:93:5) {
    method: 'post',
    path: '/guilds/837104198419611649/channels',
    code: 50035,
    httpStatus: 400
  }
} | MS: 1620358004871 | DATE: 5/6/2021, 10:26:44 PM]
----------------------------------
DiscordAPIError: Invalid Form Body
name: This field is required
EXTRA INFO:
Unknown
----------------------------------
[CALLER: Promise {
  <rejected> DiscordAPIError: Invalid Form Body
  name: This field is required
      at RequestHandler.execute (C:\Users\jaces\Desktop\Corebot\node_modules\discord.js\src\rest\RequestHandler.js:170:25)
      at runMicrotasks (<anonymous>)
      at processTicksAndRejections (internal/process/task_queues.js:93:5) {
    method: 'post',
    path: '/guilds/837104198419611649/channels',
    code: 50035,
    httpStatus: 400
  }
} | MS: 1620358018629 | DATE: 5/6/2021, 10:26:58 PM]
----------------------------------
DiscordAPIError: Invalid Form Body
name: This field is required
EXTRA INFO:
Unknown
----------------------------------
[CALLER: Promise {
  <rejected> DiscordAPIError: Invalid Form Body
  name: This field is required
      at RequestHandler.execute (C:\Users\jaces\Desktop\Corebot\node_modules\discord.js\src\rest\RequestHandler.js:170:25)
      at runMicrotasks (<anonymous>)
      at processTicksAndRejections (internal/process/task_queues.js:93:5) {
    method: 'post',
    path: '/guilds/832046329068650526/channels',
    code: 50035,
    httpStatus: 400
  }
} | MS: 1620358018645 | DATE: 5/6/2021, 10:26:58 PM]
----------------------------------
DiscordAPIError: Invalid Form Body
name: This field is required
EXTRA INFO:
Unknown
----------------------------------
[CALLER: Promise {
  <rejected> DiscordAPIError: Invalid Form Body
  name: This field is required
      at RequestHandler.execute (C:\Users\jaces\Desktop\Corebot\node_modules\discord.js\src\rest\RequestHandler.js:170:25)
      at runMicrotasks (<anonymous>)
      at processTicksAndRejections (internal/process/task_queues.js:93:5) {
    method: 'post',
    path: '/guilds/837104198419611649/channels',
    code: 50035,
    httpStatus: 400
  }
} | MS: 1620358034855 | DATE: 5/6/2021, 10:27:14 PM]
----------------------------------
DiscordAPIError: Invalid Form Body
name: This field is required
EXTRA INFO:
Unknown
----------------------------------
[CALLER: Promise {
  <rejected> DiscordAPIError: Invalid Form Body
  name: This field is required
      at RequestHandler.execute (C:\Users\jaces\Desktop\Corebot\node_modules\discord.js\src\rest\RequestHandler.js:170:25)
      at runMicrotasks (<anonymous>)
      at processTicksAndRejections (internal/process/task_queues.js:93:5) {
    method: 'post',
    path: '/guilds/832046329068650526/channels',
    code: 50035,
    httpStatus: 400
  }
} | MS: 1620358034869 | DATE: 5/6/2021, 10:27:14 PM]
----------------------------------
DiscordAPIError: Invalid Form Body
name: This field is required
EXTRA INFO:
Unknown
----------------------------------
[CALLER: Promise {
  <rejected> DiscordAPIError: Invalid Form Body
  name: This field is required
      at RequestHandler.execute (C:\Users\jaces\Desktop\Corebot\node_modules\discord.js\src\rest\RequestHandler.js:170:25)
      at runMicrotasks (<anonymous>)
      at processTicksAndRejections (internal/process/task_queues.js:93:5) {
    method: 'post',
    path: '/guilds/832046329068650526/channels',
    code: 50035,
    httpStatus: 400
  }
} | MS: 1620358048647 | DATE: 5/6/2021, 10:27:28 PM]
----------------------------------
DiscordAPIError: Invalid Form Body
name: This field is required
EXTRA INFO:
Unknown
----------------------------------
[CALLER: Promise {
  <rejected> DiscordAPIError: Invalid Form Body
  name: This field is required
      at RequestHandler.execute (C:\Users\jaces\Desktop\Corebot\node_modules\discord.js\src\rest\RequestHandler.js:170:25)
      at runMicrotasks (<anonymous>)
      at processTicksAndRejections (internal/process/task_queues.js:93:5) {
    method: 'post',
    path: '/guilds/837104198419611649/channels',
    code: 50035,
    httpStatus: 400
  }
} | MS: 1620358048654 | DATE: 5/6/2021, 10:27:28 PM]
----------------------------------
DiscordAPIError: Invalid Form Body
name: This field is required
EXTRA INFO:
Unknown
----------------------------------
[CALLER: Promise {
  <rejected> DiscordAPIError: Invalid Form Body
  name: This field is required
      at RequestHandler.execute (C:\Users\jaces\Desktop\Corebot\node_modules\discord.js\src\rest\RequestHandler.js:170:25)
      at runMicrotasks (<anonymous>)
      at processTicksAndRejections (internal/process/task_queues.js:93:5) {
    method: 'post',
    path: '/guilds/832046329068650526/channels',
    code: 50035,
    httpStatus: 400
  }
} | MS: 1620358064880 | DATE: 5/6/2021, 10:27:44 PM]
----------------------------------
DiscordAPIError: Invalid Form Body
name: This field is required
EXTRA INFO:
Unknown
----------------------------------
[CALLER: Promise {
  <rejected> DiscordAPIError: Invalid Form Body
  name: This field is required
      at RequestHandler.execute (C:\Users\jaces\Desktop\Corebot\node_modules\discord.js\src\rest\RequestHandler.js:170:25)
      at runMicrotasks (<anonymous>)
      at processTicksAndRejections (internal/process/task_queues.js:93:5) {
    method: 'post',
    path: '/guilds/837104198419611649/channels',
    code: 50035,
    httpStatus: 400
  }
} | MS: 1620358064884 | DATE: 5/6/2021, 10:27:44 PM]
----------------------------------
DiscordAPIError: Invalid Form Body
name: This field is required
EXTRA INFO:
Unknown
----------------------------------
[CALLER: Promise {
  <rejected> DiscordAPIError: Invalid Form Body
  name: This field is required
      at RequestHandler.execute (C:\Users\jaces\Desktop\Corebot\node_modules\discord.js\src\rest\RequestHandler.js:170:25)
      at runMicrotasks (<anonymous>)
      at processTicksAndRejections (internal/process/task_queues.js:93:5) {
    method: 'post',
    path: '/guilds/832046329068650526/channels',
    code: 50035,
    httpStatus: 400
  }
} | MS: 1620358078625 | DATE: 5/6/2021, 10:27:58 PM]
----------------------------------
DiscordAPIError: Invalid Form Body
name: This field is required
EXTRA INFO:
Unknown
----------------------------------
[CALLER: Promise {
  <rejected> DiscordAPIError: Invalid Form Body
  name: This field is required
      at RequestHandler.execute (C:\Users\jaces\Desktop\Corebot\node_modules\discord.js\src\rest\RequestHandler.js:170:25)
      at runMicrotasks (<anonymous>)
      at processTicksAndRejections (internal/process/task_queues.js:93:5) {
    method: 'post',
    path: '/guilds/837104198419611649/channels',
    code: 50035,
    httpStatus: 400
  }
} | MS: 1620358078629 | DATE: 5/6/2021, 10:27:58 PM]
----------------------------------
DiscordAPIError: Invalid Form Body
name: This field is required
EXTRA INFO:
Unknown
----------------------------------
[CALLER: Promise {
  <rejected> DiscordAPIError: Invalid Form Body
  name: This field is required
      at RequestHandler.execute (C:\Users\jaces\Desktop\Corebot\node_modules\discord.js\src\rest\RequestHandler.js:170:25)
      at runMicrotasks (<anonymous>)
      at processTicksAndRejections (internal/process/task_queues.js:93:5) {
    method: 'post',
    path: '/guilds/837104198419611649/channels',
    code: 50035,
    httpStatus: 400
  }
} | MS: 1620358094863 | DATE: 5/6/2021, 10:28:14 PM]
----------------------------------
DiscordAPIError: Invalid Form Body
name: This field is required
EXTRA INFO:
Unknown
----------------------------------
[CALLER: Promise {
  <rejected> DiscordAPIError: Invalid Form Body
  name: This field is required
      at RequestHandler.execute (C:\Users\jaces\Desktop\Corebot\node_modules\discord.js\src\rest\RequestHandler.js:170:25)
      at runMicrotasks (<anonymous>)
      at processTicksAndRejections (internal/process/task_queues.js:93:5) {
    method: 'post',
    path: '/guilds/832046329068650526/channels',
    code: 50035,
    httpStatus: 400
  }
} | MS: 1620358094864 | DATE: 5/6/2021, 10:28:14 PM]
----------------------------------
DiscordAPIError: Invalid Form Body
name: This field is required
EXTRA INFO:
Unknown
----------------------------------
[CALLER: Promise {
  <rejected> DiscordAPIError: Invalid Form Body
  name: This field is required
      at RequestHandler.execute (C:\Users\jaces\Desktop\Corebot\node_modules\discord.js\src\rest\RequestHandler.js:170:25)
      at runMicrotasks (<anonymous>)
      at processTicksAndRejections (internal/process/task_queues.js:93:5) {
    method: 'post',
    path: '/guilds/832046329068650526/channels',
    code: 50035,
    httpStatus: 400
  }
} | MS: 1620358108619 | DATE: 5/6/2021, 10:28:28 PM]
----------------------------------
DiscordAPIError: Invalid Form Body
name: This field is required
EXTRA INFO:
Unknown
----------------------------------
[CALLER: Promise {
  <rejected> DiscordAPIError: Invalid Form Body
  name: This field is required
      at RequestHandler.execute (C:\Users\jaces\Desktop\Corebot\node_modules\discord.js\src\rest\RequestHandler.js:170:25)
      at runMicrotasks (<anonymous>)
      at processTicksAndRejections (internal/process/task_queues.js:93:5) {
    method: 'post',
    path: '/guilds/837104198419611649/channels',
    code: 50035,
    httpStatus: 400
  }
} | MS: 1620358108652 | DATE: 5/6/2021, 10:28:28 PM]
----------------------------------
DiscordAPIError: Invalid Form Body
name: This field is required
EXTRA INFO:
Unknown
----------------------------------
[CALLER: Promise {
  <rejected> DiscordAPIError: Invalid Form Body
  name: This field is required
      at RequestHandler.execute (C:\Users\jaces\Desktop\Corebot\node_modules\discord.js\src\rest\RequestHandler.js:170:25)
      at runMicrotasks (<anonymous>)
      at processTicksAndRejections (internal/process/task_queues.js:93:5) {
    method: 'post',
    path: '/guilds/837104198419611649/channels',
    code: 50035,
    httpStatus: 400
  }
} | MS: 1620358124879 | DATE: 5/6/2021, 10:28:44 PM]
----------------------------------
DiscordAPIError: Invalid Form Body
name: This field is required
EXTRA INFO:
Unknown
----------------------------------
[CALLER: Promise {
  <rejected> DiscordAPIError: Invalid Form Body
  name: This field is required
      at RequestHandler.execute (C:\Users\jaces\Desktop\Corebot\node_modules\discord.js\src\rest\RequestHandler.js:170:25)
      at runMicrotasks (<anonymous>)
      at processTicksAndRejections (internal/process/task_queues.js:93:5) {
    method: 'post',
    path: '/guilds/832046329068650526/channels',
    code: 50035,
    httpStatus: 400
  }
} | MS: 1620358124896 | DATE: 5/6/2021, 10:28:44 PM]
----------------------------------
DiscordAPIError: Invalid Form Body
name: This field is required
EXTRA INFO:
Unknown
----------------------------------
[CALLER: Promise {
  <rejected> DiscordAPIError: Invalid Form Body
  name: This field is required
      at RequestHandler.execute (C:\Users\jaces\Desktop\Corebot\node_modules\discord.js\src\rest\RequestHandler.js:170:25)
      at runMicrotasks (<anonymous>)
      at processTicksAndRejections (internal/process/task_queues.js:93:5) {
    method: 'post',
    path: '/guilds/832046329068650526/channels',
    code: 50035,
    httpStatus: 400
  }
} | MS: 1620358138640 | DATE: 5/6/2021, 10:28:58 PM]
----------------------------------
DiscordAPIError: Invalid Form Body
name: This field is required
EXTRA INFO:
Unknown
----------------------------------
[CALLER: Promise {
  <rejected> DiscordAPIError: Invalid Form Body
  name: This field is required
      at RequestHandler.execute (C:\Users\jaces\Desktop\Corebot\node_modules\discord.js\src\rest\RequestHandler.js:170:25)
      at runMicrotasks (<anonymous>)
      at processTicksAndRejections (internal/process/task_queues.js:93:5) {
    method: 'post',
    path: '/guilds/837104198419611649/channels',
    code: 50035,
    httpStatus: 400
  }
} | MS: 1620358138744 | DATE: 5/6/2021, 10:28:58 PM]
----------------------------------
DiscordAPIError: Invalid Form Body
name: This field is required
EXTRA INFO:
Unknown
----------------------------------
[CALLER: Promise {
  <rejected> DiscordAPIError: Invalid Form Body
  name: This field is required
      at RequestHandler.execute (C:\Users\jaces\Desktop\Corebot\node_modules\discord.js\src\rest\RequestHandler.js:170:25)
      at runMicrotasks (<anonymous>)
      at processTicksAndRejections (internal/process/task_queues.js:93:5) {
    method: 'post',
    path: '/guilds/837104198419611649/channels',
    code: 50035,
    httpStatus: 400
  }
} | MS: 1620358154866 | DATE: 5/6/2021, 10:29:14 PM]
----------------------------------
DiscordAPIError: Invalid Form Body
name: This field is required
EXTRA INFO:
Unknown
----------------------------------
[CALLER: Promise {
  <rejected> DiscordAPIError: Invalid Form Body
  name: This field is required
      at RequestHandler.execute (C:\Users\jaces\Desktop\Corebot\node_modules\discord.js\src\rest\RequestHandler.js:170:25)
      at runMicrotasks (<anonymous>)
      at processTicksAndRejections (internal/process/task_queues.js:93:5) {
    method: 'post',
    path: '/guilds/832046329068650526/channels',
    code: 50035,
    httpStatus: 400
  }
} | MS: 1620358154870 | DATE: 5/6/2021, 10:29:14 PM]
----------------------------------
DiscordAPIError: Invalid Form Body
name: This field is required
EXTRA INFO:
Unknown
----------------------------------
[CALLER: Promise {
  <rejected> DiscordAPIError: Invalid Form Body
  name: This field is required
      at RequestHandler.execute (C:\Users\jaces\Desktop\Corebot\node_modules\discord.js\src\rest\RequestHandler.js:170:25)
      at runMicrotasks (<anonymous>)
      at processTicksAndRejections (internal/process/task_queues.js:93:5) {
    method: 'post',
    path: '/guilds/837104198419611649/channels',
    code: 50035,
    httpStatus: 400
  }
} | MS: 1620358168647 | DATE: 5/6/2021, 10:29:28 PM]
----------------------------------
DiscordAPIError: Invalid Form Body
name: This field is required
EXTRA INFO:
Unknown
----------------------------------
[CALLER: Promise {
  <rejected> DiscordAPIError: Invalid Form Body
  name: This field is required
      at RequestHandler.execute (C:\Users\jaces\Desktop\Corebot\node_modules\discord.js\src\rest\RequestHandler.js:170:25)
      at runMicrotasks (<anonymous>)
      at processTicksAndRejections (internal/process/task_queues.js:93:5) {
    method: 'post',
    path: '/guilds/832046329068650526/channels',
    code: 50035,
    httpStatus: 400
  }
} | MS: 1620358168648 | DATE: 5/6/2021, 10:29:28 PM]
----------------------------------
DiscordAPIError: Invalid Form Body
name: This field is required
EXTRA INFO:
Unknown
----------------------------------
[CALLER: Promise {
  <rejected> DiscordAPIError: Invalid Form Body
  name: This field is required
      at RequestHandler.execute (C:\Users\jaces\Desktop\Corebot\node_modules\discord.js\src\rest\RequestHandler.js:170:25)
      at runMicrotasks (<anonymous>)
      at processTicksAndRejections (internal/process/task_queues.js:93:5) {
    method: 'post',
    path: '/guilds/837104198419611649/channels',
    code: 50035,
    httpStatus: 400
  }
} | MS: 1620358184874 | DATE: 5/6/2021, 10:29:44 PM]
----------------------------------
DiscordAPIError: Invalid Form Body
name: This field is required
EXTRA INFO:
Unknown
----------------------------------
[CALLER: Promise {
  <rejected> DiscordAPIError: Invalid Form Body
  name: This field is required
      at RequestHandler.execute (C:\Users\jaces\Desktop\Corebot\node_modules\discord.js\src\rest\RequestHandler.js:170:25)
      at runMicrotasks (<anonymous>)
      at processTicksAndRejections (internal/process/task_queues.js:93:5) {
    method: 'post',
    path: '/guilds/832046329068650526/channels',
    code: 50035,
    httpStatus: 400
  }
} | MS: 1620358184881 | DATE: 5/6/2021, 10:29:44 PM]
----------------------------------
DiscordAPIError: Invalid Form Body
name: This field is required
EXTRA INFO:
Unknown
----------------------------------
[CALLER: Promise {
  <rejected> DiscordAPIError: Invalid Form Body
  name: This field is required
      at RequestHandler.execute (C:\Users\jaces\Desktop\Corebot\node_modules\discord.js\src\rest\RequestHandler.js:170:25)
      at runMicrotasks (<anonymous>)
      at processTicksAndRejections (internal/process/task_queues.js:93:5) {
    method: 'post',
    path: '/guilds/837104198419611649/channels',
    code: 50035,
    httpStatus: 400
  }
} | MS: 1620358198630 | DATE: 5/6/2021, 10:29:58 PM]
----------------------------------
DiscordAPIError: Invalid Form Body
name: This field is required
EXTRA INFO:
Unknown
----------------------------------
[CALLER: Promise {
  <rejected> DiscordAPIError: Invalid Form Body
  name: This field is required
      at RequestHandler.execute (C:\Users\jaces\Desktop\Corebot\node_modules\discord.js\src\rest\RequestHandler.js:170:25)
      at runMicrotasks (<anonymous>)
      at processTicksAndRejections (internal/process/task_queues.js:93:5) {
    method: 'post',
    path: '/guilds/832046329068650526/channels',
    code: 50035,
    httpStatus: 400
  }
} | MS: 1620358198646 | DATE: 5/6/2021, 10:29:58 PM]
----------------------------------
DiscordAPIError: Invalid Form Body
name: This field is required
EXTRA INFO:
Unknown
----------------------------------
[CALLER: Promise {
  <rejected> DiscordAPIError: Invalid Form Body
  name: This field is required
      at RequestHandler.execute (C:\Users\jaces\Desktop\Corebot\node_modules\discord.js\src\rest\RequestHandler.js:170:25)
      at runMicrotasks (<anonymous>)
      at processTicksAndRejections (internal/process/task_queues.js:93:5) {
    method: 'post',
    path: '/guilds/832046329068650526/channels',
    code: 50035,
    httpStatus: 400
  }
} | MS: 1620358214867 | DATE: 5/6/2021, 10:30:14 PM]
----------------------------------
DiscordAPIError: Invalid Form Body
name: This field is required
EXTRA INFO:
Unknown
----------------------------------
[CALLER: Promise {
  <rejected> DiscordAPIError: Invalid Form Body
  name: This field is required
      at RequestHandler.execute (C:\Users\jaces\Desktop\Corebot\node_modules\discord.js\src\rest\RequestHandler.js:170:25)
      at runMicrotasks (<anonymous>)
      at processTicksAndRejections (internal/process/task_queues.js:93:5) {
    method: 'post',
    path: '/guilds/837104198419611649/channels',
    code: 50035,
    httpStatus: 400
  }
} | MS: 1620358214870 | DATE: 5/6/2021, 10:30:14 PM]
----------------------------------
DiscordAPIError: Invalid Form Body
name: This field is required
EXTRA INFO:
Unknown
----------------------------------
[CALLER: Promise {
  <rejected> DiscordAPIError: Invalid Form Body
  name: This field is required
      at RequestHandler.execute (C:\Users\jaces\Desktop\Corebot\node_modules\discord.js\src\rest\RequestHandler.js:170:25)
      at runMicrotasks (<anonymous>)
      at processTicksAndRejections (internal/process/task_queues.js:93:5) {
    method: 'post',
    path: '/guilds/837104198419611649/channels',
    code: 50035,
    httpStatus: 400
  }
} | MS: 1620358228626 | DATE: 5/6/2021, 10:30:28 PM]
----------------------------------
DiscordAPIError: Invalid Form Body
name: This field is required
EXTRA INFO:
Unknown
----------------------------------
[CALLER: Promise {
  <rejected> DiscordAPIError: Invalid Form Body
  name: This field is required
      at RequestHandler.execute (C:\Users\jaces\Desktop\Corebot\node_modules\discord.js\src\rest\RequestHandler.js:170:25)
      at runMicrotasks (<anonymous>)
      at processTicksAndRejections (internal/process/task_queues.js:93:5) {
    method: 'post',
    path: '/guilds/832046329068650526/channels',
    code: 50035,
    httpStatus: 400
  }
} | MS: 1620358228640 | DATE: 5/6/2021, 10:30:28 PM]
----------------------------------
DiscordAPIError: Invalid Form Body
name: This field is required
EXTRA INFO:
Unknown
----------------------------------
[CALLER: Promise {
  <rejected> DiscordAPIError: Invalid Form Body
  name: This field is required
      at RequestHandler.execute (C:\Users\jaces\Desktop\Corebot\node_modules\discord.js\src\rest\RequestHandler.js:170:25)
      at runMicrotasks (<anonymous>)
      at processTicksAndRejections (internal/process/task_queues.js:93:5) {
    method: 'post',
    path: '/guilds/832046329068650526/channels',
    code: 50035,
    httpStatus: 400
  }
} | MS: 1620358244934 | DATE: 5/6/2021, 10:30:44 PM]
----------------------------------
DiscordAPIError: Invalid Form Body
name: This field is required
EXTRA INFO:
Unknown
----------------------------------
[CALLER: Promise {
  <rejected> DiscordAPIError: Invalid Form Body
  name: This field is required
      at RequestHandler.execute (C:\Users\jaces\Desktop\Corebot\node_modules\discord.js\src\rest\RequestHandler.js:170:25)
      at runMicrotasks (<anonymous>)
      at processTicksAndRejections (internal/process/task_queues.js:93:5) {
    method: 'post',
    path: '/guilds/837104198419611649/channels',
    code: 50035,
    httpStatus: 400
  }
} | MS: 1620358244943 | DATE: 5/6/2021, 10:30:44 PM]
----------------------------------
DiscordAPIError: Invalid Form Body
name: This field is required
EXTRA INFO:
Unknown
----------------------------------
[CALLER: Promise {
  <rejected> DiscordAPIError: Invalid Form Body
  name: This field is required
      at RequestHandler.execute (C:\Users\jaces\Desktop\Corebot\node_modules\discord.js\src\rest\RequestHandler.js:170:25)
      at runMicrotasks (<anonymous>)
      at processTicksAndRejections (internal/process/task_queues.js:93:5) {
    method: 'post',
    path: '/guilds/837104198419611649/channels',
    code: 50035,
    httpStatus: 400
  }
} | MS: 1620358258647 | DATE: 5/6/2021, 10:30:58 PM]
----------------------------------
DiscordAPIError: Invalid Form Body
name: This field is required
EXTRA INFO:
Unknown
----------------------------------
[CALLER: Promise {
  <rejected> DiscordAPIError: Invalid Form Body
  name: This field is required
      at RequestHandler.execute (C:\Users\jaces\Desktop\Corebot\node_modules\discord.js\src\rest\RequestHandler.js:170:25)
      at runMicrotasks (<anonymous>)
      at processTicksAndRejections (internal/process/task_queues.js:93:5) {
    method: 'post',
    path: '/guilds/832046329068650526/channels',
    code: 50035,
    httpStatus: 400
  }
} | MS: 1620358258679 | DATE: 5/6/2021, 10:30:58 PM]
----------------------------------
DiscordAPIError: Invalid Form Body
name: This field is required
EXTRA INFO:
Unknown
----------------------------------
[CALLER: Promise {
  <rejected> DiscordAPIError: Invalid Form Body
  name: This field is required
      at RequestHandler.execute (C:\Users\jaces\Desktop\Corebot\node_modules\discord.js\src\rest\RequestHandler.js:170:25)
      at runMicrotasks (<anonymous>)
      at processTicksAndRejections (internal/process/task_queues.js:93:5) {
    method: 'post',
    path: '/guilds/837104198419611649/channels',
    code: 50035,
    httpStatus: 400
  }
} | MS: 1620358274880 | DATE: 5/6/2021, 10:31:14 PM]
----------------------------------
DiscordAPIError: Invalid Form Body
name: This field is required
EXTRA INFO:
Unknown
----------------------------------
[CALLER: Promise {
  <rejected> DiscordAPIError: Invalid Form Body
  name: This field is required
      at RequestHandler.execute (C:\Users\jaces\Desktop\Corebot\node_modules\discord.js\src\rest\RequestHandler.js:170:25)
      at runMicrotasks (<anonymous>)
      at processTicksAndRejections (internal/process/task_queues.js:93:5) {
    method: 'post',
    path: '/guilds/832046329068650526/channels',
    code: 50035,
    httpStatus: 400
  }
} | MS: 1620358274888 | DATE: 5/6/2021, 10:31:14 PM]
----------------------------------
DiscordAPIError: Invalid Form Body
name: This field is required
EXTRA INFO:
Unknown
----------------------------------
[CALLER: Promise {
  <rejected> DiscordAPIError: Invalid Form Body
  name: This field is required
      at RequestHandler.execute (C:\Users\jaces\Desktop\Corebot\node_modules\discord.js\src\rest\RequestHandler.js:170:25)
      at runMicrotasks (<anonymous>)
      at processTicksAndRejections (internal/process/task_queues.js:93:5) {
    method: 'post',
    path: '/guilds/837104198419611649/channels',
    code: 50035,
    httpStatus: 400
  }
} | MS: 1620358288632 | DATE: 5/6/2021, 10:31:28 PM]
----------------------------------
DiscordAPIError: Invalid Form Body
name: This field is required
EXTRA INFO:
Unknown
----------------------------------
[CALLER: Promise {
  <rejected> DiscordAPIError: Invalid Form Body
  name: This field is required
      at RequestHandler.execute (C:\Users\jaces\Desktop\Corebot\node_modules\discord.js\src\rest\RequestHandler.js:170:25)
      at runMicrotasks (<anonymous>)
      at processTicksAndRejections (internal/process/task_queues.js:93:5) {
    method: 'post',
    path: '/guilds/832046329068650526/channels',
    code: 50035,
    httpStatus: 400
  }
} | MS: 1620358288633 | DATE: 5/6/2021, 10:31:28 PM]
----------------------------------
DiscordAPIError: Invalid Form Body
name: This field is required
EXTRA INFO:
Unknown
----------------------------------
[CALLER: Promise {
  <rejected> DiscordAPIError: Invalid Form Body
  name: This field is required
      at RequestHandler.execute (C:\Users\jaces\Desktop\Corebot\node_modules\discord.js\src\rest\RequestHandler.js:170:25)
      at runMicrotasks (<anonymous>)
      at processTicksAndRejections (internal/process/task_queues.js:93:5) {
    method: 'post',
    path: '/guilds/837104198419611649/channels',
    code: 50035,
    httpStatus: 400
  }
} | MS: 1620358304869 | DATE: 5/6/2021, 10:31:44 PM]
----------------------------------
DiscordAPIError: Invalid Form Body
name: This field is required
EXTRA INFO:
Unknown
----------------------------------
[CALLER: Promise {
  <rejected> DiscordAPIError: Invalid Form Body
  name: This field is required
      at RequestHandler.execute (C:\Users\jaces\Desktop\Corebot\node_modules\discord.js\src\rest\RequestHandler.js:170:25)
      at runMicrotasks (<anonymous>)
      at processTicksAndRejections (internal/process/task_queues.js:93:5) {
    method: 'post',
    path: '/guilds/832046329068650526/channels',
    code: 50035,
    httpStatus: 400
  }
} | MS: 1620358304884 | DATE: 5/6/2021, 10:31:44 PM]
----------------------------------
DiscordAPIError: Invalid Form Body
name: This field is required
EXTRA INFO:
Unknown
----------------------------------
[CALLER: Promise {
  <rejected> DiscordAPIError: Invalid Form Body
  name: This field is required
      at RequestHandler.execute (C:\Users\jaces\Desktop\Corebot\node_modules\discord.js\src\rest\RequestHandler.js:170:25)
      at runMicrotasks (<anonymous>)
      at processTicksAndRejections (internal/process/task_queues.js:93:5) {
    method: 'post',
    path: '/guilds/832046329068650526/channels',
    code: 50035,
    httpStatus: 400
  }
} | MS: 1620358318630 | DATE: 5/6/2021, 10:31:58 PM]
----------------------------------
DiscordAPIError: Invalid Form Body
name: This field is required
EXTRA INFO:
Unknown
----------------------------------
[CALLER: Promise {
  <rejected> DiscordAPIError: Invalid Form Body
  name: This field is required
      at RequestHandler.execute (C:\Users\jaces\Desktop\Corebot\node_modules\discord.js\src\rest\RequestHandler.js:170:25)
      at runMicrotasks (<anonymous>)
      at processTicksAndRejections (internal/process/task_queues.js:93:5) {
    method: 'post',
    path: '/guilds/837104198419611649/channels',
    code: 50035,
    httpStatus: 400
  }
} | MS: 1620358318649 | DATE: 5/6/2021, 10:31:58 PM]
----------------------------------
DiscordAPIError: Invalid Form Body
name: This field is required
EXTRA INFO:
Unknown
----------------------------------
[CALLER: Promise {
  <rejected> DiscordAPIError: Invalid Form Body
  name: This field is required
      at RequestHandler.execute (C:\Users\jaces\Desktop\Corebot\node_modules\discord.js\src\rest\RequestHandler.js:170:25)
      at runMicrotasks (<anonymous>)
      at processTicksAndRejections (internal/process/task_queues.js:93:5) {
    method: 'post',
    path: '/guilds/837104198419611649/channels',
    code: 50035,
    httpStatus: 400
  }
} | MS: 1620358334875 | DATE: 5/6/2021, 10:32:14 PM]
----------------------------------
DiscordAPIError: Invalid Form Body
name: This field is required
EXTRA INFO:
Unknown
----------------------------------
[CALLER: Promise {
  <rejected> DiscordAPIError: Invalid Form Body
  name: This field is required
      at RequestHandler.execute (C:\Users\jaces\Desktop\Corebot\node_modules\discord.js\src\rest\RequestHandler.js:170:25)
      at runMicrotasks (<anonymous>)
      at processTicksAndRejections (internal/process/task_queues.js:93:5) {
    method: 'post',
    path: '/guilds/832046329068650526/channels',
    code: 50035,
    httpStatus: 400
  }
} | MS: 1620358334896 | DATE: 5/6/2021, 10:32:14 PM]
----------------------------------
DiscordAPIError: Invalid Form Body
name: This field is required
EXTRA INFO:
Unknown
----------------------------------
[CALLER: Promise {
  <rejected> DiscordAPIError: Invalid Form Body
  name: This field is required
      at RequestHandler.execute (C:\Users\jaces\Desktop\Corebot\node_modules\discord.js\src\rest\RequestHandler.js:170:25)
      at runMicrotasks (<anonymous>)
      at processTicksAndRejections (internal/process/task_queues.js:93:5) {
    method: 'post',
    path: '/guilds/837104198419611649/channels',
    code: 50035,
    httpStatus: 400
  }
} | MS: 1620358348654 | DATE: 5/6/2021, 10:32:28 PM]
----------------------------------
DiscordAPIError: Invalid Form Body
name: This field is required
EXTRA INFO:
Unknown
----------------------------------
[CALLER: Promise {
  <rejected> DiscordAPIError: Invalid Form Body
  name: This field is required
      at RequestHandler.execute (C:\Users\jaces\Desktop\Corebot\node_modules\discord.js\src\rest\RequestHandler.js:170:25)
      at runMicrotasks (<anonymous>)
      at processTicksAndRejections (internal/process/task_queues.js:93:5) {
    method: 'post',
    path: '/guilds/832046329068650526/channels',
    code: 50035,
    httpStatus: 400
  }
} | MS: 1620358348695 | DATE: 5/6/2021, 10:32:28 PM]
----------------------------------
DiscordAPIError: Invalid Form Body
name: This field is required
EXTRA INFO:
Unknown
----------------------------------
[CALLER: Promise {
  <rejected> DiscordAPIError: Invalid Form Body
  name: This field is required
      at RequestHandler.execute (C:\Users\jaces\Desktop\Corebot\node_modules\discord.js\src\rest\RequestHandler.js:170:25)
      at runMicrotasks (<anonymous>)
      at processTicksAndRejections (internal/process/task_queues.js:93:5) {
    method: 'post',
    path: '/guilds/837104198419611649/channels',
    code: 50035,
    httpStatus: 400
  }
} | MS: 1620358364861 | DATE: 5/6/2021, 10:32:44 PM]
----------------------------------
DiscordAPIError: Invalid Form Body
name: This field is required
EXTRA INFO:
Unknown
----------------------------------
[CALLER: Promise {
  <rejected> DiscordAPIError: Invalid Form Body
  name: This field is required
      at RequestHandler.execute (C:\Users\jaces\Desktop\Corebot\node_modules\discord.js\src\rest\RequestHandler.js:170:25)
      at runMicrotasks (<anonymous>)
      at processTicksAndRejections (internal/process/task_queues.js:93:5) {
    method: 'post',
    path: '/guilds/832046329068650526/channels',
    code: 50035,
    httpStatus: 400
  }
} | MS: 1620358364880 | DATE: 5/6/2021, 10:32:44 PM]
----------------------------------
DiscordAPIError: Invalid Form Body
name: This field is required
EXTRA INFO:
Unknown
----------------------------------
[CALLER: Promise {
  <rejected> DiscordAPIError: Invalid Form Body
  name: This field is required
      at RequestHandler.execute (C:\Users\jaces\Desktop\Corebot\node_modules\discord.js\src\rest\RequestHandler.js:170:25)
      at runMicrotasks (<anonymous>)
      at processTicksAndRejections (internal/process/task_queues.js:93:5) {
    method: 'post',
    path: '/guilds/832046329068650526/channels',
    code: 50035,
    httpStatus: 400
  }
} | MS: 1620358378668 | DATE: 5/6/2021, 10:32:58 PM]
----------------------------------
DiscordAPIError: Invalid Form Body
name: This field is required
EXTRA INFO:
Unknown
----------------------------------
[CALLER: Promise {
  <rejected> DiscordAPIError: Invalid Form Body
  name: This field is required
      at RequestHandler.execute (C:\Users\jaces\Desktop\Corebot\node_modules\discord.js\src\rest\RequestHandler.js:170:25)
      at runMicrotasks (<anonymous>)
      at processTicksAndRejections (internal/process/task_queues.js:93:5) {
    method: 'post',
    path: '/guilds/837104198419611649/channels',
    code: 50035,
    httpStatus: 400
  }
} | MS: 1620358378673 | DATE: 5/6/2021, 10:32:58 PM]
----------------------------------
DiscordAPIError: Invalid Form Body
name: This field is required
EXTRA INFO:
Unknown
----------------------------------
[CALLER: Promise {
  <rejected> DiscordAPIError: Invalid Form Body
  name: This field is required
      at RequestHandler.execute (C:\Users\jaces\Desktop\Corebot\node_modules\discord.js\src\rest\RequestHandler.js:170:25)
      at runMicrotasks (<anonymous>)
      at processTicksAndRejections (internal/process/task_queues.js:93:5) {
    method: 'post',
    path: '/guilds/832046329068650526/channels',
    code: 50035,
    httpStatus: 400
  }
} | MS: 1620358394875 | DATE: 5/6/2021, 10:33:14 PM]
----------------------------------
DiscordAPIError: Invalid Form Body
name: This field is required
EXTRA INFO:
Unknown
----------------------------------
[CALLER: Promise {
  <rejected> DiscordAPIError: Invalid Form Body
  name: This field is required
      at RequestHandler.execute (C:\Users\jaces\Desktop\Corebot\node_modules\discord.js\src\rest\RequestHandler.js:170:25)
      at runMicrotasks (<anonymous>)
      at processTicksAndRejections (internal/process/task_queues.js:93:5) {
    method: 'post',
    path: '/guilds/837104198419611649/channels',
    code: 50035,
    httpStatus: 400
  }
} | MS: 1620358394941 | DATE: 5/6/2021, 10:33:14 PM]
----------------------------------
DiscordAPIError: Invalid Form Body
name: This field is required
EXTRA INFO:
Unknown
----------------------------------
[CALLER: Promise {
  <rejected> DiscordAPIError: Invalid Form Body
  name: This field is required
      at RequestHandler.execute (C:\Users\jaces\Desktop\Corebot\node_modules\discord.js\src\rest\RequestHandler.js:170:25)
      at runMicrotasks (<anonymous>)
      at processTicksAndRejections (internal/process/task_queues.js:93:5) {
    method: 'post',
    path: '/guilds/832046329068650526/channels',
    code: 50035,
    httpStatus: 400
  }
} | MS: 1620358408625 | DATE: 5/6/2021, 10:33:28 PM]
----------------------------------
DiscordAPIError: Invalid Form Body
name: This field is required
EXTRA INFO:
Unknown
----------------------------------
[CALLER: Promise {
  <rejected> DiscordAPIError: Invalid Form Body
  name: This field is required
      at RequestHandler.execute (C:\Users\jaces\Desktop\Corebot\node_modules\discord.js\src\rest\RequestHandler.js:170:25)
      at runMicrotasks (<anonymous>)
      at processTicksAndRejections (internal/process/task_queues.js:93:5) {
    method: 'post',
    path: '/guilds/837104198419611649/channels',
    code: 50035,
    httpStatus: 400
  }
} | MS: 1620358408654 | DATE: 5/6/2021, 10:33:28 PM]
----------------------------------
DiscordAPIError: Invalid Form Body
name: This field is required
EXTRA INFO:
Unknown
----------------------------------
[CALLER: Promise {
  <rejected> DiscordAPIError: Invalid Form Body
  name: This field is required
      at RequestHandler.execute (C:\Users\jaces\Desktop\Corebot\node_modules\discord.js\src\rest\RequestHandler.js:170:25)
      at runMicrotasks (<anonymous>)
      at processTicksAndRejections (internal/process/task_queues.js:93:5) {
    method: 'post',
    path: '/guilds/832046329068650526/channels',
    code: 50035,
    httpStatus: 400
  }
} | MS: 1620358424869 | DATE: 5/6/2021, 10:33:44 PM]
----------------------------------
DiscordAPIError: Invalid Form Body
name: This field is required
EXTRA INFO:
Unknown
----------------------------------
[CALLER: Promise {
  <rejected> DiscordAPIError: Invalid Form Body
  name: This field is required
      at RequestHandler.execute (C:\Users\jaces\Desktop\Corebot\node_modules\discord.js\src\rest\RequestHandler.js:170:25)
      at runMicrotasks (<anonymous>)
      at processTicksAndRejections (internal/process/task_queues.js:93:5) {
    method: 'post',
    path: '/guilds/837104198419611649/channels',
    code: 50035,
    httpStatus: 400
  }
} | MS: 1620358424875 | DATE: 5/6/2021, 10:33:44 PM]
----------------------------------
DiscordAPIError: Invalid Form Body
name: This field is required
EXTRA INFO:
Unknown
----------------------------------
[CALLER: Promise {
  <rejected> DiscordAPIError: Invalid Form Body
  name: This field is required
      at RequestHandler.execute (C:\Users\jaces\Desktop\Corebot\node_modules\discord.js\src\rest\RequestHandler.js:170:25)
      at runMicrotasks (<anonymous>)
      at processTicksAndRejections (internal/process/task_queues.js:93:5) {
    method: 'post',
    path: '/guilds/837104198419611649/channels',
    code: 50035,
    httpStatus: 400
  }
} | MS: 1620358438641 | DATE: 5/6/2021, 10:33:58 PM]
----------------------------------
DiscordAPIError: Invalid Form Body
name: This field is required
EXTRA INFO:
Unknown
----------------------------------
[CALLER: Promise {
  <rejected> DiscordAPIError: Invalid Form Body
  name: This field is required
      at RequestHandler.execute (C:\Users\jaces\Desktop\Corebot\node_modules\discord.js\src\rest\RequestHandler.js:170:25)
      at runMicrotasks (<anonymous>)
      at processTicksAndRejections (internal/process/task_queues.js:93:5) {
    method: 'post',
    path: '/guilds/832046329068650526/channels',
    code: 50035,
    httpStatus: 400
  }
} | MS: 1620358438671 | DATE: 5/6/2021, 10:33:58 PM]
----------------------------------
DiscordAPIError: Invalid Form Body
name: This field is required
EXTRA INFO:
Unknown
----------------------------------
[CALLER: Promise {
  <rejected> DiscordAPIError: Invalid Form Body
  name: This field is required
      at RequestHandler.execute (C:\Users\jaces\Desktop\Corebot\node_modules\discord.js\src\rest\RequestHandler.js:170:25)
      at runMicrotasks (<anonymous>)
      at processTicksAndRejections (internal/process/task_queues.js:93:5) {
    method: 'post',
    path: '/guilds/832046329068650526/channels',
    code: 50035,
    httpStatus: 400
  }
} | MS: 1620358454881 | DATE: 5/6/2021, 10:34:14 PM]
----------------------------------
DiscordAPIError: Invalid Form Body
name: This field is required
EXTRA INFO:
Unknown
----------------------------------
[CALLER: Promise {
  <rejected> DiscordAPIError: Invalid Form Body
  name: This field is required
      at RequestHandler.execute (C:\Users\jaces\Desktop\Corebot\node_modules\discord.js\src\rest\RequestHandler.js:170:25)
      at runMicrotasks (<anonymous>)
      at processTicksAndRejections (internal/process/task_queues.js:93:5) {
    method: 'post',
    path: '/guilds/837104198419611649/channels',
    code: 50035,
    httpStatus: 400
  }
} | MS: 1620358454889 | DATE: 5/6/2021, 10:34:14 PM]
----------------------------------
DiscordAPIError: Invalid Form Body
name: This field is required
EXTRA INFO:
Unknown
----------------------------------
[CALLER: Promise {
  <rejected> DiscordAPIError: Invalid Form Body
  name: This field is required
      at RequestHandler.execute (C:\Users\jaces\Desktop\Corebot\node_modules\discord.js\src\rest\RequestHandler.js:170:25)
      at runMicrotasks (<anonymous>)
      at processTicksAndRejections (internal/process/task_queues.js:93:5) {
    method: 'post',
    path: '/guilds/832046329068650526/channels',
    code: 50035,
    httpStatus: 400
  }
} | MS: 1620358468647 | DATE: 5/6/2021, 10:34:28 PM]
----------------------------------
DiscordAPIError: Invalid Form Body
name: This field is required
EXTRA INFO:
Unknown
----------------------------------
[CALLER: Promise {
  <rejected> DiscordAPIError: Invalid Form Body
  name: This field is required
      at RequestHandler.execute (C:\Users\jaces\Desktop\Corebot\node_modules\discord.js\src\rest\RequestHandler.js:170:25)
      at runMicrotasks (<anonymous>)
      at processTicksAndRejections (internal/process/task_queues.js:93:5) {
    method: 'post',
    path: '/guilds/837104198419611649/channels',
    code: 50035,
    httpStatus: 400
  }
} | MS: 1620358468653 | DATE: 5/6/2021, 10:34:28 PM]
----------------------------------
DiscordAPIError: Invalid Form Body
name: This field is required
EXTRA INFO:
Unknown
----------------------------------
[CALLER: Promise {
  <rejected> DiscordAPIError: Invalid Form Body
  name: This field is required
      at RequestHandler.execute (C:\Users\jaces\Desktop\Corebot\node_modules\discord.js\src\rest\RequestHandler.js:170:25)
      at runMicrotasks (<anonymous>)
      at processTicksAndRejections (internal/process/task_queues.js:93:5) {
    method: 'post',
    path: '/guilds/837104198419611649/channels',
    code: 50035,
    httpStatus: 400
  }
} | MS: 1620358484867 | DATE: 5/6/2021, 10:34:44 PM]
----------------------------------
DiscordAPIError: Invalid Form Body
name: This field is required
EXTRA INFO:
Unknown
----------------------------------
[CALLER: Promise {
  <rejected> DiscordAPIError: Invalid Form Body
  name: This field is required
      at RequestHandler.execute (C:\Users\jaces\Desktop\Corebot\node_modules\discord.js\src\rest\RequestHandler.js:170:25)
      at runMicrotasks (<anonymous>)
      at processTicksAndRejections (internal/process/task_queues.js:93:5) {
    method: 'post',
    path: '/guilds/832046329068650526/channels',
    code: 50035,
    httpStatus: 400
  }
} | MS: 1620358484899 | DATE: 5/6/2021, 10:34:44 PM]
----------------------------------
DiscordAPIError: Invalid Form Body
name: This field is required
EXTRA INFO:
Unknown
----------------------------------
[CALLER: Promise {
  <rejected> DiscordAPIError: Invalid Form Body
  name: This field is required
      at RequestHandler.execute (C:\Users\jaces\Desktop\Corebot\node_modules\discord.js\src\rest\RequestHandler.js:170:25)
      at runMicrotasks (<anonymous>)
      at processTicksAndRejections (internal/process/task_queues.js:93:5) {
    method: 'post',
    path: '/guilds/837104198419611649/channels',
    code: 50035,
    httpStatus: 400
  }
} | MS: 1620358498634 | DATE: 5/6/2021, 10:34:58 PM]
----------------------------------
DiscordAPIError: Invalid Form Body
name: This field is required
EXTRA INFO:
Unknown
----------------------------------
[CALLER: Promise {
  <rejected> DiscordAPIError: Invalid Form Body
  name: This field is required
      at RequestHandler.execute (C:\Users\jaces\Desktop\Corebot\node_modules\discord.js\src\rest\RequestHandler.js:170:25)
      at runMicrotasks (<anonymous>)
      at processTicksAndRejections (internal/process/task_queues.js:93:5) {
    method: 'post',
    path: '/guilds/832046329068650526/channels',
    code: 50035,
    httpStatus: 400
  }
} | MS: 1620358498646 | DATE: 5/6/2021, 10:34:58 PM]
----------------------------------
DiscordAPIError: Invalid Form Body
name: This field is required
EXTRA INFO:
Unknown
----------------------------------
[CALLER: Promise {
  <rejected> DiscordAPIError: Invalid Form Body
  name: This field is required
      at RequestHandler.execute (C:\Users\jaces\Desktop\Corebot\node_modules\discord.js\src\rest\RequestHandler.js:170:25)
      at runMicrotasks (<anonymous>)
      at processTicksAndRejections (internal/process/task_queues.js:93:5) {
    method: 'post',
    path: '/guilds/837104198419611649/channels',
    code: 50035,
    httpStatus: 400
  }
} | MS: 1620358514863 | DATE: 5/6/2021, 10:35:14 PM]
----------------------------------
DiscordAPIError: Invalid Form Body
name: This field is required
EXTRA INFO:
Unknown
----------------------------------
[CALLER: Promise {
  <rejected> DiscordAPIError: Invalid Form Body
  name: This field is required
      at RequestHandler.execute (C:\Users\jaces\Desktop\Corebot\node_modules\discord.js\src\rest\RequestHandler.js:170:25)
      at runMicrotasks (<anonymous>)
      at processTicksAndRejections (internal/process/task_queues.js:93:5) {
    method: 'post',
    path: '/guilds/832046329068650526/channels',
    code: 50035,
    httpStatus: 400
  }
} | MS: 1620358514873 | DATE: 5/6/2021, 10:35:14 PM]
----------------------------------
DiscordAPIError: Invalid Form Body
name: This field is required
EXTRA INFO:
Unknown
----------------------------------
[CALLER: Promise {
  <rejected> DiscordAPIError: Invalid Form Body
  name: This field is required
      at RequestHandler.execute (C:\Users\jaces\Desktop\Corebot\node_modules\discord.js\src\rest\RequestHandler.js:170:25)
      at runMicrotasks (<anonymous>)
      at processTicksAndRejections (internal/process/task_queues.js:93:5) {
    method: 'post',
    path: '/guilds/837104198419611649/channels',
    code: 50035,
    httpStatus: 400
  }
} | MS: 1620358528671 | DATE: 5/6/2021, 10:35:28 PM]
----------------------------------
DiscordAPIError: Invalid Form Body
name: This field is required
EXTRA INFO:
Unknown
----------------------------------
[CALLER: Promise {
  <rejected> DiscordAPIError: Invalid Form Body
  name: This field is required
      at RequestHandler.execute (C:\Users\jaces\Desktop\Corebot\node_modules\discord.js\src\rest\RequestHandler.js:170:25)
      at runMicrotasks (<anonymous>)
      at processTicksAndRejections (internal/process/task_queues.js:93:5) {
    method: 'post',
    path: '/guilds/832046329068650526/channels',
    code: 50035,
    httpStatus: 400
  }
} | MS: 1620358528672 | DATE: 5/6/2021, 10:35:28 PM]
----------------------------------
DiscordAPIError: Invalid Form Body
name: This field is required
EXTRA INFO:
Unknown
----------------------------------
[CALLER: Promise {
  <rejected> DiscordAPIError: Invalid Form Body
  name: This field is required
      at RequestHandler.execute (C:\Users\jaces\Desktop\Corebot\node_modules\discord.js\src\rest\RequestHandler.js:170:25)
      at runMicrotasks (<anonymous>)
      at processTicksAndRejections (internal/process/task_queues.js:93:5) {
    method: 'post',
    path: '/guilds/837104198419611649/channels',
    code: 50035,
    httpStatus: 400
  }
} | MS: 1620358544874 | DATE: 5/6/2021, 10:35:44 PM]
----------------------------------
DiscordAPIError: Invalid Form Body
name: This field is required
EXTRA INFO:
Unknown
----------------------------------
[CALLER: Promise {
  <rejected> DiscordAPIError: Invalid Form Body
  name: This field is required
      at RequestHandler.execute (C:\Users\jaces\Desktop\Corebot\node_modules\discord.js\src\rest\RequestHandler.js:170:25)
      at runMicrotasks (<anonymous>)
      at processTicksAndRejections (internal/process/task_queues.js:93:5) {
    method: 'post',
    path: '/guilds/832046329068650526/channels',
    code: 50035,
    httpStatus: 400
  }
} | MS: 1620358544876 | DATE: 5/6/2021, 10:35:44 PM]
----------------------------------
DiscordAPIError: Invalid Form Body
name: This field is required
EXTRA INFO:
Unknown
----------------------------------
[CALLER: Promise {
  <rejected> DiscordAPIError: Invalid Form Body
  name: This field is required
      at RequestHandler.execute (C:\Users\jaces\Desktop\Corebot\node_modules\discord.js\src\rest\RequestHandler.js:170:25)
      at runMicrotasks (<anonymous>)
      at processTicksAndRejections (internal/process/task_queues.js:93:5) {
    method: 'post',
    path: '/guilds/832046329068650526/channels',
    code: 50035,
    httpStatus: 400
  }
} | MS: 1620358558629 | DATE: 5/6/2021, 10:35:58 PM]
----------------------------------
DiscordAPIError: Invalid Form Body
name: This field is required
EXTRA INFO:
Unknown
----------------------------------
[CALLER: Promise {
  <rejected> DiscordAPIError: Invalid Form Body
  name: This field is required
      at RequestHandler.execute (C:\Users\jaces\Desktop\Corebot\node_modules\discord.js\src\rest\RequestHandler.js:170:25)
      at runMicrotasks (<anonymous>)
      at processTicksAndRejections (internal/process/task_queues.js:93:5) {
    method: 'post',
    path: '/guilds/837104198419611649/channels',
    code: 50035,
    httpStatus: 400
  }
} | MS: 1620358558638 | DATE: 5/6/2021, 10:35:58 PM]
----------------------------------
DiscordAPIError: Invalid Form Body
name: This field is required
EXTRA INFO:
Unknown
----------------------------------
[CALLER: Promise {
  <rejected> DiscordAPIError: Invalid Form Body
  name: This field is required
      at RequestHandler.execute (C:\Users\jaces\Desktop\Corebot\node_modules\discord.js\src\rest\RequestHandler.js:170:25)
      at runMicrotasks (<anonymous>)
      at processTicksAndRejections (internal/process/task_queues.js:93:5) {
    method: 'post',
    path: '/guilds/837104198419611649/channels',
    code: 50035,
    httpStatus: 400
  }
} | MS: 1620358574878 | DATE: 5/6/2021, 10:36:14 PM]
----------------------------------
DiscordAPIError: Invalid Form Body
name: This field is required
EXTRA INFO:
Unknown
----------------------------------
[CALLER: Promise {
  <rejected> DiscordAPIError: Invalid Form Body
  name: This field is required
      at RequestHandler.execute (C:\Users\jaces\Desktop\Corebot\node_modules\discord.js\src\rest\RequestHandler.js:170:25)
      at runMicrotasks (<anonymous>)
      at processTicksAndRejections (internal/process/task_queues.js:93:5) {
    method: 'post',
    path: '/guilds/832046329068650526/channels',
    code: 50035,
    httpStatus: 400
  }
} | MS: 1620358574884 | DATE: 5/6/2021, 10:36:14 PM]
----------------------------------
DiscordAPIError: Invalid Form Body
name: This field is required
EXTRA INFO:
Unknown
----------------------------------
[CALLER: Promise {
  <rejected> DiscordAPIError: Invalid Form Body
  name: This field is required
      at RequestHandler.execute (C:\Users\jaces\Desktop\Corebot\node_modules\discord.js\src\rest\RequestHandler.js:170:25)
      at runMicrotasks (<anonymous>)
      at processTicksAndRejections (internal/process/task_queues.js:93:5) {
    method: 'post',
    path: '/guilds/832046329068650526/channels',
    code: 50035,
    httpStatus: 400
  }
} | MS: 1620358588621 | DATE: 5/6/2021, 10:36:28 PM]
----------------------------------
DiscordAPIError: Invalid Form Body
name: This field is required
EXTRA INFO:
Unknown
----------------------------------
[CALLER: Promise {
  <rejected> DiscordAPIError: Invalid Form Body
  name: This field is required
      at RequestHandler.execute (C:\Users\jaces\Desktop\Corebot\node_modules\discord.js\src\rest\RequestHandler.js:170:25)
      at runMicrotasks (<anonymous>)
      at processTicksAndRejections (internal/process/task_queues.js:93:5) {
    method: 'post',
    path: '/guilds/837104198419611649/channels',
    code: 50035,
    httpStatus: 400
  }
} | MS: 1620358588627 | DATE: 5/6/2021, 10:36:28 PM]
----------------------------------
DiscordAPIError: Invalid Form Body
name: This field is required
EXTRA INFO:
Unknown
----------------------------------
[CALLER: Promise {
  <rejected> DiscordAPIError: Invalid Form Body
  name: This field is required
      at RequestHandler.execute (C:\Users\jaces\Desktop\Corebot\node_modules\discord.js\src\rest\RequestHandler.js:170:25)
      at runMicrotasks (<anonymous>)
      at processTicksAndRejections (internal/process/task_queues.js:93:5) {
    method: 'post',
    path: '/guilds/832046329068650526/channels',
    code: 50035,
    httpStatus: 400
  }
} | MS: 1620358604874 | DATE: 5/6/2021, 10:36:44 PM]
----------------------------------
DiscordAPIError: Invalid Form Body
name: This field is required
EXTRA INFO:
Unknown
----------------------------------
[CALLER: Promise {
  <rejected> DiscordAPIError: Invalid Form Body
  name: This field is required
      at RequestHandler.execute (C:\Users\jaces\Desktop\Corebot\node_modules\discord.js\src\rest\RequestHandler.js:170:25)
      at runMicrotasks (<anonymous>)
      at processTicksAndRejections (internal/process/task_queues.js:93:5) {
    method: 'post',
    path: '/guilds/837104198419611649/channels',
    code: 50035,
    httpStatus: 400
  }
} | MS: 1620358604880 | DATE: 5/6/2021, 10:36:44 PM]
----------------------------------
DiscordAPIError: Invalid Form Body
name: This field is required
EXTRA INFO:
Unknown
----------------------------------
[CALLER: Promise {
  <rejected> DiscordAPIError: Invalid Form Body
  name: This field is required
      at RequestHandler.execute (C:\Users\jaces\Desktop\Corebot\node_modules\discord.js\src\rest\RequestHandler.js:170:25)
      at runMicrotasks (<anonymous>)
      at processTicksAndRejections (internal/process/task_queues.js:93:5) {
    method: 'post',
    path: '/guilds/837104198419611649/channels',
    code: 50035,
    httpStatus: 400
  }
} | MS: 1620358618624 | DATE: 5/6/2021, 10:36:58 PM]
----------------------------------
DiscordAPIError: Invalid Form Body
name: This field is required
EXTRA INFO:
Unknown
----------------------------------
[CALLER: Promise {
  <rejected> DiscordAPIError: Invalid Form Body
  name: This field is required
      at RequestHandler.execute (C:\Users\jaces\Desktop\Corebot\node_modules\discord.js\src\rest\RequestHandler.js:170:25)
      at runMicrotasks (<anonymous>)
      at processTicksAndRejections (internal/process/task_queues.js:93:5) {
    method: 'post',
    path: '/guilds/832046329068650526/channels',
    code: 50035,
    httpStatus: 400
  }
} | MS: 1620358618630 | DATE: 5/6/2021, 10:36:58 PM]
----------------------------------
DiscordAPIError: Invalid Form Body
name: This field is required
EXTRA INFO:
Unknown
----------------------------------
[CALLER: Promise {
  <rejected> DiscordAPIError: Invalid Form Body
  name: This field is required
      at RequestHandler.execute (C:\Users\jaces\Desktop\Corebot\node_modules\discord.js\src\rest\RequestHandler.js:170:25)
      at runMicrotasks (<anonymous>)
      at processTicksAndRejections (internal/process/task_queues.js:93:5) {
    method: 'post',
    path: '/guilds/832046329068650526/channels',
    code: 50035,
    httpStatus: 400
  }
} | MS: 1620358634865 | DATE: 5/6/2021, 10:37:14 PM]
----------------------------------
DiscordAPIError: Invalid Form Body
name: This field is required
EXTRA INFO:
Unknown
----------------------------------
[CALLER: Promise {
  <rejected> DiscordAPIError: Invalid Form Body
  name: This field is required
      at RequestHandler.execute (C:\Users\jaces\Desktop\Corebot\node_modules\discord.js\src\rest\RequestHandler.js:170:25)
      at runMicrotasks (<anonymous>)
      at processTicksAndRejections (internal/process/task_queues.js:93:5) {
    method: 'post',
    path: '/guilds/837104198419611649/channels',
    code: 50035,
    httpStatus: 400
  }
} | MS: 1620358634873 | DATE: 5/6/2021, 10:37:14 PM]
----------------------------------
DiscordAPIError: Invalid Form Body
name: This field is required
EXTRA INFO:
Unknown
----------------------------------
[CALLER: Promise {
  <rejected> DiscordAPIError: Invalid Form Body
  name: This field is required
      at RequestHandler.execute (C:\Users\jaces\Desktop\Corebot\node_modules\discord.js\src\rest\RequestHandler.js:170:25)
      at runMicrotasks (<anonymous>)
      at processTicksAndRejections (internal/process/task_queues.js:93:5) {
    method: 'post',
    path: '/guilds/837104198419611649/channels',
    code: 50035,
    httpStatus: 400
  }
} | MS: 1620358648628 | DATE: 5/6/2021, 10:37:28 PM]
----------------------------------
DiscordAPIError: Invalid Form Body
name: This field is required
EXTRA INFO:
Unknown
----------------------------------
[CALLER: Promise {
  <rejected> DiscordAPIError: Invalid Form Body
  name: This field is required
      at RequestHandler.execute (C:\Users\jaces\Desktop\Corebot\node_modules\discord.js\src\rest\RequestHandler.js:170:25)
      at runMicrotasks (<anonymous>)
      at processTicksAndRejections (internal/process/task_queues.js:93:5) {
    method: 'post',
    path: '/guilds/832046329068650526/channels',
    code: 50035,
    httpStatus: 400
  }
} | MS: 1620358648632 | DATE: 5/6/2021, 10:37:28 PM]
----------------------------------
DiscordAPIError: Invalid Form Body
name: This field is required
EXTRA INFO:
Unknown
----------------------------------
[CALLER: Promise {
  <rejected> DiscordAPIError: Invalid Form Body
  name: This field is required
      at RequestHandler.execute (C:\Users\jaces\Desktop\Corebot\node_modules\discord.js\src\rest\RequestHandler.js:170:25)
      at runMicrotasks (<anonymous>)
      at processTicksAndRejections (internal/process/task_queues.js:93:5) {
    method: 'post',
    path: '/guilds/837104198419611649/channels',
    code: 50035,
    httpStatus: 400
  }
} | MS: 1620358664862 | DATE: 5/6/2021, 10:37:44 PM]
----------------------------------
DiscordAPIError: Invalid Form Body
name: This field is required
EXTRA INFO:
Unknown
----------------------------------
[CALLER: Promise {
  <rejected> DiscordAPIError: Invalid Form Body
  name: This field is required
      at RequestHandler.execute (C:\Users\jaces\Desktop\Corebot\node_modules\discord.js\src\rest\RequestHandler.js:170:25)
      at runMicrotasks (<anonymous>)
      at processTicksAndRejections (internal/process/task_queues.js:93:5) {
    method: 'post',
    path: '/guilds/832046329068650526/channels',
    code: 50035,
    httpStatus: 400
  }
} | MS: 1620358664913 | DATE: 5/6/2021, 10:37:44 PM]
----------------------------------
DiscordAPIError: Invalid Form Body
name: This field is required
EXTRA INFO:
Unknown
----------------------------------
[CALLER: Promise {
  <rejected> DiscordAPIError: Invalid Form Body
  name: This field is required
      at RequestHandler.execute (C:\Users\jaces\Desktop\Corebot\node_modules\discord.js\src\rest\RequestHandler.js:170:25)
      at runMicrotasks (<anonymous>)
      at processTicksAndRejections (internal/process/task_queues.js:93:5) {
    method: 'post',
    path: '/guilds/837104198419611649/channels',
    code: 50035,
    httpStatus: 400
  }
} | MS: 1620358678633 | DATE: 5/6/2021, 10:37:58 PM]
----------------------------------
DiscordAPIError: Invalid Form Body
name: This field is required
EXTRA INFO:
Unknown
----------------------------------
[CALLER: Promise {
  <rejected> DiscordAPIError: Invalid Form Body
  name: This field is required
      at RequestHandler.execute (C:\Users\jaces\Desktop\Corebot\node_modules\discord.js\src\rest\RequestHandler.js:170:25)
      at runMicrotasks (<anonymous>)
      at processTicksAndRejections (internal/process/task_queues.js:93:5) {
    method: 'post',
    path: '/guilds/832046329068650526/channels',
    code: 50035,
    httpStatus: 400
  }
} | MS: 1620358678693 | DATE: 5/6/2021, 10:37:58 PM]
----------------------------------
DiscordAPIError: Invalid Form Body
name: This field is required
EXTRA INFO:
Unknown
----------------------------------
[CALLER: Promise {
  <rejected> DiscordAPIError: Invalid Form Body
  name: This field is required
      at RequestHandler.execute (C:\Users\jaces\Desktop\Corebot\node_modules\discord.js\src\rest\RequestHandler.js:170:25)
      at runMicrotasks (<anonymous>)
      at processTicksAndRejections (internal/process/task_queues.js:93:5) {
    method: 'post',
    path: '/guilds/832046329068650526/channels',
    code: 50035,
    httpStatus: 400
  }
} | MS: 1620358694873 | DATE: 5/6/2021, 10:38:14 PM]
----------------------------------
DiscordAPIError: Invalid Form Body
name: This field is required
EXTRA INFO:
Unknown
----------------------------------
[CALLER: Promise {
  <rejected> DiscordAPIError: Invalid Form Body
  name: This field is required
      at RequestHandler.execute (C:\Users\jaces\Desktop\Corebot\node_modules\discord.js\src\rest\RequestHandler.js:170:25)
      at runMicrotasks (<anonymous>)
      at processTicksAndRejections (internal/process/task_queues.js:93:5) {
    method: 'post',
    path: '/guilds/837104198419611649/channels',
    code: 50035,
    httpStatus: 400
  }
} | MS: 1620358694874 | DATE: 5/6/2021, 10:38:14 PM]
----------------------------------
DiscordAPIError: Invalid Form Body
name: This field is required
EXTRA INFO:
Unknown
----------------------------------
[CALLER: Promise {
  <rejected> DiscordAPIError: Invalid Form Body
  name: This field is required
      at RequestHandler.execute (C:\Users\jaces\Desktop\Corebot\node_modules\discord.js\src\rest\RequestHandler.js:170:25)
      at runMicrotasks (<anonymous>)
      at processTicksAndRejections (internal/process/task_queues.js:93:5) {
    method: 'post',
    path: '/guilds/832046329068650526/channels',
    code: 50035,
    httpStatus: 400
  }
} | MS: 1620358708621 | DATE: 5/6/2021, 10:38:28 PM]
----------------------------------
DiscordAPIError: Invalid Form Body
name: This field is required
EXTRA INFO:
Unknown
----------------------------------
[CALLER: Promise {
  <rejected> DiscordAPIError: Invalid Form Body
  name: This field is required
      at RequestHandler.execute (C:\Users\jaces\Desktop\Corebot\node_modules\discord.js\src\rest\RequestHandler.js:170:25)
      at runMicrotasks (<anonymous>)
      at processTicksAndRejections (internal/process/task_queues.js:93:5) {
    method: 'post',
    path: '/guilds/837104198419611649/channels',
    code: 50035,
    httpStatus: 400
  }
} | MS: 1620358708632 | DATE: 5/6/2021, 10:38:28 PM]
----------------------------------
DiscordAPIError: Invalid Form Body
name: This field is required
EXTRA INFO:
Unknown
----------------------------------
[CALLER: Promise {
  <rejected> DiscordAPIError: Invalid Form Body
  name: This field is required
      at RequestHandler.execute (C:\Users\jaces\Desktop\Corebot\node_modules\discord.js\src\rest\RequestHandler.js:170:25)
      at runMicrotasks (<anonymous>)
      at processTicksAndRejections (internal/process/task_queues.js:93:5) {
    method: 'post',
    path: '/guilds/837104198419611649/channels',
    code: 50035,
    httpStatus: 400
  }
} | MS: 1620358724876 | DATE: 5/6/2021, 10:38:44 PM]
----------------------------------
DiscordAPIError: Invalid Form Body
name: This field is required
EXTRA INFO:
Unknown
----------------------------------
[CALLER: Promise {
  <rejected> DiscordAPIError: Invalid Form Body
  name: This field is required
      at RequestHandler.execute (C:\Users\jaces\Desktop\Corebot\node_modules\discord.js\src\rest\RequestHandler.js:170:25)
      at runMicrotasks (<anonymous>)
      at processTicksAndRejections (internal/process/task_queues.js:93:5) {
    method: 'post',
    path: '/guilds/832046329068650526/channels',
    code: 50035,
    httpStatus: 400
  }
} | MS: 1620358724882 | DATE: 5/6/2021, 10:38:44 PM]
----------------------------------
DiscordAPIError: Invalid Form Body
name: This field is required
EXTRA INFO:
Unknown
----------------------------------
[CALLER: Promise {
  <rejected> DiscordAPIError: Invalid Form Body
  name: This field is required
      at RequestHandler.execute (C:\Users\jaces\Desktop\Corebot\node_modules\discord.js\src\rest\RequestHandler.js:170:25)
      at runMicrotasks (<anonymous>)
      at processTicksAndRejections (internal/process/task_queues.js:93:5) {
    method: 'post',
    path: '/guilds/837104198419611649/channels',
    code: 50035,
    httpStatus: 400
  }
} | MS: 1620358738641 | DATE: 5/6/2021, 10:38:58 PM]
----------------------------------
DiscordAPIError: Invalid Form Body
name: This field is required
EXTRA INFO:
Unknown
----------------------------------
[CALLER: Promise {
  <rejected> DiscordAPIError: Invalid Form Body
  name: This field is required
      at RequestHandler.execute (C:\Users\jaces\Desktop\Corebot\node_modules\discord.js\src\rest\RequestHandler.js:170:25)
      at runMicrotasks (<anonymous>)
      at processTicksAndRejections (internal/process/task_queues.js:93:5) {
    method: 'post',
    path: '/guilds/832046329068650526/channels',
    code: 50035,
    httpStatus: 400
  }
} | MS: 1620358738653 | DATE: 5/6/2021, 10:38:58 PM]
----------------------------------
DiscordAPIError: Invalid Form Body
name: This field is required
EXTRA INFO:
Unknown
----------------------------------
[CALLER: Promise {
  <rejected> DiscordAPIError: Invalid Form Body
  name: This field is required
      at RequestHandler.execute (C:\Users\jaces\Desktop\Corebot\node_modules\discord.js\src\rest\RequestHandler.js:170:25)
      at runMicrotasks (<anonymous>)
      at processTicksAndRejections (internal/process/task_queues.js:93:5) {
    method: 'post',
    path: '/guilds/832046329068650526/channels',
    code: 50035,
    httpStatus: 400
  }
} | MS: 1620358754875 | DATE: 5/6/2021, 10:39:14 PM]
----------------------------------
DiscordAPIError: Invalid Form Body
name: This field is required
EXTRA INFO:
Unknown
----------------------------------
[CALLER: Promise {
  <rejected> DiscordAPIError: Invalid Form Body
  name: This field is required
      at RequestHandler.execute (C:\Users\jaces\Desktop\Corebot\node_modules\discord.js\src\rest\RequestHandler.js:170:25)
      at runMicrotasks (<anonymous>)
      at processTicksAndRejections (internal/process/task_queues.js:93:5) {
    method: 'post',
    path: '/guilds/837104198419611649/channels',
    code: 50035,
    httpStatus: 400
  }
} | MS: 1620358754878 | DATE: 5/6/2021, 10:39:14 PM]
----------------------------------
DiscordAPIError: Invalid Form Body
name: This field is required
EXTRA INFO:
Unknown
----------------------------------
[CALLER: Promise {
  <rejected> DiscordAPIError: Invalid Form Body
  name: This field is required
      at RequestHandler.execute (C:\Users\jaces\Desktop\Corebot\node_modules\discord.js\src\rest\RequestHandler.js:170:25)
      at runMicrotasks (<anonymous>)
      at processTicksAndRejections (internal/process/task_queues.js:93:5) {
    method: 'post',
    path: '/guilds/832046329068650526/channels',
    code: 50035,
    httpStatus: 400
  }
} | MS: 1620358768635 | DATE: 5/6/2021, 10:39:28 PM]
----------------------------------
DiscordAPIError: Invalid Form Body
name: This field is required
EXTRA INFO:
Unknown
----------------------------------
[CALLER: Promise {
  <rejected> DiscordAPIError: Invalid Form Body
  name: This field is required
      at RequestHandler.execute (C:\Users\jaces\Desktop\Corebot\node_modules\discord.js\src\rest\RequestHandler.js:170:25)
      at runMicrotasks (<anonymous>)
      at processTicksAndRejections (internal/process/task_queues.js:93:5) {
    method: 'post',
    path: '/guilds/837104198419611649/channels',
    code: 50035,
    httpStatus: 400
  }
} | MS: 1620358768661 | DATE: 5/6/2021, 10:39:28 PM]
----------------------------------
DiscordAPIError: Invalid Form Body
name: This field is required
EXTRA INFO:
Unknown
----------------------------------
[CALLER: Promise {
  <rejected> DiscordAPIError: Invalid Form Body
  name: This field is required
      at RequestHandler.execute (C:\Users\jaces\Desktop\Corebot\node_modules\discord.js\src\rest\RequestHandler.js:170:25)
      at runMicrotasks (<anonymous>)
      at processTicksAndRejections (internal/process/task_queues.js:93:5) {
    method: 'post',
    path: '/guilds/837104198419611649/channels',
    code: 50035,
    httpStatus: 400
  }
} | MS: 1620358784866 | DATE: 5/6/2021, 10:39:44 PM]
----------------------------------
DiscordAPIError: Invalid Form Body
name: This field is required
EXTRA INFO:
Unknown
----------------------------------
[CALLER: Promise {
  <rejected> DiscordAPIError: Invalid Form Body
  name: This field is required
      at RequestHandler.execute (C:\Users\jaces\Desktop\Corebot\node_modules\discord.js\src\rest\RequestHandler.js:170:25)
      at runMicrotasks (<anonymous>)
      at processTicksAndRejections (internal/process/task_queues.js:93:5) {
    method: 'post',
    path: '/guilds/832046329068650526/channels',
    code: 50035,
    httpStatus: 400
  }
} | MS: 1620358784867 | DATE: 5/6/2021, 10:39:44 PM]
----------------------------------
DiscordAPIError: Invalid Form Body
name: This field is required
EXTRA INFO:
Unknown
----------------------------------
[CALLER: Promise {
  <rejected> DiscordAPIError: Invalid Form Body
  name: This field is required
      at RequestHandler.execute (C:\Users\jaces\Desktop\Corebot\node_modules\discord.js\src\rest\RequestHandler.js:170:25)
      at runMicrotasks (<anonymous>)
      at processTicksAndRejections (internal/process/task_queues.js:93:5) {
    method: 'post',
    path: '/guilds/837104198419611649/channels',
    code: 50035,
    httpStatus: 400
  }
} | MS: 1620358798625 | DATE: 5/6/2021, 10:39:58 PM]
----------------------------------
DiscordAPIError: Invalid Form Body
name: This field is required
EXTRA INFO:
Unknown
----------------------------------
[CALLER: Promise {
  <rejected> DiscordAPIError: Invalid Form Body
  name: This field is required
      at RequestHandler.execute (C:\Users\jaces\Desktop\Corebot\node_modules\discord.js\src\rest\RequestHandler.js:170:25)
      at runMicrotasks (<anonymous>)
      at processTicksAndRejections (internal/process/task_queues.js:93:5) {
    method: 'post',
    path: '/guilds/832046329068650526/channels',
    code: 50035,
    httpStatus: 400
  }
} | MS: 1620358798630 | DATE: 5/6/2021, 10:39:58 PM]
----------------------------------
DiscordAPIError: Invalid Form Body
name: This field is required
EXTRA INFO:
Unknown
----------------------------------
[CALLER: Promise {
  <rejected> DiscordAPIError: Invalid Form Body
  name: This field is required
      at RequestHandler.execute (C:\Users\jaces\Desktop\Corebot\node_modules\discord.js\src\rest\RequestHandler.js:170:25)
      at runMicrotasks (<anonymous>)
      at processTicksAndRejections (internal/process/task_queues.js:93:5) {
    method: 'post',
    path: '/guilds/832046329068650526/channels',
    code: 50035,
    httpStatus: 400
  }
} | MS: 1620358814887 | DATE: 5/6/2021, 10:40:14 PM]
----------------------------------
DiscordAPIError: Invalid Form Body
name: This field is required
EXTRA INFO:
Unknown
----------------------------------
[CALLER: Promise {
  <rejected> DiscordAPIError: Invalid Form Body
  name: This field is required
      at RequestHandler.execute (C:\Users\jaces\Desktop\Corebot\node_modules\discord.js\src\rest\RequestHandler.js:170:25)
      at runMicrotasks (<anonymous>)
      at processTicksAndRejections (internal/process/task_queues.js:93:5) {
    method: 'post',
    path: '/guilds/837104198419611649/channels',
    code: 50035,
    httpStatus: 400
  }
} | MS: 1620358814894 | DATE: 5/6/2021, 10:40:14 PM]
----------------------------------
DiscordAPIError: Invalid Form Body
name: This field is required
EXTRA INFO:
Unknown
----------------------------------
[CALLER: Promise {
  <rejected> DiscordAPIError: Invalid Form Body
  name: This field is required
      at RequestHandler.execute (C:\Users\jaces\Desktop\Corebot\node_modules\discord.js\src\rest\RequestHandler.js:170:25)
      at runMicrotasks (<anonymous>)
      at processTicksAndRejections (internal/process/task_queues.js:93:5) {
    method: 'post',
    path: '/guilds/832046329068650526/channels',
    code: 50035,
    httpStatus: 400
  }
} | MS: 1620358828622 | DATE: 5/6/2021, 10:40:28 PM]
----------------------------------
DiscordAPIError: Invalid Form Body
name: This field is required
EXTRA INFO:
Unknown
----------------------------------
[CALLER: Promise {
  <rejected> DiscordAPIError: Invalid Form Body
  name: This field is required
      at RequestHandler.execute (C:\Users\jaces\Desktop\Corebot\node_modules\discord.js\src\rest\RequestHandler.js:170:25)
      at runMicrotasks (<anonymous>)
      at processTicksAndRejections (internal/process/task_queues.js:93:5) {
    method: 'post',
    path: '/guilds/837104198419611649/channels',
    code: 50035,
    httpStatus: 400
  }
} | MS: 1620358828625 | DATE: 5/6/2021, 10:40:28 PM]
----------------------------------
DiscordAPIError: Invalid Form Body
name: This field is required
EXTRA INFO:
Unknown
----------------------------------
[CALLER: Promise {
  <rejected> DiscordAPIError: Invalid Form Body
  name: This field is required
      at RequestHandler.execute (C:\Users\jaces\Desktop\Corebot\node_modules\discord.js\src\rest\RequestHandler.js:170:25)
      at runMicrotasks (<anonymous>)
      at processTicksAndRejections (internal/process/task_queues.js:93:5) {
    method: 'post',
    path: '/guilds/832046329068650526/channels',
    code: 50035,
    httpStatus: 400
  }
} | MS: 1620358844899 | DATE: 5/6/2021, 10:40:44 PM]
----------------------------------
DiscordAPIError: Invalid Form Body
name: This field is required
EXTRA INFO:
Unknown
----------------------------------
[CALLER: Promise {
  <rejected> DiscordAPIError: Invalid Form Body
  name: This field is required
      at RequestHandler.execute (C:\Users\jaces\Desktop\Corebot\node_modules\discord.js\src\rest\RequestHandler.js:170:25)
      at runMicrotasks (<anonymous>)
      at processTicksAndRejections (internal/process/task_queues.js:93:5) {
    method: 'post',
    path: '/guilds/837104198419611649/channels',
    code: 50035,
    httpStatus: 400
  }
} | MS: 1620358844930 | DATE: 5/6/2021, 10:40:44 PM]
----------------------------------
DiscordAPIError: Invalid Form Body
name: This field is required
EXTRA INFO:
Unknown
----------------------------------
[CALLER: Promise {
  <rejected> DiscordAPIError: Invalid Form Body
  name: This field is required
      at RequestHandler.execute (C:\Users\jaces\Desktop\Corebot\node_modules\discord.js\src\rest\RequestHandler.js:170:25)
      at runMicrotasks (<anonymous>)
      at processTicksAndRejections (internal/process/task_queues.js:93:5) {
    method: 'post',
    path: '/guilds/832046329068650526/channels',
    code: 50035,
    httpStatus: 400
  }
} | MS: 1620358858620 | DATE: 5/6/2021, 10:40:58 PM]
----------------------------------
DiscordAPIError: Invalid Form Body
name: This field is required
EXTRA INFO:
Unknown
----------------------------------
[CALLER: Promise {
  <rejected> DiscordAPIError: Invalid Form Body
  name: This field is required
      at RequestHandler.execute (C:\Users\jaces\Desktop\Corebot\node_modules\discord.js\src\rest\RequestHandler.js:170:25)
      at runMicrotasks (<anonymous>)
      at processTicksAndRejections (internal/process/task_queues.js:93:5) {
    method: 'post',
    path: '/guilds/837104198419611649/channels',
    code: 50035,
    httpStatus: 400
  }
} | MS: 1620358858659 | DATE: 5/6/2021, 10:40:58 PM]
----------------------------------
DiscordAPIError: Invalid Form Body
name: This field is required
EXTRA INFO:
Unknown
----------------------------------
[CALLER: Promise {
  <rejected> DiscordAPIError: Invalid Form Body
  name: This field is required
      at RequestHandler.execute (C:\Users\jaces\Desktop\Corebot\node_modules\discord.js\src\rest\RequestHandler.js:170:25)
      at runMicrotasks (<anonymous>)
      at processTicksAndRejections (internal/process/task_queues.js:93:5) {
    method: 'post',
    path: '/guilds/832046329068650526/channels',
    code: 50035,
    httpStatus: 400
  }
} | MS: 1620358874886 | DATE: 5/6/2021, 10:41:14 PM]
----------------------------------
DiscordAPIError: Invalid Form Body
name: This field is required
EXTRA INFO:
Unknown
----------------------------------
[CALLER: Promise {
  <rejected> DiscordAPIError: Invalid Form Body
  name: This field is required
      at RequestHandler.execute (C:\Users\jaces\Desktop\Corebot\node_modules\discord.js\src\rest\RequestHandler.js:170:25)
      at runMicrotasks (<anonymous>)
      at processTicksAndRejections (internal/process/task_queues.js:93:5) {
    method: 'post',
    path: '/guilds/837104198419611649/channels',
    code: 50035,
    httpStatus: 400
  }
} | MS: 1620358874905 | DATE: 5/6/2021, 10:41:14 PM]
----------------------------------
DiscordAPIError: Invalid Form Body
name: This field is required
EXTRA INFO:
Unknown
----------------------------------
[CALLER: Promise {
  <rejected> DiscordAPIError: Invalid Form Body
  name: This field is required
      at RequestHandler.execute (C:\Users\jaces\Desktop\Corebot\node_modules\discord.js\src\rest\RequestHandler.js:170:25)
      at runMicrotasks (<anonymous>)
      at processTicksAndRejections (internal/process/task_queues.js:93:5) {
    method: 'post',
    path: '/guilds/832046329068650526/channels',
    code: 50035,
    httpStatus: 400
  }
} | MS: 1620358888637 | DATE: 5/6/2021, 10:41:28 PM]
----------------------------------
DiscordAPIError: Invalid Form Body
name: This field is required
EXTRA INFO:
Unknown
----------------------------------
[CALLER: Promise {
  <rejected> DiscordAPIError: Invalid Form Body
  name: This field is required
      at RequestHandler.execute (C:\Users\jaces\Desktop\Corebot\node_modules\discord.js\src\rest\RequestHandler.js:170:25)
      at runMicrotasks (<anonymous>)
      at processTicksAndRejections (internal/process/task_queues.js:93:5) {
    method: 'post',
    path: '/guilds/837104198419611649/channels',
    code: 50035,
    httpStatus: 400
  }
} | MS: 1620358888666 | DATE: 5/6/2021, 10:41:28 PM]
----------------------------------
DiscordAPIError: Invalid Form Body
name: This field is required
EXTRA INFO:
Unknown
----------------------------------
[CALLER: Promise {
  <rejected> DiscordAPIError: Invalid Form Body
  name: This field is required
      at RequestHandler.execute (C:\Users\jaces\Desktop\Corebot\node_modules\discord.js\src\rest\RequestHandler.js:170:25)
      at runMicrotasks (<anonymous>)
      at processTicksAndRejections (internal/process/task_queues.js:93:5) {
    method: 'post',
    path: '/guilds/832046329068650526/channels',
    code: 50035,
    httpStatus: 400
  }
} | MS: 1620358904884 | DATE: 5/6/2021, 10:41:44 PM]
----------------------------------
DiscordAPIError: Invalid Form Body
name: This field is required
EXTRA INFO:
Unknown
----------------------------------
[CALLER: Promise {
  <rejected> DiscordAPIError: Invalid Form Body
  name: This field is required
      at RequestHandler.execute (C:\Users\jaces\Desktop\Corebot\node_modules\discord.js\src\rest\RequestHandler.js:170:25)
      at runMicrotasks (<anonymous>)
      at processTicksAndRejections (internal/process/task_queues.js:93:5) {
    method: 'post',
    path: '/guilds/837104198419611649/channels',
    code: 50035,
    httpStatus: 400
  }
} | MS: 1620358904885 | DATE: 5/6/2021, 10:41:44 PM]
----------------------------------
DiscordAPIError: Invalid Form Body
name: This field is required
EXTRA INFO:
Unknown
----------------------------------
[CALLER: Promise {
  <rejected> DiscordAPIError: Invalid Form Body
  name: This field is required
      at RequestHandler.execute (C:\Users\jaces\Desktop\Corebot\node_modules\discord.js\src\rest\RequestHandler.js:170:25)
      at runMicrotasks (<anonymous>)
      at processTicksAndRejections (internal/process/task_queues.js:93:5) {
    method: 'post',
    path: '/guilds/837104198419611649/channels',
    code: 50035,
    httpStatus: 400
  }
} | MS: 1620358918622 | DATE: 5/6/2021, 10:41:58 PM]
----------------------------------
DiscordAPIError: Invalid Form Body
name: This field is required
EXTRA INFO:
Unknown
----------------------------------
[CALLER: Promise {
  <rejected> DiscordAPIError: Invalid Form Body
  name: This field is required
      at RequestHandler.execute (C:\Users\jaces\Desktop\Corebot\node_modules\discord.js\src\rest\RequestHandler.js:170:25)
      at runMicrotasks (<anonymous>)
      at processTicksAndRejections (internal/process/task_queues.js:93:5) {
    method: 'post',
    path: '/guilds/832046329068650526/channels',
    code: 50035,
    httpStatus: 400
  }
} | MS: 1620358918646 | DATE: 5/6/2021, 10:41:58 PM]
----------------------------------
DiscordAPIError: Invalid Form Body
name: This field is required
EXTRA INFO:
Unknown
----------------------------------
[CALLER: Promise {
  <rejected> DiscordAPIError: Invalid Form Body
  name: This field is required
      at RequestHandler.execute (C:\Users\jaces\Desktop\Corebot\node_modules\discord.js\src\rest\RequestHandler.js:170:25)
      at runMicrotasks (<anonymous>)
      at processTicksAndRejections (internal/process/task_queues.js:93:5) {
    method: 'post',
    path: '/guilds/832046329068650526/channels',
    code: 50035,
    httpStatus: 400
  }
} | MS: 1620358934868 | DATE: 5/6/2021, 10:42:14 PM]
----------------------------------
DiscordAPIError: Invalid Form Body
name: This field is required
EXTRA INFO:
Unknown
----------------------------------
[CALLER: Promise {
  <rejected> DiscordAPIError: Invalid Form Body
  name: This field is required
      at RequestHandler.execute (C:\Users\jaces\Desktop\Corebot\node_modules\discord.js\src\rest\RequestHandler.js:170:25)
      at runMicrotasks (<anonymous>)
      at processTicksAndRejections (internal/process/task_queues.js:93:5) {
    method: 'post',
    path: '/guilds/837104198419611649/channels',
    code: 50035,
    httpStatus: 400
  }
} | MS: 1620358934873 | DATE: 5/6/2021, 10:42:14 PM]
----------------------------------
DiscordAPIError: Invalid Form Body
name: This field is required
EXTRA INFO:
Unknown
----------------------------------
[CALLER: Promise {
  <rejected> DiscordAPIError: Invalid Form Body
  name: This field is required
      at RequestHandler.execute (C:\Users\jaces\Desktop\Corebot\node_modules\discord.js\src\rest\RequestHandler.js:170:25)
      at runMicrotasks (<anonymous>)
      at processTicksAndRejections (internal/process/task_queues.js:93:5) {
    method: 'post',
    path: '/guilds/832046329068650526/channels',
    code: 50035,
    httpStatus: 400
  }
} | MS: 1620358948634 | DATE: 5/6/2021, 10:42:28 PM]
----------------------------------
DiscordAPIError: Invalid Form Body
name: This field is required
EXTRA INFO:
Unknown
----------------------------------
[CALLER: Promise {
  <rejected> DiscordAPIError: Invalid Form Body
  name: This field is required
      at RequestHandler.execute (C:\Users\jaces\Desktop\Corebot\node_modules\discord.js\src\rest\RequestHandler.js:170:25)
      at runMicrotasks (<anonymous>)
      at processTicksAndRejections (internal/process/task_queues.js:93:5) {
    method: 'post',
    path: '/guilds/837104198419611649/channels',
    code: 50035,
    httpStatus: 400
  }
} | MS: 1620358948635 | DATE: 5/6/2021, 10:42:28 PM]
----------------------------------
DiscordAPIError: Invalid Form Body
name: This field is required
EXTRA INFO:
Unknown
----------------------------------
[CALLER: Promise {
  <rejected> DiscordAPIError: Invalid Form Body
  name: This field is required
      at RequestHandler.execute (C:\Users\jaces\Desktop\Corebot\node_modules\discord.js\src\rest\RequestHandler.js:170:25)
      at runMicrotasks (<anonymous>)
      at processTicksAndRejections (internal/process/task_queues.js:93:5) {
    method: 'post',
    path: '/guilds/837104198419611649/channels',
    code: 50035,
    httpStatus: 400
  }
} | MS: 1620358964880 | DATE: 5/6/2021, 10:42:44 PM]
----------------------------------
DiscordAPIError: Invalid Form Body
name: This field is required
EXTRA INFO:
Unknown
----------------------------------
[CALLER: Promise {
  <rejected> DiscordAPIError: Invalid Form Body
  name: This field is required
      at RequestHandler.execute (C:\Users\jaces\Desktop\Corebot\node_modules\discord.js\src\rest\RequestHandler.js:170:25)
      at runMicrotasks (<anonymous>)
      at processTicksAndRejections (internal/process/task_queues.js:93:5) {
    method: 'post',
    path: '/guilds/832046329068650526/channels',
    code: 50035,
    httpStatus: 400
  }
} | MS: 1620358964897 | DATE: 5/6/2021, 10:42:44 PM]
----------------------------------
DiscordAPIError: Invalid Form Body
name: This field is required
EXTRA INFO:
Unknown
----------------------------------
[CALLER: Promise {
  <rejected> DiscordAPIError: Invalid Form Body
  name: This field is required
      at RequestHandler.execute (C:\Users\jaces\Desktop\Corebot\node_modules\discord.js\src\rest\RequestHandler.js:170:25)
      at runMicrotasks (<anonymous>)
      at processTicksAndRejections (internal/process/task_queues.js:93:5) {
    method: 'post',
    path: '/guilds/832046329068650526/channels',
    code: 50035,
    httpStatus: 400
  }
} | MS: 1620358978633 | DATE: 5/6/2021, 10:42:58 PM]
----------------------------------
DiscordAPIError: Invalid Form Body
name: This field is required
EXTRA INFO:
Unknown
----------------------------------
[CALLER: Promise {
  <rejected> DiscordAPIError: Invalid Form Body
  name: This field is required
      at RequestHandler.execute (C:\Users\jaces\Desktop\Corebot\node_modules\discord.js\src\rest\RequestHandler.js:170:25)
      at runMicrotasks (<anonymous>)
      at processTicksAndRejections (internal/process/task_queues.js:93:5) {
    method: 'post',
    path: '/guilds/837104198419611649/channels',
    code: 50035,
    httpStatus: 400
  }
} | MS: 1620358978634 | DATE: 5/6/2021, 10:42:58 PM]
----------------------------------
DiscordAPIError: Invalid Form Body
name: This field is required
EXTRA INFO:
Unknown
----------------------------------
[CALLER: Promise {
  <rejected> DiscordAPIError: Invalid Form Body
  name: This field is required
      at RequestHandler.execute (C:\Users\jaces\Desktop\Corebot\node_modules\discord.js\src\rest\RequestHandler.js:170:25)
      at runMicrotasks (<anonymous>)
      at processTicksAndRejections (internal/process/task_queues.js:93:5) {
    method: 'post',
    path: '/guilds/832046329068650526/channels',
    code: 50035,
    httpStatus: 400
  }
} | MS: 1620358994868 | DATE: 5/6/2021, 10:43:14 PM]
----------------------------------
DiscordAPIError: Invalid Form Body
name: This field is required
EXTRA INFO:
Unknown
----------------------------------
[CALLER: Promise {
  <rejected> DiscordAPIError: Invalid Form Body
  name: This field is required
      at RequestHandler.execute (C:\Users\jaces\Desktop\Corebot\node_modules\discord.js\src\rest\RequestHandler.js:170:25)
      at runMicrotasks (<anonymous>)
      at processTicksAndRejections (internal/process/task_queues.js:93:5) {
    method: 'post',
    path: '/guilds/837104198419611649/channels',
    code: 50035,
    httpStatus: 400
  }
} | MS: 1620358994870 | DATE: 5/6/2021, 10:43:14 PM]
----------------------------------
DiscordAPIError: Invalid Form Body
name: This field is required
EXTRA INFO:
Unknown
----------------------------------
[CALLER: Promise {
  <rejected> DiscordAPIError: Invalid Form Body
  name: This field is required
      at RequestHandler.execute (C:\Users\jaces\Desktop\Corebot\node_modules\discord.js\src\rest\RequestHandler.js:170:25)
      at runMicrotasks (<anonymous>)
      at processTicksAndRejections (internal/process/task_queues.js:93:5) {
    method: 'post',
    path: '/guilds/832046329068650526/channels',
    code: 50035,
    httpStatus: 400
  }
} | MS: 1620359008643 | DATE: 5/6/2021, 10:43:28 PM]
----------------------------------
DiscordAPIError: Invalid Form Body
name: This field is required
EXTRA INFO:
Unknown
----------------------------------
[CALLER: Promise {
  <rejected> DiscordAPIError: Invalid Form Body
  name: This field is required
      at RequestHandler.execute (C:\Users\jaces\Desktop\Corebot\node_modules\discord.js\src\rest\RequestHandler.js:170:25)
      at runMicrotasks (<anonymous>)
      at processTicksAndRejections (internal/process/task_queues.js:93:5) {
    method: 'post',
    path: '/guilds/837104198419611649/channels',
    code: 50035,
    httpStatus: 400
  }
} | MS: 1620359008663 | DATE: 5/6/2021, 10:43:28 PM]
----------------------------------
DiscordAPIError: Invalid Form Body
name: This field is required
EXTRA INFO:
Unknown
----------------------------------
[CALLER: Promise {
  <rejected> DiscordAPIError: Invalid Form Body
  name: This field is required
      at RequestHandler.execute (C:\Users\jaces\Desktop\Corebot\node_modules\discord.js\src\rest\RequestHandler.js:170:25)
      at runMicrotasks (<anonymous>)
      at processTicksAndRejections (internal/process/task_queues.js:93:5) {
    method: 'post',
    path: '/guilds/837104198419611649/channels',
    code: 50035,
    httpStatus: 400
  }
} | MS: 1620359024871 | DATE: 5/6/2021, 10:43:44 PM]
----------------------------------
DiscordAPIError: Invalid Form Body
name: This field is required
EXTRA INFO:
Unknown
----------------------------------
[CALLER: Promise {
  <rejected> DiscordAPIError: Invalid Form Body
  name: This field is required
      at RequestHandler.execute (C:\Users\jaces\Desktop\Corebot\node_modules\discord.js\src\rest\RequestHandler.js:170:25)
      at runMicrotasks (<anonymous>)
      at processTicksAndRejections (internal/process/task_queues.js:93:5) {
    method: 'post',
    path: '/guilds/832046329068650526/channels',
    code: 50035,
    httpStatus: 400
  }
} | MS: 1620359024894 | DATE: 5/6/2021, 10:43:44 PM]
----------------------------------
DiscordAPIError: Invalid Form Body
name: This field is required
EXTRA INFO:
Unknown
----------------------------------
[CALLER: Promise {
  <rejected> DiscordAPIError: Invalid Form Body
  name: This field is required
      at RequestHandler.execute (C:\Users\jaces\Desktop\Corebot\node_modules\discord.js\src\rest\RequestHandler.js:170:25)
      at runMicrotasks (<anonymous>)
      at processTicksAndRejections (internal/process/task_queues.js:93:5) {
    method: 'post',
    path: '/guilds/837104198419611649/channels',
    code: 50035,
    httpStatus: 400
  }
} | MS: 1620359038640 | DATE: 5/6/2021, 10:43:58 PM]
----------------------------------
DiscordAPIError: Invalid Form Body
name: This field is required
EXTRA INFO:
Unknown
----------------------------------
[CALLER: Promise {
  <rejected> DiscordAPIError: Invalid Form Body
  name: This field is required
      at RequestHandler.execute (C:\Users\jaces\Desktop\Corebot\node_modules\discord.js\src\rest\RequestHandler.js:170:25)
      at runMicrotasks (<anonymous>)
      at processTicksAndRejections (internal/process/task_queues.js:93:5) {
    method: 'post',
    path: '/guilds/832046329068650526/channels',
    code: 50035,
    httpStatus: 400
  }
} | MS: 1620359038649 | DATE: 5/6/2021, 10:43:58 PM]
----------------------------------
DiscordAPIError: Invalid Form Body
name: This field is required
EXTRA INFO:
Unknown
----------------------------------
[CALLER: Promise {
  <rejected> DiscordAPIError: Invalid Form Body
  name: This field is required
      at RequestHandler.execute (C:\Users\jaces\Desktop\Corebot\node_modules\discord.js\src\rest\RequestHandler.js:170:25)
      at runMicrotasks (<anonymous>)
      at processTicksAndRejections (internal/process/task_queues.js:93:5) {
    method: 'post',
    path: '/guilds/832046329068650526/channels',
    code: 50035,
    httpStatus: 400
  }
} | MS: 1620359054871 | DATE: 5/6/2021, 10:44:14 PM]
----------------------------------
DiscordAPIError: Invalid Form Body
name: This field is required
EXTRA INFO:
Unknown
----------------------------------
[CALLER: Promise {
  <rejected> DiscordAPIError: Invalid Form Body
  name: This field is required
      at RequestHandler.execute (C:\Users\jaces\Desktop\Corebot\node_modules\discord.js\src\rest\RequestHandler.js:170:25)
      at runMicrotasks (<anonymous>)
      at processTicksAndRejections (internal/process/task_queues.js:93:5) {
    method: 'post',
    path: '/guilds/837104198419611649/channels',
    code: 50035,
    httpStatus: 400
  }
} | MS: 1620359054883 | DATE: 5/6/2021, 10:44:14 PM]
----------------------------------
DiscordAPIError: Invalid Form Body
name: This field is required
EXTRA INFO:
Unknown
----------------------------------
[CALLER: Promise {
  <rejected> DiscordAPIError: Invalid Form Body
  name: This field is required
      at RequestHandler.execute (C:\Users\jaces\Desktop\Corebot\node_modules\discord.js\src\rest\RequestHandler.js:170:25)
      at runMicrotasks (<anonymous>)
      at processTicksAndRejections (internal/process/task_queues.js:93:5) {
    method: 'post',
    path: '/guilds/832046329068650526/channels',
    code: 50035,
    httpStatus: 400
  }
} | MS: 1620359068615 | DATE: 5/6/2021, 10:44:28 PM]
----------------------------------
DiscordAPIError: Invalid Form Body
name: This field is required
EXTRA INFO:
Unknown
----------------------------------
[CALLER: Promise {
  <rejected> DiscordAPIError: Invalid Form Body
  name: This field is required
      at RequestHandler.execute (C:\Users\jaces\Desktop\Corebot\node_modules\discord.js\src\rest\RequestHandler.js:170:25)
      at runMicrotasks (<anonymous>)
      at processTicksAndRejections (internal/process/task_queues.js:93:5) {
    method: 'post',
    path: '/guilds/837104198419611649/channels',
    code: 50035,
    httpStatus: 400
  }
} | MS: 1620359068628 | DATE: 5/6/2021, 10:44:28 PM]
----------------------------------
DiscordAPIError: Invalid Form Body
name: This field is required
EXTRA INFO:
Unknown
----------------------------------
[CALLER: Promise {
  <rejected> DiscordAPIError: Invalid Form Body
  name: This field is required
      at RequestHandler.execute (C:\Users\jaces\Desktop\Corebot\node_modules\discord.js\src\rest\RequestHandler.js:170:25)
      at runMicrotasks (<anonymous>)
      at processTicksAndRejections (internal/process/task_queues.js:93:5) {
    method: 'post',
    path: '/guilds/832046329068650526/channels',
    code: 50035,
    httpStatus: 400
  }
} | MS: 1620359084873 | DATE: 5/6/2021, 10:44:44 PM]
----------------------------------
DiscordAPIError: Invalid Form Body
name: This field is required
EXTRA INFO:
Unknown
----------------------------------
[CALLER: Promise {
  <rejected> DiscordAPIError: Invalid Form Body
  name: This field is required
      at RequestHandler.execute (C:\Users\jaces\Desktop\Corebot\node_modules\discord.js\src\rest\RequestHandler.js:170:25)
      at runMicrotasks (<anonymous>)
      at processTicksAndRejections (internal/process/task_queues.js:93:5) {
    method: 'post',
    path: '/guilds/837104198419611649/channels',
    code: 50035,
    httpStatus: 400
  }
} | MS: 1620359084884 | DATE: 5/6/2021, 10:44:44 PM]
----------------------------------
DiscordAPIError: Invalid Form Body
name: This field is required
EXTRA INFO:
Unknown
----------------------------------
[CALLER: Promise {
  <rejected> DiscordAPIError: Invalid Form Body
  name: This field is required
      at RequestHandler.execute (C:\Users\jaces\Desktop\Corebot\node_modules\discord.js\src\rest\RequestHandler.js:170:25)
      at runMicrotasks (<anonymous>)
      at processTicksAndRejections (internal/process/task_queues.js:93:5) {
    method: 'post',
    path: '/guilds/832046329068650526/channels',
    code: 50035,
    httpStatus: 400
  }
} | MS: 1620359098630 | DATE: 5/6/2021, 10:44:58 PM]
----------------------------------
DiscordAPIError: Invalid Form Body
name: This field is required
EXTRA INFO:
Unknown
----------------------------------
[CALLER: Promise {
  <rejected> DiscordAPIError: Invalid Form Body
  name: This field is required
      at RequestHandler.execute (C:\Users\jaces\Desktop\Corebot\node_modules\discord.js\src\rest\RequestHandler.js:170:25)
      at runMicrotasks (<anonymous>)
      at processTicksAndRejections (internal/process/task_queues.js:93:5) {
    method: 'post',
    path: '/guilds/837104198419611649/channels',
    code: 50035,
    httpStatus: 400
  }
} | MS: 1620359098631 | DATE: 5/6/2021, 10:44:58 PM]
----------------------------------
DiscordAPIError: Invalid Form Body
name: This field is required
EXTRA INFO:
Unknown
----------------------------------
[CALLER: Promise {
  <rejected> DiscordAPIError: Invalid Form Body
  name: This field is required
      at RequestHandler.execute (C:\Users\jaces\Desktop\Corebot\node_modules\discord.js\src\rest\RequestHandler.js:170:25)
      at runMicrotasks (<anonymous>)
      at processTicksAndRejections (internal/process/task_queues.js:93:5) {
    method: 'post',
    path: '/guilds/832046329068650526/channels',
    code: 50035,
    httpStatus: 400
  }
} | MS: 1620359114881 | DATE: 5/6/2021, 10:45:14 PM]
----------------------------------
DiscordAPIError: Invalid Form Body
name: This field is required
EXTRA INFO:
Unknown
----------------------------------
[CALLER: Promise {
  <rejected> DiscordAPIError: Invalid Form Body
  name: This field is required
      at RequestHandler.execute (C:\Users\jaces\Desktop\Corebot\node_modules\discord.js\src\rest\RequestHandler.js:170:25)
      at runMicrotasks (<anonymous>)
      at processTicksAndRejections (internal/process/task_queues.js:93:5) {
    method: 'post',
    path: '/guilds/837104198419611649/channels',
    code: 50035,
    httpStatus: 400
  }
} | MS: 1620359114909 | DATE: 5/6/2021, 10:45:14 PM]
----------------------------------
DiscordAPIError: Invalid Form Body
name: This field is required
EXTRA INFO:
Unknown
----------------------------------
[CALLER: Promise {
  <rejected> DiscordAPIError: Invalid Form Body
  name: This field is required
      at RequestHandler.execute (C:\Users\jaces\Desktop\Corebot\node_modules\discord.js\src\rest\RequestHandler.js:170:25)
      at runMicrotasks (<anonymous>)
      at processTicksAndRejections (internal/process/task_queues.js:93:5) {
    method: 'post',
    path: '/guilds/832046329068650526/channels',
    code: 50035,
    httpStatus: 400
  }
} | MS: 1620359128628 | DATE: 5/6/2021, 10:45:28 PM]
----------------------------------
DiscordAPIError: Invalid Form Body
name: This field is required
EXTRA INFO:
Unknown
----------------------------------
[CALLER: Promise {
  <rejected> DiscordAPIError: Invalid Form Body
  name: This field is required
      at RequestHandler.execute (C:\Users\jaces\Desktop\Corebot\node_modules\discord.js\src\rest\RequestHandler.js:170:25)
      at runMicrotasks (<anonymous>)
      at processTicksAndRejections (internal/process/task_queues.js:93:5) {
    method: 'post',
    path: '/guilds/837104198419611649/channels',
    code: 50035,
    httpStatus: 400
  }
} | MS: 1620359128646 | DATE: 5/6/2021, 10:45:28 PM]
----------------------------------
DiscordAPIError: Invalid Form Body
name: This field is required
EXTRA INFO:
Unknown
----------------------------------
[CALLER: Promise {
  <rejected> DiscordAPIError: Invalid Form Body
  name: This field is required
      at RequestHandler.execute (C:\Users\jaces\Desktop\Corebot\node_modules\discord.js\src\rest\RequestHandler.js:170:25)
      at runMicrotasks (<anonymous>)
      at processTicksAndRejections (internal/process/task_queues.js:93:5) {
    method: 'post',
    path: '/guilds/832046329068650526/channels',
    code: 50035,
    httpStatus: 400
  }
} | MS: 1620359144879 | DATE: 5/6/2021, 10:45:44 PM]
----------------------------------
DiscordAPIError: Invalid Form Body
name: This field is required
EXTRA INFO:
Unknown
----------------------------------
[CALLER: Promise {
  <rejected> DiscordAPIError: Invalid Form Body
  name: This field is required
      at RequestHandler.execute (C:\Users\jaces\Desktop\Corebot\node_modules\discord.js\src\rest\RequestHandler.js:170:25)
      at runMicrotasks (<anonymous>)
      at processTicksAndRejections (internal/process/task_queues.js:93:5) {
    method: 'post',
    path: '/guilds/837104198419611649/channels',
    code: 50035,
    httpStatus: 400
  }
} | MS: 1620359144912 | DATE: 5/6/2021, 10:45:44 PM]
----------------------------------
DiscordAPIError: Invalid Form Body
name: This field is required
EXTRA INFO:
Unknown
----------------------------------
[CALLER: Promise {
  <rejected> DiscordAPIError: Invalid Form Body
  name: This field is required
      at RequestHandler.execute (C:\Users\jaces\Desktop\Corebot\node_modules\discord.js\src\rest\RequestHandler.js:170:25)
      at runMicrotasks (<anonymous>)
      at processTicksAndRejections (internal/process/task_queues.js:93:5) {
    method: 'post',
    path: '/guilds/837104198419611649/channels',
    code: 50035,
    httpStatus: 400
  }
} | MS: 1620359158628 | DATE: 5/6/2021, 10:45:58 PM]
----------------------------------
DiscordAPIError: Invalid Form Body
name: This field is required
EXTRA INFO:
Unknown
----------------------------------
[CALLER: Promise {
  <rejected> DiscordAPIError: Invalid Form Body
  name: This field is required
      at RequestHandler.execute (C:\Users\jaces\Desktop\Corebot\node_modules\discord.js\src\rest\RequestHandler.js:170:25)
      at runMicrotasks (<anonymous>)
      at processTicksAndRejections (internal/process/task_queues.js:93:5) {
    method: 'post',
    path: '/guilds/832046329068650526/channels',
    code: 50035,
    httpStatus: 400
  }
} | MS: 1620359158637 | DATE: 5/6/2021, 10:45:58 PM]
----------------------------------
DiscordAPIError: Invalid Form Body
name: This field is required
EXTRA INFO:
Unknown
----------------------------------
[CALLER: Promise {
  <rejected> DiscordAPIError: Invalid Form Body
  name: This field is required
      at RequestHandler.execute (C:\Users\jaces\Desktop\Corebot\node_modules\discord.js\src\rest\RequestHandler.js:170:25)
      at runMicrotasks (<anonymous>)
      at processTicksAndRejections (internal/process/task_queues.js:93:5) {
    method: 'post',
    path: '/guilds/837104198419611649/channels',
    code: 50035,
    httpStatus: 400
  }
} | MS: 1620359174875 | DATE: 5/6/2021, 10:46:14 PM]
----------------------------------
DiscordAPIError: Invalid Form Body
name: This field is required
EXTRA INFO:
Unknown
----------------------------------
[CALLER: Promise {
  <rejected> DiscordAPIError: Invalid Form Body
  name: This field is required
      at RequestHandler.execute (C:\Users\jaces\Desktop\Corebot\node_modules\discord.js\src\rest\RequestHandler.js:170:25)
      at runMicrotasks (<anonymous>)
      at processTicksAndRejections (internal/process/task_queues.js:93:5) {
    method: 'post',
    path: '/guilds/832046329068650526/channels',
    code: 50035,
    httpStatus: 400
  }
} | MS: 1620359174924 | DATE: 5/6/2021, 10:46:14 PM]
----------------------------------
DiscordAPIError: Invalid Form Body
name: This field is required
EXTRA INFO:
Unknown
----------------------------------
[CALLER: Promise {
  <rejected> DiscordAPIError: Invalid Form Body
  name: This field is required
      at RequestHandler.execute (C:\Users\jaces\Desktop\Corebot\node_modules\discord.js\src\rest\RequestHandler.js:170:25)
      at runMicrotasks (<anonymous>)
      at processTicksAndRejections (internal/process/task_queues.js:93:5) {
    method: 'post',
    path: '/guilds/837104198419611649/channels',
    code: 50035,
    httpStatus: 400
  }
} | MS: 1620359188630 | DATE: 5/6/2021, 10:46:28 PM]
----------------------------------
DiscordAPIError: Invalid Form Body
name: This field is required
EXTRA INFO:
Unknown
----------------------------------
[CALLER: Promise {
  <rejected> DiscordAPIError: Invalid Form Body
  name: This field is required
      at RequestHandler.execute (C:\Users\jaces\Desktop\Corebot\node_modules\discord.js\src\rest\RequestHandler.js:170:25)
      at runMicrotasks (<anonymous>)
      at processTicksAndRejections (internal/process/task_queues.js:93:5) {
    method: 'post',
    path: '/guilds/832046329068650526/channels',
    code: 50035,
    httpStatus: 400
  }
} | MS: 1620359188634 | DATE: 5/6/2021, 10:46:28 PM]
----------------------------------
DiscordAPIError: Invalid Form Body
name: This field is required
EXTRA INFO:
Unknown
----------------------------------
[CALLER: Promise {
  <rejected> DiscordAPIError: Invalid Form Body
  name: This field is required
      at RequestHandler.execute (C:\Users\jaces\Desktop\Corebot\node_modules\discord.js\src\rest\RequestHandler.js:170:25)
      at runMicrotasks (<anonymous>)
      at processTicksAndRejections (internal/process/task_queues.js:93:5) {
    method: 'post',
    path: '/guilds/832046329068650526/channels',
    code: 50035,
    httpStatus: 400
  }
} | MS: 1620359204870 | DATE: 5/6/2021, 10:46:44 PM]
----------------------------------
DiscordAPIError: Invalid Form Body
name: This field is required
EXTRA INFO:
Unknown
----------------------------------
[CALLER: Promise {
  <rejected> DiscordAPIError: Invalid Form Body
  name: This field is required
      at RequestHandler.execute (C:\Users\jaces\Desktop\Corebot\node_modules\discord.js\src\rest\RequestHandler.js:170:25)
      at runMicrotasks (<anonymous>)
      at processTicksAndRejections (internal/process/task_queues.js:93:5) {
    method: 'post',
    path: '/guilds/837104198419611649/channels',
    code: 50035,
    httpStatus: 400
  }
} | MS: 1620359204873 | DATE: 5/6/2021, 10:46:44 PM]
----------------------------------
DiscordAPIError: Invalid Form Body
name: This field is required
EXTRA INFO:
Unknown
----------------------------------
[CALLER: Promise {
  <rejected> DiscordAPIError: Invalid Form Body
  name: This field is required
      at RequestHandler.execute (C:\Users\jaces\Desktop\Corebot\node_modules\discord.js\src\rest\RequestHandler.js:170:25)
      at runMicrotasks (<anonymous>)
      at processTicksAndRejections (internal/process/task_queues.js:93:5) {
    method: 'post',
    path: '/guilds/832046329068650526/channels',
    code: 50035,
    httpStatus: 400
  }
} | MS: 1620359218624 | DATE: 5/6/2021, 10:46:58 PM]
----------------------------------
DiscordAPIError: Invalid Form Body
name: This field is required
EXTRA INFO:
Unknown
----------------------------------
[CALLER: Promise {
  <rejected> DiscordAPIError: Invalid Form Body
  name: This field is required
      at RequestHandler.execute (C:\Users\jaces\Desktop\Corebot\node_modules\discord.js\src\rest\RequestHandler.js:170:25)
      at runMicrotasks (<anonymous>)
      at processTicksAndRejections (internal/process/task_queues.js:93:5) {
    method: 'post',
    path: '/guilds/837104198419611649/channels',
    code: 50035,
    httpStatus: 400
  }
} | MS: 1620359218628 | DATE: 5/6/2021, 10:46:58 PM]
----------------------------------
DiscordAPIError: Invalid Form Body
name: This field is required
EXTRA INFO:
Unknown
----------------------------------
[CALLER: Promise {
  <rejected> DiscordAPIError: Invalid Form Body
  name: This field is required
      at RequestHandler.execute (C:\Users\jaces\Desktop\Corebot\node_modules\discord.js\src\rest\RequestHandler.js:170:25)
      at runMicrotasks (<anonymous>)
      at processTicksAndRejections (internal/process/task_queues.js:93:5) {
    method: 'post',
    path: '/guilds/837104198419611649/channels',
    code: 50035,
    httpStatus: 400
  }
} | MS: 1620359234878 | DATE: 5/6/2021, 10:47:14 PM]
----------------------------------
DiscordAPIError: Invalid Form Body
name: This field is required
EXTRA INFO:
Unknown
----------------------------------
[CALLER: Promise {
  <rejected> DiscordAPIError: Invalid Form Body
  name: This field is required
      at RequestHandler.execute (C:\Users\jaces\Desktop\Corebot\node_modules\discord.js\src\rest\RequestHandler.js:170:25)
      at runMicrotasks (<anonymous>)
      at processTicksAndRejections (internal/process/task_queues.js:93:5) {
    method: 'post',
    path: '/guilds/832046329068650526/channels',
    code: 50035,
    httpStatus: 400
  }
} | MS: 1620359234895 | DATE: 5/6/2021, 10:47:14 PM]
----------------------------------
DiscordAPIError: Invalid Form Body
name: This field is required
EXTRA INFO:
Unknown
----------------------------------
[CALLER: Promise {
  <rejected> DiscordAPIError: Invalid Form Body
  name: This field is required
      at RequestHandler.execute (C:\Users\jaces\Desktop\Corebot\node_modules\discord.js\src\rest\RequestHandler.js:170:25)
      at runMicrotasks (<anonymous>)
      at processTicksAndRejections (internal/process/task_queues.js:93:5) {
    method: 'post',
    path: '/guilds/837104198419611649/channels',
    code: 50035,
    httpStatus: 400
  }
} | MS: 1620359248655 | DATE: 5/6/2021, 10:47:28 PM]
----------------------------------
DiscordAPIError: Invalid Form Body
name: This field is required
EXTRA INFO:
Unknown
----------------------------------
[CALLER: Promise {
  <rejected> DiscordAPIError: Invalid Form Body
  name: This field is required
      at RequestHandler.execute (C:\Users\jaces\Desktop\Corebot\node_modules\discord.js\src\rest\RequestHandler.js:170:25)
      at runMicrotasks (<anonymous>)
      at processTicksAndRejections (internal/process/task_queues.js:93:5) {
    method: 'post',
    path: '/guilds/832046329068650526/channels',
    code: 50035,
    httpStatus: 400
  }
} | MS: 1620359248686 | DATE: 5/6/2021, 10:47:28 PM]
----------------------------------
DiscordAPIError: Invalid Form Body
name: This field is required
EXTRA INFO:
Unknown
----------------------------------
[CALLER: Promise {
  <rejected> DiscordAPIError: Invalid Form Body
  name: This field is required
      at RequestHandler.execute (C:\Users\jaces\Desktop\Corebot\node_modules\discord.js\src\rest\RequestHandler.js:170:25)
      at runMicrotasks (<anonymous>)
      at processTicksAndRejections (internal/process/task_queues.js:93:5) {
    method: 'post',
    path: '/guilds/837104198419611649/channels',
    code: 50035,
    httpStatus: 400
  }
} | MS: 1620359264875 | DATE: 5/6/2021, 10:47:44 PM]
----------------------------------
DiscordAPIError: Invalid Form Body
name: This field is required
EXTRA INFO:
Unknown
----------------------------------
[CALLER: Promise {
  <rejected> DiscordAPIError: Invalid Form Body
  name: This field is required
      at RequestHandler.execute (C:\Users\jaces\Desktop\Corebot\node_modules\discord.js\src\rest\RequestHandler.js:170:25)
      at runMicrotasks (<anonymous>)
      at processTicksAndRejections (internal/process/task_queues.js:93:5) {
    method: 'post',
    path: '/guilds/832046329068650526/channels',
    code: 50035,
    httpStatus: 400
  }
} | MS: 1620359264877 | DATE: 5/6/2021, 10:47:44 PM]
----------------------------------
DiscordAPIError: Invalid Form Body
name: This field is required
EXTRA INFO:
Unknown
----------------------------------
[CALLER: Promise {
  <rejected> DiscordAPIError: Invalid Form Body
  name: This field is required
      at RequestHandler.execute (C:\Users\jaces\Desktop\Corebot\node_modules\discord.js\src\rest\RequestHandler.js:170:25)
      at runMicrotasks (<anonymous>)
      at processTicksAndRejections (internal/process/task_queues.js:93:5) {
    method: 'post',
    path: '/guilds/837104198419611649/channels',
    code: 50035,
    httpStatus: 400
  }
} | MS: 1620359278622 | DATE: 5/6/2021, 10:47:58 PM]
----------------------------------
DiscordAPIError: Invalid Form Body
name: This field is required
EXTRA INFO:
Unknown
----------------------------------
[CALLER: Promise {
  <rejected> DiscordAPIError: Invalid Form Body
  name: This field is required
      at RequestHandler.execute (C:\Users\jaces\Desktop\Corebot\node_modules\discord.js\src\rest\RequestHandler.js:170:25)
      at runMicrotasks (<anonymous>)
      at processTicksAndRejections (internal/process/task_queues.js:93:5) {
    method: 'post',
    path: '/guilds/832046329068650526/channels',
    code: 50035,
    httpStatus: 400
  }
} | MS: 1620359278625 | DATE: 5/6/2021, 10:47:58 PM]
----------------------------------
DiscordAPIError: Invalid Form Body
name: This field is required
EXTRA INFO:
Unknown
----------------------------------
[CALLER: Promise {
  <rejected> DiscordAPIError: Invalid Form Body
  name: This field is required
      at RequestHandler.execute (C:\Users\jaces\Desktop\Corebot\node_modules\discord.js\src\rest\RequestHandler.js:170:25)
      at runMicrotasks (<anonymous>)
      at processTicksAndRejections (internal/process/task_queues.js:93:5) {
    method: 'post',
    path: '/guilds/837104198419611649/channels',
    code: 50035,
    httpStatus: 400
  }
} | MS: 1620359294872 | DATE: 5/6/2021, 10:48:14 PM]
----------------------------------
DiscordAPIError: Invalid Form Body
name: This field is required
EXTRA INFO:
Unknown
----------------------------------
[CALLER: Promise {
  <rejected> DiscordAPIError: Invalid Form Body
  name: This field is required
      at RequestHandler.execute (C:\Users\jaces\Desktop\Corebot\node_modules\discord.js\src\rest\RequestHandler.js:170:25)
      at runMicrotasks (<anonymous>)
      at processTicksAndRejections (internal/process/task_queues.js:93:5) {
    method: 'post',
    path: '/guilds/832046329068650526/channels',
    code: 50035,
    httpStatus: 400
  }
} | MS: 1620359294881 | DATE: 5/6/2021, 10:48:14 PM]
----------------------------------
DiscordAPIError: Invalid Form Body
name: This field is required
EXTRA INFO:
Unknown
----------------------------------
[CALLER: Promise {
  <rejected> DiscordAPIError: Invalid Form Body
  name: This field is required
      at RequestHandler.execute (C:\Users\jaces\Desktop\Corebot\node_modules\discord.js\src\rest\RequestHandler.js:170:25)
      at runMicrotasks (<anonymous>)
      at processTicksAndRejections (internal/process/task_queues.js:93:5) {
    method: 'post',
    path: '/guilds/837104198419611649/channels',
    code: 50035,
    httpStatus: 400
  }
} | MS: 1620359308619 | DATE: 5/6/2021, 10:48:28 PM]
----------------------------------
DiscordAPIError: Invalid Form Body
name: This field is required
EXTRA INFO:
Unknown
----------------------------------
[CALLER: Promise {
  <rejected> DiscordAPIError: Invalid Form Body
  name: This field is required
      at RequestHandler.execute (C:\Users\jaces\Desktop\Corebot\node_modules\discord.js\src\rest\RequestHandler.js:170:25)
      at runMicrotasks (<anonymous>)
      at processTicksAndRejections (internal/process/task_queues.js:93:5) {
    method: 'post',
    path: '/guilds/832046329068650526/channels',
    code: 50035,
    httpStatus: 400
  }
} | MS: 1620359308637 | DATE: 5/6/2021, 10:48:28 PM]
----------------------------------
DiscordAPIError: Invalid Form Body
name: This field is required
EXTRA INFO:
Unknown
----------------------------------
[CALLER: Promise {
  <rejected> DiscordAPIError: Invalid Form Body
  name: This field is required
      at RequestHandler.execute (C:\Users\jaces\Desktop\Corebot\node_modules\discord.js\src\rest\RequestHandler.js:170:25)
      at runMicrotasks (<anonymous>)
      at processTicksAndRejections (internal/process/task_queues.js:93:5) {
    method: 'post',
    path: '/guilds/837104198419611649/channels',
    code: 50035,
    httpStatus: 400
  }
} | MS: 1620359324886 | DATE: 5/6/2021, 10:48:44 PM]
----------------------------------
DiscordAPIError: Invalid Form Body
name: This field is required
EXTRA INFO:
Unknown
----------------------------------
[CALLER: Promise {
  <rejected> DiscordAPIError: Invalid Form Body
  name: This field is required
      at RequestHandler.execute (C:\Users\jaces\Desktop\Corebot\node_modules\discord.js\src\rest\RequestHandler.js:170:25)
      at runMicrotasks (<anonymous>)
      at processTicksAndRejections (internal/process/task_queues.js:93:5) {
    method: 'post',
    path: '/guilds/832046329068650526/channels',
    code: 50035,
    httpStatus: 400
  }
} | MS: 1620359324899 | DATE: 5/6/2021, 10:48:44 PM]
----------------------------------
DiscordAPIError: Invalid Form Body
name: This field is required
EXTRA INFO:
Unknown
----------------------------------
[CALLER: Promise {
  <rejected> DiscordAPIError: Invalid Form Body
  name: This field is required
      at RequestHandler.execute (C:\Users\jaces\Desktop\Corebot\node_modules\discord.js\src\rest\RequestHandler.js:170:25)
      at runMicrotasks (<anonymous>)
      at processTicksAndRejections (internal/process/task_queues.js:93:5) {
    method: 'post',
    path: '/guilds/837104198419611649/channels',
    code: 50035,
    httpStatus: 400
  }
} | MS: 1620359338626 | DATE: 5/6/2021, 10:48:58 PM]
----------------------------------
DiscordAPIError: Invalid Form Body
name: This field is required
EXTRA INFO:
Unknown
----------------------------------
[CALLER: Promise {
  <rejected> DiscordAPIError: Invalid Form Body
  name: This field is required
      at RequestHandler.execute (C:\Users\jaces\Desktop\Corebot\node_modules\discord.js\src\rest\RequestHandler.js:170:25)
      at runMicrotasks (<anonymous>)
      at processTicksAndRejections (internal/process/task_queues.js:93:5) {
    method: 'post',
    path: '/guilds/832046329068650526/channels',
    code: 50035,
    httpStatus: 400
  }
} | MS: 1620359338660 | DATE: 5/6/2021, 10:48:58 PM]
----------------------------------
DiscordAPIError: Invalid Form Body
name: This field is required
EXTRA INFO:
Unknown
----------------------------------
[CALLER: Promise {
  <rejected> DiscordAPIError: Invalid Form Body
  name: This field is required
      at RequestHandler.execute (C:\Users\jaces\Desktop\Corebot\node_modules\discord.js\src\rest\RequestHandler.js:170:25)
      at runMicrotasks (<anonymous>)
      at processTicksAndRejections (internal/process/task_queues.js:93:5) {
    method: 'post',
    path: '/guilds/837104198419611649/channels',
    code: 50035,
    httpStatus: 400
  }
} | MS: 1620359354880 | DATE: 5/6/2021, 10:49:14 PM]
----------------------------------
DiscordAPIError: Invalid Form Body
name: This field is required
EXTRA INFO:
Unknown
----------------------------------
[CALLER: Promise {
  <rejected> DiscordAPIError: Invalid Form Body
  name: This field is required
      at RequestHandler.execute (C:\Users\jaces\Desktop\Corebot\node_modules\discord.js\src\rest\RequestHandler.js:170:25)
      at runMicrotasks (<anonymous>)
      at processTicksAndRejections (internal/process/task_queues.js:93:5) {
    method: 'post',
    path: '/guilds/832046329068650526/channels',
    code: 50035,
    httpStatus: 400
  }
} | MS: 1620359354904 | DATE: 5/6/2021, 10:49:14 PM]
----------------------------------
DiscordAPIError: Invalid Form Body
name: This field is required
EXTRA INFO:
Unknown
----------------------------------
[CALLER: Promise {
  <rejected> DiscordAPIError: Invalid Form Body
  name: This field is required
      at RequestHandler.execute (C:\Users\jaces\Desktop\Corebot\node_modules\discord.js\src\rest\RequestHandler.js:170:25)
      at runMicrotasks (<anonymous>)
      at processTicksAndRejections (internal/process/task_queues.js:93:5) {
    method: 'post',
    path: '/guilds/832046329068650526/channels',
    code: 50035,
    httpStatus: 400
  }
} | MS: 1620359368624 | DATE: 5/6/2021, 10:49:28 PM]
----------------------------------
DiscordAPIError: Invalid Form Body
name: This field is required
EXTRA INFO:
Unknown
----------------------------------
[CALLER: Promise {
  <rejected> DiscordAPIError: Invalid Form Body
  name: This field is required
      at RequestHandler.execute (C:\Users\jaces\Desktop\Corebot\node_modules\discord.js\src\rest\RequestHandler.js:170:25)
      at runMicrotasks (<anonymous>)
      at processTicksAndRejections (internal/process/task_queues.js:93:5) {
    method: 'post',
    path: '/guilds/837104198419611649/channels',
    code: 50035,
    httpStatus: 400
  }
} | MS: 1620359368636 | DATE: 5/6/2021, 10:49:28 PM]
----------------------------------
DiscordAPIError: Invalid Form Body
name: This field is required
EXTRA INFO:
Unknown
----------------------------------
[CALLER: Promise {
  <rejected> DiscordAPIError: Invalid Form Body
  name: This field is required
      at RequestHandler.execute (C:\Users\jaces\Desktop\Corebot\node_modules\discord.js\src\rest\RequestHandler.js:170:25)
      at runMicrotasks (<anonymous>)
      at processTicksAndRejections (internal/process/task_queues.js:93:5) {
    method: 'post',
    path: '/guilds/837104198419611649/channels',
    code: 50035,
    httpStatus: 400
  }
} | MS: 1620359384886 | DATE: 5/6/2021, 10:49:44 PM]
----------------------------------
DiscordAPIError: Invalid Form Body
name: This field is required
EXTRA INFO:
Unknown
----------------------------------
[CALLER: Promise {
  <rejected> DiscordAPIError: Invalid Form Body
  name: This field is required
      at RequestHandler.execute (C:\Users\jaces\Desktop\Corebot\node_modules\discord.js\src\rest\RequestHandler.js:170:25)
      at runMicrotasks (<anonymous>)
      at processTicksAndRejections (internal/process/task_queues.js:93:5) {
    method: 'post',
    path: '/guilds/832046329068650526/channels',
    code: 50035,
    httpStatus: 400
  }
} | MS: 1620359384898 | DATE: 5/6/2021, 10:49:44 PM]
----------------------------------
DiscordAPIError: Invalid Form Body
name: This field is required
EXTRA INFO:
Unknown
----------------------------------
[CALLER: Promise {
  <rejected> DiscordAPIError: Invalid Form Body
  name: This field is required
      at RequestHandler.execute (C:\Users\jaces\Desktop\Corebot\node_modules\discord.js\src\rest\RequestHandler.js:170:25)
      at runMicrotasks (<anonymous>)
      at processTicksAndRejections (internal/process/task_queues.js:93:5) {
    method: 'post',
    path: '/guilds/837104198419611649/channels',
    code: 50035,
    httpStatus: 400
  }
} | MS: 1620359398640 | DATE: 5/6/2021, 10:49:58 PM]
----------------------------------
DiscordAPIError: Invalid Form Body
name: This field is required
EXTRA INFO:
Unknown
----------------------------------
[CALLER: Promise {
  <rejected> DiscordAPIError: Invalid Form Body
  name: This field is required
      at RequestHandler.execute (C:\Users\jaces\Desktop\Corebot\node_modules\discord.js\src\rest\RequestHandler.js:170:25)
      at runMicrotasks (<anonymous>)
      at processTicksAndRejections (internal/process/task_queues.js:93:5) {
    method: 'post',
    path: '/guilds/832046329068650526/channels',
    code: 50035,
    httpStatus: 400
  }
} | MS: 1620359398680 | DATE: 5/6/2021, 10:49:58 PM]
----------------------------------
DiscordAPIError: Invalid Form Body
name: This field is required
EXTRA INFO:
Unknown
----------------------------------
[CALLER: Promise {
  <rejected> DiscordAPIError: Invalid Form Body
  name: This field is required
      at RequestHandler.execute (C:\Users\jaces\Desktop\Corebot\node_modules\discord.js\src\rest\RequestHandler.js:170:25)
      at runMicrotasks (<anonymous>)
      at processTicksAndRejections (internal/process/task_queues.js:93:5) {
    method: 'post',
    path: '/guilds/837104198419611649/channels',
    code: 50035,
    httpStatus: 400
  }
} | MS: 1620359414913 | DATE: 5/6/2021, 10:50:14 PM]
----------------------------------
DiscordAPIError: Invalid Form Body
name: This field is required
EXTRA INFO:
Unknown
----------------------------------
[CALLER: Promise {
  <rejected> DiscordAPIError: Invalid Form Body
  name: This field is required
      at RequestHandler.execute (C:\Users\jaces\Desktop\Corebot\node_modules\discord.js\src\rest\RequestHandler.js:170:25)
      at runMicrotasks (<anonymous>)
      at processTicksAndRejections (internal/process/task_queues.js:93:5) {
    method: 'post',
    path: '/guilds/832046329068650526/channels',
    code: 50035,
    httpStatus: 400
  }
} | MS: 1620359414927 | DATE: 5/6/2021, 10:50:14 PM]
----------------------------------
DiscordAPIError: Invalid Form Body
name: This field is required
EXTRA INFO:
Unknown
----------------------------------
[CALLER: Promise {
  <rejected> DiscordAPIError: Invalid Form Body
  name: This field is required
      at RequestHandler.execute (C:\Users\jaces\Desktop\Corebot\node_modules\discord.js\src\rest\RequestHandler.js:170:25)
      at runMicrotasks (<anonymous>)
      at processTicksAndRejections (internal/process/task_queues.js:93:5) {
    method: 'post',
    path: '/guilds/832046329068650526/channels',
    code: 50035,
    httpStatus: 400
  }
} | MS: 1620359428619 | DATE: 5/6/2021, 10:50:28 PM]
----------------------------------
DiscordAPIError: Invalid Form Body
name: This field is required
EXTRA INFO:
Unknown
----------------------------------
[CALLER: Promise {
  <rejected> DiscordAPIError: Invalid Form Body
  name: This field is required
      at RequestHandler.execute (C:\Users\jaces\Desktop\Corebot\node_modules\discord.js\src\rest\RequestHandler.js:170:25)
      at runMicrotasks (<anonymous>)
      at processTicksAndRejections (internal/process/task_queues.js:93:5) {
    method: 'post',
    path: '/guilds/837104198419611649/channels',
    code: 50035,
    httpStatus: 400
  }
} | MS: 1620359428632 | DATE: 5/6/2021, 10:50:28 PM]
----------------------------------
DiscordAPIError: Invalid Form Body
name: This field is required
EXTRA INFO:
Unknown
----------------------------------
[CALLER: Promise {
  <rejected> DiscordAPIError: Invalid Form Body
  name: This field is required
      at RequestHandler.execute (C:\Users\jaces\Desktop\Corebot\node_modules\discord.js\src\rest\RequestHandler.js:170:25)
      at runMicrotasks (<anonymous>)
      at processTicksAndRejections (internal/process/task_queues.js:93:5) {
    method: 'post',
    path: '/guilds/832046329068650526/channels',
    code: 50035,
    httpStatus: 400
  }
} | MS: 1620359444881 | DATE: 5/6/2021, 10:50:44 PM]
----------------------------------
DiscordAPIError: Invalid Form Body
name: This field is required
EXTRA INFO:
Unknown
----------------------------------
[CALLER: Promise {
  <rejected> DiscordAPIError: Invalid Form Body
  name: This field is required
      at RequestHandler.execute (C:\Users\jaces\Desktop\Corebot\node_modules\discord.js\src\rest\RequestHandler.js:170:25)
      at runMicrotasks (<anonymous>)
      at processTicksAndRejections (internal/process/task_queues.js:93:5) {
    method: 'post',
    path: '/guilds/837104198419611649/channels',
    code: 50035,
    httpStatus: 400
  }
} | MS: 1620359444891 | DATE: 5/6/2021, 10:50:44 PM]
----------------------------------
DiscordAPIError: Invalid Form Body
name: This field is required
EXTRA INFO:
Unknown
----------------------------------
[CALLER: Promise {
  <rejected> DiscordAPIError: Invalid Form Body
  name: This field is required
      at RequestHandler.execute (C:\Users\jaces\Desktop\Corebot\node_modules\discord.js\src\rest\RequestHandler.js:170:25)
      at runMicrotasks (<anonymous>)
      at processTicksAndRejections (internal/process/task_queues.js:93:5) {
    method: 'post',
    path: '/guilds/832046329068650526/channels',
    code: 50035,
    httpStatus: 400
  }
} | MS: 1620359458621 | DATE: 5/6/2021, 10:50:58 PM]
----------------------------------
DiscordAPIError: Invalid Form Body
name: This field is required
EXTRA INFO:
Unknown
----------------------------------
[CALLER: Promise {
  <rejected> DiscordAPIError: Invalid Form Body
  name: This field is required
      at RequestHandler.execute (C:\Users\jaces\Desktop\Corebot\node_modules\discord.js\src\rest\RequestHandler.js:170:25)
      at runMicrotasks (<anonymous>)
      at processTicksAndRejections (internal/process/task_queues.js:93:5) {
    method: 'post',
    path: '/guilds/837104198419611649/channels',
    code: 50035,
    httpStatus: 400
  }
} | MS: 1620359458672 | DATE: 5/6/2021, 10:50:58 PM]
----------------------------------
DiscordAPIError: Invalid Form Body
name: This field is required
EXTRA INFO:
Unknown
----------------------------------
[CALLER: Promise {
  <rejected> DiscordAPIError: Invalid Form Body
  name: This field is required
      at RequestHandler.execute (C:\Users\jaces\Desktop\Corebot\node_modules\discord.js\src\rest\RequestHandler.js:170:25)
      at runMicrotasks (<anonymous>)
      at processTicksAndRejections (internal/process/task_queues.js:93:5) {
    method: 'post',
    path: '/guilds/832046329068650526/channels',
    code: 50035,
    httpStatus: 400
  }
} | MS: 1620359474873 | DATE: 5/6/2021, 10:51:14 PM]
----------------------------------
DiscordAPIError: Invalid Form Body
name: This field is required
EXTRA INFO:
Unknown
----------------------------------
[CALLER: Promise {
  <rejected> DiscordAPIError: Invalid Form Body
  name: This field is required
      at RequestHandler.execute (C:\Users\jaces\Desktop\Corebot\node_modules\discord.js\src\rest\RequestHandler.js:170:25)
      at runMicrotasks (<anonymous>)
      at processTicksAndRejections (internal/process/task_queues.js:93:5) {
    method: 'post',
    path: '/guilds/837104198419611649/channels',
    code: 50035,
    httpStatus: 400
  }
} | MS: 1620359474907 | DATE: 5/6/2021, 10:51:14 PM]
----------------------------------
DiscordAPIError: Invalid Form Body
name: This field is required
EXTRA INFO:
Unknown
----------------------------------
[CALLER: Promise {
  <rejected> DiscordAPIError: Invalid Form Body
  name: This field is required
      at RequestHandler.execute (C:\Users\jaces\Desktop\Corebot\node_modules\discord.js\src\rest\RequestHandler.js:170:25)
      at runMicrotasks (<anonymous>)
      at processTicksAndRejections (internal/process/task_queues.js:93:5) {
    method: 'post',
    path: '/guilds/832046329068650526/channels',
    code: 50035,
    httpStatus: 400
  }
} | MS: 1620359488640 | DATE: 5/6/2021, 10:51:28 PM]
----------------------------------
DiscordAPIError: Invalid Form Body
name: This field is required
EXTRA INFO:
Unknown
----------------------------------
[CALLER: Promise {
  <rejected> DiscordAPIError: Invalid Form Body
  name: This field is required
      at RequestHandler.execute (C:\Users\jaces\Desktop\Corebot\node_modules\discord.js\src\rest\RequestHandler.js:170:25)
      at runMicrotasks (<anonymous>)
      at processTicksAndRejections (internal/process/task_queues.js:93:5) {
    method: 'post',
    path: '/guilds/837104198419611649/channels',
    code: 50035,
    httpStatus: 400
  }
} | MS: 1620359488661 | DATE: 5/6/2021, 10:51:28 PM]
----------------------------------
DiscordAPIError: Invalid Form Body
name: This field is required
EXTRA INFO:
Unknown
----------------------------------
[CALLER: Promise {
  <rejected> DiscordAPIError: Invalid Form Body
  name: This field is required
      at RequestHandler.execute (C:\Users\jaces\Desktop\Corebot\node_modules\discord.js\src\rest\RequestHandler.js:170:25)
      at runMicrotasks (<anonymous>)
      at processTicksAndRejections (internal/process/task_queues.js:93:5) {
    method: 'post',
    path: '/guilds/837104198419611649/channels',
    code: 50035,
    httpStatus: 400
  }
} | MS: 1620359504877 | DATE: 5/6/2021, 10:51:44 PM]
----------------------------------
DiscordAPIError: Invalid Form Body
name: This field is required
EXTRA INFO:
Unknown
----------------------------------
[CALLER: Promise {
  <rejected> DiscordAPIError: Invalid Form Body
  name: This field is required
      at RequestHandler.execute (C:\Users\jaces\Desktop\Corebot\node_modules\discord.js\src\rest\RequestHandler.js:170:25)
      at runMicrotasks (<anonymous>)
      at processTicksAndRejections (internal/process/task_queues.js:93:5) {
    method: 'post',
    path: '/guilds/832046329068650526/channels',
    code: 50035,
    httpStatus: 400
  }
} | MS: 1620359504881 | DATE: 5/6/2021, 10:51:44 PM]
----------------------------------
DiscordAPIError: Invalid Form Body
name: This field is required
EXTRA INFO:
Unknown
----------------------------------
[CALLER: Promise {
  <rejected> DiscordAPIError: Invalid Form Body
  name: This field is required
      at RequestHandler.execute (C:\Users\jaces\Desktop\Corebot\node_modules\discord.js\src\rest\RequestHandler.js:170:25)
      at runMicrotasks (<anonymous>)
      at processTicksAndRejections (internal/process/task_queues.js:93:5) {
    method: 'post',
    path: '/guilds/832046329068650526/channels',
    code: 50035,
    httpStatus: 400
  }
} | MS: 1620359518630 | DATE: 5/6/2021, 10:51:58 PM]
----------------------------------
DiscordAPIError: Invalid Form Body
name: This field is required
EXTRA INFO:
Unknown
----------------------------------
[CALLER: Promise {
  <rejected> DiscordAPIError: Invalid Form Body
  name: This field is required
      at RequestHandler.execute (C:\Users\jaces\Desktop\Corebot\node_modules\discord.js\src\rest\RequestHandler.js:170:25)
      at runMicrotasks (<anonymous>)
      at processTicksAndRejections (internal/process/task_queues.js:93:5) {
    method: 'post',
    path: '/guilds/837104198419611649/channels',
    code: 50035,
    httpStatus: 400
  }
} | MS: 1620359518638 | DATE: 5/6/2021, 10:51:58 PM]
----------------------------------
DiscordAPIError: Invalid Form Body
name: This field is required
EXTRA INFO:
Unknown
----------------------------------
[CALLER: Promise {
  <rejected> DiscordAPIError: Invalid Form Body
  name: This field is required
      at RequestHandler.execute (C:\Users\jaces\Desktop\Corebot\node_modules\discord.js\src\rest\RequestHandler.js:170:25)
      at runMicrotasks (<anonymous>)
      at processTicksAndRejections (internal/process/task_queues.js:93:5) {
    method: 'post',
    path: '/guilds/837104198419611649/channels',
    code: 50035,
    httpStatus: 400
  }
} | MS: 1620359534876 | DATE: 5/6/2021, 10:52:14 PM]
----------------------------------
DiscordAPIError: Invalid Form Body
name: This field is required
EXTRA INFO:
Unknown
----------------------------------
[CALLER: Promise {
  <rejected> DiscordAPIError: Invalid Form Body
  name: This field is required
      at RequestHandler.execute (C:\Users\jaces\Desktop\Corebot\node_modules\discord.js\src\rest\RequestHandler.js:170:25)
      at runMicrotasks (<anonymous>)
      at processTicksAndRejections (internal/process/task_queues.js:93:5) {
    method: 'post',
    path: '/guilds/832046329068650526/channels',
    code: 50035,
    httpStatus: 400
  }
} | MS: 1620359534912 | DATE: 5/6/2021, 10:52:14 PM]
----------------------------------
DiscordAPIError: Invalid Form Body
name: This field is required
EXTRA INFO:
Unknown
----------------------------------
[CALLER: Promise {
  <rejected> DiscordAPIError: Invalid Form Body
  name: This field is required
      at RequestHandler.execute (C:\Users\jaces\Desktop\Corebot\node_modules\discord.js\src\rest\RequestHandler.js:170:25)
      at runMicrotasks (<anonymous>)
      at processTicksAndRejections (internal/process/task_queues.js:93:5) {
    method: 'post',
    path: '/guilds/837104198419611649/channels',
    code: 50035,
    httpStatus: 400
  }
} | MS: 1620359548627 | DATE: 5/6/2021, 10:52:28 PM]
----------------------------------
DiscordAPIError: Invalid Form Body
name: This field is required
EXTRA INFO:
Unknown
----------------------------------
[CALLER: Promise {
  <rejected> DiscordAPIError: Invalid Form Body
  name: This field is required
      at RequestHandler.execute (C:\Users\jaces\Desktop\Corebot\node_modules\discord.js\src\rest\RequestHandler.js:170:25)
      at runMicrotasks (<anonymous>)
      at processTicksAndRejections (internal/process/task_queues.js:93:5) {
    method: 'post',
    path: '/guilds/832046329068650526/channels',
    code: 50035,
    httpStatus: 400
  }
} | MS: 1620359548636 | DATE: 5/6/2021, 10:52:28 PM]
----------------------------------
DiscordAPIError: Invalid Form Body
name: This field is required
EXTRA INFO:
Unknown
----------------------------------
[CALLER: Promise {
  <rejected> DiscordAPIError: Invalid Form Body
  name: This field is required
      at RequestHandler.execute (C:\Users\jaces\Desktop\Corebot\node_modules\discord.js\src\rest\RequestHandler.js:170:25)
      at runMicrotasks (<anonymous>)
      at processTicksAndRejections (internal/process/task_queues.js:93:5) {
    method: 'post',
    path: '/guilds/837104198419611649/channels',
    code: 50035,
    httpStatus: 400
  }
} | MS: 1620359564902 | DATE: 5/6/2021, 10:52:44 PM]
----------------------------------
DiscordAPIError: Invalid Form Body
name: This field is required
EXTRA INFO:
Unknown
----------------------------------
[CALLER: Promise {
  <rejected> DiscordAPIError: Invalid Form Body
  name: This field is required
      at RequestHandler.execute (C:\Users\jaces\Desktop\Corebot\node_modules\discord.js\src\rest\RequestHandler.js:170:25)
      at runMicrotasks (<anonymous>)
      at processTicksAndRejections (internal/process/task_queues.js:93:5) {
    method: 'post',
    path: '/guilds/832046329068650526/channels',
    code: 50035,
    httpStatus: 400
  }
} | MS: 1620359564907 | DATE: 5/6/2021, 10:52:44 PM]
----------------------------------
DiscordAPIError: Invalid Form Body
name: This field is required
EXTRA INFO:
Unknown
----------------------------------
[CALLER: Promise {
  <rejected> DiscordAPIError: Invalid Form Body
  name: This field is required
      at RequestHandler.execute (C:\Users\jaces\Desktop\Corebot\node_modules\discord.js\src\rest\RequestHandler.js:170:25)
      at runMicrotasks (<anonymous>)
      at processTicksAndRejections (internal/process/task_queues.js:93:5) {
    method: 'post',
    path: '/guilds/837104198419611649/channels',
    code: 50035,
    httpStatus: 400
  }
} | MS: 1620359578631 | DATE: 5/6/2021, 10:52:58 PM]
----------------------------------
DiscordAPIError: Invalid Form Body
name: This field is required
EXTRA INFO:
Unknown
----------------------------------
[CALLER: Promise {
  <rejected> DiscordAPIError: Invalid Form Body
  name: This field is required
      at RequestHandler.execute (C:\Users\jaces\Desktop\Corebot\node_modules\discord.js\src\rest\RequestHandler.js:170:25)
      at runMicrotasks (<anonymous>)
      at processTicksAndRejections (internal/process/task_queues.js:93:5) {
    method: 'post',
    path: '/guilds/832046329068650526/channels',
    code: 50035,
    httpStatus: 400
  }
} | MS: 1620359578708 | DATE: 5/6/2021, 10:52:58 PM]
----------------------------------
DiscordAPIError: Invalid Form Body
name: This field is required
EXTRA INFO:
Unknown
----------------------------------
[CALLER: Promise {
  <rejected> DiscordAPIError: Invalid Form Body
  name: This field is required
      at RequestHandler.execute (C:\Users\jaces\Desktop\Corebot\node_modules\discord.js\src\rest\RequestHandler.js:170:25)
      at runMicrotasks (<anonymous>)
      at processTicksAndRejections (internal/process/task_queues.js:93:5) {
    method: 'post',
    path: '/guilds/837104198419611649/channels',
    code: 50035,
    httpStatus: 400
  }
} | MS: 1620359594896 | DATE: 5/6/2021, 10:53:14 PM]
----------------------------------
DiscordAPIError: Invalid Form Body
name: This field is required
EXTRA INFO:
Unknown
----------------------------------
[CALLER: Promise {
  <rejected> DiscordAPIError: Invalid Form Body
  name: This field is required
      at RequestHandler.execute (C:\Users\jaces\Desktop\Corebot\node_modules\discord.js\src\rest\RequestHandler.js:170:25)
      at runMicrotasks (<anonymous>)
      at processTicksAndRejections (internal/process/task_queues.js:93:5) {
    method: 'post',
    path: '/guilds/832046329068650526/channels',
    code: 50035,
    httpStatus: 400
  }
} | MS: 1620359594910 | DATE: 5/6/2021, 10:53:14 PM]
----------------------------------
DiscordAPIError: Invalid Form Body
name: This field is required
EXTRA INFO:
Unknown
----------------------------------
[CALLER: Promise {
  <rejected> DiscordAPIError: Invalid Form Body
  name: This field is required
      at RequestHandler.execute (C:\Users\jaces\Desktop\Corebot\node_modules\discord.js\src\rest\RequestHandler.js:170:25)
      at runMicrotasks (<anonymous>)
      at processTicksAndRejections (internal/process/task_queues.js:93:5) {
    method: 'post',
    path: '/guilds/832046329068650526/channels',
    code: 50035,
    httpStatus: 400
  }
} | MS: 1620359608638 | DATE: 5/6/2021, 10:53:28 PM]
----------------------------------
DiscordAPIError: Invalid Form Body
name: This field is required
EXTRA INFO:
Unknown
----------------------------------
[CALLER: Promise {
  <rejected> DiscordAPIError: Invalid Form Body
  name: This field is required
      at RequestHandler.execute (C:\Users\jaces\Desktop\Corebot\node_modules\discord.js\src\rest\RequestHandler.js:170:25)
      at runMicrotasks (<anonymous>)
      at processTicksAndRejections (internal/process/task_queues.js:93:5) {
    method: 'post',
    path: '/guilds/837104198419611649/channels',
    code: 50035,
    httpStatus: 400
  }
} | MS: 1620359608639 | DATE: 5/6/2021, 10:53:28 PM]
----------------------------------
DiscordAPIError: Invalid Form Body
name: This field is required
EXTRA INFO:
Unknown
----------------------------------
[CALLER: Promise {
  <rejected> DiscordAPIError: Invalid Form Body
  name: This field is required
      at RequestHandler.execute (C:\Users\jaces\Desktop\Corebot\node_modules\discord.js\src\rest\RequestHandler.js:170:25)
      at runMicrotasks (<anonymous>)
      at processTicksAndRejections (internal/process/task_queues.js:93:5) {
    method: 'post',
    path: '/guilds/837104198419611649/channels',
    code: 50035,
    httpStatus: 400
  }
} | MS: 1620359624886 | DATE: 5/6/2021, 10:53:44 PM]
----------------------------------
DiscordAPIError: Invalid Form Body
name: This field is required
EXTRA INFO:
Unknown
----------------------------------
[CALLER: Promise {
  <rejected> DiscordAPIError: Invalid Form Body
  name: This field is required
      at RequestHandler.execute (C:\Users\jaces\Desktop\Corebot\node_modules\discord.js\src\rest\RequestHandler.js:170:25)
      at runMicrotasks (<anonymous>)
      at processTicksAndRejections (internal/process/task_queues.js:93:5) {
    method: 'post',
    path: '/guilds/832046329068650526/channels',
    code: 50035,
    httpStatus: 400
  }
} | MS: 1620359624889 | DATE: 5/6/2021, 10:53:44 PM]
----------------------------------
DiscordAPIError: Invalid Form Body
name: This field is required
EXTRA INFO:
Unknown
----------------------------------
[CALLER: Promise {
  <rejected> DiscordAPIError: Invalid Form Body
  name: This field is required
      at RequestHandler.execute (C:\Users\jaces\Desktop\Corebot\node_modules\discord.js\src\rest\RequestHandler.js:170:25)
      at runMicrotasks (<anonymous>)
      at processTicksAndRejections (internal/process/task_queues.js:93:5) {
    method: 'post',
    path: '/guilds/837104198419611649/channels',
    code: 50035,
    httpStatus: 400
  }
} | MS: 1620359638624 | DATE: 5/6/2021, 10:53:58 PM]
----------------------------------
DiscordAPIError: Invalid Form Body
name: This field is required
EXTRA INFO:
Unknown
----------------------------------
[CALLER: Promise {
  <rejected> DiscordAPIError: Invalid Form Body
  name: This field is required
      at RequestHandler.execute (C:\Users\jaces\Desktop\Corebot\node_modules\discord.js\src\rest\RequestHandler.js:170:25)
      at runMicrotasks (<anonymous>)
      at processTicksAndRejections (internal/process/task_queues.js:93:5) {
    method: 'post',
    path: '/guilds/832046329068650526/channels',
    code: 50035,
    httpStatus: 400
  }
} | MS: 1620359638697 | DATE: 5/6/2021, 10:53:58 PM]
----------------------------------
DiscordAPIError: Invalid Form Body
name: This field is required
EXTRA INFO:
Unknown
----------------------------------
[CALLER: Promise {
  <rejected> DiscordAPIError: Invalid Form Body
  name: This field is required
      at RequestHandler.execute (C:\Users\jaces\Desktop\Corebot\node_modules\discord.js\src\rest\RequestHandler.js:170:25)
      at runMicrotasks (<anonymous>)
      at processTicksAndRejections (internal/process/task_queues.js:93:5) {
    method: 'post',
    path: '/guilds/837104198419611649/channels',
    code: 50035,
    httpStatus: 400
  }
} | MS: 1620359654875 | DATE: 5/6/2021, 10:54:14 PM]
----------------------------------
DiscordAPIError: Invalid Form Body
name: This field is required
EXTRA INFO:
Unknown
----------------------------------
[CALLER: Promise {
  <rejected> DiscordAPIError: Invalid Form Body
  name: This field is required
      at RequestHandler.execute (C:\Users\jaces\Desktop\Corebot\node_modules\discord.js\src\rest\RequestHandler.js:170:25)
      at runMicrotasks (<anonymous>)
      at processTicksAndRejections (internal/process/task_queues.js:93:5) {
    method: 'post',
    path: '/guilds/832046329068650526/channels',
    code: 50035,
    httpStatus: 400
  }
} | MS: 1620359654888 | DATE: 5/6/2021, 10:54:14 PM]
----------------------------------
DiscordAPIError: Invalid Form Body
name: This field is required
EXTRA INFO:
Unknown
----------------------------------
[CALLER: Promise {
  <rejected> DiscordAPIError: Invalid Form Body
  name: This field is required
      at RequestHandler.execute (C:\Users\jaces\Desktop\Corebot\node_modules\discord.js\src\rest\RequestHandler.js:170:25)
      at runMicrotasks (<anonymous>)
      at processTicksAndRejections (internal/process/task_queues.js:93:5) {
    method: 'post',
    path: '/guilds/832046329068650526/channels',
    code: 50035,
    httpStatus: 400
  }
} | MS: 1620359668645 | DATE: 5/6/2021, 10:54:28 PM]
----------------------------------
DiscordAPIError: Invalid Form Body
name: This field is required
EXTRA INFO:
Unknown
----------------------------------
[CALLER: Promise {
  <rejected> DiscordAPIError: Invalid Form Body
  name: This field is required
      at RequestHandler.execute (C:\Users\jaces\Desktop\Corebot\node_modules\discord.js\src\rest\RequestHandler.js:170:25)
      at runMicrotasks (<anonymous>)
      at processTicksAndRejections (internal/process/task_queues.js:93:5) {
    method: 'post',
    path: '/guilds/837104198419611649/channels',
    code: 50035,
    httpStatus: 400
  }
} | MS: 1620359668679 | DATE: 5/6/2021, 10:54:28 PM]
----------------------------------
DiscordAPIError: Invalid Form Body
name: This field is required
EXTRA INFO:
Unknown
----------------------------------
[CALLER: Promise {
  <rejected> DiscordAPIError: Invalid Form Body
  name: This field is required
      at RequestHandler.execute (C:\Users\jaces\Desktop\Corebot\node_modules\discord.js\src\rest\RequestHandler.js:170:25)
      at runMicrotasks (<anonymous>)
      at processTicksAndRejections (internal/process/task_queues.js:93:5) {
    method: 'post',
    path: '/guilds/832046329068650526/channels',
    code: 50035,
    httpStatus: 400
  }
} | MS: 1620359684901 | DATE: 5/6/2021, 10:54:44 PM]
----------------------------------
DiscordAPIError: Invalid Form Body
name: This field is required
EXTRA INFO:
Unknown
----------------------------------
[CALLER: Promise {
  <rejected> DiscordAPIError: Invalid Form Body
  name: This field is required
      at RequestHandler.execute (C:\Users\jaces\Desktop\Corebot\node_modules\discord.js\src\rest\RequestHandler.js:170:25)
      at runMicrotasks (<anonymous>)
      at processTicksAndRejections (internal/process/task_queues.js:93:5) {
    method: 'post',
    path: '/guilds/837104198419611649/channels',
    code: 50035,
    httpStatus: 400
  }
} | MS: 1620359684918 | DATE: 5/6/2021, 10:54:44 PM]
----------------------------------
DiscordAPIError: Invalid Form Body
name: This field is required
EXTRA INFO:
Unknown
----------------------------------
[CALLER: Promise {
  <rejected> DiscordAPIError: Invalid Form Body
  name: This field is required
      at RequestHandler.execute (C:\Users\jaces\Desktop\Corebot\node_modules\discord.js\src\rest\RequestHandler.js:170:25)
      at runMicrotasks (<anonymous>)
      at processTicksAndRejections (internal/process/task_queues.js:93:5) {
    method: 'post',
    path: '/guilds/832046329068650526/channels',
    code: 50035,
    httpStatus: 400
  }
} | MS: 1620359698621 | DATE: 5/6/2021, 10:54:58 PM]
----------------------------------
DiscordAPIError: Invalid Form Body
name: This field is required
EXTRA INFO:
Unknown
----------------------------------
[CALLER: Promise {
  <rejected> DiscordAPIError: Invalid Form Body
  name: This field is required
      at RequestHandler.execute (C:\Users\jaces\Desktop\Corebot\node_modules\discord.js\src\rest\RequestHandler.js:170:25)
      at runMicrotasks (<anonymous>)
      at processTicksAndRejections (internal/process/task_queues.js:93:5) {
    method: 'post',
    path: '/guilds/837104198419611649/channels',
    code: 50035,
    httpStatus: 400
  }
} | MS: 1620359698646 | DATE: 5/6/2021, 10:54:58 PM]
----------------------------------
DiscordAPIError: Invalid Form Body
name: This field is required
EXTRA INFO:
Unknown
----------------------------------
[CALLER: Promise {
  <rejected> DiscordAPIError: Invalid Form Body
  name: This field is required
      at RequestHandler.execute (C:\Users\jaces\Desktop\Corebot\node_modules\discord.js\src\rest\RequestHandler.js:170:25)
      at runMicrotasks (<anonymous>)
      at processTicksAndRejections (internal/process/task_queues.js:93:5) {
    method: 'post',
    path: '/guilds/837104198419611649/channels',
    code: 50035,
    httpStatus: 400
  }
} | MS: 1620359714895 | DATE: 5/6/2021, 10:55:14 PM]
----------------------------------
DiscordAPIError: Invalid Form Body
name: This field is required
EXTRA INFO:
Unknown
----------------------------------
[CALLER: Promise {
  <rejected> DiscordAPIError: Invalid Form Body
  name: This field is required
      at RequestHandler.execute (C:\Users\jaces\Desktop\Corebot\node_modules\discord.js\src\rest\RequestHandler.js:170:25)
      at runMicrotasks (<anonymous>)
      at processTicksAndRejections (internal/process/task_queues.js:93:5) {
    method: 'post',
    path: '/guilds/832046329068650526/channels',
    code: 50035,
    httpStatus: 400
  }
} | MS: 1620359714927 | DATE: 5/6/2021, 10:55:14 PM]
----------------------------------
DiscordAPIError: Invalid Form Body
name: This field is required
EXTRA INFO:
Unknown
----------------------------------
[CALLER: Promise {
  <rejected> DiscordAPIError: Invalid Form Body
  name: This field is required
      at RequestHandler.execute (C:\Users\jaces\Desktop\Corebot\node_modules\discord.js\src\rest\RequestHandler.js:170:25)
      at runMicrotasks (<anonymous>)
      at processTicksAndRejections (internal/process/task_queues.js:93:5) {
    method: 'post',
    path: '/guilds/837104198419611649/channels',
    code: 50035,
    httpStatus: 400
  }
} | MS: 1620359728645 | DATE: 5/6/2021, 10:55:28 PM]
----------------------------------
DiscordAPIError: Invalid Form Body
name: This field is required
EXTRA INFO:
Unknown
----------------------------------
[CALLER: Promise {
  <rejected> DiscordAPIError: Invalid Form Body
  name: This field is required
      at RequestHandler.execute (C:\Users\jaces\Desktop\Corebot\node_modules\discord.js\src\rest\RequestHandler.js:170:25)
      at runMicrotasks (<anonymous>)
      at processTicksAndRejections (internal/process/task_queues.js:93:5) {
    method: 'post',
    path: '/guilds/832046329068650526/channels',
    code: 50035,
    httpStatus: 400
  }
} | MS: 1620359728652 | DATE: 5/6/2021, 10:55:28 PM]
----------------------------------
DiscordAPIError: Invalid Form Body
name: This field is required
EXTRA INFO:
Unknown
----------------------------------
[CALLER: Promise {
  <rejected> DiscordAPIError: Invalid Form Body
  name: This field is required
      at RequestHandler.execute (C:\Users\jaces\Desktop\Corebot\node_modules\discord.js\src\rest\RequestHandler.js:170:25)
      at runMicrotasks (<anonymous>)
      at processTicksAndRejections (internal/process/task_queues.js:93:5) {
    method: 'post',
    path: '/guilds/832046329068650526/channels',
    code: 50035,
    httpStatus: 400
  }
} | MS: 1620359744885 | DATE: 5/6/2021, 10:55:44 PM]
----------------------------------
DiscordAPIError: Invalid Form Body
name: This field is required
EXTRA INFO:
Unknown
----------------------------------
[CALLER: Promise {
  <rejected> DiscordAPIError: Invalid Form Body
  name: This field is required
      at RequestHandler.execute (C:\Users\jaces\Desktop\Corebot\node_modules\discord.js\src\rest\RequestHandler.js:170:25)
      at runMicrotasks (<anonymous>)
      at processTicksAndRejections (internal/process/task_queues.js:93:5) {
    method: 'post',
    path: '/guilds/837104198419611649/channels',
    code: 50035,
    httpStatus: 400
  }
} | MS: 1620359744915 | DATE: 5/6/2021, 10:55:44 PM]
----------------------------------
DiscordAPIError: Invalid Form Body
name: This field is required
EXTRA INFO:
Unknown
----------------------------------
[CALLER: Promise {
  <rejected> DiscordAPIError: Invalid Form Body
  name: This field is required
      at RequestHandler.execute (C:\Users\jaces\Desktop\Corebot\node_modules\discord.js\src\rest\RequestHandler.js:170:25)
      at runMicrotasks (<anonymous>)
      at processTicksAndRejections (internal/process/task_queues.js:93:5) {
    method: 'post',
    path: '/guilds/832046329068650526/channels',
    code: 50035,
    httpStatus: 400
  }
} | MS: 1620359758654 | DATE: 5/6/2021, 10:55:58 PM]
----------------------------------
DiscordAPIError: Invalid Form Body
name: This field is required
EXTRA INFO:
Unknown
----------------------------------
[CALLER: Promise {
  <rejected> DiscordAPIError: Invalid Form Body
  name: This field is required
      at RequestHandler.execute (C:\Users\jaces\Desktop\Corebot\node_modules\discord.js\src\rest\RequestHandler.js:170:25)
      at runMicrotasks (<anonymous>)
      at processTicksAndRejections (internal/process/task_queues.js:93:5) {
    method: 'post',
    path: '/guilds/837104198419611649/channels',
    code: 50035,
    httpStatus: 400
  }
} | MS: 1620359758663 | DATE: 5/6/2021, 10:55:58 PM]
----------------------------------
DiscordAPIError: Invalid Form Body
name: This field is required
EXTRA INFO:
Unknown
----------------------------------
[CALLER: Promise {
  <rejected> DiscordAPIError: Invalid Form Body
  name: This field is required
      at RequestHandler.execute (C:\Users\jaces\Desktop\Corebot\node_modules\discord.js\src\rest\RequestHandler.js:170:25)
      at runMicrotasks (<anonymous>)
      at processTicksAndRejections (internal/process/task_queues.js:93:5) {
    method: 'post',
    path: '/guilds/832046329068650526/channels',
    code: 50035,
    httpStatus: 400
  }
} | MS: 1620359774880 | DATE: 5/6/2021, 10:56:14 PM]
----------------------------------
DiscordAPIError: Invalid Form Body
name: This field is required
EXTRA INFO:
Unknown
----------------------------------
[CALLER: Promise {
  <rejected> DiscordAPIError: Invalid Form Body
  name: This field is required
      at RequestHandler.execute (C:\Users\jaces\Desktop\Corebot\node_modules\discord.js\src\rest\RequestHandler.js:170:25)
      at runMicrotasks (<anonymous>)
      at processTicksAndRejections (internal/process/task_queues.js:93:5) {
    method: 'post',
    path: '/guilds/837104198419611649/channels',
    code: 50035,
    httpStatus: 400
  }
} | MS: 1620359774892 | DATE: 5/6/2021, 10:56:14 PM]
----------------------------------
DiscordAPIError: Invalid Form Body
name: This field is required
EXTRA INFO:
Unknown
----------------------------------
[CALLER: Promise {
  <rejected> DiscordAPIError: Invalid Form Body
  name: This field is required
      at RequestHandler.execute (C:\Users\jaces\Desktop\Corebot\node_modules\discord.js\src\rest\RequestHandler.js:170:25)
      at runMicrotasks (<anonymous>)
      at processTicksAndRejections (internal/process/task_queues.js:93:5) {
    method: 'post',
    path: '/guilds/832046329068650526/channels',
    code: 50035,
    httpStatus: 400
  }
} | MS: 1620359788646 | DATE: 5/6/2021, 10:56:28 PM]
----------------------------------
DiscordAPIError: Invalid Form Body
name: This field is required
EXTRA INFO:
Unknown
----------------------------------
[CALLER: Promise {
  <rejected> DiscordAPIError: Invalid Form Body
  name: This field is required
      at RequestHandler.execute (C:\Users\jaces\Desktop\Corebot\node_modules\discord.js\src\rest\RequestHandler.js:170:25)
      at runMicrotasks (<anonymous>)
      at processTicksAndRejections (internal/process/task_queues.js:93:5) {
    method: 'post',
    path: '/guilds/837104198419611649/channels',
    code: 50035,
    httpStatus: 400
  }
} | MS: 1620359788649 | DATE: 5/6/2021, 10:56:28 PM]
----------------------------------
DiscordAPIError: Invalid Form Body
name: This field is required
EXTRA INFO:
Unknown
----------------------------------
[CALLER: Promise {
  <rejected> DiscordAPIError: Invalid Form Body
  name: This field is required
      at RequestHandler.execute (C:\Users\jaces\Desktop\Corebot\node_modules\discord.js\src\rest\RequestHandler.js:170:25)
      at runMicrotasks (<anonymous>)
      at processTicksAndRejections (internal/process/task_queues.js:93:5) {
    method: 'post',
    path: '/guilds/832046329068650526/channels',
    code: 50035,
    httpStatus: 400
  }
} | MS: 1620359804875 | DATE: 5/6/2021, 10:56:44 PM]
----------------------------------
DiscordAPIError: Invalid Form Body
name: This field is required
EXTRA INFO:
Unknown
----------------------------------
[CALLER: Promise {
  <rejected> DiscordAPIError: Invalid Form Body
  name: This field is required
      at RequestHandler.execute (C:\Users\jaces\Desktop\Corebot\node_modules\discord.js\src\rest\RequestHandler.js:170:25)
      at runMicrotasks (<anonymous>)
      at processTicksAndRejections (internal/process/task_queues.js:93:5) {
    method: 'post',
    path: '/guilds/837104198419611649/channels',
    code: 50035,
    httpStatus: 400
  }
} | MS: 1620359804896 | DATE: 5/6/2021, 10:56:44 PM]
----------------------------------
DiscordAPIError: Invalid Form Body
name: This field is required
EXTRA INFO:
Unknown
----------------------------------
[CALLER: Promise {
  <rejected> DiscordAPIError: Invalid Form Body
  name: This field is required
      at RequestHandler.execute (C:\Users\jaces\Desktop\Corebot\node_modules\discord.js\src\rest\RequestHandler.js:170:25)
      at runMicrotasks (<anonymous>)
      at processTicksAndRejections (internal/process/task_queues.js:93:5) {
    method: 'post',
    path: '/guilds/832046329068650526/channels',
    code: 50035,
    httpStatus: 400
  }
} | MS: 1620359818630 | DATE: 5/6/2021, 10:56:58 PM]
----------------------------------
DiscordAPIError: Invalid Form Body
name: This field is required
EXTRA INFO:
Unknown
----------------------------------
[CALLER: Promise {
  <rejected> DiscordAPIError: Invalid Form Body
  name: This field is required
      at RequestHandler.execute (C:\Users\jaces\Desktop\Corebot\node_modules\discord.js\src\rest\RequestHandler.js:170:25)
      at runMicrotasks (<anonymous>)
      at processTicksAndRejections (internal/process/task_queues.js:93:5) {
    method: 'post',
    path: '/guilds/837104198419611649/channels',
    code: 50035,
    httpStatus: 400
  }
} | MS: 1620359818649 | DATE: 5/6/2021, 10:56:58 PM]
----------------------------------
DiscordAPIError: Invalid Form Body
name: This field is required
EXTRA INFO:
Unknown
----------------------------------
[CALLER: Promise {
  <rejected> DiscordAPIError: Invalid Form Body
  name: This field is required
      at RequestHandler.execute (C:\Users\jaces\Desktop\Corebot\node_modules\discord.js\src\rest\RequestHandler.js:170:25)
      at runMicrotasks (<anonymous>)
      at processTicksAndRejections (internal/process/task_queues.js:93:5) {
    method: 'post',
    path: '/guilds/837104198419611649/channels',
    code: 50035,
    httpStatus: 400
  }
} | MS: 1620359834880 | DATE: 5/6/2021, 10:57:14 PM]
----------------------------------
DiscordAPIError: Invalid Form Body
name: This field is required
EXTRA INFO:
Unknown
----------------------------------
[CALLER: Promise {
  <rejected> DiscordAPIError: Invalid Form Body
  name: This field is required
      at RequestHandler.execute (C:\Users\jaces\Desktop\Corebot\node_modules\discord.js\src\rest\RequestHandler.js:170:25)
      at runMicrotasks (<anonymous>)
      at processTicksAndRejections (internal/process/task_queues.js:93:5) {
    method: 'post',
    path: '/guilds/832046329068650526/channels',
    code: 50035,
    httpStatus: 400
  }
} | MS: 1620359834889 | DATE: 5/6/2021, 10:57:14 PM]
----------------------------------
DiscordAPIError: Invalid Form Body
name: This field is required
EXTRA INFO:
Unknown
----------------------------------
[CALLER: Promise {
  <rejected> DiscordAPIError: Invalid Form Body
  name: This field is required
      at RequestHandler.execute (C:\Users\jaces\Desktop\Corebot\node_modules\discord.js\src\rest\RequestHandler.js:170:25)
      at runMicrotasks (<anonymous>)
      at processTicksAndRejections (internal/process/task_queues.js:93:5) {
    method: 'post',
    path: '/guilds/837104198419611649/channels',
    code: 50035,
    httpStatus: 400
  }
} | MS: 1620359848627 | DATE: 5/6/2021, 10:57:28 PM]
----------------------------------
DiscordAPIError: Invalid Form Body
name: This field is required
EXTRA INFO:
Unknown
----------------------------------
[CALLER: Promise {
  <rejected> DiscordAPIError: Invalid Form Body
  name: This field is required
      at RequestHandler.execute (C:\Users\jaces\Desktop\Corebot\node_modules\discord.js\src\rest\RequestHandler.js:170:25)
      at runMicrotasks (<anonymous>)
      at processTicksAndRejections (internal/process/task_queues.js:93:5) {
    method: 'post',
    path: '/guilds/832046329068650526/channels',
    code: 50035,
    httpStatus: 400
  }
} | MS: 1620359848642 | DATE: 5/6/2021, 10:57:28 PM]
----------------------------------
DiscordAPIError: Invalid Form Body
name: This field is required
EXTRA INFO:
Unknown
----------------------------------
[CALLER: Promise {
  <rejected> DiscordAPIError: Invalid Form Body
  name: This field is required
      at RequestHandler.execute (C:\Users\jaces\Desktop\Corebot\node_modules\discord.js\src\rest\RequestHandler.js:170:25)
      at runMicrotasks (<anonymous>)
      at processTicksAndRejections (internal/process/task_queues.js:93:5) {
    method: 'post',
    path: '/guilds/837104198419611649/channels',
    code: 50035,
    httpStatus: 400
  }
} | MS: 1620359864877 | DATE: 5/6/2021, 10:57:44 PM]
----------------------------------
DiscordAPIError: Invalid Form Body
name: This field is required
EXTRA INFO:
Unknown
----------------------------------
[CALLER: Promise {
  <rejected> DiscordAPIError: Invalid Form Body
  name: This field is required
      at RequestHandler.execute (C:\Users\jaces\Desktop\Corebot\node_modules\discord.js\src\rest\RequestHandler.js:170:25)
      at runMicrotasks (<anonymous>)
      at processTicksAndRejections (internal/process/task_queues.js:93:5) {
    method: 'post',
    path: '/guilds/832046329068650526/channels',
    code: 50035,
    httpStatus: 400
  }
} | MS: 1620359864885 | DATE: 5/6/2021, 10:57:44 PM]
----------------------------------
DiscordAPIError: Invalid Form Body
name: This field is required
EXTRA INFO:
Unknown
----------------------------------
[CALLER: Promise {
  <rejected> DiscordAPIError: Invalid Form Body
  name: This field is required
      at RequestHandler.execute (C:\Users\jaces\Desktop\Corebot\node_modules\discord.js\src\rest\RequestHandler.js:170:25)
      at runMicrotasks (<anonymous>)
      at processTicksAndRejections (internal/process/task_queues.js:93:5) {
    method: 'post',
    path: '/guilds/832046329068650526/channels',
    code: 50035,
    httpStatus: 400
  }
} | MS: 1620359878632 | DATE: 5/6/2021, 10:57:58 PM]
----------------------------------
DiscordAPIError: Invalid Form Body
name: This field is required
EXTRA INFO:
Unknown
----------------------------------
[CALLER: Promise {
  <rejected> DiscordAPIError: Invalid Form Body
  name: This field is required
      at RequestHandler.execute (C:\Users\jaces\Desktop\Corebot\node_modules\discord.js\src\rest\RequestHandler.js:170:25)
      at runMicrotasks (<anonymous>)
      at processTicksAndRejections (internal/process/task_queues.js:93:5) {
    method: 'post',
    path: '/guilds/837104198419611649/channels',
    code: 50035,
    httpStatus: 400
  }
} | MS: 1620359878638 | DATE: 5/6/2021, 10:57:58 PM]
----------------------------------
DiscordAPIError: Invalid Form Body
name: This field is required
EXTRA INFO:
Unknown
----------------------------------
[CALLER: Promise {
  <rejected> DiscordAPIError: Invalid Form Body
  name: This field is required
      at RequestHandler.execute (C:\Users\jaces\Desktop\Corebot\node_modules\discord.js\src\rest\RequestHandler.js:170:25)
      at runMicrotasks (<anonymous>)
      at processTicksAndRejections (internal/process/task_queues.js:93:5) {
    method: 'post',
    path: '/guilds/837104198419611649/channels',
    code: 50035,
    httpStatus: 400
  }
} | MS: 1620359894894 | DATE: 5/6/2021, 10:58:14 PM]
----------------------------------
DiscordAPIError: Invalid Form Body
name: This field is required
EXTRA INFO:
Unknown
----------------------------------
[CALLER: Promise {
  <rejected> DiscordAPIError: Invalid Form Body
  name: This field is required
      at RequestHandler.execute (C:\Users\jaces\Desktop\Corebot\node_modules\discord.js\src\rest\RequestHandler.js:170:25)
      at runMicrotasks (<anonymous>)
      at processTicksAndRejections (internal/process/task_queues.js:93:5) {
    method: 'post',
    path: '/guilds/832046329068650526/channels',
    code: 50035,
    httpStatus: 400
  }
} | MS: 1620359894913 | DATE: 5/6/2021, 10:58:14 PM]
----------------------------------
DiscordAPIError: Invalid Form Body
name: This field is required
EXTRA INFO:
Unknown
----------------------------------
[CALLER: Promise {
  <rejected> DiscordAPIError: Invalid Form Body
  name: This field is required
      at RequestHandler.execute (C:\Users\jaces\Desktop\Corebot\node_modules\discord.js\src\rest\RequestHandler.js:170:25)
      at runMicrotasks (<anonymous>)
      at processTicksAndRejections (internal/process/task_queues.js:93:5) {
    method: 'post',
    path: '/guilds/837104198419611649/channels',
    code: 50035,
    httpStatus: 400
  }
} | MS: 1620359908630 | DATE: 5/6/2021, 10:58:28 PM]
----------------------------------
DiscordAPIError: Invalid Form Body
name: This field is required
EXTRA INFO:
Unknown
----------------------------------
[CALLER: Promise {
  <rejected> DiscordAPIError: Invalid Form Body
  name: This field is required
      at RequestHandler.execute (C:\Users\jaces\Desktop\Corebot\node_modules\discord.js\src\rest\RequestHandler.js:170:25)
      at runMicrotasks (<anonymous>)
      at processTicksAndRejections (internal/process/task_queues.js:93:5) {
    method: 'post',
    path: '/guilds/832046329068650526/channels',
    code: 50035,
    httpStatus: 400
  }
} | MS: 1620359908637 | DATE: 5/6/2021, 10:58:28 PM]
----------------------------------
DiscordAPIError: Invalid Form Body
name: This field is required
EXTRA INFO:
Unknown
----------------------------------
[CALLER: Promise {
  <rejected> DiscordAPIError: Invalid Form Body
  name: This field is required
      at RequestHandler.execute (C:\Users\jaces\Desktop\Corebot\node_modules\discord.js\src\rest\RequestHandler.js:170:25)
      at runMicrotasks (<anonymous>)
      at processTicksAndRejections (internal/process/task_queues.js:93:5) {
    method: 'post',
    path: '/guilds/832046329068650526/channels',
    code: 50035,
    httpStatus: 400
  }
} | MS: 1620359924881 | DATE: 5/6/2021, 10:58:44 PM]
----------------------------------
DiscordAPIError: Invalid Form Body
name: This field is required
EXTRA INFO:
Unknown
----------------------------------
[CALLER: Promise {
  <rejected> DiscordAPIError: Invalid Form Body
  name: This field is required
      at RequestHandler.execute (C:\Users\jaces\Desktop\Corebot\node_modules\discord.js\src\rest\RequestHandler.js:170:25)
      at runMicrotasks (<anonymous>)
      at processTicksAndRejections (internal/process/task_queues.js:93:5) {
    method: 'post',
    path: '/guilds/837104198419611649/channels',
    code: 50035,
    httpStatus: 400
  }
} | MS: 1620359924892 | DATE: 5/6/2021, 10:58:44 PM]
----------------------------------
DiscordAPIError: Invalid Form Body
name: This field is required
EXTRA INFO:
Unknown
----------------------------------
[CALLER: Promise {
  <rejected> DiscordAPIError: Invalid Form Body
  name: This field is required
      at RequestHandler.execute (C:\Users\jaces\Desktop\Corebot\node_modules\discord.js\src\rest\RequestHandler.js:170:25)
      at runMicrotasks (<anonymous>)
      at processTicksAndRejections (internal/process/task_queues.js:93:5) {
    method: 'post',
    path: '/guilds/832046329068650526/channels',
    code: 50035,
    httpStatus: 400
  }
} | MS: 1620359938634 | DATE: 5/6/2021, 10:58:58 PM]
----------------------------------
DiscordAPIError: Invalid Form Body
name: This field is required
EXTRA INFO:
Unknown
----------------------------------
[CALLER: Promise {
  <rejected> DiscordAPIError: Invalid Form Body
  name: This field is required
      at RequestHandler.execute (C:\Users\jaces\Desktop\Corebot\node_modules\discord.js\src\rest\RequestHandler.js:170:25)
      at runMicrotasks (<anonymous>)
      at processTicksAndRejections (internal/process/task_queues.js:93:5) {
    method: 'post',
    path: '/guilds/837104198419611649/channels',
    code: 50035,
    httpStatus: 400
  }
} | MS: 1620359938639 | DATE: 5/6/2021, 10:58:58 PM]
----------------------------------
DiscordAPIError: Invalid Form Body
name: This field is required
EXTRA INFO:
Unknown
----------------------------------
[CALLER: Promise {
  <rejected> DiscordAPIError: Invalid Form Body
  name: This field is required
      at RequestHandler.execute (C:\Users\jaces\Desktop\Corebot\node_modules\discord.js\src\rest\RequestHandler.js:170:25)
      at runMicrotasks (<anonymous>)
      at processTicksAndRejections (internal/process/task_queues.js:93:5) {
    method: 'post',
    path: '/guilds/832046329068650526/channels',
    code: 50035,
    httpStatus: 400
  }
} | MS: 1620359954882 | DATE: 5/6/2021, 10:59:14 PM]
----------------------------------
DiscordAPIError: Invalid Form Body
name: This field is required
EXTRA INFO:
Unknown
----------------------------------
[CALLER: Promise {
  <rejected> DiscordAPIError: Invalid Form Body
  name: This field is required
      at RequestHandler.execute (C:\Users\jaces\Desktop\Corebot\node_modules\discord.js\src\rest\RequestHandler.js:170:25)
      at runMicrotasks (<anonymous>)
      at processTicksAndRejections (internal/process/task_queues.js:93:5) {
    method: 'post',
    path: '/guilds/837104198419611649/channels',
    code: 50035,
    httpStatus: 400
  }
} | MS: 1620359954886 | DATE: 5/6/2021, 10:59:14 PM]
----------------------------------
DiscordAPIError: Invalid Form Body
name: This field is required
EXTRA INFO:
Unknown
----------------------------------
[CALLER: Promise {
  <rejected> DiscordAPIError: Invalid Form Body
  name: This field is required
      at RequestHandler.execute (C:\Users\jaces\Desktop\Corebot\node_modules\discord.js\src\rest\RequestHandler.js:170:25)
      at runMicrotasks (<anonymous>)
      at processTicksAndRejections (internal/process/task_queues.js:93:5) {
    method: 'post',
    path: '/guilds/837104198419611649/channels',
    code: 50035,
    httpStatus: 400
  }
} | MS: 1620359968644 | DATE: 5/6/2021, 10:59:28 PM]
----------------------------------
DiscordAPIError: Invalid Form Body
name: This field is required
EXTRA INFO:
Unknown
----------------------------------
[CALLER: Promise {
  <rejected> DiscordAPIError: Invalid Form Body
  name: This field is required
      at RequestHandler.execute (C:\Users\jaces\Desktop\Corebot\node_modules\discord.js\src\rest\RequestHandler.js:170:25)
      at runMicrotasks (<anonymous>)
      at processTicksAndRejections (internal/process/task_queues.js:93:5) {
    method: 'post',
    path: '/guilds/832046329068650526/channels',
    code: 50035,
    httpStatus: 400
  }
} | MS: 1620359968658 | DATE: 5/6/2021, 10:59:28 PM]
----------------------------------
DiscordAPIError: Invalid Form Body
name: This field is required
EXTRA INFO:
Unknown
----------------------------------
[CALLER: Promise {
  <rejected> DiscordAPIError: Invalid Form Body
  name: This field is required
      at RequestHandler.execute (C:\Users\jaces\Desktop\Corebot\node_modules\discord.js\src\rest\RequestHandler.js:170:25)
      at runMicrotasks (<anonymous>)
      at processTicksAndRejections (internal/process/task_queues.js:93:5) {
    method: 'post',
    path: '/guilds/837104198419611649/channels',
    code: 50035,
    httpStatus: 400
  }
} | MS: 1620359984875 | DATE: 5/6/2021, 10:59:44 PM]
----------------------------------
DiscordAPIError: Invalid Form Body
name: This field is required
EXTRA INFO:
Unknown
----------------------------------
[CALLER: Promise {
  <rejected> DiscordAPIError: Invalid Form Body
  name: This field is required
      at RequestHandler.execute (C:\Users\jaces\Desktop\Corebot\node_modules\discord.js\src\rest\RequestHandler.js:170:25)
      at runMicrotasks (<anonymous>)
      at processTicksAndRejections (internal/process/task_queues.js:93:5) {
    method: 'post',
    path: '/guilds/832046329068650526/channels',
    code: 50035,
    httpStatus: 400
  }
} | MS: 1620359984879 | DATE: 5/6/2021, 10:59:44 PM]
----------------------------------
DiscordAPIError: Invalid Form Body
name: This field is required
EXTRA INFO:
Unknown
----------------------------------
[CALLER: Promise {
  <rejected> DiscordAPIError: Invalid Form Body
  name: This field is required
      at RequestHandler.execute (C:\Users\jaces\Desktop\Corebot\node_modules\discord.js\src\rest\RequestHandler.js:170:25)
      at runMicrotasks (<anonymous>)
      at processTicksAndRejections (internal/process/task_queues.js:93:5) {
    method: 'post',
    path: '/guilds/832046329068650526/channels',
    code: 50035,
    httpStatus: 400
  }
} | MS: 1620359998670 | DATE: 5/6/2021, 10:59:58 PM]
----------------------------------
DiscordAPIError: Invalid Form Body
name: This field is required
EXTRA INFO:
Unknown
----------------------------------
[CALLER: Promise {
  <rejected> DiscordAPIError: Invalid Form Body
  name: This field is required
      at RequestHandler.execute (C:\Users\jaces\Desktop\Corebot\node_modules\discord.js\src\rest\RequestHandler.js:170:25)
      at runMicrotasks (<anonymous>)
      at processTicksAndRejections (internal/process/task_queues.js:93:5) {
    method: 'post',
    path: '/guilds/837104198419611649/channels',
    code: 50035,
    httpStatus: 400
  }
} | MS: 1620359998693 | DATE: 5/6/2021, 10:59:58 PM]
----------------------------------
DiscordAPIError: Invalid Form Body
name: This field is required
EXTRA INFO:
Unknown
----------------------------------
[CALLER: Promise {
  <rejected> DiscordAPIError: Invalid Form Body
  name: This field is required
      at RequestHandler.execute (C:\Users\jaces\Desktop\Corebot\node_modules\discord.js\src\rest\RequestHandler.js:170:25)
      at runMicrotasks (<anonymous>)
      at processTicksAndRejections (internal/process/task_queues.js:93:5) {
    method: 'post',
    path: '/guilds/832046329068650526/channels',
    code: 50035,
    httpStatus: 400
  }
} | MS: 1620360014876 | DATE: 5/6/2021, 11:00:14 PM]
----------------------------------
DiscordAPIError: Invalid Form Body
name: This field is required
EXTRA INFO:
Unknown
----------------------------------
[CALLER: Promise {
  <rejected> DiscordAPIError: Invalid Form Body
  name: This field is required
      at RequestHandler.execute (C:\Users\jaces\Desktop\Corebot\node_modules\discord.js\src\rest\RequestHandler.js:170:25)
      at runMicrotasks (<anonymous>)
      at processTicksAndRejections (internal/process/task_queues.js:93:5) {
    method: 'post',
    path: '/guilds/837104198419611649/channels',
    code: 50035,
    httpStatus: 400
  }
} | MS: 1620360014901 | DATE: 5/6/2021, 11:00:14 PM]
----------------------------------
DiscordAPIError: Invalid Form Body
name: This field is required
EXTRA INFO:
Unknown
----------------------------------
[CALLER: Promise {
  <rejected> DiscordAPIError: Invalid Form Body
  name: This field is required
      at RequestHandler.execute (C:\Users\jaces\Desktop\Corebot\node_modules\discord.js\src\rest\RequestHandler.js:170:25)
      at runMicrotasks (<anonymous>)
      at processTicksAndRejections (internal/process/task_queues.js:93:5) {
    method: 'post',
    path: '/guilds/832046329068650526/channels',
    code: 50035,
    httpStatus: 400
  }
} | MS: 1620360028634 | DATE: 5/6/2021, 11:00:28 PM]
----------------------------------
DiscordAPIError: Invalid Form Body
name: This field is required
EXTRA INFO:
Unknown
----------------------------------
[CALLER: Promise {
  <rejected> DiscordAPIError: Invalid Form Body
  name: This field is required
      at RequestHandler.execute (C:\Users\jaces\Desktop\Corebot\node_modules\discord.js\src\rest\RequestHandler.js:170:25)
      at runMicrotasks (<anonymous>)
      at processTicksAndRejections (internal/process/task_queues.js:93:5) {
    method: 'post',
    path: '/guilds/837104198419611649/channels',
    code: 50035,
    httpStatus: 400
  }
} | MS: 1620360028645 | DATE: 5/6/2021, 11:00:28 PM]
----------------------------------
DiscordAPIError: Invalid Form Body
name: This field is required
EXTRA INFO:
Unknown
----------------------------------
[CALLER: Promise {
  <rejected> DiscordAPIError: Invalid Form Body
  name: This field is required
      at RequestHandler.execute (C:\Users\jaces\Desktop\Corebot\node_modules\discord.js\src\rest\RequestHandler.js:170:25)
      at runMicrotasks (<anonymous>)
      at processTicksAndRejections (internal/process/task_queues.js:93:5) {
    method: 'post',
    path: '/guilds/837104198419611649/channels',
    code: 50035,
    httpStatus: 400
  }
} | MS: 1620360044900 | DATE: 5/6/2021, 11:00:44 PM]
----------------------------------
DiscordAPIError: Invalid Form Body
name: This field is required
EXTRA INFO:
Unknown
----------------------------------
[CALLER: Promise {
  <rejected> DiscordAPIError: Invalid Form Body
  name: This field is required
      at RequestHandler.execute (C:\Users\jaces\Desktop\Corebot\node_modules\discord.js\src\rest\RequestHandler.js:170:25)
      at runMicrotasks (<anonymous>)
      at processTicksAndRejections (internal/process/task_queues.js:93:5) {
    method: 'post',
    path: '/guilds/832046329068650526/channels',
    code: 50035,
    httpStatus: 400
  }
} | MS: 1620360044914 | DATE: 5/6/2021, 11:00:44 PM]
----------------------------------
DiscordAPIError: Invalid Form Body
name: This field is required
EXTRA INFO:
Unknown
----------------------------------
[CALLER: Promise {
  <rejected> DiscordAPIError: Invalid Form Body
  name: This field is required
      at RequestHandler.execute (C:\Users\jaces\Desktop\Corebot\node_modules\discord.js\src\rest\RequestHandler.js:170:25)
      at runMicrotasks (<anonymous>)
      at processTicksAndRejections (internal/process/task_queues.js:93:5) {
    method: 'post',
    path: '/guilds/832046329068650526/channels',
    code: 50035,
    httpStatus: 400
  }
} | MS: 1620360058665 | DATE: 5/6/2021, 11:00:58 PM]
----------------------------------
DiscordAPIError: Invalid Form Body
name: This field is required
EXTRA INFO:
Unknown
----------------------------------
[CALLER: Promise {
  <rejected> DiscordAPIError: Invalid Form Body
  name: This field is required
      at RequestHandler.execute (C:\Users\jaces\Desktop\Corebot\node_modules\discord.js\src\rest\RequestHandler.js:170:25)
      at runMicrotasks (<anonymous>)
      at processTicksAndRejections (internal/process/task_queues.js:93:5) {
    method: 'post',
    path: '/guilds/837104198419611649/channels',
    code: 50035,
    httpStatus: 400
  }
} | MS: 1620360058665 | DATE: 5/6/2021, 11:00:58 PM]
----------------------------------
DiscordAPIError: Invalid Form Body
name: This field is required
EXTRA INFO:
Unknown
----------------------------------
[CALLER: Promise {
  <rejected> DiscordAPIError: Invalid Form Body
  name: This field is required
      at RequestHandler.execute (C:\Users\jaces\Desktop\Corebot\node_modules\discord.js\src\rest\RequestHandler.js:170:25)
      at runMicrotasks (<anonymous>)
      at processTicksAndRejections (internal/process/task_queues.js:93:5) {
    method: 'post',
    path: '/guilds/832046329068650526/channels',
    code: 50035,
    httpStatus: 400
  }
} | MS: 1620360074893 | DATE: 5/6/2021, 11:01:14 PM]
----------------------------------
DiscordAPIError: Invalid Form Body
name: This field is required
EXTRA INFO:
Unknown
----------------------------------
[CALLER: Promise {
  <rejected> DiscordAPIError: Invalid Form Body
  name: This field is required
      at RequestHandler.execute (C:\Users\jaces\Desktop\Corebot\node_modules\discord.js\src\rest\RequestHandler.js:170:25)
      at runMicrotasks (<anonymous>)
      at processTicksAndRejections (internal/process/task_queues.js:93:5) {
    method: 'post',
    path: '/guilds/837104198419611649/channels',
    code: 50035,
    httpStatus: 400
  }
} | MS: 1620360074900 | DATE: 5/6/2021, 11:01:14 PM]
----------------------------------
DiscordAPIError: Invalid Form Body
name: This field is required
EXTRA INFO:
Unknown
----------------------------------
[CALLER: Promise {
  <rejected> DiscordAPIError: Invalid Form Body
  name: This field is required
      at RequestHandler.execute (C:\Users\jaces\Desktop\Corebot\node_modules\discord.js\src\rest\RequestHandler.js:170:25)
      at runMicrotasks (<anonymous>)
      at processTicksAndRejections (internal/process/task_queues.js:93:5) {
    method: 'post',
    path: '/guilds/837104198419611649/channels',
    code: 50035,
    httpStatus: 400
  }
} | MS: 1620360088659 | DATE: 5/6/2021, 11:01:28 PM]
----------------------------------
DiscordAPIError: Invalid Form Body
name: This field is required
EXTRA INFO:
Unknown
----------------------------------
[CALLER: Promise {
  <rejected> DiscordAPIError: Invalid Form Body
  name: This field is required
      at RequestHandler.execute (C:\Users\jaces\Desktop\Corebot\node_modules\discord.js\src\rest\RequestHandler.js:170:25)
      at runMicrotasks (<anonymous>)
      at processTicksAndRejections (internal/process/task_queues.js:93:5) {
    method: 'post',
    path: '/guilds/832046329068650526/channels',
    code: 50035,
    httpStatus: 400
  }
} | MS: 1620360088695 | DATE: 5/6/2021, 11:01:28 PM]
----------------------------------
DiscordAPIError: Invalid Form Body
name: This field is required
EXTRA INFO:
Unknown
----------------------------------
[CALLER: Promise {
  <rejected> DiscordAPIError: Invalid Form Body
  name: This field is required
      at RequestHandler.execute (C:\Users\jaces\Desktop\Corebot\node_modules\discord.js\src\rest\RequestHandler.js:170:25)
      at runMicrotasks (<anonymous>)
      at processTicksAndRejections (internal/process/task_queues.js:93:5) {
    method: 'post',
    path: '/guilds/832046329068650526/channels',
    code: 50035,
    httpStatus: 400
  }
} | MS: 1620360104891 | DATE: 5/6/2021, 11:01:44 PM]
----------------------------------
DiscordAPIError: Invalid Form Body
name: This field is required
EXTRA INFO:
Unknown
----------------------------------
[CALLER: Promise {
  <rejected> DiscordAPIError: Invalid Form Body
  name: This field is required
      at RequestHandler.execute (C:\Users\jaces\Desktop\Corebot\node_modules\discord.js\src\rest\RequestHandler.js:170:25)
      at runMicrotasks (<anonymous>)
      at processTicksAndRejections (internal/process/task_queues.js:93:5) {
    method: 'post',
    path: '/guilds/837104198419611649/channels',
    code: 50035,
    httpStatus: 400
  }
} | MS: 1620360104894 | DATE: 5/6/2021, 11:01:44 PM]
----------------------------------
DiscordAPIError: Invalid Form Body
name: This field is required
EXTRA INFO:
Unknown
----------------------------------
[CALLER: Promise {
  <rejected> DiscordAPIError: Invalid Form Body
  name: This field is required
      at RequestHandler.execute (C:\Users\jaces\Desktop\Corebot\node_modules\discord.js\src\rest\RequestHandler.js:170:25)
      at runMicrotasks (<anonymous>)
      at processTicksAndRejections (internal/process/task_queues.js:93:5) {
    method: 'post',
    path: '/guilds/832046329068650526/channels',
    code: 50035,
    httpStatus: 400
  }
} | MS: 1620360118640 | DATE: 5/6/2021, 11:01:58 PM]
----------------------------------
DiscordAPIError: Invalid Form Body
name: This field is required
EXTRA INFO:
Unknown
----------------------------------
[CALLER: Promise {
  <rejected> DiscordAPIError: Invalid Form Body
  name: This field is required
      at RequestHandler.execute (C:\Users\jaces\Desktop\Corebot\node_modules\discord.js\src\rest\RequestHandler.js:170:25)
      at runMicrotasks (<anonymous>)
      at processTicksAndRejections (internal/process/task_queues.js:93:5) {
    method: 'post',
    path: '/guilds/837104198419611649/channels',
    code: 50035,
    httpStatus: 400
  }
} | MS: 1620360118651 | DATE: 5/6/2021, 11:01:58 PM]
----------------------------------
DiscordAPIError: Invalid Form Body
name: This field is required
EXTRA INFO:
Unknown
----------------------------------
[CALLER: Promise {
  <rejected> DiscordAPIError: Invalid Form Body
  name: This field is required
      at RequestHandler.execute (C:\Users\jaces\Desktop\Corebot\node_modules\discord.js\src\rest\RequestHandler.js:170:25)
      at runMicrotasks (<anonymous>)
      at processTicksAndRejections (internal/process/task_queues.js:93:5) {
    method: 'post',
    path: '/guilds/837104198419611649/channels',
    code: 50035,
    httpStatus: 400
  }
} | MS: 1620360134900 | DATE: 5/6/2021, 11:02:14 PM]
----------------------------------
DiscordAPIError: Invalid Form Body
name: This field is required
EXTRA INFO:
Unknown
----------------------------------
[CALLER: Promise {
  <rejected> DiscordAPIError: Invalid Form Body
  name: This field is required
      at RequestHandler.execute (C:\Users\jaces\Desktop\Corebot\node_modules\discord.js\src\rest\RequestHandler.js:170:25)
      at runMicrotasks (<anonymous>)
      at processTicksAndRejections (internal/process/task_queues.js:93:5) {
    method: 'post',
    path: '/guilds/832046329068650526/channels',
    code: 50035,
    httpStatus: 400
  }
} | MS: 1620360134908 | DATE: 5/6/2021, 11:02:14 PM]
----------------------------------
DiscordAPIError: Invalid Form Body
name: This field is required
EXTRA INFO:
Unknown
----------------------------------
[CALLER: Promise {
  <rejected> DiscordAPIError: Invalid Form Body
  name: This field is required
      at RequestHandler.execute (C:\Users\jaces\Desktop\Corebot\node_modules\discord.js\src\rest\RequestHandler.js:170:25)
      at runMicrotasks (<anonymous>)
      at processTicksAndRejections (internal/process/task_queues.js:93:5) {
    method: 'post',
    path: '/guilds/832046329068650526/channels',
    code: 50035,
    httpStatus: 400
  }
} | MS: 1620360148653 | DATE: 5/6/2021, 11:02:28 PM]
----------------------------------
DiscordAPIError: Invalid Form Body
name: This field is required
EXTRA INFO:
Unknown
----------------------------------
[CALLER: Promise {
  <rejected> DiscordAPIError: Invalid Form Body
  name: This field is required
      at RequestHandler.execute (C:\Users\jaces\Desktop\Corebot\node_modules\discord.js\src\rest\RequestHandler.js:170:25)
      at runMicrotasks (<anonymous>)
      at processTicksAndRejections (internal/process/task_queues.js:93:5) {
    method: 'post',
    path: '/guilds/837104198419611649/channels',
    code: 50035,
    httpStatus: 400
  }
} | MS: 1620360148662 | DATE: 5/6/2021, 11:02:28 PM]
----------------------------------
DiscordAPIError: Invalid Form Body
name: This field is required
EXTRA INFO:
Unknown
----------------------------------
[CALLER: Promise {
  <rejected> DiscordAPIError: Invalid Form Body
  name: This field is required
      at RequestHandler.execute (C:\Users\jaces\Desktop\Corebot\node_modules\discord.js\src\rest\RequestHandler.js:170:25)
      at runMicrotasks (<anonymous>)
      at processTicksAndRejections (internal/process/task_queues.js:93:5) {
    method: 'post',
    path: '/guilds/832046329068650526/channels',
    code: 50035,
    httpStatus: 400
  }
} | MS: 1620360164879 | DATE: 5/6/2021, 11:02:44 PM]
----------------------------------
DiscordAPIError: Invalid Form Body
name: This field is required
EXTRA INFO:
Unknown
----------------------------------
[CALLER: Promise {
  <rejected> DiscordAPIError: Invalid Form Body
  name: This field is required
      at RequestHandler.execute (C:\Users\jaces\Desktop\Corebot\node_modules\discord.js\src\rest\RequestHandler.js:170:25)
      at runMicrotasks (<anonymous>)
      at processTicksAndRejections (internal/process/task_queues.js:93:5) {
    method: 'post',
    path: '/guilds/837104198419611649/channels',
    code: 50035,
    httpStatus: 400
  }
} | MS: 1620360164887 | DATE: 5/6/2021, 11:02:44 PM]
----------------------------------
DiscordAPIError: Invalid Form Body
name: This field is required
EXTRA INFO:
Unknown
----------------------------------
[CALLER: Promise {
  <rejected> DiscordAPIError: Invalid Form Body
  name: This field is required
      at RequestHandler.execute (C:\Users\jaces\Desktop\Corebot\node_modules\discord.js\src\rest\RequestHandler.js:170:25)
      at runMicrotasks (<anonymous>)
      at processTicksAndRejections (internal/process/task_queues.js:93:5) {
    method: 'post',
    path: '/guilds/837104198419611649/channels',
    code: 50035,
    httpStatus: 400
  }
} | MS: 1620360178627 | DATE: 5/6/2021, 11:02:58 PM]
----------------------------------
DiscordAPIError: Invalid Form Body
name: This field is required
EXTRA INFO:
Unknown
----------------------------------
[CALLER: Promise {
  <rejected> DiscordAPIError: Invalid Form Body
  name: This field is required
      at RequestHandler.execute (C:\Users\jaces\Desktop\Corebot\node_modules\discord.js\src\rest\RequestHandler.js:170:25)
      at runMicrotasks (<anonymous>)
      at processTicksAndRejections (internal/process/task_queues.js:93:5) {
    method: 'post',
    path: '/guilds/832046329068650526/channels',
    code: 50035,
    httpStatus: 400
  }
} | MS: 1620360178636 | DATE: 5/6/2021, 11:02:58 PM]
----------------------------------
DiscordAPIError: Invalid Form Body
name: This field is required
EXTRA INFO:
Unknown
----------------------------------
[CALLER: Promise {
  <rejected> DiscordAPIError: Invalid Form Body
  name: This field is required
      at RequestHandler.execute (C:\Users\jaces\Desktop\Corebot\node_modules\discord.js\src\rest\RequestHandler.js:170:25)
      at runMicrotasks (<anonymous>)
      at processTicksAndRejections (internal/process/task_queues.js:93:5) {
    method: 'post',
    path: '/guilds/832046329068650526/channels',
    code: 50035,
    httpStatus: 400
  }
} | MS: 1620360194881 | DATE: 5/6/2021, 11:03:14 PM]
----------------------------------
DiscordAPIError: Invalid Form Body
name: This field is required
EXTRA INFO:
Unknown
----------------------------------
[CALLER: Promise {
  <rejected> DiscordAPIError: Invalid Form Body
  name: This field is required
      at RequestHandler.execute (C:\Users\jaces\Desktop\Corebot\node_modules\discord.js\src\rest\RequestHandler.js:170:25)
      at runMicrotasks (<anonymous>)
      at processTicksAndRejections (internal/process/task_queues.js:93:5) {
    method: 'post',
    path: '/guilds/837104198419611649/channels',
    code: 50035,
    httpStatus: 400
  }
} | MS: 1620360194903 | DATE: 5/6/2021, 11:03:14 PM]
----------------------------------
DiscordAPIError: Invalid Form Body
name: This field is required
EXTRA INFO:
Unknown
----------------------------------
[CALLER: Promise {
  <rejected> DiscordAPIError: Invalid Form Body
  name: This field is required
      at RequestHandler.execute (C:\Users\jaces\Desktop\Corebot\node_modules\discord.js\src\rest\RequestHandler.js:170:25)
      at runMicrotasks (<anonymous>)
      at processTicksAndRejections (internal/process/task_queues.js:93:5) {
    method: 'post',
    path: '/guilds/837104198419611649/channels',
    code: 50035,
    httpStatus: 400
  }
} | MS: 1620360208627 | DATE: 5/6/2021, 11:03:28 PM]
----------------------------------
DiscordAPIError: Invalid Form Body
name: This field is required
EXTRA INFO:
Unknown
----------------------------------
[CALLER: Promise {
  <rejected> DiscordAPIError: Invalid Form Body
  name: This field is required
      at RequestHandler.execute (C:\Users\jaces\Desktop\Corebot\node_modules\discord.js\src\rest\RequestHandler.js:170:25)
      at runMicrotasks (<anonymous>)
      at processTicksAndRejections (internal/process/task_queues.js:93:5) {
    method: 'post',
    path: '/guilds/832046329068650526/channels',
    code: 50035,
    httpStatus: 400
  }
} | MS: 1620360208656 | DATE: 5/6/2021, 11:03:28 PM]
----------------------------------
DiscordAPIError: Invalid Form Body
name: This field is required
EXTRA INFO:
Unknown
----------------------------------
[CALLER: Promise {
  <rejected> DiscordAPIError: Invalid Form Body
  name: This field is required
      at RequestHandler.execute (C:\Users\jaces\Desktop\Corebot\node_modules\discord.js\src\rest\RequestHandler.js:170:25)
      at runMicrotasks (<anonymous>)
      at processTicksAndRejections (internal/process/task_queues.js:93:5) {
    method: 'post',
    path: '/guilds/832046329068650526/channels',
    code: 50035,
    httpStatus: 400
  }
} | MS: 1620360224885 | DATE: 5/6/2021, 11:03:44 PM]
----------------------------------
DiscordAPIError: Invalid Form Body
name: This field is required
EXTRA INFO:
Unknown
----------------------------------
[CALLER: Promise {
  <rejected> DiscordAPIError: Invalid Form Body
  name: This field is required
      at RequestHandler.execute (C:\Users\jaces\Desktop\Corebot\node_modules\discord.js\src\rest\RequestHandler.js:170:25)
      at runMicrotasks (<anonymous>)
      at processTicksAndRejections (internal/process/task_queues.js:93:5) {
    method: 'post',
    path: '/guilds/837104198419611649/channels',
    code: 50035,
    httpStatus: 400
  }
} | MS: 1620360224912 | DATE: 5/6/2021, 11:03:44 PM]
----------------------------------
DiscordAPIError: Invalid Form Body
name: This field is required
EXTRA INFO:
Unknown
----------------------------------
[CALLER: Promise {
  <rejected> DiscordAPIError: Invalid Form Body
  name: This field is required
      at RequestHandler.execute (C:\Users\jaces\Desktop\Corebot\node_modules\discord.js\src\rest\RequestHandler.js:170:25)
      at runMicrotasks (<anonymous>)
      at processTicksAndRejections (internal/process/task_queues.js:93:5) {
    method: 'post',
    path: '/guilds/837104198419611649/channels',
    code: 50035,
    httpStatus: 400
  }
} | MS: 1620360238656 | DATE: 5/6/2021, 11:03:58 PM]
----------------------------------
DiscordAPIError: Invalid Form Body
name: This field is required
EXTRA INFO:
Unknown
----------------------------------
[CALLER: Promise {
  <rejected> DiscordAPIError: Invalid Form Body
  name: This field is required
      at RequestHandler.execute (C:\Users\jaces\Desktop\Corebot\node_modules\discord.js\src\rest\RequestHandler.js:170:25)
      at runMicrotasks (<anonymous>)
      at processTicksAndRejections (internal/process/task_queues.js:93:5) {
    method: 'post',
    path: '/guilds/832046329068650526/channels',
    code: 50035,
    httpStatus: 400
  }
} | MS: 1620360238689 | DATE: 5/6/2021, 11:03:58 PM]
----------------------------------
DiscordAPIError: Invalid Form Body
name: This field is required
EXTRA INFO:
Unknown
----------------------------------
[CALLER: Promise {
  <rejected> DiscordAPIError: Invalid Form Body
  name: This field is required
      at RequestHandler.execute (C:\Users\jaces\Desktop\Corebot\node_modules\discord.js\src\rest\RequestHandler.js:170:25)
      at runMicrotasks (<anonymous>)
      at processTicksAndRejections (internal/process/task_queues.js:93:5) {
    method: 'post',
    path: '/guilds/832046329068650526/channels',
    code: 50035,
    httpStatus: 400
  }
} | MS: 1620360254899 | DATE: 5/6/2021, 11:04:14 PM]
----------------------------------
DiscordAPIError: Invalid Form Body
name: This field is required
EXTRA INFO:
Unknown
----------------------------------
[CALLER: Promise {
  <rejected> DiscordAPIError: Invalid Form Body
  name: This field is required
      at RequestHandler.execute (C:\Users\jaces\Desktop\Corebot\node_modules\discord.js\src\rest\RequestHandler.js:170:25)
      at runMicrotasks (<anonymous>)
      at processTicksAndRejections (internal/process/task_queues.js:93:5) {
    method: 'post',
    path: '/guilds/837104198419611649/channels',
    code: 50035,
    httpStatus: 400
  }
} | MS: 1620360254902 | DATE: 5/6/2021, 11:04:14 PM]
----------------------------------
DiscordAPIError: Invalid Form Body
name: This field is required
EXTRA INFO:
Unknown
----------------------------------
[CALLER: Promise {
  <rejected> DiscordAPIError: Invalid Form Body
  name: This field is required
      at RequestHandler.execute (C:\Users\jaces\Desktop\Corebot\node_modules\discord.js\src\rest\RequestHandler.js:170:25)
      at runMicrotasks (<anonymous>)
      at processTicksAndRejections (internal/process/task_queues.js:93:5) {
    method: 'post',
    path: '/guilds/837104198419611649/channels',
    code: 50035,
    httpStatus: 400
  }
} | MS: 1620360268646 | DATE: 5/6/2021, 11:04:28 PM]
----------------------------------
DiscordAPIError: Invalid Form Body
name: This field is required
EXTRA INFO:
Unknown
----------------------------------
[CALLER: Promise {
  <rejected> DiscordAPIError: Invalid Form Body
  name: This field is required
      at RequestHandler.execute (C:\Users\jaces\Desktop\Corebot\node_modules\discord.js\src\rest\RequestHandler.js:170:25)
      at runMicrotasks (<anonymous>)
      at processTicksAndRejections (internal/process/task_queues.js:93:5) {
    method: 'post',
    path: '/guilds/832046329068650526/channels',
    code: 50035,
    httpStatus: 400
  }
} | MS: 1620360268649 | DATE: 5/6/2021, 11:04:28 PM]
----------------------------------
DiscordAPIError: Invalid Form Body
name: This field is required
EXTRA INFO:
Unknown
----------------------------------
[CALLER: Promise {
  <rejected> DiscordAPIError: Invalid Form Body
  name: This field is required
      at RequestHandler.execute (C:\Users\jaces\Desktop\Corebot\node_modules\discord.js\src\rest\RequestHandler.js:170:25)
      at runMicrotasks (<anonymous>)
      at processTicksAndRejections (internal/process/task_queues.js:93:5) {
    method: 'post',
    path: '/guilds/832046329068650526/channels',
    code: 50035,
    httpStatus: 400
  }
} | MS: 1620360284882 | DATE: 5/6/2021, 11:04:44 PM]
----------------------------------
DiscordAPIError: Invalid Form Body
name: This field is required
EXTRA INFO:
Unknown
----------------------------------
[CALLER: Promise {
  <rejected> DiscordAPIError: Invalid Form Body
  name: This field is required
      at RequestHandler.execute (C:\Users\jaces\Desktop\Corebot\node_modules\discord.js\src\rest\RequestHandler.js:170:25)
      at runMicrotasks (<anonymous>)
      at processTicksAndRejections (internal/process/task_queues.js:93:5) {
    method: 'post',
    path: '/guilds/837104198419611649/channels',
    code: 50035,
    httpStatus: 400
  }
} | MS: 1620360284896 | DATE: 5/6/2021, 11:04:44 PM]
----------------------------------
DiscordAPIError: Invalid Form Body
name: This field is required
EXTRA INFO:
Unknown
----------------------------------
[CALLER: Promise {
  <rejected> DiscordAPIError: Invalid Form Body
  name: This field is required
      at RequestHandler.execute (C:\Users\jaces\Desktop\Corebot\node_modules\discord.js\src\rest\RequestHandler.js:170:25)
      at runMicrotasks (<anonymous>)
      at processTicksAndRejections (internal/process/task_queues.js:93:5) {
    method: 'post',
    path: '/guilds/837104198419611649/channels',
    code: 50035,
    httpStatus: 400
  }
} | MS: 1620360298631 | DATE: 5/6/2021, 11:04:58 PM]
----------------------------------
DiscordAPIError: Invalid Form Body
name: This field is required
EXTRA INFO:
Unknown
----------------------------------
[CALLER: Promise {
  <rejected> DiscordAPIError: Invalid Form Body
  name: This field is required
      at RequestHandler.execute (C:\Users\jaces\Desktop\Corebot\node_modules\discord.js\src\rest\RequestHandler.js:170:25)
      at runMicrotasks (<anonymous>)
      at processTicksAndRejections (internal/process/task_queues.js:93:5) {
    method: 'post',
    path: '/guilds/832046329068650526/channels',
    code: 50035,
    httpStatus: 400
  }
} | MS: 1620360298634 | DATE: 5/6/2021, 11:04:58 PM]
----------------------------------
DiscordAPIError: Invalid Form Body
name: This field is required
EXTRA INFO:
Unknown
----------------------------------
[CALLER: Promise {
  <rejected> DiscordAPIError: Invalid Form Body
  name: This field is required
      at RequestHandler.execute (C:\Users\jaces\Desktop\Corebot\node_modules\discord.js\src\rest\RequestHandler.js:170:25)
      at runMicrotasks (<anonymous>)
      at processTicksAndRejections (internal/process/task_queues.js:93:5) {
    method: 'post',
    path: '/guilds/832046329068650526/channels',
    code: 50035,
    httpStatus: 400
  }
} | MS: 1620360314894 | DATE: 5/6/2021, 11:05:14 PM]
----------------------------------
DiscordAPIError: Invalid Form Body
name: This field is required
EXTRA INFO:
Unknown
----------------------------------
[CALLER: Promise {
  <rejected> DiscordAPIError: Invalid Form Body
  name: This field is required
      at RequestHandler.execute (C:\Users\jaces\Desktop\Corebot\node_modules\discord.js\src\rest\RequestHandler.js:170:25)
      at runMicrotasks (<anonymous>)
      at processTicksAndRejections (internal/process/task_queues.js:93:5) {
    method: 'post',
    path: '/guilds/837104198419611649/channels',
    code: 50035,
    httpStatus: 400
  }
} | MS: 1620360314899 | DATE: 5/6/2021, 11:05:14 PM]
----------------------------------
DiscordAPIError: Invalid Form Body
name: This field is required
EXTRA INFO:
Unknown
----------------------------------
[CALLER: Promise {
  <rejected> DiscordAPIError: Invalid Form Body
  name: This field is required
      at RequestHandler.execute (C:\Users\jaces\Desktop\Corebot\node_modules\discord.js\src\rest\RequestHandler.js:170:25)
      at runMicrotasks (<anonymous>)
      at processTicksAndRejections (internal/process/task_queues.js:93:5) {
    method: 'post',
    path: '/guilds/837104198419611649/channels',
    code: 50035,
    httpStatus: 400
  }
} | MS: 1620360328649 | DATE: 5/6/2021, 11:05:28 PM]
----------------------------------
DiscordAPIError: Invalid Form Body
name: This field is required
EXTRA INFO:
Unknown
----------------------------------
[CALLER: Promise {
  <rejected> DiscordAPIError: Invalid Form Body
  name: This field is required
      at RequestHandler.execute (C:\Users\jaces\Desktop\Corebot\node_modules\discord.js\src\rest\RequestHandler.js:170:25)
      at runMicrotasks (<anonymous>)
      at processTicksAndRejections (internal/process/task_queues.js:93:5) {
    method: 'post',
    path: '/guilds/832046329068650526/channels',
    code: 50035,
    httpStatus: 400
  }
} | MS: 1620360328649 | DATE: 5/6/2021, 11:05:28 PM]
----------------------------------
DiscordAPIError: Invalid Form Body
name: This field is required
EXTRA INFO:
Unknown
----------------------------------
[CALLER: Promise {
  <rejected> DiscordAPIError: Invalid Form Body
  name: This field is required
      at RequestHandler.execute (C:\Users\jaces\Desktop\Corebot\node_modules\discord.js\src\rest\RequestHandler.js:170:25)
      at runMicrotasks (<anonymous>)
      at processTicksAndRejections (internal/process/task_queues.js:93:5) {
    method: 'post',
    path: '/guilds/837104198419611649/channels',
    code: 50035,
    httpStatus: 400
  }
} | MS: 1620360344877 | DATE: 5/6/2021, 11:05:44 PM]
----------------------------------
DiscordAPIError: Invalid Form Body
name: This field is required
EXTRA INFO:
Unknown
----------------------------------
[CALLER: Promise {
  <rejected> DiscordAPIError: Invalid Form Body
  name: This field is required
      at RequestHandler.execute (C:\Users\jaces\Desktop\Corebot\node_modules\discord.js\src\rest\RequestHandler.js:170:25)
      at runMicrotasks (<anonymous>)
      at processTicksAndRejections (internal/process/task_queues.js:93:5) {
    method: 'post',
    path: '/guilds/832046329068650526/channels',
    code: 50035,
    httpStatus: 400
  }
} | MS: 1620360344895 | DATE: 5/6/2021, 11:05:44 PM]
----------------------------------
DiscordAPIError: Invalid Form Body
name: This field is required
EXTRA INFO:
Unknown
----------------------------------
[CALLER: Promise {
  <rejected> DiscordAPIError: Invalid Form Body
  name: This field is required
      at RequestHandler.execute (C:\Users\jaces\Desktop\Corebot\node_modules\discord.js\src\rest\RequestHandler.js:170:25)
      at runMicrotasks (<anonymous>)
      at processTicksAndRejections (internal/process/task_queues.js:93:5) {
    method: 'post',
    path: '/guilds/837104198419611649/channels',
    code: 50035,
    httpStatus: 400
  }
} | MS: 1620360358637 | DATE: 5/6/2021, 11:05:58 PM]
----------------------------------
DiscordAPIError: Invalid Form Body
name: This field is required
EXTRA INFO:
Unknown
----------------------------------
[CALLER: Promise {
  <rejected> DiscordAPIError: Invalid Form Body
  name: This field is required
      at RequestHandler.execute (C:\Users\jaces\Desktop\Corebot\node_modules\discord.js\src\rest\RequestHandler.js:170:25)
      at runMicrotasks (<anonymous>)
      at processTicksAndRejections (internal/process/task_queues.js:93:5) {
    method: 'post',
    path: '/guilds/832046329068650526/channels',
    code: 50035,
    httpStatus: 400
  }
} | MS: 1620360358671 | DATE: 5/6/2021, 11:05:58 PM]
----------------------------------
DiscordAPIError: Invalid Form Body
name: This field is required
EXTRA INFO:
Unknown
----------------------------------
[CALLER: Promise {
  <rejected> DiscordAPIError: Invalid Form Body
  name: This field is required
      at RequestHandler.execute (C:\Users\jaces\Desktop\Corebot\node_modules\discord.js\src\rest\RequestHandler.js:170:25)
      at runMicrotasks (<anonymous>)
      at processTicksAndRejections (internal/process/task_queues.js:93:5) {
    method: 'post',
    path: '/guilds/837104198419611649/channels',
    code: 50035,
    httpStatus: 400
  }
} | MS: 1620360374877 | DATE: 5/6/2021, 11:06:14 PM]
----------------------------------
DiscordAPIError: Invalid Form Body
name: This field is required
EXTRA INFO:
Unknown
----------------------------------
[CALLER: Promise {
  <rejected> DiscordAPIError: Invalid Form Body
  name: This field is required
      at RequestHandler.execute (C:\Users\jaces\Desktop\Corebot\node_modules\discord.js\src\rest\RequestHandler.js:170:25)
      at runMicrotasks (<anonymous>)
      at processTicksAndRejections (internal/process/task_queues.js:93:5) {
    method: 'post',
    path: '/guilds/832046329068650526/channels',
    code: 50035,
    httpStatus: 400
  }
} | MS: 1620360374928 | DATE: 5/6/2021, 11:06:14 PM]
----------------------------------
DiscordAPIError: Invalid Form Body
name: This field is required
EXTRA INFO:
Unknown
----------------------------------
[CALLER: Promise {
  <rejected> DiscordAPIError: Invalid Form Body
  name: This field is required
      at RequestHandler.execute (C:\Users\jaces\Desktop\Corebot\node_modules\discord.js\src\rest\RequestHandler.js:170:25)
      at runMicrotasks (<anonymous>)
      at processTicksAndRejections (internal/process/task_queues.js:93:5) {
    method: 'post',
    path: '/guilds/837104198419611649/channels',
    code: 50035,
    httpStatus: 400
  }
} | MS: 1620360388640 | DATE: 5/6/2021, 11:06:28 PM]
----------------------------------
DiscordAPIError: Invalid Form Body
name: This field is required
EXTRA INFO:
Unknown
----------------------------------
[CALLER: Promise {
  <rejected> DiscordAPIError: Invalid Form Body
  name: This field is required
      at RequestHandler.execute (C:\Users\jaces\Desktop\Corebot\node_modules\discord.js\src\rest\RequestHandler.js:170:25)
      at runMicrotasks (<anonymous>)
      at processTicksAndRejections (internal/process/task_queues.js:93:5) {
    method: 'post',
    path: '/guilds/832046329068650526/channels',
    code: 50035,
    httpStatus: 400
  }
} | MS: 1620360388641 | DATE: 5/6/2021, 11:06:28 PM]
----------------------------------
DiscordAPIError: Invalid Form Body
name: This field is required
EXTRA INFO:
Unknown
----------------------------------
[CALLER: Promise {
  <rejected> DiscordAPIError: Invalid Form Body
  name: This field is required
      at RequestHandler.execute (C:\Users\jaces\Desktop\Corebot\node_modules\discord.js\src\rest\RequestHandler.js:170:25)
      at runMicrotasks (<anonymous>)
      at processTicksAndRejections (internal/process/task_queues.js:93:5) {
    method: 'post',
    path: '/guilds/837104198419611649/channels',
    code: 50035,
    httpStatus: 400
  }
} | MS: 1620360404883 | DATE: 5/6/2021, 11:06:44 PM]
----------------------------------
DiscordAPIError: Invalid Form Body
name: This field is required
EXTRA INFO:
Unknown
----------------------------------
[CALLER: Promise {
  <rejected> DiscordAPIError: Invalid Form Body
  name: This field is required
      at RequestHandler.execute (C:\Users\jaces\Desktop\Corebot\node_modules\discord.js\src\rest\RequestHandler.js:170:25)
      at runMicrotasks (<anonymous>)
      at processTicksAndRejections (internal/process/task_queues.js:93:5) {
    method: 'post',
    path: '/guilds/832046329068650526/channels',
    code: 50035,
    httpStatus: 400
  }
} | MS: 1620360404887 | DATE: 5/6/2021, 11:06:44 PM]
----------------------------------
DiscordAPIError: Invalid Form Body
name: This field is required
EXTRA INFO:
Unknown
----------------------------------
[CALLER: Promise {
  <rejected> DiscordAPIError: Invalid Form Body
  name: This field is required
      at RequestHandler.execute (C:\Users\jaces\Desktop\Corebot\node_modules\discord.js\src\rest\RequestHandler.js:170:25)
      at runMicrotasks (<anonymous>)
      at processTicksAndRejections (internal/process/task_queues.js:93:5) {
    method: 'post',
    path: '/guilds/837104198419611649/channels',
    code: 50035,
    httpStatus: 400
  }
} | MS: 1620360418650 | DATE: 5/6/2021, 11:06:58 PM]
----------------------------------
DiscordAPIError: Invalid Form Body
name: This field is required
EXTRA INFO:
Unknown
----------------------------------
[CALLER: Promise {
  <rejected> DiscordAPIError: Invalid Form Body
  name: This field is required
      at RequestHandler.execute (C:\Users\jaces\Desktop\Corebot\node_modules\discord.js\src\rest\RequestHandler.js:170:25)
      at runMicrotasks (<anonymous>)
      at processTicksAndRejections (internal/process/task_queues.js:93:5) {
    method: 'post',
    path: '/guilds/832046329068650526/channels',
    code: 50035,
    httpStatus: 400
  }
} | MS: 1620360418655 | DATE: 5/6/2021, 11:06:58 PM]
----------------------------------
DiscordAPIError: Invalid Form Body
name: This field is required
EXTRA INFO:
Unknown
----------------------------------
[CALLER: Promise {
  <rejected> DiscordAPIError: Invalid Form Body
  name: This field is required
      at RequestHandler.execute (C:\Users\jaces\Desktop\Corebot\node_modules\discord.js\src\rest\RequestHandler.js:170:25)
      at runMicrotasks (<anonymous>)
      at processTicksAndRejections (internal/process/task_queues.js:93:5) {
    method: 'post',
    path: '/guilds/832046329068650526/channels',
    code: 50035,
    httpStatus: 400
  }
} | MS: 1620360434890 | DATE: 5/6/2021, 11:07:14 PM]
----------------------------------
DiscordAPIError: Invalid Form Body
name: This field is required
EXTRA INFO:
Unknown
----------------------------------
[CALLER: Promise {
  <rejected> DiscordAPIError: Invalid Form Body
  name: This field is required
      at RequestHandler.execute (C:\Users\jaces\Desktop\Corebot\node_modules\discord.js\src\rest\RequestHandler.js:170:25)
      at runMicrotasks (<anonymous>)
      at processTicksAndRejections (internal/process/task_queues.js:93:5) {
    method: 'post',
    path: '/guilds/837104198419611649/channels',
    code: 50035,
    httpStatus: 400
  }
} | MS: 1620360434900 | DATE: 5/6/2021, 11:07:14 PM]
----------------------------------
DiscordAPIError: Invalid Form Body
name: This field is required
EXTRA INFO:
Unknown
----------------------------------
[CALLER: Promise {
  <rejected> DiscordAPIError: Invalid Form Body
  name: This field is required
      at RequestHandler.execute (C:\Users\jaces\Desktop\Corebot\node_modules\discord.js\src\rest\RequestHandler.js:170:25)
      at runMicrotasks (<anonymous>)
      at processTicksAndRejections (internal/process/task_queues.js:93:5) {
    method: 'post',
    path: '/guilds/832046329068650526/channels',
    code: 50035,
    httpStatus: 400
  }
} | MS: 1620360448634 | DATE: 5/6/2021, 11:07:28 PM]
----------------------------------
DiscordAPIError: Invalid Form Body
name: This field is required
EXTRA INFO:
Unknown
----------------------------------
[CALLER: Promise {
  <rejected> DiscordAPIError: Invalid Form Body
  name: This field is required
      at RequestHandler.execute (C:\Users\jaces\Desktop\Corebot\node_modules\discord.js\src\rest\RequestHandler.js:170:25)
      at runMicrotasks (<anonymous>)
      at processTicksAndRejections (internal/process/task_queues.js:93:5) {
    method: 'post',
    path: '/guilds/837104198419611649/channels',
    code: 50035,
    httpStatus: 400
  }
} | MS: 1620360448647 | DATE: 5/6/2021, 11:07:28 PM]
----------------------------------
DiscordAPIError: Invalid Form Body
name: This field is required
EXTRA INFO:
Unknown
----------------------------------
[CALLER: Promise {
  <rejected> DiscordAPIError: Invalid Form Body
  name: This field is required
      at RequestHandler.execute (C:\Users\jaces\Desktop\Corebot\node_modules\discord.js\src\rest\RequestHandler.js:170:25)
      at runMicrotasks (<anonymous>)
      at processTicksAndRejections (internal/process/task_queues.js:93:5) {
    method: 'post',
    path: '/guilds/832046329068650526/channels',
    code: 50035,
    httpStatus: 400
  }
} | MS: 1620360464899 | DATE: 5/6/2021, 11:07:44 PM]
----------------------------------
DiscordAPIError: Invalid Form Body
name: This field is required
EXTRA INFO:
Unknown
----------------------------------
[CALLER: Promise {
  <rejected> DiscordAPIError: Invalid Form Body
  name: This field is required
      at RequestHandler.execute (C:\Users\jaces\Desktop\Corebot\node_modules\discord.js\src\rest\RequestHandler.js:170:25)
      at runMicrotasks (<anonymous>)
      at processTicksAndRejections (internal/process/task_queues.js:93:5) {
    method: 'post',
    path: '/guilds/837104198419611649/channels',
    code: 50035,
    httpStatus: 400
  }
} | MS: 1620360464900 | DATE: 5/6/2021, 11:07:44 PM]
----------------------------------
DiscordAPIError: Invalid Form Body
name: This field is required
EXTRA INFO:
Unknown
----------------------------------
[CALLER: Promise {
  <rejected> DiscordAPIError: Invalid Form Body
  name: This field is required
      at RequestHandler.execute (C:\Users\jaces\Desktop\Corebot\node_modules\discord.js\src\rest\RequestHandler.js:170:25)
      at runMicrotasks (<anonymous>)
      at processTicksAndRejections (internal/process/task_queues.js:93:5) {
    method: 'post',
    path: '/guilds/832046329068650526/channels',
    code: 50035,
    httpStatus: 400
  }
} | MS: 1620360478632 | DATE: 5/6/2021, 11:07:58 PM]
----------------------------------
DiscordAPIError: Invalid Form Body
name: This field is required
EXTRA INFO:
Unknown
----------------------------------
[CALLER: Promise {
  <rejected> DiscordAPIError: Invalid Form Body
  name: This field is required
      at RequestHandler.execute (C:\Users\jaces\Desktop\Corebot\node_modules\discord.js\src\rest\RequestHandler.js:170:25)
      at runMicrotasks (<anonymous>)
      at processTicksAndRejections (internal/process/task_queues.js:93:5) {
    method: 'post',
    path: '/guilds/837104198419611649/channels',
    code: 50035,
    httpStatus: 400
  }
} | MS: 1620360478633 | DATE: 5/6/2021, 11:07:58 PM]
----------------------------------
DiscordAPIError: Invalid Form Body
name: This field is required
EXTRA INFO:
Unknown
----------------------------------
[CALLER: Promise {
  <rejected> DiscordAPIError: Invalid Form Body
  name: This field is required
      at RequestHandler.execute (C:\Users\jaces\Desktop\Corebot\node_modules\discord.js\src\rest\RequestHandler.js:170:25)
      at runMicrotasks (<anonymous>)
      at processTicksAndRejections (internal/process/task_queues.js:93:5) {
    method: 'post',
    path: '/guilds/837104198419611649/channels',
    code: 50035,
    httpStatus: 400
  }
} | MS: 1620360494882 | DATE: 5/6/2021, 11:08:14 PM]
----------------------------------
DiscordAPIError: Invalid Form Body
name: This field is required
EXTRA INFO:
Unknown
----------------------------------
[CALLER: Promise {
  <rejected> DiscordAPIError: Invalid Form Body
  name: This field is required
      at RequestHandler.execute (C:\Users\jaces\Desktop\Corebot\node_modules\discord.js\src\rest\RequestHandler.js:170:25)
      at runMicrotasks (<anonymous>)
      at processTicksAndRejections (internal/process/task_queues.js:93:5) {
    method: 'post',
    path: '/guilds/832046329068650526/channels',
    code: 50035,
    httpStatus: 400
  }
} | MS: 1620360494905 | DATE: 5/6/2021, 11:08:14 PM]
----------------------------------
DiscordAPIError: Invalid Form Body
name: This field is required
EXTRA INFO:
Unknown
----------------------------------
[CALLER: Promise {
  <rejected> DiscordAPIError: Invalid Form Body
  name: This field is required
      at RequestHandler.execute (C:\Users\jaces\Desktop\Corebot\node_modules\discord.js\src\rest\RequestHandler.js:170:25)
      at runMicrotasks (<anonymous>)
      at processTicksAndRejections (internal/process/task_queues.js:93:5) {
    method: 'post',
    path: '/guilds/832046329068650526/channels',
    code: 50035,
    httpStatus: 400
  }
} | MS: 1620360508636 | DATE: 5/6/2021, 11:08:28 PM]
----------------------------------
DiscordAPIError: Invalid Form Body
name: This field is required
EXTRA INFO:
Unknown
----------------------------------
[CALLER: Promise {
  <rejected> DiscordAPIError: Invalid Form Body
  name: This field is required
      at RequestHandler.execute (C:\Users\jaces\Desktop\Corebot\node_modules\discord.js\src\rest\RequestHandler.js:170:25)
      at runMicrotasks (<anonymous>)
      at processTicksAndRejections (internal/process/task_queues.js:93:5) {
    method: 'post',
    path: '/guilds/837104198419611649/channels',
    code: 50035,
    httpStatus: 400
  }
} | MS: 1620360508704 | DATE: 5/6/2021, 11:08:28 PM]
----------------------------------
DiscordAPIError: Invalid Form Body
name: This field is required
EXTRA INFO:
Unknown
----------------------------------
[CALLER: Promise {
  <rejected> DiscordAPIError: Invalid Form Body
  name: This field is required
      at RequestHandler.execute (C:\Users\jaces\Desktop\Corebot\node_modules\discord.js\src\rest\RequestHandler.js:170:25)
      at runMicrotasks (<anonymous>)
      at processTicksAndRejections (internal/process/task_queues.js:93:5) {
    method: 'post',
    path: '/guilds/832046329068650526/channels',
    code: 50035,
    httpStatus: 400
  }
} | MS: 1620360524886 | DATE: 5/6/2021, 11:08:44 PM]
----------------------------------
DiscordAPIError: Invalid Form Body
name: This field is required
EXTRA INFO:
Unknown
----------------------------------
[CALLER: Promise {
  <rejected> DiscordAPIError: Invalid Form Body
  name: This field is required
      at RequestHandler.execute (C:\Users\jaces\Desktop\Corebot\node_modules\discord.js\src\rest\RequestHandler.js:170:25)
      at runMicrotasks (<anonymous>)
      at processTicksAndRejections (internal/process/task_queues.js:93:5) {
    method: 'post',
    path: '/guilds/837104198419611649/channels',
    code: 50035,
    httpStatus: 400
  }
} | MS: 1620360524942 | DATE: 5/6/2021, 11:08:44 PM]
----------------------------------
DiscordAPIError: Invalid Form Body
name: This field is required
EXTRA INFO:
Unknown
----------------------------------
[CALLER: Promise {
  <rejected> DiscordAPIError: Invalid Form Body
  name: This field is required
      at RequestHandler.execute (C:\Users\jaces\Desktop\Corebot\node_modules\discord.js\src\rest\RequestHandler.js:170:25)
      at runMicrotasks (<anonymous>)
      at processTicksAndRejections (internal/process/task_queues.js:93:5) {
    method: 'post',
    path: '/guilds/837104198419611649/channels',
    code: 50035,
    httpStatus: 400
  }
} | MS: 1620360538652 | DATE: 5/6/2021, 11:08:58 PM]
----------------------------------
DiscordAPIError: Invalid Form Body
name: This field is required
EXTRA INFO:
Unknown
----------------------------------
[CALLER: Promise {
  <rejected> DiscordAPIError: Invalid Form Body
  name: This field is required
      at RequestHandler.execute (C:\Users\jaces\Desktop\Corebot\node_modules\discord.js\src\rest\RequestHandler.js:170:25)
      at runMicrotasks (<anonymous>)
      at processTicksAndRejections (internal/process/task_queues.js:93:5) {
    method: 'post',
    path: '/guilds/832046329068650526/channels',
    code: 50035,
    httpStatus: 400
  }
} | MS: 1620360538654 | DATE: 5/6/2021, 11:08:58 PM]
----------------------------------
DiscordAPIError: Invalid Form Body
name: This field is required
EXTRA INFO:
Unknown
----------------------------------
[CALLER: Promise {
  <rejected> DiscordAPIError: Invalid Form Body
  name: This field is required
      at RequestHandler.execute (C:\Users\jaces\Desktop\Corebot\node_modules\discord.js\src\rest\RequestHandler.js:170:25)
      at runMicrotasks (<anonymous>)
      at processTicksAndRejections (internal/process/task_queues.js:93:5) {
    method: 'post',
    path: '/guilds/832046329068650526/channels',
    code: 50035,
    httpStatus: 400
  }
} | MS: 1620360554929 | DATE: 5/6/2021, 11:09:14 PM]
----------------------------------
DiscordAPIError: Invalid Form Body
name: This field is required
EXTRA INFO:
Unknown
----------------------------------
[CALLER: Promise {
  <rejected> DiscordAPIError: Invalid Form Body
  name: This field is required
      at RequestHandler.execute (C:\Users\jaces\Desktop\Corebot\node_modules\discord.js\src\rest\RequestHandler.js:170:25)
      at runMicrotasks (<anonymous>)
      at processTicksAndRejections (internal/process/task_queues.js:93:5) {
    method: 'post',
    path: '/guilds/837104198419611649/channels',
    code: 50035,
    httpStatus: 400
  }
} | MS: 1620360554973 | DATE: 5/6/2021, 11:09:14 PM]
----------------------------------
DiscordAPIError: Invalid Form Body
name: This field is required
EXTRA INFO:
Unknown
----------------------------------
[CALLER: Promise {
  <rejected> DiscordAPIError: Invalid Form Body
  name: This field is required
      at RequestHandler.execute (C:\Users\jaces\Desktop\Corebot\node_modules\discord.js\src\rest\RequestHandler.js:170:25)
      at runMicrotasks (<anonymous>)
      at processTicksAndRejections (internal/process/task_queues.js:93:5) {
    method: 'post',
    path: '/guilds/832046329068650526/channels',
    code: 50035,
    httpStatus: 400
  }
} | MS: 1620360568634 | DATE: 5/6/2021, 11:09:28 PM]
----------------------------------
DiscordAPIError: Invalid Form Body
name: This field is required
EXTRA INFO:
Unknown
----------------------------------
[CALLER: Promise {
  <rejected> DiscordAPIError: Invalid Form Body
  name: This field is required
      at RequestHandler.execute (C:\Users\jaces\Desktop\Corebot\node_modules\discord.js\src\rest\RequestHandler.js:170:25)
      at runMicrotasks (<anonymous>)
      at processTicksAndRejections (internal/process/task_queues.js:93:5) {
    method: 'post',
    path: '/guilds/837104198419611649/channels',
    code: 50035,
    httpStatus: 400
  }
} | MS: 1620360568675 | DATE: 5/6/2021, 11:09:28 PM]
----------------------------------
DiscordAPIError: Invalid Form Body
name: This field is required
EXTRA INFO:
Unknown
----------------------------------
[CALLER: Promise {
  <rejected> DiscordAPIError: Invalid Form Body
  name: This field is required
      at RequestHandler.execute (C:\Users\jaces\Desktop\Corebot\node_modules\discord.js\src\rest\RequestHandler.js:170:25)
      at runMicrotasks (<anonymous>)
      at processTicksAndRejections (internal/process/task_queues.js:93:5) {
    method: 'post',
    path: '/guilds/832046329068650526/channels',
    code: 50035,
    httpStatus: 400
  }
} | MS: 1620360584879 | DATE: 5/6/2021, 11:09:44 PM]
----------------------------------
DiscordAPIError: Invalid Form Body
name: This field is required
EXTRA INFO:
Unknown
----------------------------------
[CALLER: Promise {
  <rejected> DiscordAPIError: Invalid Form Body
  name: This field is required
      at RequestHandler.execute (C:\Users\jaces\Desktop\Corebot\node_modules\discord.js\src\rest\RequestHandler.js:170:25)
      at runMicrotasks (<anonymous>)
      at processTicksAndRejections (internal/process/task_queues.js:93:5) {
    method: 'post',
    path: '/guilds/837104198419611649/channels',
    code: 50035,
    httpStatus: 400
  }
} | MS: 1620360584907 | DATE: 5/6/2021, 11:09:44 PM]
----------------------------------
DiscordAPIError: Invalid Form Body
name: This field is required
EXTRA INFO:
Unknown
----------------------------------
[CALLER: Promise {
  <rejected> DiscordAPIError: Invalid Form Body
  name: This field is required
      at RequestHandler.execute (C:\Users\jaces\Desktop\Corebot\node_modules\discord.js\src\rest\RequestHandler.js:170:25)
      at runMicrotasks (<anonymous>)
      at processTicksAndRejections (internal/process/task_queues.js:93:5) {
    method: 'post',
    path: '/guilds/837104198419611649/channels',
    code: 50035,
    httpStatus: 400
  }
} | MS: 1620360598641 | DATE: 5/6/2021, 11:09:58 PM]
----------------------------------
DiscordAPIError: Invalid Form Body
name: This field is required
EXTRA INFO:
Unknown
----------------------------------
[CALLER: Promise {
  <rejected> DiscordAPIError: Invalid Form Body
  name: This field is required
      at RequestHandler.execute (C:\Users\jaces\Desktop\Corebot\node_modules\discord.js\src\rest\RequestHandler.js:170:25)
      at runMicrotasks (<anonymous>)
      at processTicksAndRejections (internal/process/task_queues.js:93:5) {
    method: 'post',
    path: '/guilds/832046329068650526/channels',
    code: 50035,
    httpStatus: 400
  }
} | MS: 1620360598649 | DATE: 5/6/2021, 11:09:58 PM]
----------------------------------
DiscordAPIError: Invalid Form Body
name: This field is required
EXTRA INFO:
Unknown
----------------------------------
[CALLER: Promise {
  <rejected> DiscordAPIError: Invalid Form Body
  name: This field is required
      at RequestHandler.execute (C:\Users\jaces\Desktop\Corebot\node_modules\discord.js\src\rest\RequestHandler.js:170:25)
      at runMicrotasks (<anonymous>)
      at processTicksAndRejections (internal/process/task_queues.js:93:5) {
    method: 'post',
    path: '/guilds/837104198419611649/channels',
    code: 50035,
    httpStatus: 400
  }
} | MS: 1620360614887 | DATE: 5/6/2021, 11:10:14 PM]
----------------------------------
DiscordAPIError: Invalid Form Body
name: This field is required
EXTRA INFO:
Unknown
----------------------------------
[CALLER: Promise {
  <rejected> DiscordAPIError: Invalid Form Body
  name: This field is required
      at RequestHandler.execute (C:\Users\jaces\Desktop\Corebot\node_modules\discord.js\src\rest\RequestHandler.js:170:25)
      at runMicrotasks (<anonymous>)
      at processTicksAndRejections (internal/process/task_queues.js:93:5) {
    method: 'post',
    path: '/guilds/832046329068650526/channels',
    code: 50035,
    httpStatus: 400
  }
} | MS: 1620360614907 | DATE: 5/6/2021, 11:10:14 PM]
----------------------------------
DiscordAPIError: Invalid Form Body
name: This field is required
EXTRA INFO:
Unknown
----------------------------------
[CALLER: Promise {
  <rejected> DiscordAPIError: Invalid Form Body
  name: This field is required
      at RequestHandler.execute (C:\Users\jaces\Desktop\Corebot\node_modules\discord.js\src\rest\RequestHandler.js:170:25)
      at runMicrotasks (<anonymous>)
      at processTicksAndRejections (internal/process/task_queues.js:93:5) {
    method: 'post',
    path: '/guilds/837104198419611649/channels',
    code: 50035,
    httpStatus: 400
  }
} | MS: 1620360628628 | DATE: 5/6/2021, 11:10:28 PM]
----------------------------------
DiscordAPIError: Invalid Form Body
name: This field is required
EXTRA INFO:
Unknown
----------------------------------
[CALLER: Promise {
  <rejected> DiscordAPIError: Invalid Form Body
  name: This field is required
      at RequestHandler.execute (C:\Users\jaces\Desktop\Corebot\node_modules\discord.js\src\rest\RequestHandler.js:170:25)
      at runMicrotasks (<anonymous>)
      at processTicksAndRejections (internal/process/task_queues.js:93:5) {
    method: 'post',
    path: '/guilds/832046329068650526/channels',
    code: 50035,
    httpStatus: 400
  }
} | MS: 1620360628647 | DATE: 5/6/2021, 11:10:28 PM]
----------------------------------
DiscordAPIError: Invalid Form Body
name: This field is required
EXTRA INFO:
Unknown
----------------------------------
[CALLER: Promise {
  <rejected> DiscordAPIError: Invalid Form Body
  name: This field is required
      at RequestHandler.execute (C:\Users\jaces\Desktop\Corebot\node_modules\discord.js\src\rest\RequestHandler.js:170:25)
      at runMicrotasks (<anonymous>)
      at processTicksAndRejections (internal/process/task_queues.js:93:5) {
    method: 'post',
    path: '/guilds/832046329068650526/channels',
    code: 50035,
    httpStatus: 400
  }
} | MS: 1620360644913 | DATE: 5/6/2021, 11:10:44 PM]
----------------------------------
DiscordAPIError: Invalid Form Body
name: This field is required
EXTRA INFO:
Unknown
----------------------------------
[CALLER: Promise {
  <rejected> DiscordAPIError: Invalid Form Body
  name: This field is required
      at RequestHandler.execute (C:\Users\jaces\Desktop\Corebot\node_modules\discord.js\src\rest\RequestHandler.js:170:25)
      at runMicrotasks (<anonymous>)
      at processTicksAndRejections (internal/process/task_queues.js:93:5) {
    method: 'post',
    path: '/guilds/837104198419611649/channels',
    code: 50035,
    httpStatus: 400
  }
} | MS: 1620360644914 | DATE: 5/6/2021, 11:10:44 PM]
----------------------------------
DiscordAPIError: Invalid Form Body
name: This field is required
EXTRA INFO:
Unknown
----------------------------------
[CALLER: Promise {
  <rejected> DiscordAPIError: Invalid Form Body
  name: This field is required
      at RequestHandler.execute (C:\Users\jaces\Desktop\Corebot\node_modules\discord.js\src\rest\RequestHandler.js:170:25)
      at runMicrotasks (<anonymous>)
      at processTicksAndRejections (internal/process/task_queues.js:93:5) {
    method: 'post',
    path: '/guilds/832046329068650526/channels',
    code: 50035,
    httpStatus: 400
  }
} | MS: 1620360658642 | DATE: 5/6/2021, 11:10:58 PM]
----------------------------------
DiscordAPIError: Invalid Form Body
name: This field is required
EXTRA INFO:
Unknown
----------------------------------
[CALLER: Promise {
  <rejected> DiscordAPIError: Invalid Form Body
  name: This field is required
      at RequestHandler.execute (C:\Users\jaces\Desktop\Corebot\node_modules\discord.js\src\rest\RequestHandler.js:170:25)
      at runMicrotasks (<anonymous>)
      at processTicksAndRejections (internal/process/task_queues.js:93:5) {
    method: 'post',
    path: '/guilds/837104198419611649/channels',
    code: 50035,
    httpStatus: 400
  }
} | MS: 1620360658673 | DATE: 5/6/2021, 11:10:58 PM]
----------------------------------
DiscordAPIError: Invalid Form Body
name: This field is required
EXTRA INFO:
Unknown
----------------------------------
[CALLER: Promise {
  <rejected> DiscordAPIError: Invalid Form Body
  name: This field is required
      at RequestHandler.execute (C:\Users\jaces\Desktop\Corebot\node_modules\discord.js\src\rest\RequestHandler.js:170:25)
      at runMicrotasks (<anonymous>)
      at processTicksAndRejections (internal/process/task_queues.js:93:5) {
    method: 'post',
    path: '/guilds/832046329068650526/channels',
    code: 50035,
    httpStatus: 400
  }
} | MS: 1620360674895 | DATE: 5/6/2021, 11:11:14 PM]
----------------------------------
DiscordAPIError: Invalid Form Body
name: This field is required
EXTRA INFO:
Unknown
----------------------------------
[CALLER: Promise {
  <rejected> DiscordAPIError: Invalid Form Body
  name: This field is required
      at RequestHandler.execute (C:\Users\jaces\Desktop\Corebot\node_modules\discord.js\src\rest\RequestHandler.js:170:25)
      at runMicrotasks (<anonymous>)
      at processTicksAndRejections (internal/process/task_queues.js:93:5) {
    method: 'post',
    path: '/guilds/837104198419611649/channels',
    code: 50035,
    httpStatus: 400
  }
} | MS: 1620360674936 | DATE: 5/6/2021, 11:11:14 PM]
----------------------------------
DiscordAPIError: Invalid Form Body
name: This field is required
EXTRA INFO:
Unknown
----------------------------------
[CALLER: Promise {
  <rejected> DiscordAPIError: Invalid Form Body
  name: This field is required
      at RequestHandler.execute (C:\Users\jaces\Desktop\Corebot\node_modules\discord.js\src\rest\RequestHandler.js:170:25)
      at runMicrotasks (<anonymous>)
      at processTicksAndRejections (internal/process/task_queues.js:93:5) {
    method: 'post',
    path: '/guilds/837104198419611649/channels',
    code: 50035,
    httpStatus: 400
  }
} | MS: 1620360688633 | DATE: 5/6/2021, 11:11:28 PM]
----------------------------------
DiscordAPIError: Invalid Form Body
name: This field is required
EXTRA INFO:
Unknown
----------------------------------
[CALLER: Promise {
  <rejected> DiscordAPIError: Invalid Form Body
  name: This field is required
      at RequestHandler.execute (C:\Users\jaces\Desktop\Corebot\node_modules\discord.js\src\rest\RequestHandler.js:170:25)
      at runMicrotasks (<anonymous>)
      at processTicksAndRejections (internal/process/task_queues.js:93:5) {
    method: 'post',
    path: '/guilds/832046329068650526/channels',
    code: 50035,
    httpStatus: 400
  }
} | MS: 1620360688644 | DATE: 5/6/2021, 11:11:28 PM]
----------------------------------
DiscordAPIError: Invalid Form Body
name: This field is required
EXTRA INFO:
Unknown
----------------------------------
[CALLER: Promise {
  <rejected> DiscordAPIError: Invalid Form Body
  name: This field is required
      at RequestHandler.execute (C:\Users\jaces\Desktop\Corebot\node_modules\discord.js\src\rest\RequestHandler.js:170:25)
      at runMicrotasks (<anonymous>)
      at processTicksAndRejections (internal/process/task_queues.js:93:5) {
    method: 'post',
    path: '/guilds/832046329068650526/channels',
    code: 50035,
    httpStatus: 400
  }
} | MS: 1620360704900 | DATE: 5/6/2021, 11:11:44 PM]
----------------------------------
DiscordAPIError: Invalid Form Body
name: This field is required
EXTRA INFO:
Unknown
----------------------------------
[CALLER: Promise {
  <rejected> DiscordAPIError: Invalid Form Body
  name: This field is required
      at RequestHandler.execute (C:\Users\jaces\Desktop\Corebot\node_modules\discord.js\src\rest\RequestHandler.js:170:25)
      at runMicrotasks (<anonymous>)
      at processTicksAndRejections (internal/process/task_queues.js:93:5) {
    method: 'post',
    path: '/guilds/837104198419611649/channels',
    code: 50035,
    httpStatus: 400
  }
} | MS: 1620360704905 | DATE: 5/6/2021, 11:11:44 PM]
----------------------------------
DiscordAPIError: Invalid Form Body
name: This field is required
EXTRA INFO:
Unknown
----------------------------------
[CALLER: Promise {
  <rejected> DiscordAPIError: Invalid Form Body
  name: This field is required
      at RequestHandler.execute (C:\Users\jaces\Desktop\Corebot\node_modules\discord.js\src\rest\RequestHandler.js:170:25)
      at runMicrotasks (<anonymous>)
      at processTicksAndRejections (internal/process/task_queues.js:93:5) {
    method: 'post',
    path: '/guilds/832046329068650526/channels',
    code: 50035,
    httpStatus: 400
  }
} | MS: 1620360718649 | DATE: 5/6/2021, 11:11:58 PM]
----------------------------------
DiscordAPIError: Invalid Form Body
name: This field is required
EXTRA INFO:
Unknown
----------------------------------
[CALLER: Promise {
  <rejected> DiscordAPIError: Invalid Form Body
  name: This field is required
      at RequestHandler.execute (C:\Users\jaces\Desktop\Corebot\node_modules\discord.js\src\rest\RequestHandler.js:170:25)
      at runMicrotasks (<anonymous>)
      at processTicksAndRejections (internal/process/task_queues.js:93:5) {
    method: 'post',
    path: '/guilds/837104198419611649/channels',
    code: 50035,
    httpStatus: 400
  }
} | MS: 1620360718664 | DATE: 5/6/2021, 11:11:58 PM]
----------------------------------
DiscordAPIError: Invalid Form Body
name: This field is required
EXTRA INFO:
Unknown
----------------------------------
[CALLER: Promise {
  <rejected> DiscordAPIError: Invalid Form Body
  name: This field is required
      at RequestHandler.execute (C:\Users\jaces\Desktop\Corebot\node_modules\discord.js\src\rest\RequestHandler.js:170:25)
      at runMicrotasks (<anonymous>)
      at processTicksAndRejections (internal/process/task_queues.js:93:5) {
    method: 'post',
    path: '/guilds/837104198419611649/channels',
    code: 50035,
    httpStatus: 400
  }
} | MS: 1620360734890 | DATE: 5/6/2021, 11:12:14 PM]
----------------------------------
DiscordAPIError: Invalid Form Body
name: This field is required
EXTRA INFO:
Unknown
----------------------------------
[CALLER: Promise {
  <rejected> DiscordAPIError: Invalid Form Body
  name: This field is required
      at RequestHandler.execute (C:\Users\jaces\Desktop\Corebot\node_modules\discord.js\src\rest\RequestHandler.js:170:25)
      at runMicrotasks (<anonymous>)
      at processTicksAndRejections (internal/process/task_queues.js:93:5) {
    method: 'post',
    path: '/guilds/832046329068650526/channels',
    code: 50035,
    httpStatus: 400
  }
} | MS: 1620360734893 | DATE: 5/6/2021, 11:12:14 PM]
----------------------------------
DiscordAPIError: Invalid Form Body
name: This field is required
EXTRA INFO:
Unknown
----------------------------------
[CALLER: Promise {
  <rejected> DiscordAPIError: Invalid Form Body
  name: This field is required
      at RequestHandler.execute (C:\Users\jaces\Desktop\Corebot\node_modules\discord.js\src\rest\RequestHandler.js:170:25)
      at runMicrotasks (<anonymous>)
      at processTicksAndRejections (internal/process/task_queues.js:93:5) {
    method: 'post',
    path: '/guilds/837104198419611649/channels',
    code: 50035,
    httpStatus: 400
  }
} | MS: 1620360748632 | DATE: 5/6/2021, 11:12:28 PM]
----------------------------------
DiscordAPIError: Invalid Form Body
name: This field is required
EXTRA INFO:
Unknown
----------------------------------
[CALLER: Promise {
  <rejected> DiscordAPIError: Invalid Form Body
  name: This field is required
      at RequestHandler.execute (C:\Users\jaces\Desktop\Corebot\node_modules\discord.js\src\rest\RequestHandler.js:170:25)
      at runMicrotasks (<anonymous>)
      at processTicksAndRejections (internal/process/task_queues.js:93:5) {
    method: 'post',
    path: '/guilds/832046329068650526/channels',
    code: 50035,
    httpStatus: 400
  }
} | MS: 1620360748642 | DATE: 5/6/2021, 11:12:28 PM]
----------------------------------
DiscordAPIError: Invalid Form Body
name: This field is required
EXTRA INFO:
Unknown
----------------------------------
[CALLER: Promise {
  <rejected> DiscordAPIError: Invalid Form Body
  name: This field is required
      at RequestHandler.execute (C:\Users\jaces\Desktop\Corebot\node_modules\discord.js\src\rest\RequestHandler.js:170:25)
      at runMicrotasks (<anonymous>)
      at processTicksAndRejections (internal/process/task_queues.js:93:5) {
    method: 'post',
    path: '/guilds/837104198419611649/channels',
    code: 50035,
    httpStatus: 400
  }
} | MS: 1620360764885 | DATE: 5/6/2021, 11:12:44 PM]
----------------------------------
DiscordAPIError: Invalid Form Body
name: This field is required
EXTRA INFO:
Unknown
----------------------------------
[CALLER: Promise {
  <rejected> DiscordAPIError: Invalid Form Body
  name: This field is required
      at RequestHandler.execute (C:\Users\jaces\Desktop\Corebot\node_modules\discord.js\src\rest\RequestHandler.js:170:25)
      at runMicrotasks (<anonymous>)
      at processTicksAndRejections (internal/process/task_queues.js:93:5) {
    method: 'post',
    path: '/guilds/832046329068650526/channels',
    code: 50035,
    httpStatus: 400
  }
} | MS: 1620360764924 | DATE: 5/6/2021, 11:12:44 PM]
----------------------------------
DiscordAPIError: Invalid Form Body
name: This field is required
EXTRA INFO:
Unknown
----------------------------------
[CALLER: Promise {
  <rejected> DiscordAPIError: Invalid Form Body
  name: This field is required
      at RequestHandler.execute (C:\Users\jaces\Desktop\Corebot\node_modules\discord.js\src\rest\RequestHandler.js:170:25)
      at runMicrotasks (<anonymous>)
      at processTicksAndRejections (internal/process/task_queues.js:93:5) {
    method: 'post',
    path: '/guilds/837104198419611649/channels',
    code: 50035,
    httpStatus: 400
  }
} | MS: 1620360778647 | DATE: 5/6/2021, 11:12:58 PM]
----------------------------------
DiscordAPIError: Invalid Form Body
name: This field is required
EXTRA INFO:
Unknown
----------------------------------
[CALLER: Promise {
  <rejected> DiscordAPIError: Invalid Form Body
  name: This field is required
      at RequestHandler.execute (C:\Users\jaces\Desktop\Corebot\node_modules\discord.js\src\rest\RequestHandler.js:170:25)
      at runMicrotasks (<anonymous>)
      at processTicksAndRejections (internal/process/task_queues.js:93:5) {
    method: 'post',
    path: '/guilds/832046329068650526/channels',
    code: 50035,
    httpStatus: 400
  }
} | MS: 1620360778691 | DATE: 5/6/2021, 11:12:58 PM]
----------------------------------
DiscordAPIError: Invalid Form Body
name: This field is required
EXTRA INFO:
Unknown
----------------------------------
[CALLER: Promise {
  <rejected> DiscordAPIError: Invalid Form Body
  name: This field is required
      at RequestHandler.execute (C:\Users\jaces\Desktop\Corebot\node_modules\discord.js\src\rest\RequestHandler.js:170:25)
      at runMicrotasks (<anonymous>)
      at processTicksAndRejections (internal/process/task_queues.js:93:5) {
    method: 'post',
    path: '/guilds/837104198419611649/channels',
    code: 50035,
    httpStatus: 400
  }
} | MS: 1620360794888 | DATE: 5/6/2021, 11:13:14 PM]
----------------------------------
DiscordAPIError: Invalid Form Body
name: This field is required
EXTRA INFO:
Unknown
----------------------------------
[CALLER: Promise {
  <rejected> DiscordAPIError: Invalid Form Body
  name: This field is required
      at RequestHandler.execute (C:\Users\jaces\Desktop\Corebot\node_modules\discord.js\src\rest\RequestHandler.js:170:25)
      at runMicrotasks (<anonymous>)
      at processTicksAndRejections (internal/process/task_queues.js:93:5) {
    method: 'post',
    path: '/guilds/832046329068650526/channels',
    code: 50035,
    httpStatus: 400
  }
} | MS: 1620360794893 | DATE: 5/6/2021, 11:13:14 PM]
----------------------------------
DiscordAPIError: Invalid Form Body
name: This field is required
EXTRA INFO:
Unknown
----------------------------------
[CALLER: Promise {
  <rejected> DiscordAPIError: Invalid Form Body
  name: This field is required
      at RequestHandler.execute (C:\Users\jaces\Desktop\Corebot\node_modules\discord.js\src\rest\RequestHandler.js:170:25)
      at runMicrotasks (<anonymous>)
      at processTicksAndRejections (internal/process/task_queues.js:93:5) {
    method: 'post',
    path: '/guilds/837104198419611649/channels',
    code: 50035,
    httpStatus: 400
  }
} | MS: 1620360808634 | DATE: 5/6/2021, 11:13:28 PM]
----------------------------------
DiscordAPIError: Invalid Form Body
name: This field is required
EXTRA INFO:
Unknown
----------------------------------
[CALLER: Promise {
  <rejected> DiscordAPIError: Invalid Form Body
  name: This field is required
      at RequestHandler.execute (C:\Users\jaces\Desktop\Corebot\node_modules\discord.js\src\rest\RequestHandler.js:170:25)
      at runMicrotasks (<anonymous>)
      at processTicksAndRejections (internal/process/task_queues.js:93:5) {
    method: 'post',
    path: '/guilds/832046329068650526/channels',
    code: 50035,
    httpStatus: 400
  }
} | MS: 1620360808668 | DATE: 5/6/2021, 11:13:28 PM]
----------------------------------
DiscordAPIError: Invalid Form Body
name: This field is required
EXTRA INFO:
Unknown
----------------------------------
[CALLER: Promise {
  <rejected> DiscordAPIError: Invalid Form Body
  name: This field is required
      at RequestHandler.execute (C:\Users\jaces\Desktop\Corebot\node_modules\discord.js\src\rest\RequestHandler.js:170:25)
      at runMicrotasks (<anonymous>)
      at processTicksAndRejections (internal/process/task_queues.js:93:5) {
    method: 'post',
    path: '/guilds/832046329068650526/channels',
    code: 50035,
    httpStatus: 400
  }
} | MS: 1620360824897 | DATE: 5/6/2021, 11:13:44 PM]
----------------------------------
DiscordAPIError: Invalid Form Body
name: This field is required
EXTRA INFO:
Unknown
----------------------------------
[CALLER: Promise {
  <rejected> DiscordAPIError: Invalid Form Body
  name: This field is required
      at RequestHandler.execute (C:\Users\jaces\Desktop\Corebot\node_modules\discord.js\src\rest\RequestHandler.js:170:25)
      at runMicrotasks (<anonymous>)
      at processTicksAndRejections (internal/process/task_queues.js:93:5) {
    method: 'post',
    path: '/guilds/837104198419611649/channels',
    code: 50035,
    httpStatus: 400
  }
} | MS: 1620360824901 | DATE: 5/6/2021, 11:13:44 PM]
----------------------------------
DiscordAPIError: Invalid Form Body
name: This field is required
EXTRA INFO:
Unknown
----------------------------------
[CALLER: Promise {
  <rejected> DiscordAPIError: Invalid Form Body
  name: This field is required
      at RequestHandler.execute (C:\Users\jaces\Desktop\Corebot\node_modules\discord.js\src\rest\RequestHandler.js:170:25)
      at runMicrotasks (<anonymous>)
      at processTicksAndRejections (internal/process/task_queues.js:93:5) {
    method: 'post',
    path: '/guilds/837104198419611649/channels',
    code: 50035,
    httpStatus: 400
  }
} | MS: 1620360838630 | DATE: 5/6/2021, 11:13:58 PM]
----------------------------------
DiscordAPIError: Invalid Form Body
name: This field is required
EXTRA INFO:
Unknown
----------------------------------
[CALLER: Promise {
  <rejected> DiscordAPIError: Invalid Form Body
  name: This field is required
      at RequestHandler.execute (C:\Users\jaces\Desktop\Corebot\node_modules\discord.js\src\rest\RequestHandler.js:170:25)
      at runMicrotasks (<anonymous>)
      at processTicksAndRejections (internal/process/task_queues.js:93:5) {
    method: 'post',
    path: '/guilds/832046329068650526/channels',
    code: 50035,
    httpStatus: 400
  }
} | MS: 1620360838651 | DATE: 5/6/2021, 11:13:58 PM]
----------------------------------
DiscordAPIError: Invalid Form Body
name: This field is required
EXTRA INFO:
Unknown
----------------------------------
[CALLER: Promise {
  <rejected> DiscordAPIError: Invalid Form Body
  name: This field is required
      at RequestHandler.execute (C:\Users\jaces\Desktop\Corebot\node_modules\discord.js\src\rest\RequestHandler.js:170:25)
      at runMicrotasks (<anonymous>)
      at processTicksAndRejections (internal/process/task_queues.js:93:5) {
    method: 'post',
    path: '/guilds/837104198419611649/channels',
    code: 50035,
    httpStatus: 400
  }
} | MS: 1620360854925 | DATE: 5/6/2021, 11:14:14 PM]
----------------------------------
DiscordAPIError: Invalid Form Body
name: This field is required
EXTRA INFO:
Unknown
----------------------------------
[CALLER: Promise {
  <rejected> DiscordAPIError: Invalid Form Body
  name: This field is required
      at RequestHandler.execute (C:\Users\jaces\Desktop\Corebot\node_modules\discord.js\src\rest\RequestHandler.js:170:25)
      at runMicrotasks (<anonymous>)
      at processTicksAndRejections (internal/process/task_queues.js:93:5) {
    method: 'post',
    path: '/guilds/832046329068650526/channels',
    code: 50035,
    httpStatus: 400
  }
} | MS: 1620360854979 | DATE: 5/6/2021, 11:14:14 PM]
----------------------------------
DiscordAPIError: Invalid Form Body
name: This field is required
EXTRA INFO:
Unknown
----------------------------------
[CALLER: Promise {
  <rejected> DiscordAPIError: Invalid Form Body
  name: This field is required
      at RequestHandler.execute (C:\Users\jaces\Desktop\Corebot\node_modules\discord.js\src\rest\RequestHandler.js:170:25)
      at runMicrotasks (<anonymous>)
      at processTicksAndRejections (internal/process/task_queues.js:93:5) {
    method: 'post',
    path: '/guilds/837104198419611649/channels',
    code: 50035,
    httpStatus: 400
  }
} | MS: 1620360868635 | DATE: 5/6/2021, 11:14:28 PM]
----------------------------------
DiscordAPIError: Invalid Form Body
name: This field is required
EXTRA INFO:
Unknown
----------------------------------
[CALLER: Promise {
  <rejected> DiscordAPIError: Invalid Form Body
  name: This field is required
      at RequestHandler.execute (C:\Users\jaces\Desktop\Corebot\node_modules\discord.js\src\rest\RequestHandler.js:170:25)
      at runMicrotasks (<anonymous>)
      at processTicksAndRejections (internal/process/task_queues.js:93:5) {
    method: 'post',
    path: '/guilds/832046329068650526/channels',
    code: 50035,
    httpStatus: 400
  }
} | MS: 1620360868638 | DATE: 5/6/2021, 11:14:28 PM]
----------------------------------
DiscordAPIError: Invalid Form Body
name: This field is required
EXTRA INFO:
Unknown
----------------------------------
[CALLER: Promise {
  <rejected> DiscordAPIError: Invalid Form Body
  name: This field is required
      at RequestHandler.execute (C:\Users\jaces\Desktop\Corebot\node_modules\discord.js\src\rest\RequestHandler.js:170:25)
      at runMicrotasks (<anonymous>)
      at processTicksAndRejections (internal/process/task_queues.js:93:5) {
    method: 'post',
    path: '/guilds/832046329068650526/channels',
    code: 50035,
    httpStatus: 400
  }
} | MS: 1620360884890 | DATE: 5/6/2021, 11:14:44 PM]
----------------------------------
DiscordAPIError: Invalid Form Body
name: This field is required
EXTRA INFO:
Unknown
----------------------------------
[CALLER: Promise {
  <rejected> DiscordAPIError: Invalid Form Body
  name: This field is required
      at RequestHandler.execute (C:\Users\jaces\Desktop\Corebot\node_modules\discord.js\src\rest\RequestHandler.js:170:25)
      at runMicrotasks (<anonymous>)
      at processTicksAndRejections (internal/process/task_queues.js:93:5) {
    method: 'post',
    path: '/guilds/837104198419611649/channels',
    code: 50035,
    httpStatus: 400
  }
} | MS: 1620360884942 | DATE: 5/6/2021, 11:14:44 PM]
----------------------------------
DiscordAPIError: Invalid Form Body
name: This field is required
EXTRA INFO:
Unknown
----------------------------------
[CALLER: Promise {
  <rejected> DiscordAPIError: Invalid Form Body
  name: This field is required
      at RequestHandler.execute (C:\Users\jaces\Desktop\Corebot\node_modules\discord.js\src\rest\RequestHandler.js:170:25)
      at runMicrotasks (<anonymous>)
      at processTicksAndRejections (internal/process/task_queues.js:93:5) {
    method: 'post',
    path: '/guilds/832046329068650526/channels',
    code: 50035,
    httpStatus: 400
  }
} | MS: 1620360898632 | DATE: 5/6/2021, 11:14:58 PM]
----------------------------------
DiscordAPIError: Invalid Form Body
name: This field is required
EXTRA INFO:
Unknown
----------------------------------
[CALLER: Promise {
  <rejected> DiscordAPIError: Invalid Form Body
  name: This field is required
      at RequestHandler.execute (C:\Users\jaces\Desktop\Corebot\node_modules\discord.js\src\rest\RequestHandler.js:170:25)
      at runMicrotasks (<anonymous>)
      at processTicksAndRejections (internal/process/task_queues.js:93:5) {
    method: 'post',
    path: '/guilds/837104198419611649/channels',
    code: 50035,
    httpStatus: 400
  }
} | MS: 1620360898642 | DATE: 5/6/2021, 11:14:58 PM]
----------------------------------
DiscordAPIError: Invalid Form Body
name: This field is required
EXTRA INFO:
Unknown
----------------------------------
[CALLER: Promise {
  <rejected> DiscordAPIError: Invalid Form Body
  name: This field is required
      at RequestHandler.execute (C:\Users\jaces\Desktop\Corebot\node_modules\discord.js\src\rest\RequestHandler.js:170:25)
      at runMicrotasks (<anonymous>)
      at processTicksAndRejections (internal/process/task_queues.js:93:5) {
    method: 'post',
    path: '/guilds/837104198419611649/channels',
    code: 50035,
    httpStatus: 400
  }
} | MS: 1620360914896 | DATE: 5/6/2021, 11:15:14 PM]
----------------------------------
DiscordAPIError: Invalid Form Body
name: This field is required
EXTRA INFO:
Unknown
----------------------------------
[CALLER: Promise {
  <rejected> DiscordAPIError: Invalid Form Body
  name: This field is required
      at RequestHandler.execute (C:\Users\jaces\Desktop\Corebot\node_modules\discord.js\src\rest\RequestHandler.js:170:25)
      at runMicrotasks (<anonymous>)
      at processTicksAndRejections (internal/process/task_queues.js:93:5) {
    method: 'post',
    path: '/guilds/832046329068650526/channels',
    code: 50035,
    httpStatus: 400
  }
} | MS: 1620360914903 | DATE: 5/6/2021, 11:15:14 PM]
----------------------------------
DiscordAPIError: Invalid Form Body
name: This field is required
EXTRA INFO:
Unknown
----------------------------------
[CALLER: Promise {
  <rejected> DiscordAPIError: Invalid Form Body
  name: This field is required
      at RequestHandler.execute (C:\Users\jaces\Desktop\Corebot\node_modules\discord.js\src\rest\RequestHandler.js:170:25)
      at runMicrotasks (<anonymous>)
      at processTicksAndRejections (internal/process/task_queues.js:93:5) {
    method: 'post',
    path: '/guilds/837104198419611649/channels',
    code: 50035,
    httpStatus: 400
  }
} | MS: 1620360928636 | DATE: 5/6/2021, 11:15:28 PM]
----------------------------------
DiscordAPIError: Invalid Form Body
name: This field is required
EXTRA INFO:
Unknown
----------------------------------
[CALLER: Promise {
  <rejected> DiscordAPIError: Invalid Form Body
  name: This field is required
      at RequestHandler.execute (C:\Users\jaces\Desktop\Corebot\node_modules\discord.js\src\rest\RequestHandler.js:170:25)
      at runMicrotasks (<anonymous>)
      at processTicksAndRejections (internal/process/task_queues.js:93:5) {
    method: 'post',
    path: '/guilds/832046329068650526/channels',
    code: 50035,
    httpStatus: 400
  }
} | MS: 1620360928637 | DATE: 5/6/2021, 11:15:28 PM]
----------------------------------
DiscordAPIError: Invalid Form Body
name: This field is required
EXTRA INFO:
Unknown
----------------------------------
[CALLER: Promise {
  <rejected> DiscordAPIError: Invalid Form Body
  name: This field is required
      at RequestHandler.execute (C:\Users\jaces\Desktop\Corebot\node_modules\discord.js\src\rest\RequestHandler.js:170:25)
      at runMicrotasks (<anonymous>)
      at processTicksAndRejections (internal/process/task_queues.js:93:5) {
    method: 'post',
    path: '/guilds/832046329068650526/channels',
    code: 50035,
    httpStatus: 400
  }
} | MS: 1620360944895 | DATE: 5/6/2021, 11:15:44 PM]
----------------------------------
DiscordAPIError: Invalid Form Body
name: This field is required
EXTRA INFO:
Unknown
----------------------------------
[CALLER: Promise {
  <rejected> DiscordAPIError: Invalid Form Body
  name: This field is required
      at RequestHandler.execute (C:\Users\jaces\Desktop\Corebot\node_modules\discord.js\src\rest\RequestHandler.js:170:25)
      at runMicrotasks (<anonymous>)
      at processTicksAndRejections (internal/process/task_queues.js:93:5) {
    method: 'post',
    path: '/guilds/837104198419611649/channels',
    code: 50035,
    httpStatus: 400
  }
} | MS: 1620360944906 | DATE: 5/6/2021, 11:15:44 PM]
----------------------------------
DiscordAPIError: Invalid Form Body
name: This field is required
EXTRA INFO:
Unknown
----------------------------------
[CALLER: Promise {
  <rejected> DiscordAPIError: Invalid Form Body
  name: This field is required
      at RequestHandler.execute (C:\Users\jaces\Desktop\Corebot\node_modules\discord.js\src\rest\RequestHandler.js:170:25)
      at runMicrotasks (<anonymous>)
      at processTicksAndRejections (internal/process/task_queues.js:93:5) {
    method: 'post',
    path: '/guilds/837104198419611649/channels',
    code: 50035,
    httpStatus: 400
  }
} | MS: 1620360958640 | DATE: 5/6/2021, 11:15:58 PM]
----------------------------------
DiscordAPIError: Invalid Form Body
name: This field is required
EXTRA INFO:
Unknown
----------------------------------
[CALLER: Promise {
  <rejected> DiscordAPIError: Invalid Form Body
  name: This field is required
      at RequestHandler.execute (C:\Users\jaces\Desktop\Corebot\node_modules\discord.js\src\rest\RequestHandler.js:170:25)
      at runMicrotasks (<anonymous>)
      at processTicksAndRejections (internal/process/task_queues.js:93:5) {
    method: 'post',
    path: '/guilds/832046329068650526/channels',
    code: 50035,
    httpStatus: 400
  }
} | MS: 1620360958681 | DATE: 5/6/2021, 11:15:58 PM]
----------------------------------
DiscordAPIError: Invalid Form Body
name: This field is required
EXTRA INFO:
Unknown
----------------------------------
[CALLER: Promise {
  <rejected> DiscordAPIError: Invalid Form Body
  name: This field is required
      at RequestHandler.execute (C:\Users\jaces\Desktop\Corebot\node_modules\discord.js\src\rest\RequestHandler.js:170:25)
      at runMicrotasks (<anonymous>)
      at processTicksAndRejections (internal/process/task_queues.js:93:5) {
    method: 'post',
    path: '/guilds/837104198419611649/channels',
    code: 50035,
    httpStatus: 400
  }
} | MS: 1620360974901 | DATE: 5/6/2021, 11:16:14 PM]
----------------------------------
DiscordAPIError: Invalid Form Body
name: This field is required
EXTRA INFO:
Unknown
----------------------------------
[CALLER: Promise {
  <rejected> DiscordAPIError: Invalid Form Body
  name: This field is required
      at RequestHandler.execute (C:\Users\jaces\Desktop\Corebot\node_modules\discord.js\src\rest\RequestHandler.js:170:25)
      at runMicrotasks (<anonymous>)
      at processTicksAndRejections (internal/process/task_queues.js:93:5) {
    method: 'post',
    path: '/guilds/832046329068650526/channels',
    code: 50035,
    httpStatus: 400
  }
} | MS: 1620360974902 | DATE: 5/6/2021, 11:16:14 PM]
----------------------------------
DiscordAPIError: Invalid Form Body
name: This field is required
EXTRA INFO:
Unknown
----------------------------------
[CALLER: Promise {
  <rejected> DiscordAPIError: Invalid Form Body
  name: This field is required
      at RequestHandler.execute (C:\Users\jaces\Desktop\Corebot\node_modules\discord.js\src\rest\RequestHandler.js:170:25)
      at runMicrotasks (<anonymous>)
      at processTicksAndRejections (internal/process/task_queues.js:93:5) {
    method: 'post',
    path: '/guilds/837104198419611649/channels',
    code: 50035,
    httpStatus: 400
  }
} | MS: 1620360988672 | DATE: 5/6/2021, 11:16:28 PM]
----------------------------------
DiscordAPIError: Invalid Form Body
name: This field is required
EXTRA INFO:
Unknown
----------------------------------
[CALLER: Promise {
  <rejected> DiscordAPIError: Invalid Form Body
  name: This field is required
      at RequestHandler.execute (C:\Users\jaces\Desktop\Corebot\node_modules\discord.js\src\rest\RequestHandler.js:170:25)
      at runMicrotasks (<anonymous>)
      at processTicksAndRejections (internal/process/task_queues.js:93:5) {
    method: 'post',
    path: '/guilds/832046329068650526/channels',
    code: 50035,
    httpStatus: 400
  }
} | MS: 1620360988685 | DATE: 5/6/2021, 11:16:28 PM]
----------------------------------
DiscordAPIError: Invalid Form Body
name: This field is required
EXTRA INFO:
Unknown
----------------------------------
[CALLER: Promise {
  <rejected> DiscordAPIError: Invalid Form Body
  name: This field is required
      at RequestHandler.execute (C:\Users\jaces\Desktop\Corebot\node_modules\discord.js\src\rest\RequestHandler.js:170:25)
      at runMicrotasks (<anonymous>)
      at processTicksAndRejections (internal/process/task_queues.js:93:5) {
    method: 'post',
    path: '/guilds/832046329068650526/channels',
    code: 50035,
    httpStatus: 400
  }
} | MS: 1620361004897 | DATE: 5/6/2021, 11:16:44 PM]
----------------------------------
DiscordAPIError: Invalid Form Body
name: This field is required
EXTRA INFO:
Unknown
----------------------------------
[CALLER: Promise {
  <rejected> DiscordAPIError: Invalid Form Body
  name: This field is required
      at RequestHandler.execute (C:\Users\jaces\Desktop\Corebot\node_modules\discord.js\src\rest\RequestHandler.js:170:25)
      at runMicrotasks (<anonymous>)
      at processTicksAndRejections (internal/process/task_queues.js:93:5) {
    method: 'post',
    path: '/guilds/837104198419611649/channels',
    code: 50035,
    httpStatus: 400
  }
} | MS: 1620361004906 | DATE: 5/6/2021, 11:16:44 PM]
----------------------------------
DiscordAPIError: Invalid Form Body
name: This field is required
EXTRA INFO:
Unknown
----------------------------------
[CALLER: Promise {
  <rejected> DiscordAPIError: Invalid Form Body
  name: This field is required
      at RequestHandler.execute (C:\Users\jaces\Desktop\Corebot\node_modules\discord.js\src\rest\RequestHandler.js:170:25)
      at runMicrotasks (<anonymous>)
      at processTicksAndRejections (internal/process/task_queues.js:93:5) {
    method: 'post',
    path: '/guilds/832046329068650526/channels',
    code: 50035,
    httpStatus: 400
  }
} | MS: 1620361018641 | DATE: 5/6/2021, 11:16:58 PM]
----------------------------------
DiscordAPIError: Invalid Form Body
name: This field is required
EXTRA INFO:
Unknown
----------------------------------
[CALLER: Promise {
  <rejected> DiscordAPIError: Invalid Form Body
  name: This field is required
      at RequestHandler.execute (C:\Users\jaces\Desktop\Corebot\node_modules\discord.js\src\rest\RequestHandler.js:170:25)
      at runMicrotasks (<anonymous>)
      at processTicksAndRejections (internal/process/task_queues.js:93:5) {
    method: 'post',
    path: '/guilds/837104198419611649/channels',
    code: 50035,
    httpStatus: 400
  }
} | MS: 1620361018642 | DATE: 5/6/2021, 11:16:58 PM]
----------------------------------
DiscordAPIError: Invalid Form Body
name: This field is required
EXTRA INFO:
Unknown
----------------------------------
[CALLER: Promise {
  <rejected> DiscordAPIError: Invalid Form Body
  name: This field is required
      at RequestHandler.execute (C:\Users\jaces\Desktop\Corebot\node_modules\discord.js\src\rest\RequestHandler.js:170:25)
      at runMicrotasks (<anonymous>)
      at processTicksAndRejections (internal/process/task_queues.js:93:5) {
    method: 'post',
    path: '/guilds/837104198419611649/channels',
    code: 50035,
    httpStatus: 400
  }
} | MS: 1620361034889 | DATE: 5/6/2021, 11:17:14 PM]
----------------------------------
DiscordAPIError: Invalid Form Body
name: This field is required
EXTRA INFO:
Unknown
----------------------------------
[CALLER: Promise {
  <rejected> DiscordAPIError: Invalid Form Body
  name: This field is required
      at RequestHandler.execute (C:\Users\jaces\Desktop\Corebot\node_modules\discord.js\src\rest\RequestHandler.js:170:25)
      at runMicrotasks (<anonymous>)
      at processTicksAndRejections (internal/process/task_queues.js:93:5) {
    method: 'post',
    path: '/guilds/832046329068650526/channels',
    code: 50035,
    httpStatus: 400
  }
} | MS: 1620361034915 | DATE: 5/6/2021, 11:17:14 PM]
----------------------------------
DiscordAPIError: Invalid Form Body
name: This field is required
EXTRA INFO:
Unknown
----------------------------------
[CALLER: Promise {
  <rejected> DiscordAPIError: Invalid Form Body
  name: This field is required
      at RequestHandler.execute (C:\Users\jaces\Desktop\Corebot\node_modules\discord.js\src\rest\RequestHandler.js:170:25)
      at runMicrotasks (<anonymous>)
      at processTicksAndRejections (internal/process/task_queues.js:93:5) {
    method: 'post',
    path: '/guilds/832046329068650526/channels',
    code: 50035,
    httpStatus: 400
  }
} | MS: 1620361048631 | DATE: 5/6/2021, 11:17:28 PM]
----------------------------------
DiscordAPIError: Invalid Form Body
name: This field is required
EXTRA INFO:
Unknown
----------------------------------
[CALLER: Promise {
  <rejected> DiscordAPIError: Invalid Form Body
  name: This field is required
      at RequestHandler.execute (C:\Users\jaces\Desktop\Corebot\node_modules\discord.js\src\rest\RequestHandler.js:170:25)
      at runMicrotasks (<anonymous>)
      at processTicksAndRejections (internal/process/task_queues.js:93:5) {
    method: 'post',
    path: '/guilds/837104198419611649/channels',
    code: 50035,
    httpStatus: 400
  }
} | MS: 1620361048634 | DATE: 5/6/2021, 11:17:28 PM]
----------------------------------
DiscordAPIError: Invalid Form Body
name: This field is required
EXTRA INFO:
Unknown
----------------------------------
[CALLER: Promise {
  <rejected> DiscordAPIError: Invalid Form Body
  name: This field is required
      at RequestHandler.execute (C:\Users\jaces\Desktop\Corebot\node_modules\discord.js\src\rest\RequestHandler.js:170:25)
      at runMicrotasks (<anonymous>)
      at processTicksAndRejections (internal/process/task_queues.js:93:5) {
    method: 'post',
    path: '/guilds/832046329068650526/channels',
    code: 50035,
    httpStatus: 400
  }
} | MS: 1620361064896 | DATE: 5/6/2021, 11:17:44 PM]
----------------------------------
DiscordAPIError: Invalid Form Body
name: This field is required
EXTRA INFO:
Unknown
----------------------------------
[CALLER: Promise {
  <rejected> DiscordAPIError: Invalid Form Body
  name: This field is required
      at RequestHandler.execute (C:\Users\jaces\Desktop\Corebot\node_modules\discord.js\src\rest\RequestHandler.js:170:25)
      at runMicrotasks (<anonymous>)
      at processTicksAndRejections (internal/process/task_queues.js:93:5) {
    method: 'post',
    path: '/guilds/837104198419611649/channels',
    code: 50035,
    httpStatus: 400
  }
} | MS: 1620361064911 | DATE: 5/6/2021, 11:17:44 PM]
----------------------------------
DiscordAPIError: Invalid Form Body
name: This field is required
EXTRA INFO:
Unknown
----------------------------------
[CALLER: Promise {
  <rejected> DiscordAPIError: Invalid Form Body
  name: This field is required
      at RequestHandler.execute (C:\Users\jaces\Desktop\Corebot\node_modules\discord.js\src\rest\RequestHandler.js:170:25)
      at runMicrotasks (<anonymous>)
      at processTicksAndRejections (internal/process/task_queues.js:93:5) {
    method: 'post',
    path: '/guilds/837104198419611649/channels',
    code: 50035,
    httpStatus: 400
  }
} | MS: 1620361078639 | DATE: 5/6/2021, 11:17:58 PM]
----------------------------------
DiscordAPIError: Invalid Form Body
name: This field is required
EXTRA INFO:
Unknown
----------------------------------
[CALLER: Promise {
  <rejected> DiscordAPIError: Invalid Form Body
  name: This field is required
      at RequestHandler.execute (C:\Users\jaces\Desktop\Corebot\node_modules\discord.js\src\rest\RequestHandler.js:170:25)
      at runMicrotasks (<anonymous>)
      at processTicksAndRejections (internal/process/task_queues.js:93:5) {
    method: 'post',
    path: '/guilds/832046329068650526/channels',
    code: 50035,
    httpStatus: 400
  }
} | MS: 1620361078640 | DATE: 5/6/2021, 11:17:58 PM]
----------------------------------
DiscordAPIError: Invalid Form Body
name: This field is required
EXTRA INFO:
Unknown
----------------------------------
[CALLER: Promise {
  <rejected> DiscordAPIError: Invalid Form Body
  name: This field is required
      at RequestHandler.execute (C:\Users\jaces\Desktop\Corebot\node_modules\discord.js\src\rest\RequestHandler.js:170:25)
      at runMicrotasks (<anonymous>)
      at processTicksAndRejections (internal/process/task_queues.js:93:5) {
    method: 'post',
    path: '/guilds/832046329068650526/channels',
    code: 50035,
    httpStatus: 400
  }
} | MS: 1620361094901 | DATE: 5/6/2021, 11:18:14 PM]
----------------------------------
DiscordAPIError: Invalid Form Body
name: This field is required
EXTRA INFO:
Unknown
----------------------------------
[CALLER: Promise {
  <rejected> DiscordAPIError: Invalid Form Body
  name: This field is required
      at RequestHandler.execute (C:\Users\jaces\Desktop\Corebot\node_modules\discord.js\src\rest\RequestHandler.js:170:25)
      at runMicrotasks (<anonymous>)
      at processTicksAndRejections (internal/process/task_queues.js:93:5) {
    method: 'post',
    path: '/guilds/837104198419611649/channels',
    code: 50035,
    httpStatus: 400
  }
} | MS: 1620361094915 | DATE: 5/6/2021, 11:18:14 PM]
----------------------------------
DiscordAPIError: Invalid Form Body
name: This field is required
EXTRA INFO:
Unknown
----------------------------------
[CALLER: Promise {
  <rejected> DiscordAPIError: Invalid Form Body
  name: This field is required
      at RequestHandler.execute (C:\Users\jaces\Desktop\Corebot\node_modules\discord.js\src\rest\RequestHandler.js:170:25)
      at runMicrotasks (<anonymous>)
      at processTicksAndRejections (internal/process/task_queues.js:93:5) {
    method: 'post',
    path: '/guilds/837104198419611649/channels',
    code: 50035,
    httpStatus: 400
  }
} | MS: 1620361108670 | DATE: 5/6/2021, 11:18:28 PM]
----------------------------------
DiscordAPIError: Invalid Form Body
name: This field is required
EXTRA INFO:
Unknown
----------------------------------
[CALLER: Promise {
  <rejected> DiscordAPIError: Invalid Form Body
  name: This field is required
      at RequestHandler.execute (C:\Users\jaces\Desktop\Corebot\node_modules\discord.js\src\rest\RequestHandler.js:170:25)
      at runMicrotasks (<anonymous>)
      at processTicksAndRejections (internal/process/task_queues.js:93:5) {
    method: 'post',
    path: '/guilds/832046329068650526/channels',
    code: 50035,
    httpStatus: 400
  }
} | MS: 1620361108687 | DATE: 5/6/2021, 11:18:28 PM]
----------------------------------
DiscordAPIError: Invalid Form Body
name: This field is required
EXTRA INFO:
Unknown
----------------------------------
[CALLER: Promise {
  <rejected> DiscordAPIError: Invalid Form Body
  name: This field is required
      at RequestHandler.execute (C:\Users\jaces\Desktop\Corebot\node_modules\discord.js\src\rest\RequestHandler.js:170:25)
      at runMicrotasks (<anonymous>)
      at processTicksAndRejections (internal/process/task_queues.js:93:5) {
    method: 'post',
    path: '/guilds/832046329068650526/channels',
    code: 50035,
    httpStatus: 400
  }
} | MS: 1620361124897 | DATE: 5/6/2021, 11:18:44 PM]
----------------------------------
DiscordAPIError: Invalid Form Body
name: This field is required
EXTRA INFO:
Unknown
----------------------------------
[CALLER: Promise {
  <rejected> DiscordAPIError: Invalid Form Body
  name: This field is required
      at RequestHandler.execute (C:\Users\jaces\Desktop\Corebot\node_modules\discord.js\src\rest\RequestHandler.js:170:25)
      at runMicrotasks (<anonymous>)
      at processTicksAndRejections (internal/process/task_queues.js:93:5) {
    method: 'post',
    path: '/guilds/837104198419611649/channels',
    code: 50035,
    httpStatus: 400
  }
} | MS: 1620361124896 | DATE: 5/6/2021, 11:18:44 PM]
----------------------------------
DiscordAPIError: Invalid Form Body
name: This field is required
EXTRA INFO:
Unknown
----------------------------------
[CALLER: Promise {
  <rejected> DiscordAPIError: Invalid Form Body
  name: This field is required
      at RequestHandler.execute (C:\Users\jaces\Desktop\Corebot\node_modules\discord.js\src\rest\RequestHandler.js:170:25)
      at runMicrotasks (<anonymous>)
      at processTicksAndRejections (internal/process/task_queues.js:93:5) {
    method: 'post',
    path: '/guilds/832046329068650526/channels',
    code: 50035,
    httpStatus: 400
  }
} | MS: 1620361138630 | DATE: 5/6/2021, 11:18:58 PM]
----------------------------------
DiscordAPIError: Invalid Form Body
name: This field is required
EXTRA INFO:
Unknown
----------------------------------
[CALLER: Promise {
  <rejected> DiscordAPIError: Invalid Form Body
  name: This field is required
      at RequestHandler.execute (C:\Users\jaces\Desktop\Corebot\node_modules\discord.js\src\rest\RequestHandler.js:170:25)
      at runMicrotasks (<anonymous>)
      at processTicksAndRejections (internal/process/task_queues.js:93:5) {
    method: 'post',
    path: '/guilds/837104198419611649/channels',
    code: 50035,
    httpStatus: 400
  }
} | MS: 1620361138637 | DATE: 5/6/2021, 11:18:58 PM]
----------------------------------
DiscordAPIError: Invalid Form Body
name: This field is required
EXTRA INFO:
Unknown
----------------------------------
[CALLER: Promise {
  <rejected> DiscordAPIError: Invalid Form Body
  name: This field is required
      at RequestHandler.execute (C:\Users\jaces\Desktop\Corebot\node_modules\discord.js\src\rest\RequestHandler.js:170:25)
      at runMicrotasks (<anonymous>)
      at processTicksAndRejections (internal/process/task_queues.js:93:5) {
    method: 'post',
    path: '/guilds/837104198419611649/channels',
    code: 50035,
    httpStatus: 400
  }
} | MS: 1620361154887 | DATE: 5/6/2021, 11:19:14 PM]
----------------------------------
DiscordAPIError: Invalid Form Body
name: This field is required
EXTRA INFO:
Unknown
----------------------------------
[CALLER: Promise {
  <rejected> DiscordAPIError: Invalid Form Body
  name: This field is required
      at RequestHandler.execute (C:\Users\jaces\Desktop\Corebot\node_modules\discord.js\src\rest\RequestHandler.js:170:25)
      at runMicrotasks (<anonymous>)
      at processTicksAndRejections (internal/process/task_queues.js:93:5) {
    method: 'post',
    path: '/guilds/832046329068650526/channels',
    code: 50035,
    httpStatus: 400
  }
} | MS: 1620361154955 | DATE: 5/6/2021, 11:19:14 PM]
----------------------------------
DiscordAPIError: Invalid Form Body
name: This field is required
EXTRA INFO:
Unknown
----------------------------------
[CALLER: Promise {
  <rejected> DiscordAPIError: Invalid Form Body
  name: This field is required
      at RequestHandler.execute (C:\Users\jaces\Desktop\Corebot\node_modules\discord.js\src\rest\RequestHandler.js:170:25)
      at runMicrotasks (<anonymous>)
      at processTicksAndRejections (internal/process/task_queues.js:93:5) {
    method: 'post',
    path: '/guilds/837104198419611649/channels',
    code: 50035,
    httpStatus: 400
  }
} | MS: 1620361168638 | DATE: 5/6/2021, 11:19:28 PM]
----------------------------------
DiscordAPIError: Invalid Form Body
name: This field is required
EXTRA INFO:
Unknown
----------------------------------
[CALLER: Promise {
  <rejected> DiscordAPIError: Invalid Form Body
  name: This field is required
      at RequestHandler.execute (C:\Users\jaces\Desktop\Corebot\node_modules\discord.js\src\rest\RequestHandler.js:170:25)
      at runMicrotasks (<anonymous>)
      at processTicksAndRejections (internal/process/task_queues.js:93:5) {
    method: 'post',
    path: '/guilds/832046329068650526/channels',
    code: 50035,
    httpStatus: 400
  }
} | MS: 1620361168659 | DATE: 5/6/2021, 11:19:28 PM]
----------------------------------
DiscordAPIError: Invalid Form Body
name: This field is required
EXTRA INFO:
Unknown
----------------------------------
[CALLER: Promise {
  <rejected> DiscordAPIError: Invalid Form Body
  name: This field is required
      at RequestHandler.execute (C:\Users\jaces\Desktop\Corebot\node_modules\discord.js\src\rest\RequestHandler.js:170:25)
      at runMicrotasks (<anonymous>)
      at processTicksAndRejections (internal/process/task_queues.js:93:5) {
    method: 'post',
    path: '/guilds/832046329068650526/channels',
    code: 50035,
    httpStatus: 400
  }
} | MS: 1620361184921 | DATE: 5/6/2021, 11:19:44 PM]
----------------------------------
DiscordAPIError: Invalid Form Body
name: This field is required
EXTRA INFO:
Unknown
----------------------------------
[CALLER: Promise {
  <rejected> DiscordAPIError: Invalid Form Body
  name: This field is required
      at RequestHandler.execute (C:\Users\jaces\Desktop\Corebot\node_modules\discord.js\src\rest\RequestHandler.js:170:25)
      at runMicrotasks (<anonymous>)
      at processTicksAndRejections (internal/process/task_queues.js:93:5) {
    method: 'post',
    path: '/guilds/837104198419611649/channels',
    code: 50035,
    httpStatus: 400
  }
} | MS: 1620361184924 | DATE: 5/6/2021, 11:19:44 PM]
----------------------------------
DiscordAPIError: Invalid Form Body
name: This field is required
EXTRA INFO:
Unknown
----------------------------------
[CALLER: Promise {
  <rejected> DiscordAPIError: Invalid Form Body
  name: This field is required
      at RequestHandler.execute (C:\Users\jaces\Desktop\Corebot\node_modules\discord.js\src\rest\RequestHandler.js:170:25)
      at runMicrotasks (<anonymous>)
      at processTicksAndRejections (internal/process/task_queues.js:93:5) {
    method: 'post',
    path: '/guilds/832046329068650526/channels',
    code: 50035,
    httpStatus: 400
  }
} | MS: 1620361198645 | DATE: 5/6/2021, 11:19:58 PM]
----------------------------------
DiscordAPIError: Invalid Form Body
name: This field is required
EXTRA INFO:
Unknown
----------------------------------
[CALLER: Promise {
  <rejected> DiscordAPIError: Invalid Form Body
  name: This field is required
      at RequestHandler.execute (C:\Users\jaces\Desktop\Corebot\node_modules\discord.js\src\rest\RequestHandler.js:170:25)
      at runMicrotasks (<anonymous>)
      at processTicksAndRejections (internal/process/task_queues.js:93:5) {
    method: 'post',
    path: '/guilds/837104198419611649/channels',
    code: 50035,
    httpStatus: 400
  }
} | MS: 1620361198648 | DATE: 5/6/2021, 11:19:58 PM]
----------------------------------
DiscordAPIError: Invalid Form Body
name: This field is required
EXTRA INFO:
Unknown
----------------------------------
[CALLER: Promise {
  <rejected> DiscordAPIError: Invalid Form Body
  name: This field is required
      at RequestHandler.execute (C:\Users\jaces\Desktop\Corebot\node_modules\discord.js\src\rest\RequestHandler.js:170:25)
      at runMicrotasks (<anonymous>)
      at processTicksAndRejections (internal/process/task_queues.js:93:5) {
    method: 'post',
    path: '/guilds/837104198419611649/channels',
    code: 50035,
    httpStatus: 400
  }
} | MS: 1620361214894 | DATE: 5/6/2021, 11:20:14 PM]
----------------------------------
DiscordAPIError: Invalid Form Body
name: This field is required
EXTRA INFO:
Unknown
----------------------------------
[CALLER: Promise {
  <rejected> DiscordAPIError: Invalid Form Body
  name: This field is required
      at RequestHandler.execute (C:\Users\jaces\Desktop\Corebot\node_modules\discord.js\src\rest\RequestHandler.js:170:25)
      at runMicrotasks (<anonymous>)
      at processTicksAndRejections (internal/process/task_queues.js:93:5) {
    method: 'post',
    path: '/guilds/832046329068650526/channels',
    code: 50035,
    httpStatus: 400
  }
} | MS: 1620361214906 | DATE: 5/6/2021, 11:20:14 PM]
----------------------------------
DiscordAPIError: Invalid Form Body
name: This field is required
EXTRA INFO:
Unknown
----------------------------------
[CALLER: Promise {
  <rejected> DiscordAPIError: Invalid Form Body
  name: This field is required
      at RequestHandler.execute (C:\Users\jaces\Desktop\Corebot\node_modules\discord.js\src\rest\RequestHandler.js:170:25)
      at runMicrotasks (<anonymous>)
      at processTicksAndRejections (internal/process/task_queues.js:93:5) {
    method: 'post',
    path: '/guilds/832046329068650526/channels',
    code: 50035,
    httpStatus: 400
  }
} | MS: 1620361228648 | DATE: 5/6/2021, 11:20:28 PM]
----------------------------------
DiscordAPIError: Invalid Form Body
name: This field is required
EXTRA INFO:
Unknown
----------------------------------
[CALLER: Promise {
  <rejected> DiscordAPIError: Invalid Form Body
  name: This field is required
      at RequestHandler.execute (C:\Users\jaces\Desktop\Corebot\node_modules\discord.js\src\rest\RequestHandler.js:170:25)
      at runMicrotasks (<anonymous>)
      at processTicksAndRejections (internal/process/task_queues.js:93:5) {
    method: 'post',
    path: '/guilds/837104198419611649/channels',
    code: 50035,
    httpStatus: 400
  }
} | MS: 1620361228650 | DATE: 5/6/2021, 11:20:28 PM]
----------------------------------
DiscordAPIError: Invalid Form Body
name: This field is required
EXTRA INFO:
Unknown
----------------------------------
[CALLER: Promise {
  <rejected> DiscordAPIError: Invalid Form Body
  name: This field is required
      at RequestHandler.execute (C:\Users\jaces\Desktop\Corebot\node_modules\discord.js\src\rest\RequestHandler.js:170:25)
      at runMicrotasks (<anonymous>)
      at processTicksAndRejections (internal/process/task_queues.js:93:5) {
    method: 'post',
    path: '/guilds/837104198419611649/channels',
    code: 50035,
    httpStatus: 400
  }
} | MS: 1620361244891 | DATE: 5/6/2021, 11:20:44 PM]
----------------------------------
DiscordAPIError: Invalid Form Body
name: This field is required
EXTRA INFO:
Unknown
----------------------------------
[CALLER: Promise {
  <rejected> DiscordAPIError: Invalid Form Body
  name: This field is required
      at RequestHandler.execute (C:\Users\jaces\Desktop\Corebot\node_modules\discord.js\src\rest\RequestHandler.js:170:25)
      at runMicrotasks (<anonymous>)
      at processTicksAndRejections (internal/process/task_queues.js:93:5) {
    method: 'post',
    path: '/guilds/832046329068650526/channels',
    code: 50035,
    httpStatus: 400
  }
} | MS: 1620361244940 | DATE: 5/6/2021, 11:20:44 PM]
----------------------------------
DiscordAPIError: Invalid Form Body
name: This field is required
EXTRA INFO:
Unknown
----------------------------------
[CALLER: Promise {
  <rejected> DiscordAPIError: Invalid Form Body
  name: This field is required
      at RequestHandler.execute (C:\Users\jaces\Desktop\Corebot\node_modules\discord.js\src\rest\RequestHandler.js:170:25)
      at runMicrotasks (<anonymous>)
      at processTicksAndRejections (internal/process/task_queues.js:93:5) {
    method: 'post',
    path: '/guilds/837104198419611649/channels',
    code: 50035,
    httpStatus: 400
  }
} | MS: 1620361258684 | DATE: 5/6/2021, 11:20:58 PM]
----------------------------------
DiscordAPIError: Invalid Form Body
name: This field is required
EXTRA INFO:
Unknown
----------------------------------
[CALLER: Promise {
  <rejected> DiscordAPIError: Invalid Form Body
  name: This field is required
      at RequestHandler.execute (C:\Users\jaces\Desktop\Corebot\node_modules\discord.js\src\rest\RequestHandler.js:170:25)
      at runMicrotasks (<anonymous>)
      at processTicksAndRejections (internal/process/task_queues.js:93:5) {
    method: 'post',
    path: '/guilds/832046329068650526/channels',
    code: 50035,
    httpStatus: 400
  }
} | MS: 1620361258684 | DATE: 5/6/2021, 11:20:58 PM]
----------------------------------
DiscordAPIError: Invalid Form Body
name: This field is required
EXTRA INFO:
Unknown
----------------------------------
[CALLER: AddonHandler.js:123:44 | MS: 1620361442258 | DATE: 5/6/2021, 11:24:02 PM]
-------------------------------------------------------------------
Cannot find module 'paypal-rest-sdk'
Require stack:
- C:\Users\jaces\Desktop\Corebot\addons\BusinessPayPal.js
- C:\Users\jaces\Desktop\Corebot\modules\handlers\AddonHandler.js
- C:\Users\jaces\Desktop\Corebot\commands\management\addon.js
- C:\Users\jaces\Desktop\Corebot\modules\handlers\CommandHandler.js
- C:\Users\jaces\Desktop\Corebot\index.js
EXTRA INFO:
Error: Cannot find module 'paypal-rest-sdk'
Require stack:
- C:\Users\jaces\Desktop\Corebot\addons\BusinessPayPal.js
- C:\Users\jaces\Desktop\Corebot\modules\handlers\AddonHandler.js
- C:\Users\jaces\Desktop\Corebot\commands\management\addon.js
- C:\Users\jaces\Desktop\Corebot\modules\handlers\CommandHandler.js
- C:\Users\jaces\Desktop\Corebot\index.js
    at Function.Module._resolveFilename (internal/modules/cjs/loader.js:880:15)
    at Function.Module._load (internal/modules/cjs/loader.js:725:27)
    at Module.require (internal/modules/cjs/loader.js:952:19)
    at require (internal/modules/cjs/helpers.js:88:18)
    at Object.<anonymous> (C:\Users\jaces\Desktop\Corebot\addons\BusinessPayPal.js:1:1680)
    at Module._compile (internal/modules/cjs/loader.js:1063:30)
    at Object.Module._extensions..js (internal/modules/cjs/loader.js:1092:10)
    at Module.load (internal/modules/cjs/loader.js:928:32)
    at Function.Module._load (internal/modules/cjs/loader.js:769:14)
    at Module.require (internal/modules/cjs/loader.js:952:19)
    at require (internal/modules/cjs/helpers.js:88:18)
    at C:\Users\jaces\Desktop\Corebot\modules\handlers\AddonHandler.js:112:35
    at Array.forEach (<anonymous>)
    at C:\Users\jaces\Desktop\Corebot\modules\handlers\AddonHandler.js:110:18
    at FSReqCallback.oncomplete (fs.js:171:23)
-------------------------------------------------------------------
[CALLER: Promise {
  <rejected> DiscordAPIError: Invalid Form Body
  name: This field is required
      at RequestHandler.execute (C:\Users\jaces\Desktop\Corebot\node_modules\discord.js\src\rest\RequestHandler.js:170:25)
      at processTicksAndRejections (internal/process/task_queues.js:93:5) {
    method: 'post',
    path: '/guilds/832046329068650526/channels',
    code: 50035,
    httpStatus: 400
  }
} | MS: 1620361442464 | DATE: 5/6/2021, 11:24:02 PM]
----------------------------------
DiscordAPIError: Invalid Form Body
name: This field is required
EXTRA INFO:
Unknown
----------------------------------
[CALLER: Promise {
  <rejected> DiscordAPIError: Invalid Form Body
  name: This field is required
      at RequestHandler.execute (C:\Users\jaces\Desktop\Corebot\node_modules\discord.js\src\rest\RequestHandler.js:170:25)
      at processTicksAndRejections (internal/process/task_queues.js:93:5) {
    method: 'post',
    path: '/guilds/837104198419611649/channels',
    code: 50035,
    httpStatus: 400
  }
} | MS: 1620361442468 | DATE: 5/6/2021, 11:24:02 PM]
----------------------------------
DiscordAPIError: Invalid Form Body
name: This field is required
EXTRA INFO:
Unknown
----------------------------------
[CALLER: AddonHandler.js:123:44 | MS: 1620361499271 | DATE: 5/6/2021, 11:24:59 PM]
-------------------------------------------------------------------
Cannot find module 'paypal-rest-sdk'
Require stack:
- C:\Users\jaces\Desktop\Corebot\addons\BusinessPayPal.js
- C:\Users\jaces\Desktop\Corebot\modules\handlers\AddonHandler.js
- C:\Users\jaces\Desktop\Corebot\commands\management\addon.js
- C:\Users\jaces\Desktop\Corebot\modules\handlers\CommandHandler.js
- C:\Users\jaces\Desktop\Corebot\index.js
EXTRA INFO:
Error: Cannot find module 'paypal-rest-sdk'
Require stack:
- C:\Users\jaces\Desktop\Corebot\addons\BusinessPayPal.js
- C:\Users\jaces\Desktop\Corebot\modules\handlers\AddonHandler.js
- C:\Users\jaces\Desktop\Corebot\commands\management\addon.js
- C:\Users\jaces\Desktop\Corebot\modules\handlers\CommandHandler.js
- C:\Users\jaces\Desktop\Corebot\index.js
    at Function.Module._resolveFilename (internal/modules/cjs/loader.js:880:15)
    at Function.Module._load (internal/modules/cjs/loader.js:725:27)
    at Module.require (internal/modules/cjs/loader.js:952:19)
    at require (internal/modules/cjs/helpers.js:88:18)
    at Object.<anonymous> (C:\Users\jaces\Desktop\Corebot\addons\BusinessPayPal.js:1:1680)
    at Module._compile (internal/modules/cjs/loader.js:1063:30)
    at Object.Module._extensions..js (internal/modules/cjs/loader.js:1092:10)
    at Module.load (internal/modules/cjs/loader.js:928:32)
    at Function.Module._load (internal/modules/cjs/loader.js:769:14)
    at Module.require (internal/modules/cjs/loader.js:952:19)
    at require (internal/modules/cjs/helpers.js:88:18)
    at C:\Users\jaces\Desktop\Corebot\modules\handlers\AddonHandler.js:112:35
    at Array.forEach (<anonymous>)
    at C:\Users\jaces\Desktop\Corebot\modules\handlers\AddonHandler.js:110:18
    at FSReqCallback.oncomplete (fs.js:171:23)
-------------------------------------------------------------------
[CALLER: Promise {
  <rejected> DiscordAPIError: Invalid Form Body
  name: This field is required
      at RequestHandler.execute (C:\Users\jaces\Desktop\Corebot\node_modules\discord.js\src\rest\RequestHandler.js:170:25)
      at processTicksAndRejections (internal/process/task_queues.js:93:5) {
    method: 'post',
    path: '/guilds/837104198419611649/channels',
    code: 50035,
    httpStatus: 400
  }
} | MS: 1620361499472 | DATE: 5/6/2021, 11:24:59 PM]
----------------------------------
DiscordAPIError: Invalid Form Body
name: This field is required
EXTRA INFO:
Unknown
----------------------------------
[CALLER: Promise {
  <rejected> DiscordAPIError: Invalid Form Body
  name: This field is required
      at RequestHandler.execute (C:\Users\jaces\Desktop\Corebot\node_modules\discord.js\src\rest\RequestHandler.js:170:25)
      at processTicksAndRejections (internal/process/task_queues.js:93:5) {
    method: 'post',
    path: '/guilds/832046329068650526/channels',
    code: 50035,
    httpStatus: 400
  }
} | MS: 1620361499473 | DATE: 5/6/2021, 11:24:59 PM]
----------------------------------
DiscordAPIError: Invalid Form Body
name: This field is required
EXTRA INFO:
Unknown
----------------------------------
[CALLER: AddonHandler.js:123:44 | MS: 1620361506509 | DATE: 5/6/2021, 11:25:06 PM]
-------------------------------------------------------------------
Cannot find module 'paypal-rest-sdk'
Require stack:
- C:\Users\jaces\Desktop\Corebot\addons\BusinessPayPal.js
- C:\Users\jaces\Desktop\Corebot\modules\handlers\AddonHandler.js
- C:\Users\jaces\Desktop\Corebot\commands\management\addon.js
- C:\Users\jaces\Desktop\Corebot\modules\handlers\CommandHandler.js
- C:\Users\jaces\Desktop\Corebot\index.js
EXTRA INFO:
Error: Cannot find module 'paypal-rest-sdk'
Require stack:
- C:\Users\jaces\Desktop\Corebot\addons\BusinessPayPal.js
- C:\Users\jaces\Desktop\Corebot\modules\handlers\AddonHandler.js
- C:\Users\jaces\Desktop\Corebot\commands\management\addon.js
- C:\Users\jaces\Desktop\Corebot\modules\handlers\CommandHandler.js
- C:\Users\jaces\Desktop\Corebot\index.js
    at Function.Module._resolveFilename (internal/modules/cjs/loader.js:880:15)
    at Function.Module._load (internal/modules/cjs/loader.js:725:27)
    at Module.require (internal/modules/cjs/loader.js:952:19)
    at require (internal/modules/cjs/helpers.js:88:18)
    at Object.<anonymous> (C:\Users\jaces\Desktop\Corebot\addons\BusinessPayPal.js:1:1680)
    at Module._compile (internal/modules/cjs/loader.js:1063:30)
    at Object.Module._extensions..js (internal/modules/cjs/loader.js:1092:10)
    at Module.load (internal/modules/cjs/loader.js:928:32)
    at Function.Module._load (internal/modules/cjs/loader.js:769:14)
    at Module.require (internal/modules/cjs/loader.js:952:19)
    at require (internal/modules/cjs/helpers.js:88:18)
    at C:\Users\jaces\Desktop\Corebot\modules\handlers\AddonHandler.js:112:35
    at Array.forEach (<anonymous>)
    at C:\Users\jaces\Desktop\Corebot\modules\handlers\AddonHandler.js:110:18
    at FSReqCallback.oncomplete (fs.js:171:23)
-------------------------------------------------------------------
[CALLER: Promise {
  <rejected> DiscordAPIError: Invalid Form Body
  name: This field is required
      at RequestHandler.execute (C:\Users\jaces\Desktop\Corebot\node_modules\discord.js\src\rest\RequestHandler.js:170:25)
      at processTicksAndRejections (internal/process/task_queues.js:93:5) {
    method: 'post',
    path: '/guilds/837104198419611649/channels',
    code: 50035,
    httpStatus: 400
  }
} | MS: 1620361506630 | DATE: 5/6/2021, 11:25:06 PM]
----------------------------------
DiscordAPIError: Invalid Form Body
name: This field is required
EXTRA INFO:
Unknown
----------------------------------
[CALLER: Promise {
  <rejected> DiscordAPIError: Invalid Form Body
  name: This field is required
      at RequestHandler.execute (C:\Users\jaces\Desktop\Corebot\node_modules\discord.js\src\rest\RequestHandler.js:170:25)
      at processTicksAndRejections (internal/process/task_queues.js:93:5) {
    method: 'post',
    path: '/guilds/832046329068650526/channels',
    code: 50035,
    httpStatus: 400
  }
} | MS: 1620361506653 | DATE: 5/6/2021, 11:25:06 PM]
----------------------------------
DiscordAPIError: Invalid Form Body
name: This field is required
EXTRA INFO:
Unknown
----------------------------------
[CALLER: Promise {
  <rejected> DiscordAPIError: Invalid Form Body
  name: This field is required
      at RequestHandler.execute (C:\Users\jaces\Desktop\Corebot\node_modules\discord.js\src\rest\RequestHandler.js:170:25)
      at processTicksAndRejections (internal/process/task_queues.js:93:5) {
    method: 'post',
    path: '/guilds/837104198419611649/channels',
    code: 50035,
    httpStatus: 400
  }
} | MS: 1620361529398 | DATE: 5/6/2021, 11:25:29 PM]
----------------------------------
DiscordAPIError: Invalid Form Body
name: This field is required
EXTRA INFO:
Unknown
----------------------------------
[CALLER: Promise {
  <rejected> DiscordAPIError: Invalid Form Body
  name: This field is required
      at RequestHandler.execute (C:\Users\jaces\Desktop\Corebot\node_modules\discord.js\src\rest\RequestHandler.js:170:25)
      at processTicksAndRejections (internal/process/task_queues.js:93:5) {
    method: 'post',
    path: '/guilds/832046329068650526/channels',
    code: 50035,
    httpStatus: 400
  }
} | MS: 1620361529456 | DATE: 5/6/2021, 11:25:29 PM]
----------------------------------
DiscordAPIError: Invalid Form Body
name: This field is required
EXTRA INFO:
Unknown
----------------------------------
[CALLER: Promise {
  <rejected> DiscordAPIError: Invalid Form Body
  name: This field is required
      at RequestHandler.execute (C:\Users\jaces\Desktop\Corebot\node_modules\discord.js\src\rest\RequestHandler.js:170:25)
      at processTicksAndRejections (internal/process/task_queues.js:93:5) {
    method: 'post',
    path: '/guilds/832046329068650526/channels',
    code: 50035,
    httpStatus: 400
  }
} | MS: 1620361536617 | DATE: 5/6/2021, 11:25:36 PM]
----------------------------------
DiscordAPIError: Invalid Form Body
name: This field is required
EXTRA INFO:
Unknown
----------------------------------
[CALLER: Promise {
  <rejected> DiscordAPIError: Invalid Form Body
  name: This field is required
      at RequestHandler.execute (C:\Users\jaces\Desktop\Corebot\node_modules\discord.js\src\rest\RequestHandler.js:170:25)
      at processTicksAndRejections (internal/process/task_queues.js:93:5) {
    method: 'post',
    path: '/guilds/837104198419611649/channels',
    code: 50035,
    httpStatus: 400
  }
} | MS: 1620361536631 | DATE: 5/6/2021, 11:25:36 PM]
----------------------------------
DiscordAPIError: Invalid Form Body
name: This field is required
EXTRA INFO:
Unknown
----------------------------------
[CALLER: Promise {
  <rejected> DiscordAPIError: Invalid Form Body
  name: This field is required
      at RequestHandler.execute (C:\Users\jaces\Desktop\Corebot\node_modules\discord.js\src\rest\RequestHandler.js:170:25)
      at processTicksAndRejections (internal/process/task_queues.js:93:5) {
    method: 'post',
    path: '/guilds/837104198419611649/channels',
    code: 50035,
    httpStatus: 400
  }
} | MS: 1620361559393 | DATE: 5/6/2021, 11:25:59 PM]
----------------------------------
DiscordAPIError: Invalid Form Body
name: This field is required
EXTRA INFO:
Unknown
----------------------------------
[CALLER: Promise {
  <rejected> DiscordAPIError: Invalid Form Body
  name: This field is required
      at RequestHandler.execute (C:\Users\jaces\Desktop\Corebot\node_modules\discord.js\src\rest\RequestHandler.js:170:25)
      at processTicksAndRejections (internal/process/task_queues.js:93:5) {
    method: 'post',
    path: '/guilds/832046329068650526/channels',
    code: 50035,
    httpStatus: 400
  }
} | MS: 1620361559408 | DATE: 5/6/2021, 11:25:59 PM]
----------------------------------
DiscordAPIError: Invalid Form Body
name: This field is required
EXTRA INFO:
Unknown
----------------------------------
[CALLER: Promise {
  <rejected> DiscordAPIError: Invalid Form Body
  name: This field is required
      at RequestHandler.execute (C:\Users\jaces\Desktop\Corebot\node_modules\discord.js\src\rest\RequestHandler.js:170:25)
      at processTicksAndRejections (internal/process/task_queues.js:93:5) {
    method: 'post',
    path: '/guilds/837104198419611649/channels',
    code: 50035,
    httpStatus: 400
  }
} | MS: 1620361566613 | DATE: 5/6/2021, 11:26:06 PM]
----------------------------------
DiscordAPIError: Invalid Form Body
name: This field is required
EXTRA INFO:
Unknown
----------------------------------
[CALLER: Promise {
  <rejected> DiscordAPIError: Invalid Form Body
  name: This field is required
      at RequestHandler.execute (C:\Users\jaces\Desktop\Corebot\node_modules\discord.js\src\rest\RequestHandler.js:170:25)
      at processTicksAndRejections (internal/process/task_queues.js:93:5) {
    method: 'post',
    path: '/guilds/832046329068650526/channels',
    code: 50035,
    httpStatus: 400
  }
} | MS: 1620361566615 | DATE: 5/6/2021, 11:26:06 PM]
----------------------------------
DiscordAPIError: Invalid Form Body
name: This field is required
EXTRA INFO:
Unknown
----------------------------------
[CALLER: Promise {
  <rejected> DiscordAPIError: Invalid Form Body
  name: This field is required
      at RequestHandler.execute (C:\Users\jaces\Desktop\Corebot\node_modules\discord.js\src\rest\RequestHandler.js:170:25)
      at processTicksAndRejections (internal/process/task_queues.js:93:5) {
    method: 'post',
    path: '/guilds/832046329068650526/channels',
    code: 50035,
    httpStatus: 400
  }
} | MS: 1620361589407 | DATE: 5/6/2021, 11:26:29 PM]
----------------------------------
DiscordAPIError: Invalid Form Body
name: This field is required
EXTRA INFO:
Unknown
----------------------------------
[CALLER: Promise {
  <rejected> DiscordAPIError: Invalid Form Body
  name: This field is required
      at RequestHandler.execute (C:\Users\jaces\Desktop\Corebot\node_modules\discord.js\src\rest\RequestHandler.js:170:25)
      at processTicksAndRejections (internal/process/task_queues.js:93:5) {
    method: 'post',
    path: '/guilds/837104198419611649/channels',
    code: 50035,
    httpStatus: 400
  }
} | MS: 1620361589445 | DATE: 5/6/2021, 11:26:29 PM]
----------------------------------
DiscordAPIError: Invalid Form Body
name: This field is required
EXTRA INFO:
Unknown
----------------------------------
[CALLER: Promise {
  <rejected> DiscordAPIError: Invalid Form Body
  name: This field is required
      at RequestHandler.execute (C:\Users\jaces\Desktop\Corebot\node_modules\discord.js\src\rest\RequestHandler.js:170:25)
      at processTicksAndRejections (internal/process/task_queues.js:93:5) {
    method: 'post',
    path: '/guilds/832046329068650526/channels',
    code: 50035,
    httpStatus: 400
  }
} | MS: 1620361596612 | DATE: 5/6/2021, 11:26:36 PM]
----------------------------------
DiscordAPIError: Invalid Form Body
name: This field is required
EXTRA INFO:
Unknown
----------------------------------
[CALLER: Promise {
  <rejected> DiscordAPIError: Invalid Form Body
  name: This field is required
      at RequestHandler.execute (C:\Users\jaces\Desktop\Corebot\node_modules\discord.js\src\rest\RequestHandler.js:170:25)
      at processTicksAndRejections (internal/process/task_queues.js:93:5) {
    method: 'post',
    path: '/guilds/837104198419611649/channels',
    code: 50035,
    httpStatus: 400
  }
} | MS: 1620361596622 | DATE: 5/6/2021, 11:26:36 PM]
----------------------------------
DiscordAPIError: Invalid Form Body
name: This field is required
EXTRA INFO:
Unknown
----------------------------------
[CALLER: Promise {
  <rejected> DiscordAPIError: Invalid Form Body
  name: This field is required
      at RequestHandler.execute (C:\Users\jaces\Desktop\Corebot\node_modules\discord.js\src\rest\RequestHandler.js:170:25)
      at processTicksAndRejections (internal/process/task_queues.js:93:5) {
    method: 'post',
    path: '/guilds/837104198419611649/channels',
    code: 50035,
    httpStatus: 400
  }
} | MS: 1620361619416 | DATE: 5/6/2021, 11:26:59 PM]
----------------------------------
DiscordAPIError: Invalid Form Body
name: This field is required
EXTRA INFO:
Unknown
----------------------------------
[CALLER: Promise {
  <rejected> DiscordAPIError: Invalid Form Body
  name: This field is required
      at RequestHandler.execute (C:\Users\jaces\Desktop\Corebot\node_modules\discord.js\src\rest\RequestHandler.js:170:25)
      at processTicksAndRejections (internal/process/task_queues.js:93:5) {
    method: 'post',
    path: '/guilds/832046329068650526/channels',
    code: 50035,
    httpStatus: 400
  }
} | MS: 1620361619434 | DATE: 5/6/2021, 11:26:59 PM]
----------------------------------
DiscordAPIError: Invalid Form Body
name: This field is required
EXTRA INFO:
Unknown
----------------------------------
[CALLER: Promise {
  <rejected> DiscordAPIError: Invalid Form Body
  name: This field is required
      at RequestHandler.execute (C:\Users\jaces\Desktop\Corebot\node_modules\discord.js\src\rest\RequestHandler.js:170:25)
      at processTicksAndRejections (internal/process/task_queues.js:93:5) {
    method: 'post',
    path: '/guilds/837104198419611649/channels',
    code: 50035,
    httpStatus: 400
  }
} | MS: 1620361626615 | DATE: 5/6/2021, 11:27:06 PM]
----------------------------------
DiscordAPIError: Invalid Form Body
name: This field is required
EXTRA INFO:
Unknown
----------------------------------
[CALLER: Promise {
  <rejected> DiscordAPIError: Invalid Form Body
  name: This field is required
      at RequestHandler.execute (C:\Users\jaces\Desktop\Corebot\node_modules\discord.js\src\rest\RequestHandler.js:170:25)
      at processTicksAndRejections (internal/process/task_queues.js:93:5) {
    method: 'post',
    path: '/guilds/832046329068650526/channels',
    code: 50035,
    httpStatus: 400
  }
} | MS: 1620361626689 | DATE: 5/6/2021, 11:27:06 PM]
----------------------------------
DiscordAPIError: Invalid Form Body
name: This field is required
EXTRA INFO:
Unknown
----------------------------------
[CALLER: Promise {
  <rejected> DiscordAPIError: Invalid Form Body
  name: This field is required
      at RequestHandler.execute (C:\Users\jaces\Desktop\Corebot\node_modules\discord.js\src\rest\RequestHandler.js:170:25)
      at processTicksAndRejections (internal/process/task_queues.js:93:5) {
    method: 'post',
    path: '/guilds/837104198419611649/channels',
    code: 50035,
    httpStatus: 400
  }
} | MS: 1620361649414 | DATE: 5/6/2021, 11:27:29 PM]
----------------------------------
DiscordAPIError: Invalid Form Body
name: This field is required
EXTRA INFO:
Unknown
----------------------------------
[CALLER: Promise {
  <rejected> DiscordAPIError: Invalid Form Body
  name: This field is required
      at RequestHandler.execute (C:\Users\jaces\Desktop\Corebot\node_modules\discord.js\src\rest\RequestHandler.js:170:25)
      at processTicksAndRejections (internal/process/task_queues.js:93:5) {
    method: 'post',
    path: '/guilds/832046329068650526/channels',
    code: 50035,
    httpStatus: 400
  }
} | MS: 1620361649433 | DATE: 5/6/2021, 11:27:29 PM]
----------------------------------
DiscordAPIError: Invalid Form Body
name: This field is required
EXTRA INFO:
Unknown
----------------------------------
[CALLER: Promise {
  <rejected> DiscordAPIError: Invalid Form Body
  name: This field is required
      at RequestHandler.execute (C:\Users\jaces\Desktop\Corebot\node_modules\discord.js\src\rest\RequestHandler.js:170:25)
      at processTicksAndRejections (internal/process/task_queues.js:93:5) {
    method: 'post',
    path: '/guilds/837104198419611649/channels',
    code: 50035,
    httpStatus: 400
  }
} | MS: 1620361656618 | DATE: 5/6/2021, 11:27:36 PM]
----------------------------------
DiscordAPIError: Invalid Form Body
name: This field is required
EXTRA INFO:
Unknown
----------------------------------
[CALLER: Promise {
  <rejected> DiscordAPIError: Invalid Form Body
  name: This field is required
      at RequestHandler.execute (C:\Users\jaces\Desktop\Corebot\node_modules\discord.js\src\rest\RequestHandler.js:170:25)
      at processTicksAndRejections (internal/process/task_queues.js:93:5) {
    method: 'post',
    path: '/guilds/832046329068650526/channels',
    code: 50035,
    httpStatus: 400
  }
} | MS: 1620361656624 | DATE: 5/6/2021, 11:27:36 PM]
----------------------------------
DiscordAPIError: Invalid Form Body
name: This field is required
EXTRA INFO:
Unknown
----------------------------------
[CALLER: Promise {
  <rejected> DiscordAPIError: Invalid Form Body
  name: This field is required
      at RequestHandler.execute (C:\Users\jaces\Desktop\Corebot\node_modules\discord.js\src\rest\RequestHandler.js:170:25)
      at runMicrotasks (<anonymous>)
      at processTicksAndRejections (internal/process/task_queues.js:93:5) {
    method: 'post',
    path: '/guilds/832046329068650526/channels',
    code: 50035,
    httpStatus: 400
  }
} | MS: 1620361679392 | DATE: 5/6/2021, 11:27:59 PM]
----------------------------------
DiscordAPIError: Invalid Form Body
name: This field is required
EXTRA INFO:
Unknown
----------------------------------
[CALLER: Promise {
  <rejected> DiscordAPIError: Invalid Form Body
  name: This field is required
      at RequestHandler.execute (C:\Users\jaces\Desktop\Corebot\node_modules\discord.js\src\rest\RequestHandler.js:170:25)
      at runMicrotasks (<anonymous>)
      at processTicksAndRejections (internal/process/task_queues.js:93:5) {
    method: 'post',
    path: '/guilds/837104198419611649/channels',
    code: 50035,
    httpStatus: 400
  }
} | MS: 1620361679410 | DATE: 5/6/2021, 11:27:59 PM]
----------------------------------
DiscordAPIError: Invalid Form Body
name: This field is required
EXTRA INFO:
Unknown
----------------------------------
[CALLER: Promise {
  <rejected> DiscordAPIError: Invalid Form Body
  name: This field is required
      at RequestHandler.execute (C:\Users\jaces\Desktop\Corebot\node_modules\discord.js\src\rest\RequestHandler.js:170:25)
      at runMicrotasks (<anonymous>)
      at processTicksAndRejections (internal/process/task_queues.js:93:5) {
    method: 'post',
    path: '/guilds/837104198419611649/channels',
    code: 50035,
    httpStatus: 400
  }
} | MS: 1620361686615 | DATE: 5/6/2021, 11:28:06 PM]
----------------------------------
DiscordAPIError: Invalid Form Body
name: This field is required
EXTRA INFO:
Unknown
----------------------------------
[CALLER: Promise {
  <rejected> DiscordAPIError: Invalid Form Body
  name: This field is required
      at RequestHandler.execute (C:\Users\jaces\Desktop\Corebot\node_modules\discord.js\src\rest\RequestHandler.js:170:25)
      at runMicrotasks (<anonymous>)
      at processTicksAndRejections (internal/process/task_queues.js:93:5) {
    method: 'post',
    path: '/guilds/832046329068650526/channels',
    code: 50035,
    httpStatus: 400
  }
} | MS: 1620361686626 | DATE: 5/6/2021, 11:28:06 PM]
----------------------------------
DiscordAPIError: Invalid Form Body
name: This field is required
EXTRA INFO:
Unknown
----------------------------------
[CALLER: Promise {
  <rejected> DiscordAPIError: Invalid Form Body
  name: This field is required
      at RequestHandler.execute (C:\Users\jaces\Desktop\Corebot\node_modules\discord.js\src\rest\RequestHandler.js:170:25)
      at runMicrotasks (<anonymous>)
      at processTicksAndRejections (internal/process/task_queues.js:93:5) {
    method: 'post',
    path: '/guilds/837104198419611649/channels',
    code: 50035,
    httpStatus: 400
  }
} | MS: 1620361709411 | DATE: 5/6/2021, 11:28:29 PM]
----------------------------------
DiscordAPIError: Invalid Form Body
name: This field is required
EXTRA INFO:
Unknown
----------------------------------
[CALLER: Promise {
  <rejected> DiscordAPIError: Invalid Form Body
  name: This field is required
      at RequestHandler.execute (C:\Users\jaces\Desktop\Corebot\node_modules\discord.js\src\rest\RequestHandler.js:170:25)
      at runMicrotasks (<anonymous>)
      at processTicksAndRejections (internal/process/task_queues.js:93:5) {
    method: 'post',
    path: '/guilds/832046329068650526/channels',
    code: 50035,
    httpStatus: 400
  }
} | MS: 1620361709438 | DATE: 5/6/2021, 11:28:29 PM]
----------------------------------
DiscordAPIError: Invalid Form Body
name: This field is required
EXTRA INFO:
Unknown
----------------------------------
[CALLER: Promise {
  <rejected> DiscordAPIError: Invalid Form Body
  name: This field is required
      at RequestHandler.execute (C:\Users\jaces\Desktop\Corebot\node_modules\discord.js\src\rest\RequestHandler.js:170:25)
      at runMicrotasks (<anonymous>)
      at processTicksAndRejections (internal/process/task_queues.js:93:5) {
    method: 'post',
    path: '/guilds/832046329068650526/channels',
    code: 50035,
    httpStatus: 400
  }
} | MS: 1620361716620 | DATE: 5/6/2021, 11:28:36 PM]
----------------------------------
DiscordAPIError: Invalid Form Body
name: This field is required
EXTRA INFO:
Unknown
----------------------------------
[CALLER: Promise {
  <rejected> DiscordAPIError: Invalid Form Body
  name: This field is required
      at RequestHandler.execute (C:\Users\jaces\Desktop\Corebot\node_modules\discord.js\src\rest\RequestHandler.js:170:25)
      at runMicrotasks (<anonymous>)
      at processTicksAndRejections (internal/process/task_queues.js:93:5) {
    method: 'post',
    path: '/guilds/837104198419611649/channels',
    code: 50035,
    httpStatus: 400
  }
} | MS: 1620361716629 | DATE: 5/6/2021, 11:28:36 PM]
----------------------------------
DiscordAPIError: Invalid Form Body
name: This field is required
EXTRA INFO:
Unknown
----------------------------------
[CALLER: Promise {
  <rejected> DiscordAPIError: Invalid Form Body
  name: This field is required
      at RequestHandler.execute (C:\Users\jaces\Desktop\Corebot\node_modules\discord.js\src\rest\RequestHandler.js:170:25)
      at runMicrotasks (<anonymous>)
      at processTicksAndRejections (internal/process/task_queues.js:93:5) {
    method: 'post',
    path: '/guilds/832046329068650526/channels',
    code: 50035,
    httpStatus: 400
  }
} | MS: 1620361739401 | DATE: 5/6/2021, 11:28:59 PM]
----------------------------------
DiscordAPIError: Invalid Form Body
name: This field is required
EXTRA INFO:
Unknown
----------------------------------
[CALLER: Promise {
  <rejected> DiscordAPIError: Invalid Form Body
  name: This field is required
      at RequestHandler.execute (C:\Users\jaces\Desktop\Corebot\node_modules\discord.js\src\rest\RequestHandler.js:170:25)
      at runMicrotasks (<anonymous>)
      at processTicksAndRejections (internal/process/task_queues.js:93:5) {
    method: 'post',
    path: '/guilds/837104198419611649/channels',
    code: 50035,
    httpStatus: 400
  }
} | MS: 1620361739416 | DATE: 5/6/2021, 11:28:59 PM]
----------------------------------
DiscordAPIError: Invalid Form Body
name: This field is required
EXTRA INFO:
Unknown
----------------------------------
[CALLER: Promise {
  <rejected> DiscordAPIError: Invalid Form Body
  name: This field is required
      at RequestHandler.execute (C:\Users\jaces\Desktop\Corebot\node_modules\discord.js\src\rest\RequestHandler.js:170:25)
      at runMicrotasks (<anonymous>)
      at processTicksAndRejections (internal/process/task_queues.js:93:5) {
    method: 'post',
    path: '/guilds/837104198419611649/channels',
    code: 50035,
    httpStatus: 400
  }
} | MS: 1620361746609 | DATE: 5/6/2021, 11:29:06 PM]
----------------------------------
DiscordAPIError: Invalid Form Body
name: This field is required
EXTRA INFO:
Unknown
----------------------------------
[CALLER: Promise {
  <rejected> DiscordAPIError: Invalid Form Body
  name: This field is required
      at RequestHandler.execute (C:\Users\jaces\Desktop\Corebot\node_modules\discord.js\src\rest\RequestHandler.js:170:25)
      at runMicrotasks (<anonymous>)
      at processTicksAndRejections (internal/process/task_queues.js:93:5) {
    method: 'post',
    path: '/guilds/832046329068650526/channels',
    code: 50035,
    httpStatus: 400
  }
} | MS: 1620361746631 | DATE: 5/6/2021, 11:29:06 PM]
----------------------------------
DiscordAPIError: Invalid Form Body
name: This field is required
EXTRA INFO:
Unknown
----------------------------------
[CALLER: Promise {
  <rejected> DiscordAPIError: Invalid Form Body
  name: This field is required
      at RequestHandler.execute (C:\Users\jaces\Desktop\Corebot\node_modules\discord.js\src\rest\RequestHandler.js:170:25)
      at runMicrotasks (<anonymous>)
      at processTicksAndRejections (internal/process/task_queues.js:93:5) {
    method: 'post',
    path: '/guilds/837104198419611649/channels',
    code: 50035,
    httpStatus: 400
  }
} | MS: 1620361769400 | DATE: 5/6/2021, 11:29:29 PM]
----------------------------------
DiscordAPIError: Invalid Form Body
name: This field is required
EXTRA INFO:
Unknown
----------------------------------
[CALLER: Promise {
  <rejected> DiscordAPIError: Invalid Form Body
  name: This field is required
      at RequestHandler.execute (C:\Users\jaces\Desktop\Corebot\node_modules\discord.js\src\rest\RequestHandler.js:170:25)
      at runMicrotasks (<anonymous>)
      at processTicksAndRejections (internal/process/task_queues.js:93:5) {
    method: 'post',
    path: '/guilds/832046329068650526/channels',
    code: 50035,
    httpStatus: 400
  }
} | MS: 1620361769440 | DATE: 5/6/2021, 11:29:29 PM]
----------------------------------
DiscordAPIError: Invalid Form Body
name: This field is required
EXTRA INFO:
Unknown
----------------------------------
[CALLER: Promise {
  <rejected> DiscordAPIError: Invalid Form Body
  name: This field is required
      at RequestHandler.execute (C:\Users\jaces\Desktop\Corebot\node_modules\discord.js\src\rest\RequestHandler.js:170:25)
      at runMicrotasks (<anonymous>)
      at processTicksAndRejections (internal/process/task_queues.js:93:5) {
    method: 'post',
    path: '/guilds/837104198419611649/channels',
    code: 50035,
    httpStatus: 400
  }
} | MS: 1620361776629 | DATE: 5/6/2021, 11:29:36 PM]
----------------------------------
DiscordAPIError: Invalid Form Body
name: This field is required
EXTRA INFO:
Unknown
----------------------------------
[CALLER: Promise {
  <rejected> DiscordAPIError: Invalid Form Body
  name: This field is required
      at RequestHandler.execute (C:\Users\jaces\Desktop\Corebot\node_modules\discord.js\src\rest\RequestHandler.js:170:25)
      at runMicrotasks (<anonymous>)
      at processTicksAndRejections (internal/process/task_queues.js:93:5) {
    method: 'post',
    path: '/guilds/832046329068650526/channels',
    code: 50035,
    httpStatus: 400
  }
} | MS: 1620361776635 | DATE: 5/6/2021, 11:29:36 PM]
----------------------------------
DiscordAPIError: Invalid Form Body
name: This field is required
EXTRA INFO:
Unknown
----------------------------------
[CALLER: Promise {
  <rejected> DiscordAPIError: Invalid Form Body
  name: This field is required
      at RequestHandler.execute (C:\Users\jaces\Desktop\Corebot\node_modules\discord.js\src\rest\RequestHandler.js:170:25)
      at runMicrotasks (<anonymous>)
      at processTicksAndRejections (internal/process/task_queues.js:93:5) {
    method: 'post',
    path: '/guilds/837104198419611649/channels',
    code: 50035,
    httpStatus: 400
  }
} | MS: 1620361799404 | DATE: 5/6/2021, 11:29:59 PM]
----------------------------------
DiscordAPIError: Invalid Form Body
name: This field is required
EXTRA INFO:
Unknown
----------------------------------
[CALLER: Promise {
  <rejected> DiscordAPIError: Invalid Form Body
  name: This field is required
      at RequestHandler.execute (C:\Users\jaces\Desktop\Corebot\node_modules\discord.js\src\rest\RequestHandler.js:170:25)
      at runMicrotasks (<anonymous>)
      at processTicksAndRejections (internal/process/task_queues.js:93:5) {
    method: 'post',
    path: '/guilds/832046329068650526/channels',
    code: 50035,
    httpStatus: 400
  }
} | MS: 1620361799405 | DATE: 5/6/2021, 11:29:59 PM]
----------------------------------
DiscordAPIError: Invalid Form Body
name: This field is required
EXTRA INFO:
Unknown
----------------------------------
[CALLER: Promise {
  <rejected> DiscordAPIError: Invalid Form Body
  name: This field is required
      at RequestHandler.execute (C:\Users\jaces\Desktop\Corebot\node_modules\discord.js\src\rest\RequestHandler.js:170:25)
      at runMicrotasks (<anonymous>)
      at processTicksAndRejections (internal/process/task_queues.js:93:5) {
    method: 'post',
    path: '/guilds/832046329068650526/channels',
    code: 50035,
    httpStatus: 400
  }
} | MS: 1620361806628 | DATE: 5/6/2021, 11:30:06 PM]
----------------------------------
DiscordAPIError: Invalid Form Body
name: This field is required
EXTRA INFO:
Unknown
----------------------------------
[CALLER: Promise {
  <rejected> DiscordAPIError: Invalid Form Body
  name: This field is required
      at RequestHandler.execute (C:\Users\jaces\Desktop\Corebot\node_modules\discord.js\src\rest\RequestHandler.js:170:25)
      at runMicrotasks (<anonymous>)
      at processTicksAndRejections (internal/process/task_queues.js:93:5) {
    method: 'post',
    path: '/guilds/837104198419611649/channels',
    code: 50035,
    httpStatus: 400
  }
} | MS: 1620361806642 | DATE: 5/6/2021, 11:30:06 PM]
----------------------------------
DiscordAPIError: Invalid Form Body
name: This field is required
EXTRA INFO:
Unknown
----------------------------------
[CALLER: Promise {
  <rejected> DiscordAPIError: Invalid Form Body
  name: This field is required
      at RequestHandler.execute (C:\Users\jaces\Desktop\Corebot\node_modules\discord.js\src\rest\RequestHandler.js:170:25)
      at runMicrotasks (<anonymous>)
      at processTicksAndRejections (internal/process/task_queues.js:93:5) {
    method: 'post',
    path: '/guilds/837104198419611649/channels',
    code: 50035,
    httpStatus: 400
  }
} | MS: 1620361829410 | DATE: 5/6/2021, 11:30:29 PM]
----------------------------------
DiscordAPIError: Invalid Form Body
name: This field is required
EXTRA INFO:
Unknown
----------------------------------
[CALLER: Promise {
  <rejected> DiscordAPIError: Invalid Form Body
  name: This field is required
      at RequestHandler.execute (C:\Users\jaces\Desktop\Corebot\node_modules\discord.js\src\rest\RequestHandler.js:170:25)
      at runMicrotasks (<anonymous>)
      at processTicksAndRejections (internal/process/task_queues.js:93:5) {
    method: 'post',
    path: '/guilds/832046329068650526/channels',
    code: 50035,
    httpStatus: 400
  }
} | MS: 1620361829420 | DATE: 5/6/2021, 11:30:29 PM]
----------------------------------
DiscordAPIError: Invalid Form Body
name: This field is required
EXTRA INFO:
Unknown
----------------------------------
[CALLER: Promise {
  <rejected> DiscordAPIError: Invalid Form Body
  name: This field is required
      at RequestHandler.execute (C:\Users\jaces\Desktop\Corebot\node_modules\discord.js\src\rest\RequestHandler.js:170:25)
      at runMicrotasks (<anonymous>)
      at processTicksAndRejections (internal/process/task_queues.js:93:5) {
    method: 'post',
    path: '/guilds/832046329068650526/channels',
    code: 50035,
    httpStatus: 400
  }
} | MS: 1620361836620 | DATE: 5/6/2021, 11:30:36 PM]
----------------------------------
DiscordAPIError: Invalid Form Body
name: This field is required
EXTRA INFO:
Unknown
----------------------------------
[CALLER: Promise {
  <rejected> DiscordAPIError: Invalid Form Body
  name: This field is required
      at RequestHandler.execute (C:\Users\jaces\Desktop\Corebot\node_modules\discord.js\src\rest\RequestHandler.js:170:25)
      at runMicrotasks (<anonymous>)
      at processTicksAndRejections (internal/process/task_queues.js:93:5) {
    method: 'post',
    path: '/guilds/837104198419611649/channels',
    code: 50035,
    httpStatus: 400
  }
} | MS: 1620361836630 | DATE: 5/6/2021, 11:30:36 PM]
----------------------------------
DiscordAPIError: Invalid Form Body
name: This field is required
EXTRA INFO:
Unknown
----------------------------------
[CALLER: Promise {
  <rejected> DiscordAPIError: Invalid Form Body
  name: This field is required
      at RequestHandler.execute (C:\Users\jaces\Desktop\Corebot\node_modules\discord.js\src\rest\RequestHandler.js:170:25)
      at runMicrotasks (<anonymous>)
      at processTicksAndRejections (internal/process/task_queues.js:93:5) {
    method: 'post',
    path: '/guilds/837104198419611649/channels',
    code: 50035,
    httpStatus: 400
  }
} | MS: 1620361859431 | DATE: 5/6/2021, 11:30:59 PM]
----------------------------------
DiscordAPIError: Invalid Form Body
name: This field is required
EXTRA INFO:
Unknown
----------------------------------
[CALLER: Promise {
  <rejected> DiscordAPIError: Invalid Form Body
  name: This field is required
      at RequestHandler.execute (C:\Users\jaces\Desktop\Corebot\node_modules\discord.js\src\rest\RequestHandler.js:170:25)
      at runMicrotasks (<anonymous>)
      at processTicksAndRejections (internal/process/task_queues.js:93:5) {
    method: 'post',
    path: '/guilds/832046329068650526/channels',
    code: 50035,
    httpStatus: 400
  }
} | MS: 1620361859439 | DATE: 5/6/2021, 11:30:59 PM]
----------------------------------
DiscordAPIError: Invalid Form Body
name: This field is required
EXTRA INFO:
Unknown
----------------------------------
[CALLER: Promise {
  <rejected> DiscordAPIError: Invalid Form Body
  name: This field is required
      at RequestHandler.execute (C:\Users\jaces\Desktop\Corebot\node_modules\discord.js\src\rest\RequestHandler.js:170:25)
      at runMicrotasks (<anonymous>)
      at processTicksAndRejections (internal/process/task_queues.js:93:5) {
    method: 'post',
    path: '/guilds/837104198419611649/channels',
    code: 50035,
    httpStatus: 400
  }
} | MS: 1620361866627 | DATE: 5/6/2021, 11:31:06 PM]
----------------------------------
DiscordAPIError: Invalid Form Body
name: This field is required
EXTRA INFO:
Unknown
----------------------------------
[CALLER: Promise {
  <rejected> DiscordAPIError: Invalid Form Body
  name: This field is required
      at RequestHandler.execute (C:\Users\jaces\Desktop\Corebot\node_modules\discord.js\src\rest\RequestHandler.js:170:25)
      at runMicrotasks (<anonymous>)
      at processTicksAndRejections (internal/process/task_queues.js:93:5) {
    method: 'post',
    path: '/guilds/832046329068650526/channels',
    code: 50035,
    httpStatus: 400
  }
} | MS: 1620361866655 | DATE: 5/6/2021, 11:31:06 PM]
----------------------------------
DiscordAPIError: Invalid Form Body
name: This field is required
EXTRA INFO:
Unknown
----------------------------------
[CALLER: Promise {
  <rejected> DiscordAPIError: Invalid Form Body
  name: This field is required
      at RequestHandler.execute (C:\Users\jaces\Desktop\Corebot\node_modules\discord.js\src\rest\RequestHandler.js:170:25)
      at runMicrotasks (<anonymous>)
      at processTicksAndRejections (internal/process/task_queues.js:93:5) {
    method: 'post',
    path: '/guilds/837104198419611649/channels',
    code: 50035,
    httpStatus: 400
  }
} | MS: 1620361889414 | DATE: 5/6/2021, 11:31:29 PM]
----------------------------------
DiscordAPIError: Invalid Form Body
name: This field is required
EXTRA INFO:
Unknown
----------------------------------
[CALLER: Promise {
  <rejected> DiscordAPIError: Invalid Form Body
  name: This field is required
      at RequestHandler.execute (C:\Users\jaces\Desktop\Corebot\node_modules\discord.js\src\rest\RequestHandler.js:170:25)
      at runMicrotasks (<anonymous>)
      at processTicksAndRejections (internal/process/task_queues.js:93:5) {
    method: 'post',
    path: '/guilds/832046329068650526/channels',
    code: 50035,
    httpStatus: 400
  }
} | MS: 1620361889415 | DATE: 5/6/2021, 11:31:29 PM]
----------------------------------
DiscordAPIError: Invalid Form Body
name: This field is required
EXTRA INFO:
Unknown
----------------------------------
[CALLER: Promise {
  <rejected> DiscordAPIError: Invalid Form Body
  name: This field is required
      at RequestHandler.execute (C:\Users\jaces\Desktop\Corebot\node_modules\discord.js\src\rest\RequestHandler.js:170:25)
      at runMicrotasks (<anonymous>)
      at processTicksAndRejections (internal/process/task_queues.js:93:5) {
    method: 'post',
    path: '/guilds/837104198419611649/channels',
    code: 50035,
    httpStatus: 400
  }
} | MS: 1620361896632 | DATE: 5/6/2021, 11:31:36 PM]
----------------------------------
DiscordAPIError: Invalid Form Body
name: This field is required
EXTRA INFO:
Unknown
----------------------------------
[CALLER: Promise {
  <rejected> DiscordAPIError: Invalid Form Body
  name: This field is required
      at RequestHandler.execute (C:\Users\jaces\Desktop\Corebot\node_modules\discord.js\src\rest\RequestHandler.js:170:25)
      at runMicrotasks (<anonymous>)
      at processTicksAndRejections (internal/process/task_queues.js:93:5) {
    method: 'post',
    path: '/guilds/832046329068650526/channels',
    code: 50035,
    httpStatus: 400
  }
} | MS: 1620361896646 | DATE: 5/6/2021, 11:31:36 PM]
----------------------------------
DiscordAPIError: Invalid Form Body
name: This field is required
EXTRA INFO:
Unknown
----------------------------------
[CALLER: Promise {
  <rejected> DiscordAPIError: Invalid Form Body
  name: This field is required
      at RequestHandler.execute (C:\Users\jaces\Desktop\Corebot\node_modules\discord.js\src\rest\RequestHandler.js:170:25)
      at runMicrotasks (<anonymous>)
      at processTicksAndRejections (internal/process/task_queues.js:93:5) {
    method: 'post',
    path: '/guilds/837104198419611649/channels',
    code: 50035,
    httpStatus: 400
  }
} | MS: 1620361919412 | DATE: 5/6/2021, 11:31:59 PM]
----------------------------------
DiscordAPIError: Invalid Form Body
name: This field is required
EXTRA INFO:
Unknown
----------------------------------
[CALLER: Promise {
  <rejected> DiscordAPIError: Invalid Form Body
  name: This field is required
      at RequestHandler.execute (C:\Users\jaces\Desktop\Corebot\node_modules\discord.js\src\rest\RequestHandler.js:170:25)
      at runMicrotasks (<anonymous>)
      at processTicksAndRejections (internal/process/task_queues.js:93:5) {
    method: 'post',
    path: '/guilds/832046329068650526/channels',
    code: 50035,
    httpStatus: 400
  }
} | MS: 1620361919415 | DATE: 5/6/2021, 11:31:59 PM]
----------------------------------
DiscordAPIError: Invalid Form Body
name: This field is required
EXTRA INFO:
Unknown
----------------------------------
[CALLER: Promise {
  <rejected> DiscordAPIError: Invalid Form Body
  name: This field is required
      at RequestHandler.execute (C:\Users\jaces\Desktop\Corebot\node_modules\discord.js\src\rest\RequestHandler.js:170:25)
      at runMicrotasks (<anonymous>)
      at processTicksAndRejections (internal/process/task_queues.js:93:5) {
    method: 'post',
    path: '/guilds/837104198419611649/channels',
    code: 50035,
    httpStatus: 400
  }
} | MS: 1620361926646 | DATE: 5/6/2021, 11:32:06 PM]
----------------------------------
DiscordAPIError: Invalid Form Body
name: This field is required
EXTRA INFO:
Unknown
----------------------------------
[CALLER: Promise {
  <rejected> DiscordAPIError: Invalid Form Body
  name: This field is required
      at RequestHandler.execute (C:\Users\jaces\Desktop\Corebot\node_modules\discord.js\src\rest\RequestHandler.js:170:25)
      at runMicrotasks (<anonymous>)
      at processTicksAndRejections (internal/process/task_queues.js:93:5) {
    method: 'post',
    path: '/guilds/832046329068650526/channels',
    code: 50035,
    httpStatus: 400
  }
} | MS: 1620361926651 | DATE: 5/6/2021, 11:32:06 PM]
----------------------------------
DiscordAPIError: Invalid Form Body
name: This field is required
EXTRA INFO:
Unknown
----------------------------------
[CALLER: Promise {
  <rejected> DiscordAPIError: Invalid Form Body
  name: This field is required
      at RequestHandler.execute (C:\Users\jaces\Desktop\Corebot\node_modules\discord.js\src\rest\RequestHandler.js:170:25)
      at runMicrotasks (<anonymous>)
      at processTicksAndRejections (internal/process/task_queues.js:93:5) {
    method: 'post',
    path: '/guilds/832046329068650526/channels',
    code: 50035,
    httpStatus: 400
  }
} | MS: 1620361949419 | DATE: 5/6/2021, 11:32:29 PM]
----------------------------------
DiscordAPIError: Invalid Form Body
name: This field is required
EXTRA INFO:
Unknown
----------------------------------
[CALLER: Promise {
  <rejected> DiscordAPIError: Invalid Form Body
  name: This field is required
      at RequestHandler.execute (C:\Users\jaces\Desktop\Corebot\node_modules\discord.js\src\rest\RequestHandler.js:170:25)
      at runMicrotasks (<anonymous>)
      at processTicksAndRejections (internal/process/task_queues.js:93:5) {
    method: 'post',
    path: '/guilds/837104198419611649/channels',
    code: 50035,
    httpStatus: 400
  }
} | MS: 1620361949420 | DATE: 5/6/2021, 11:32:29 PM]
----------------------------------
DiscordAPIError: Invalid Form Body
name: This field is required
EXTRA INFO:
Unknown
----------------------------------
[CALLER: Promise {
  <rejected> DiscordAPIError: Invalid Form Body
  name: This field is required
      at RequestHandler.execute (C:\Users\jaces\Desktop\Corebot\node_modules\discord.js\src\rest\RequestHandler.js:170:25)
      at runMicrotasks (<anonymous>)
      at processTicksAndRejections (internal/process/task_queues.js:93:5) {
    method: 'post',
    path: '/guilds/837104198419611649/channels',
    code: 50035,
    httpStatus: 400
  }
} | MS: 1620361956631 | DATE: 5/6/2021, 11:32:36 PM]
----------------------------------
DiscordAPIError: Invalid Form Body
name: This field is required
EXTRA INFO:
Unknown
----------------------------------
[CALLER: Promise {
  <rejected> DiscordAPIError: Invalid Form Body
  name: This field is required
      at RequestHandler.execute (C:\Users\jaces\Desktop\Corebot\node_modules\discord.js\src\rest\RequestHandler.js:170:25)
      at runMicrotasks (<anonymous>)
      at processTicksAndRejections (internal/process/task_queues.js:93:5) {
    method: 'post',
    path: '/guilds/832046329068650526/channels',
    code: 50035,
    httpStatus: 400
  }
} | MS: 1620361956653 | DATE: 5/6/2021, 11:32:36 PM]
----------------------------------
DiscordAPIError: Invalid Form Body
name: This field is required
EXTRA INFO:
Unknown
----------------------------------
[CALLER: Promise {
  <rejected> DiscordAPIError: Invalid Form Body
  name: This field is required
      at RequestHandler.execute (C:\Users\jaces\Desktop\Corebot\node_modules\discord.js\src\rest\RequestHandler.js:170:25)
      at runMicrotasks (<anonymous>)
      at processTicksAndRejections (internal/process/task_queues.js:93:5) {
    method: 'post',
    path: '/guilds/832046329068650526/channels',
    code: 50035,
    httpStatus: 400
  }
} | MS: 1620361979412 | DATE: 5/6/2021, 11:32:59 PM]
----------------------------------
DiscordAPIError: Invalid Form Body
name: This field is required
EXTRA INFO:
Unknown
----------------------------------
[CALLER: Promise {
  <rejected> DiscordAPIError: Invalid Form Body
  name: This field is required
      at RequestHandler.execute (C:\Users\jaces\Desktop\Corebot\node_modules\discord.js\src\rest\RequestHandler.js:170:25)
      at runMicrotasks (<anonymous>)
      at processTicksAndRejections (internal/process/task_queues.js:93:5) {
    method: 'post',
    path: '/guilds/837104198419611649/channels',
    code: 50035,
    httpStatus: 400
  }
} | MS: 1620361979432 | DATE: 5/6/2021, 11:32:59 PM]
----------------------------------
DiscordAPIError: Invalid Form Body
name: This field is required
EXTRA INFO:
Unknown
----------------------------------
[CALLER: Promise {
  <rejected> DiscordAPIError: Invalid Form Body
  name: This field is required
      at RequestHandler.execute (C:\Users\jaces\Desktop\Corebot\node_modules\discord.js\src\rest\RequestHandler.js:170:25)
      at runMicrotasks (<anonymous>)
      at processTicksAndRejections (internal/process/task_queues.js:93:5) {
    method: 'post',
    path: '/guilds/837104198419611649/channels',
    code: 50035,
    httpStatus: 400
  }
} | MS: 1620361986613 | DATE: 5/6/2021, 11:33:06 PM]
----------------------------------
DiscordAPIError: Invalid Form Body
name: This field is required
EXTRA INFO:
Unknown
----------------------------------
[CALLER: Promise {
  <rejected> DiscordAPIError: Invalid Form Body
  name: This field is required
      at RequestHandler.execute (C:\Users\jaces\Desktop\Corebot\node_modules\discord.js\src\rest\RequestHandler.js:170:25)
      at runMicrotasks (<anonymous>)
      at processTicksAndRejections (internal/process/task_queues.js:93:5) {
    method: 'post',
    path: '/guilds/832046329068650526/channels',
    code: 50035,
    httpStatus: 400
  }
} | MS: 1620361986619 | DATE: 5/6/2021, 11:33:06 PM]
----------------------------------
DiscordAPIError: Invalid Form Body
name: This field is required
EXTRA INFO:
Unknown
----------------------------------
[CALLER: AddonHandler.js:123:44 | MS: 1620362083416 | DATE: 5/6/2021, 11:34:43 PM]
-------------------------------------------------------------------
Cannot find module 'paypal-rest-sdk'
Require stack:
- C:\Users\jaces\Desktop\Corebot\addons\BusinessPayPal.js
- C:\Users\jaces\Desktop\Corebot\modules\handlers\AddonHandler.js
- C:\Users\jaces\Desktop\Corebot\commands\management\addon.js
- C:\Users\jaces\Desktop\Corebot\modules\handlers\CommandHandler.js
- C:\Users\jaces\Desktop\Corebot\index.js
EXTRA INFO:
Error: Cannot find module 'paypal-rest-sdk'
Require stack:
- C:\Users\jaces\Desktop\Corebot\addons\BusinessPayPal.js
- C:\Users\jaces\Desktop\Corebot\modules\handlers\AddonHandler.js
- C:\Users\jaces\Desktop\Corebot\commands\management\addon.js
- C:\Users\jaces\Desktop\Corebot\modules\handlers\CommandHandler.js
- C:\Users\jaces\Desktop\Corebot\index.js
    at Function.Module._resolveFilename (internal/modules/cjs/loader.js:880:15)
    at Function.Module._load (internal/modules/cjs/loader.js:725:27)
    at Module.require (internal/modules/cjs/loader.js:952:19)
    at require (internal/modules/cjs/helpers.js:88:18)
    at Object.<anonymous> (C:\Users\jaces\Desktop\Corebot\addons\BusinessPayPal.js:1:1680)
    at Module._compile (internal/modules/cjs/loader.js:1063:30)
    at Object.Module._extensions..js (internal/modules/cjs/loader.js:1092:10)
    at Module.load (internal/modules/cjs/loader.js:928:32)
    at Function.Module._load (internal/modules/cjs/loader.js:769:14)
    at Module.require (internal/modules/cjs/loader.js:952:19)
    at require (internal/modules/cjs/helpers.js:88:18)
    at C:\Users\jaces\Desktop\Corebot\modules\handlers\AddonHandler.js:112:35
    at Array.forEach (<anonymous>)
    at C:\Users\jaces\Desktop\Corebot\modules\handlers\AddonHandler.js:110:18
    at FSReqCallback.oncomplete (fs.js:171:23)
-------------------------------------------------------------------
[CALLER: Promise {
  <rejected> DiscordAPIError: Invalid Form Body
  name: This field is required
      at RequestHandler.execute (C:\Users\jaces\Desktop\Corebot\node_modules\discord.js\src\rest\RequestHandler.js:170:25)
      at processTicksAndRejections (internal/process/task_queues.js:93:5) {
    method: 'post',
    path: '/guilds/832046329068650526/channels',
    code: 50035,
    httpStatus: 400
  }
} | MS: 1620362083625 | DATE: 5/6/2021, 11:34:43 PM]
----------------------------------
DiscordAPIError: Invalid Form Body
name: This field is required
EXTRA INFO:
Unknown
----------------------------------
[CALLER: Promise {
  <rejected> DiscordAPIError: Invalid Form Body
  name: This field is required
      at RequestHandler.execute (C:\Users\jaces\Desktop\Corebot\node_modules\discord.js\src\rest\RequestHandler.js:170:25)
      at processTicksAndRejections (internal/process/task_queues.js:93:5) {
    method: 'post',
    path: '/guilds/837104198419611649/channels',
    code: 50035,
    httpStatus: 400
  }
} | MS: 1620362083626 | DATE: 5/6/2021, 11:34:43 PM]
----------------------------------
DiscordAPIError: Invalid Form Body
name: This field is required
EXTRA INFO:
Unknown
----------------------------------
[CALLER: AddonHandler.js:123:44 | MS: 1620362269940 | DATE: 5/6/2021, 11:37:49 PM]
-------------------------------------------------------------------
Cannot find module 'paypal-rest-sdk'
Require stack:
- C:\Users\jaces\Desktop\Corebot\addons\BusinessPayPal.js
- C:\Users\jaces\Desktop\Corebot\modules\handlers\AddonHandler.js
- C:\Users\jaces\Desktop\Corebot\commands\management\addon.js
- C:\Users\jaces\Desktop\Corebot\modules\handlers\CommandHandler.js
- C:\Users\jaces\Desktop\Corebot\index.js
EXTRA INFO:
Error: Cannot find module 'paypal-rest-sdk'
Require stack:
- C:\Users\jaces\Desktop\Corebot\addons\BusinessPayPal.js
- C:\Users\jaces\Desktop\Corebot\modules\handlers\AddonHandler.js
- C:\Users\jaces\Desktop\Corebot\commands\management\addon.js
- C:\Users\jaces\Desktop\Corebot\modules\handlers\CommandHandler.js
- C:\Users\jaces\Desktop\Corebot\index.js
    at Function.Module._resolveFilename (internal/modules/cjs/loader.js:880:15)
    at Function.Module._load (internal/modules/cjs/loader.js:725:27)
    at Module.require (internal/modules/cjs/loader.js:952:19)
    at require (internal/modules/cjs/helpers.js:88:18)
    at Object.<anonymous> (C:\Users\jaces\Desktop\Corebot\addons\BusinessPayPal.js:1:1680)
    at Module._compile (internal/modules/cjs/loader.js:1063:30)
    at Object.Module._extensions..js (internal/modules/cjs/loader.js:1092:10)
    at Module.load (internal/modules/cjs/loader.js:928:32)
    at Function.Module._load (internal/modules/cjs/loader.js:769:14)
    at Module.require (internal/modules/cjs/loader.js:952:19)
    at require (internal/modules/cjs/helpers.js:88:18)
    at C:\Users\jaces\Desktop\Corebot\modules\handlers\AddonHandler.js:112:35
    at Array.forEach (<anonymous>)
    at C:\Users\jaces\Desktop\Corebot\modules\handlers\AddonHandler.js:110:18
    at FSReqCallback.oncomplete (fs.js:171:23)
-------------------------------------------------------------------
[CALLER: Promise {
  <rejected> DiscordAPIError: Invalid Form Body
  name: This field is required
      at RequestHandler.execute (C:\Users\jaces\Desktop\Corebot\node_modules\discord.js\src\rest\RequestHandler.js:170:25)
      at processTicksAndRejections (internal/process/task_queues.js:93:5) {
    method: 'post',
    path: '/guilds/832046329068650526/channels',
    code: 50035,
    httpStatus: 400
  }
} | MS: 1620362270157 | DATE: 5/6/2021, 11:37:50 PM]
----------------------------------
DiscordAPIError: Invalid Form Body
name: This field is required
EXTRA INFO:
Unknown
----------------------------------
[CALLER: Promise {
  <rejected> DiscordAPIError: Invalid Form Body
  name: This field is required
      at RequestHandler.execute (C:\Users\jaces\Desktop\Corebot\node_modules\discord.js\src\rest\RequestHandler.js:170:25)
      at processTicksAndRejections (internal/process/task_queues.js:93:5) {
    method: 'post',
    path: '/guilds/837104198419611649/channels',
    code: 50035,
    httpStatus: 400
  }
} | MS: 1620362270159 | DATE: 5/6/2021, 11:37:50 PM]
----------------------------------
DiscordAPIError: Invalid Form Body
name: This field is required
EXTRA INFO:
Unknown
----------------------------------
[CALLER: AddonHandler.js:123:44 | MS: 1620362278962 | DATE: 5/6/2021, 11:37:58 PM]
-------------------------------------------------------------------
Cannot find module 'paypal-rest-sdk'
Require stack:
- C:\Users\jaces\Desktop\Corebot\addons\BusinessPayPal.js
- C:\Users\jaces\Desktop\Corebot\modules\handlers\AddonHandler.js
- C:\Users\jaces\Desktop\Corebot\commands\management\addon.js
- C:\Users\jaces\Desktop\Corebot\modules\handlers\CommandHandler.js
- C:\Users\jaces\Desktop\Corebot\index.js
EXTRA INFO:
Error: Cannot find module 'paypal-rest-sdk'
Require stack:
- C:\Users\jaces\Desktop\Corebot\addons\BusinessPayPal.js
- C:\Users\jaces\Desktop\Corebot\modules\handlers\AddonHandler.js
- C:\Users\jaces\Desktop\Corebot\commands\management\addon.js
- C:\Users\jaces\Desktop\Corebot\modules\handlers\CommandHandler.js
- C:\Users\jaces\Desktop\Corebot\index.js
    at Function.Module._resolveFilename (internal/modules/cjs/loader.js:880:15)
    at Function.Module._load (internal/modules/cjs/loader.js:725:27)
    at Module.require (internal/modules/cjs/loader.js:952:19)
    at require (internal/modules/cjs/helpers.js:88:18)
    at Object.<anonymous> (C:\Users\jaces\Desktop\Corebot\addons\BusinessPayPal.js:1:1680)
    at Module._compile (internal/modules/cjs/loader.js:1063:30)
    at Object.Module._extensions..js (internal/modules/cjs/loader.js:1092:10)
    at Module.load (internal/modules/cjs/loader.js:928:32)
    at Function.Module._load (internal/modules/cjs/loader.js:769:14)
    at Module.require (internal/modules/cjs/loader.js:952:19)
    at require (internal/modules/cjs/helpers.js:88:18)
    at C:\Users\jaces\Desktop\Corebot\modules\handlers\AddonHandler.js:112:35
    at Array.forEach (<anonymous>)
    at C:\Users\jaces\Desktop\Corebot\modules\handlers\AddonHandler.js:110:18
    at FSReqCallback.oncomplete (fs.js:171:23)
-------------------------------------------------------------------
[CALLER: Promise {
  <rejected> DiscordAPIError: Invalid Form Body
  name: This field is required
      at RequestHandler.execute (C:\Users\jaces\Desktop\Corebot\node_modules\discord.js\src\rest\RequestHandler.js:170:25)
      at processTicksAndRejections (internal/process/task_queues.js:93:5) {
    method: 'post',
    path: '/guilds/837104198419611649/channels',
    code: 50035,
    httpStatus: 400
  }
} | MS: 1620362279192 | DATE: 5/6/2021, 11:37:59 PM]
----------------------------------
DiscordAPIError: Invalid Form Body
name: This field is required
EXTRA INFO:
Unknown
----------------------------------
[CALLER: Promise {
  <rejected> DiscordAPIError: Invalid Form Body
  name: This field is required
      at RequestHandler.execute (C:\Users\jaces\Desktop\Corebot\node_modules\discord.js\src\rest\RequestHandler.js:170:25)
      at processTicksAndRejections (internal/process/task_queues.js:93:5) {
    method: 'post',
    path: '/guilds/832046329068650526/channels',
    code: 50035,
    httpStatus: 400
  }
} | MS: 1620362279203 | DATE: 5/6/2021, 11:37:59 PM]
----------------------------------
DiscordAPIError: Invalid Form Body
name: This field is required
EXTRA INFO:
Unknown
----------------------------------
[CALLER: Promise {
  <rejected> DiscordAPIError: Invalid Form Body
  name: This field is required
      at RequestHandler.execute (C:\Users\jaces\Desktop\Corebot\node_modules\discord.js\src\rest\RequestHandler.js:170:25)
      at processTicksAndRejections (internal/process/task_queues.js:93:5) {
    method: 'post',
    path: '/guilds/832046329068650526/channels',
    code: 50035,
    httpStatus: 400
  }
} | MS: 1620362309091 | DATE: 5/6/2021, 11:38:29 PM]
----------------------------------
DiscordAPIError: Invalid Form Body
name: This field is required
EXTRA INFO:
Unknown
----------------------------------
[CALLER: Promise {
  <rejected> DiscordAPIError: Invalid Form Body
  name: This field is required
      at RequestHandler.execute (C:\Users\jaces\Desktop\Corebot\node_modules\discord.js\src\rest\RequestHandler.js:170:25)
      at processTicksAndRejections (internal/process/task_queues.js:93:5) {
    method: 'post',
    path: '/guilds/837104198419611649/channels',
    code: 50035,
    httpStatus: 400
  }
} | MS: 1620362309123 | DATE: 5/6/2021, 11:38:29 PM]
----------------------------------
DiscordAPIError: Invalid Form Body
name: This field is required
EXTRA INFO:
Unknown
----------------------------------
[CALLER: Promise {
  <rejected> DiscordAPIError: Invalid Form Body
  name: This field is required
      at RequestHandler.execute (C:\Users\jaces\Desktop\Corebot\node_modules\discord.js\src\rest\RequestHandler.js:170:25)
      at processTicksAndRejections (internal/process/task_queues.js:93:5) {
    method: 'post',
    path: '/guilds/837104198419611649/channels',
    code: 50035,
    httpStatus: 400
  }
} | MS: 1620362339101 | DATE: 5/6/2021, 11:38:59 PM]
----------------------------------
DiscordAPIError: Invalid Form Body
name: This field is required
EXTRA INFO:
Unknown
----------------------------------
[CALLER: Promise {
  <rejected> DiscordAPIError: Invalid Form Body
  name: This field is required
      at RequestHandler.execute (C:\Users\jaces\Desktop\Corebot\node_modules\discord.js\src\rest\RequestHandler.js:170:25)
      at processTicksAndRejections (internal/process/task_queues.js:93:5) {
    method: 'post',
    path: '/guilds/832046329068650526/channels',
    code: 50035,
    httpStatus: 400
  }
} | MS: 1620362339101 | DATE: 5/6/2021, 11:38:59 PM]
----------------------------------
DiscordAPIError: Invalid Form Body
name: This field is required
EXTRA INFO:
Unknown
----------------------------------
[CALLER: Promise {
  <rejected> DiscordAPIError: Invalid Form Body
  name: This field is required
      at RequestHandler.execute (C:\Users\jaces\Desktop\Corebot\node_modules\discord.js\src\rest\RequestHandler.js:170:25)
      at processTicksAndRejections (internal/process/task_queues.js:93:5) {
    method: 'post',
    path: '/guilds/837104198419611649/channels',
    code: 50035,
    httpStatus: 400
  }
} | MS: 1620362369110 | DATE: 5/6/2021, 11:39:29 PM]
----------------------------------
DiscordAPIError: Invalid Form Body
name: This field is required
EXTRA INFO:
Unknown
----------------------------------
[CALLER: Promise {
  <rejected> DiscordAPIError: Invalid Form Body
  name: This field is required
      at RequestHandler.execute (C:\Users\jaces\Desktop\Corebot\node_modules\discord.js\src\rest\RequestHandler.js:170:25)
      at processTicksAndRejections (internal/process/task_queues.js:93:5) {
    method: 'post',
    path: '/guilds/832046329068650526/channels',
    code: 50035,
    httpStatus: 400
  }
} | MS: 1620362369134 | DATE: 5/6/2021, 11:39:29 PM]
----------------------------------
DiscordAPIError: Invalid Form Body
name: This field is required
EXTRA INFO:
Unknown
----------------------------------
[CALLER: AddonHandler.js:123:44 | MS: 1620362373802 | DATE: 5/6/2021, 11:39:33 PM]
-------------------------------------------------------------------
Cannot find module 'paypal-rest-sdk'
Require stack:
- C:\Users\jaces\Desktop\Corebot\addons\BusinessPayPal.js
- C:\Users\jaces\Desktop\Corebot\modules\handlers\AddonHandler.js
- C:\Users\jaces\Desktop\Corebot\commands\management\addon.js
- C:\Users\jaces\Desktop\Corebot\modules\handlers\CommandHandler.js
- C:\Users\jaces\Desktop\Corebot\index.js
EXTRA INFO:
Error: Cannot find module 'paypal-rest-sdk'
Require stack:
- C:\Users\jaces\Desktop\Corebot\addons\BusinessPayPal.js
- C:\Users\jaces\Desktop\Corebot\modules\handlers\AddonHandler.js
- C:\Users\jaces\Desktop\Corebot\commands\management\addon.js
- C:\Users\jaces\Desktop\Corebot\modules\handlers\CommandHandler.js
- C:\Users\jaces\Desktop\Corebot\index.js
    at Function.Module._resolveFilename (internal/modules/cjs/loader.js:880:15)
    at Function.Module._load (internal/modules/cjs/loader.js:725:27)
    at Module.require (internal/modules/cjs/loader.js:952:19)
    at require (internal/modules/cjs/helpers.js:88:18)
    at Object.<anonymous> (C:\Users\jaces\Desktop\Corebot\addons\BusinessPayPal.js:1:1680)
    at Module._compile (internal/modules/cjs/loader.js:1063:30)
    at Object.Module._extensions..js (internal/modules/cjs/loader.js:1092:10)
    at Module.load (internal/modules/cjs/loader.js:928:32)
    at Function.Module._load (internal/modules/cjs/loader.js:769:14)
    at Module.require (internal/modules/cjs/loader.js:952:19)
    at require (internal/modules/cjs/helpers.js:88:18)
    at C:\Users\jaces\Desktop\Corebot\modules\handlers\AddonHandler.js:112:35
    at Array.forEach (<anonymous>)
    at C:\Users\jaces\Desktop\Corebot\modules\handlers\AddonHandler.js:110:18
    at FSReqCallback.oncomplete (fs.js:171:23)
-------------------------------------------------------------------
[CALLER: Promise {
  <rejected> DiscordAPIError: Invalid Form Body
  name: This field is required
      at RequestHandler.execute (C:\Users\jaces\Desktop\Corebot\node_modules\discord.js\src\rest\RequestHandler.js:170:25)
      at processTicksAndRejections (internal/process/task_queues.js:93:5) {
    method: 'post',
    path: '/guilds/837104198419611649/channels',
    code: 50035,
    httpStatus: 400
  }
} | MS: 1620362373913 | DATE: 5/6/2021, 11:39:33 PM]
----------------------------------
DiscordAPIError: Invalid Form Body
name: This field is required
EXTRA INFO:
Unknown
----------------------------------
[CALLER: Promise {
  <rejected> DiscordAPIError: Invalid Form Body
  name: This field is required
      at RequestHandler.execute (C:\Users\jaces\Desktop\Corebot\node_modules\discord.js\src\rest\RequestHandler.js:170:25)
      at processTicksAndRejections (internal/process/task_queues.js:93:5) {
    method: 'post',
    path: '/guilds/832046329068650526/channels',
    code: 50035,
    httpStatus: 400
  }
} | MS: 1620362373917 | DATE: 5/6/2021, 11:39:33 PM]
----------------------------------
DiscordAPIError: Invalid Form Body
name: This field is required
EXTRA INFO:
Unknown
----------------------------------
[CALLER: AddonHandler.js:123:44 | MS: 1620362397057 | DATE: 5/6/2021, 11:39:57 PM]
-------------------------------------------------------------------
Cannot find module 'paypal-rest-sdk'
Require stack:
- C:\Users\jaces\Desktop\Corebot\addons\BusinessPayPal.js
- C:\Users\jaces\Desktop\Corebot\modules\handlers\AddonHandler.js
- C:\Users\jaces\Desktop\Corebot\commands\management\addon.js
- C:\Users\jaces\Desktop\Corebot\modules\handlers\CommandHandler.js
- C:\Users\jaces\Desktop\Corebot\index.js
EXTRA INFO:
Error: Cannot find module 'paypal-rest-sdk'
Require stack:
- C:\Users\jaces\Desktop\Corebot\addons\BusinessPayPal.js
- C:\Users\jaces\Desktop\Corebot\modules\handlers\AddonHandler.js
- C:\Users\jaces\Desktop\Corebot\commands\management\addon.js
- C:\Users\jaces\Desktop\Corebot\modules\handlers\CommandHandler.js
- C:\Users\jaces\Desktop\Corebot\index.js
    at Function.Module._resolveFilename (internal/modules/cjs/loader.js:880:15)
    at Function.Module._load (internal/modules/cjs/loader.js:725:27)
    at Module.require (internal/modules/cjs/loader.js:952:19)
    at require (internal/modules/cjs/helpers.js:88:18)
    at Object.<anonymous> (C:\Users\jaces\Desktop\Corebot\addons\BusinessPayPal.js:1:1680)
    at Module._compile (internal/modules/cjs/loader.js:1063:30)
    at Object.Module._extensions..js (internal/modules/cjs/loader.js:1092:10)
    at Module.load (internal/modules/cjs/loader.js:928:32)
    at Function.Module._load (internal/modules/cjs/loader.js:769:14)
    at Module.require (internal/modules/cjs/loader.js:952:19)
    at require (internal/modules/cjs/helpers.js:88:18)
    at C:\Users\jaces\Desktop\Corebot\modules\handlers\AddonHandler.js:112:35
    at Array.forEach (<anonymous>)
    at C:\Users\jaces\Desktop\Corebot\modules\handlers\AddonHandler.js:110:18
    at FSReqCallback.oncomplete (fs.js:171:23)
-------------------------------------------------------------------
[CALLER: Promise {
  <rejected> DiscordAPIError: Invalid Form Body
  name: This field is required
      at RequestHandler.execute (C:\Users\jaces\Desktop\Corebot\node_modules\discord.js\src\rest\RequestHandler.js:170:25)
      at processTicksAndRejections (internal/process/task_queues.js:93:5) {
    method: 'post',
    path: '/guilds/832046329068650526/channels',
    code: 50035,
    httpStatus: 400
  }
} | MS: 1620362397263 | DATE: 5/6/2021, 11:39:57 PM]
----------------------------------
DiscordAPIError: Invalid Form Body
name: This field is required
EXTRA INFO:
Unknown
----------------------------------
[CALLER: Promise {
  <rejected> DiscordAPIError: Invalid Form Body
  name: This field is required
      at RequestHandler.execute (C:\Users\jaces\Desktop\Corebot\node_modules\discord.js\src\rest\RequestHandler.js:170:25)
      at processTicksAndRejections (internal/process/task_queues.js:93:5) {
    method: 'post',
    path: '/guilds/837104198419611649/channels',
    code: 50035,
    httpStatus: 400
  }
} | MS: 1620362397276 | DATE: 5/6/2021, 11:39:57 PM]
----------------------------------
DiscordAPIError: Invalid Form Body
name: This field is required
EXTRA INFO:
Unknown
----------------------------------
[CALLER: Promise {
  <rejected> DiscordAPIError: Invalid Form Body
  name: This field is required
      at RequestHandler.execute (C:\Users\jaces\Desktop\Corebot\node_modules\discord.js\src\rest\RequestHandler.js:170:25)
      at processTicksAndRejections (internal/process/task_queues.js:93:5) {
    method: 'post',
    path: '/guilds/832046329068650526/channels',
    code: 50035,
    httpStatus: 400
  }
} | MS: 1620362427187 | DATE: 5/6/2021, 11:40:27 PM]
----------------------------------
DiscordAPIError: Invalid Form Body
name: This field is required
EXTRA INFO:
Unknown
----------------------------------
[CALLER: Promise {
  <rejected> DiscordAPIError: Invalid Form Body
  name: This field is required
      at RequestHandler.execute (C:\Users\jaces\Desktop\Corebot\node_modules\discord.js\src\rest\RequestHandler.js:170:25)
      at processTicksAndRejections (internal/process/task_queues.js:93:5) {
    method: 'post',
    path: '/guilds/837104198419611649/channels',
    code: 50035,
    httpStatus: 400
  }
} | MS: 1620362427200 | DATE: 5/6/2021, 11:40:27 PM]
----------------------------------
DiscordAPIError: Invalid Form Body
name: This field is required
EXTRA INFO:
Unknown
----------------------------------
[CALLER: Promise {
  <rejected> DiscordAPIError: Invalid Form Body
  name: This field is required
      at RequestHandler.execute (C:\Users\jaces\Desktop\Corebot\node_modules\discord.js\src\rest\RequestHandler.js:170:25)
      at processTicksAndRejections (internal/process/task_queues.js:93:5) {
    method: 'post',
    path: '/guilds/837104198419611649/channels',
    code: 50035,
    httpStatus: 400
  }
} | MS: 1620362457192 | DATE: 5/6/2021, 11:40:57 PM]
----------------------------------
DiscordAPIError: Invalid Form Body
name: This field is required
EXTRA INFO:
Unknown
----------------------------------
[CALLER: Promise {
  <rejected> DiscordAPIError: Invalid Form Body
  name: This field is required
      at RequestHandler.execute (C:\Users\jaces\Desktop\Corebot\node_modules\discord.js\src\rest\RequestHandler.js:170:25)
      at processTicksAndRejections (internal/process/task_queues.js:93:5) {
    method: 'post',
    path: '/guilds/832046329068650526/channels',
    code: 50035,
    httpStatus: 400
  }
} | MS: 1620362457199 | DATE: 5/6/2021, 11:40:57 PM]
----------------------------------
DiscordAPIError: Invalid Form Body
name: This field is required
EXTRA INFO:
Unknown
----------------------------------
[CALLER: AddonHandler.js:123:44 | MS: 1620362462219 | DATE: 5/6/2021, 11:41:02 PM]
-------------------------------------------------------------------
Cannot find module 'paypal-rest-sdk'
Require stack:
- C:\Users\jaces\Desktop\Corebot\addons\BusinessPayPal.js
- C:\Users\jaces\Desktop\Corebot\modules\handlers\AddonHandler.js
- C:\Users\jaces\Desktop\Corebot\commands\management\addon.js
- C:\Users\jaces\Desktop\Corebot\modules\handlers\CommandHandler.js
- C:\Users\jaces\Desktop\Corebot\index.js
EXTRA INFO:
Error: Cannot find module 'paypal-rest-sdk'
Require stack:
- C:\Users\jaces\Desktop\Corebot\addons\BusinessPayPal.js
- C:\Users\jaces\Desktop\Corebot\modules\handlers\AddonHandler.js
- C:\Users\jaces\Desktop\Corebot\commands\management\addon.js
- C:\Users\jaces\Desktop\Corebot\modules\handlers\CommandHandler.js
- C:\Users\jaces\Desktop\Corebot\index.js
    at Function.Module._resolveFilename (internal/modules/cjs/loader.js:880:15)
    at Function.Module._load (internal/modules/cjs/loader.js:725:27)
    at Module.require (internal/modules/cjs/loader.js:952:19)
    at require (internal/modules/cjs/helpers.js:88:18)
    at Object.<anonymous> (C:\Users\jaces\Desktop\Corebot\addons\BusinessPayPal.js:1:1680)
    at Module._compile (internal/modules/cjs/loader.js:1063:30)
    at Object.Module._extensions..js (internal/modules/cjs/loader.js:1092:10)
    at Module.load (internal/modules/cjs/loader.js:928:32)
    at Function.Module._load (internal/modules/cjs/loader.js:769:14)
    at Module.require (internal/modules/cjs/loader.js:952:19)
    at require (internal/modules/cjs/helpers.js:88:18)
    at C:\Users\jaces\Desktop\Corebot\modules\handlers\AddonHandler.js:112:35
    at Array.forEach (<anonymous>)
    at C:\Users\jaces\Desktop\Corebot\modules\handlers\AddonHandler.js:110:18
    at FSReqCallback.oncomplete (fs.js:171:23)
-------------------------------------------------------------------
[CALLER: Promise {
  <rejected> DiscordAPIError: Invalid Form Body
  name: This field is required
      at RequestHandler.execute (C:\Users\jaces\Desktop\Corebot\node_modules\discord.js\src\rest\RequestHandler.js:170:25)
      at processTicksAndRejections (internal/process/task_queues.js:93:5) {
    method: 'post',
    path: '/guilds/837104198419611649/channels',
    code: 50035,
    httpStatus: 400
  }
} | MS: 1620362462419 | DATE: 5/6/2021, 11:41:02 PM]
----------------------------------
DiscordAPIError: Invalid Form Body
name: This field is required
EXTRA INFO:
Unknown
----------------------------------
[CALLER: Promise {
  <rejected> DiscordAPIError: Invalid Form Body
  name: This field is required
      at RequestHandler.execute (C:\Users\jaces\Desktop\Corebot\node_modules\discord.js\src\rest\RequestHandler.js:170:25)
      at processTicksAndRejections (internal/process/task_queues.js:93:5) {
    method: 'post',
    path: '/guilds/832046329068650526/channels',
    code: 50035,
    httpStatus: 400
  }
} | MS: 1620362462457 | DATE: 5/6/2021, 11:41:02 PM]
----------------------------------
DiscordAPIError: Invalid Form Body
name: This field is required
EXTRA INFO:
Unknown
----------------------------------
[CALLER: Promise {
  <rejected> DiscordAPIError: Invalid Form Body
  name: This field is required
      at RequestHandler.execute (C:\Users\jaces\Desktop\Corebot\node_modules\discord.js\src\rest\RequestHandler.js:170:25)
      at processTicksAndRejections (internal/process/task_queues.js:93:5) {
    method: 'post',
    path: '/guilds/837104198419611649/channels',
    code: 50035,
    httpStatus: 400
  }
} | MS: 1620362492346 | DATE: 5/6/2021, 11:41:32 PM]
----------------------------------
DiscordAPIError: Invalid Form Body
name: This field is required
EXTRA INFO:
Unknown
----------------------------------
[CALLER: Promise {
  <rejected> DiscordAPIError: Invalid Form Body
  name: This field is required
      at RequestHandler.execute (C:\Users\jaces\Desktop\Corebot\node_modules\discord.js\src\rest\RequestHandler.js:170:25)
      at processTicksAndRejections (internal/process/task_queues.js:93:5) {
    method: 'post',
    path: '/guilds/832046329068650526/channels',
    code: 50035,
    httpStatus: 400
  }
} | MS: 1620362492368 | DATE: 5/6/2021, 11:41:32 PM]
----------------------------------
DiscordAPIError: Invalid Form Body
name: This field is required
EXTRA INFO:
Unknown
----------------------------------
[CALLER: AddonHandler.js:123:44 | MS: 1620362546820 | DATE: 5/6/2021, 11:42:26 PM]
-------------------------------------------------------------------
Cannot find module 'paypal-rest-sdk'
Require stack:
- C:\Users\jaces\Desktop\Corebot\addons\BusinessPayPal.js
- C:\Users\jaces\Desktop\Corebot\modules\handlers\AddonHandler.js
- C:\Users\jaces\Desktop\Corebot\commands\management\addon.js
- C:\Users\jaces\Desktop\Corebot\modules\handlers\CommandHandler.js
- C:\Users\jaces\Desktop\Corebot\index.js
EXTRA INFO:
Error: Cannot find module 'paypal-rest-sdk'
Require stack:
- C:\Users\jaces\Desktop\Corebot\addons\BusinessPayPal.js
- C:\Users\jaces\Desktop\Corebot\modules\handlers\AddonHandler.js
- C:\Users\jaces\Desktop\Corebot\commands\management\addon.js
- C:\Users\jaces\Desktop\Corebot\modules\handlers\CommandHandler.js
- C:\Users\jaces\Desktop\Corebot\index.js
    at Function.Module._resolveFilename (internal/modules/cjs/loader.js:880:15)
    at Function.Module._load (internal/modules/cjs/loader.js:725:27)
    at Module.require (internal/modules/cjs/loader.js:952:19)
    at require (internal/modules/cjs/helpers.js:88:18)
    at Object.<anonymous> (C:\Users\jaces\Desktop\Corebot\addons\BusinessPayPal.js:1:1680)
    at Module._compile (internal/modules/cjs/loader.js:1063:30)
    at Object.Module._extensions..js (internal/modules/cjs/loader.js:1092:10)
    at Module.load (internal/modules/cjs/loader.js:928:32)
    at Function.Module._load (internal/modules/cjs/loader.js:769:14)
    at Module.require (internal/modules/cjs/loader.js:952:19)
    at require (internal/modules/cjs/helpers.js:88:18)
    at C:\Users\jaces\Desktop\Corebot\modules\handlers\AddonHandler.js:112:35
    at Array.forEach (<anonymous>)
    at C:\Users\jaces\Desktop\Corebot\modules\handlers\AddonHandler.js:110:18
    at FSReqCallback.oncomplete (fs.js:171:23)
-------------------------------------------------------------------
[CALLER: Promise {
  <rejected> DiscordAPIError: Invalid Form Body
  name: This field is required
      at RequestHandler.execute (C:\Users\jaces\Desktop\Corebot\node_modules\discord.js\src\rest\RequestHandler.js:170:25)
      at processTicksAndRejections (internal/process/task_queues.js:93:5) {
    method: 'post',
    path: '/guilds/837104198419611649/channels',
    code: 50035,
    httpStatus: 400
  }
} | MS: 1620362547030 | DATE: 5/6/2021, 11:42:27 PM]
----------------------------------
DiscordAPIError: Invalid Form Body
name: This field is required
EXTRA INFO:
Unknown
----------------------------------
[CALLER: Promise {
  <rejected> DiscordAPIError: Invalid Form Body
  name: This field is required
      at RequestHandler.execute (C:\Users\jaces\Desktop\Corebot\node_modules\discord.js\src\rest\RequestHandler.js:170:25)
      at processTicksAndRejections (internal/process/task_queues.js:93:5) {
    method: 'post',
    path: '/guilds/832046329068650526/channels',
    code: 50035,
    httpStatus: 400
  }
} | MS: 1620362547039 | DATE: 5/6/2021, 11:42:27 PM]
----------------------------------
DiscordAPIError: Invalid Form Body
name: This field is required
EXTRA INFO:
Unknown
----------------------------------
[CALLER: AddonHandler.js:123:44 | MS: 1620436150751 | DATE: 5/7/2021, 8:09:10 PM]
-------------------------------------------------------------------
Cannot find module 'paypal-rest-sdk'
Require stack:
- C:\Users\jaces\Desktop\Corebot\addons\BusinessPayPal.js
- C:\Users\jaces\Desktop\Corebot\modules\handlers\AddonHandler.js
- C:\Users\jaces\Desktop\Corebot\commands\management\addon.js
- C:\Users\jaces\Desktop\Corebot\modules\handlers\CommandHandler.js
- C:\Users\jaces\Desktop\Corebot\index.js
EXTRA INFO:
Error: Cannot find module 'paypal-rest-sdk'
Require stack:
- C:\Users\jaces\Desktop\Corebot\addons\BusinessPayPal.js
- C:\Users\jaces\Desktop\Corebot\modules\handlers\AddonHandler.js
- C:\Users\jaces\Desktop\Corebot\commands\management\addon.js
- C:\Users\jaces\Desktop\Corebot\modules\handlers\CommandHandler.js
- C:\Users\jaces\Desktop\Corebot\index.js
    at Function.Module._resolveFilename (internal/modules/cjs/loader.js:880:15)
    at Function.Module._load (internal/modules/cjs/loader.js:725:27)
    at Module.require (internal/modules/cjs/loader.js:952:19)
    at require (internal/modules/cjs/helpers.js:88:18)
    at Object.<anonymous> (C:\Users\jaces\Desktop\Corebot\addons\BusinessPayPal.js:1:1680)
    at Module._compile (internal/modules/cjs/loader.js:1063:30)
    at Object.Module._extensions..js (internal/modules/cjs/loader.js:1092:10)
    at Module.load (internal/modules/cjs/loader.js:928:32)
    at Function.Module._load (internal/modules/cjs/loader.js:769:14)
    at Module.require (internal/modules/cjs/loader.js:952:19)
    at require (internal/modules/cjs/helpers.js:88:18)
    at C:\Users\jaces\Desktop\Corebot\modules\handlers\AddonHandler.js:112:35
    at Array.forEach (<anonymous>)
    at C:\Users\jaces\Desktop\Corebot\modules\handlers\AddonHandler.js:110:18
    at FSReqCallback.oncomplete (fs.js:171:23)
-------------------------------------------------------------------
[CALLER: Promise {
  <rejected> DiscordAPIError: Invalid Form Body
  name: This field is required
      at RequestHandler.execute (C:\Users\jaces\Desktop\Corebot\node_modules\discord.js\src\rest\RequestHandler.js:170:25)
      at processTicksAndRejections (internal/process/task_queues.js:93:5) {
    method: 'post',
    path: '/guilds/837104198419611649/channels',
    code: 50035,
    httpStatus: 400
  }
} | MS: 1620436150985 | DATE: 5/7/2021, 8:09:10 PM]
----------------------------------
DiscordAPIError: Invalid Form Body
name: This field is required
EXTRA INFO:
Unknown
----------------------------------
[CALLER: Promise {
  <rejected> DiscordAPIError: Invalid Form Body
  name: This field is required
      at RequestHandler.execute (C:\Users\jaces\Desktop\Corebot\node_modules\discord.js\src\rest\RequestHandler.js:170:25)
      at processTicksAndRejections (internal/process/task_queues.js:93:5) {
    method: 'post',
    path: '/guilds/832046329068650526/channels',
    code: 50035,
    httpStatus: 400
  }
} | MS: 1620436151024 | DATE: 5/7/2021, 8:09:11 PM]
----------------------------------
DiscordAPIError: Invalid Form Body
name: This field is required
EXTRA INFO:
Unknown
----------------------------------
[CALLER: Promise {
  <rejected> DiscordAPIError: Invalid Form Body
  name: This field is required
      at RequestHandler.execute (C:\Users\jaces\Desktop\Corebot\node_modules\discord.js\src\rest\RequestHandler.js:170:25)
      at processTicksAndRejections (internal/process/task_queues.js:93:5) {
    method: 'post',
    path: '/guilds/837104198419611649/channels',
    code: 50035,
    httpStatus: 400
  }
} | MS: 1620436180911 | DATE: 5/7/2021, 8:09:40 PM]
----------------------------------
DiscordAPIError: Invalid Form Body
name: This field is required
EXTRA INFO:
Unknown
----------------------------------
[CALLER: Promise {
  <rejected> DiscordAPIError: Invalid Form Body
  name: This field is required
      at RequestHandler.execute (C:\Users\jaces\Desktop\Corebot\node_modules\discord.js\src\rest\RequestHandler.js:170:25)
      at processTicksAndRejections (internal/process/task_queues.js:93:5) {
    method: 'post',
    path: '/guilds/832046329068650526/channels',
    code: 50035,
    httpStatus: 400
  }
} | MS: 1620436180963 | DATE: 5/7/2021, 8:09:40 PM]
----------------------------------
DiscordAPIError: Invalid Form Body
name: This field is required
EXTRA INFO:
Unknown
----------------------------------
[CALLER: Promise {
  <rejected> DiscordAPIError: Invalid Form Body
  name: This field is required
      at RequestHandler.execute (C:\Users\jaces\Desktop\Corebot\node_modules\discord.js\src\rest\RequestHandler.js:170:25)
      at processTicksAndRejections (internal/process/task_queues.js:93:5) {
    method: 'post',
    path: '/guilds/837104198419611649/channels',
    code: 50035,
    httpStatus: 400
  }
} | MS: 1620436210926 | DATE: 5/7/2021, 8:10:10 PM]
----------------------------------
DiscordAPIError: Invalid Form Body
name: This field is required
EXTRA INFO:
Unknown
----------------------------------
[CALLER: Promise {
  <rejected> DiscordAPIError: Invalid Form Body
  name: This field is required
      at RequestHandler.execute (C:\Users\jaces\Desktop\Corebot\node_modules\discord.js\src\rest\RequestHandler.js:170:25)
      at processTicksAndRejections (internal/process/task_queues.js:93:5) {
    method: 'post',
    path: '/guilds/832046329068650526/channels',
    code: 50035,
    httpStatus: 400
  }
} | MS: 1620436210930 | DATE: 5/7/2021, 8:10:10 PM]
----------------------------------
DiscordAPIError: Invalid Form Body
name: This field is required
EXTRA INFO:
Unknown
----------------------------------
[CALLER: RequestHandler.js:107:21 | MS: 1620436223011 | DATE: 5/7/2021, 8:10:23 PM]
--------------------------------------------------------------------------------------------------------------------------------------------
FetchError: request to https://discordapp.com/api/v7/channels/839723979077976097/messages/840395154724487169 failed, reason: read ECONNRESET
EXTRA INFO:
Promise {
  <rejected> HTTPError [FetchError]: request to https://discordapp.com/api/v7/channels/839723979077976097/messages/840395154724487169 failed, reason: read ECONNRESET
      at RequestHandler.execute (C:\Users\jaces\Desktop\Corebot\node_modules\discord.js\src\rest\RequestHandler.js:107:21)
      at processTicksAndRejections (internal/process/task_queues.js:93:5) {
    code: 500,
    method: 'delete',
    path: '/channels/839723979077976097/messages/840395154724487169'
  }
}
--------------------------------------------------------------------------------------------------------------------------------------------
[CALLER: Promise {
  <rejected> DiscordAPIError: Invalid Form Body
  name: This field is required
      at RequestHandler.execute (C:\Users\jaces\Desktop\Corebot\node_modules\discord.js\src\rest\RequestHandler.js:170:25)
      at processTicksAndRejections (internal/process/task_queues.js:93:5) {
    method: 'post',
    path: '/guilds/837104198419611649/channels',
    code: 50035,
    httpStatus: 400
  }
} | MS: 1620436240978 | DATE: 5/7/2021, 8:10:40 PM]
----------------------------------
DiscordAPIError: Invalid Form Body
name: This field is required
EXTRA INFO:
Unknown
----------------------------------
[CALLER: Promise {
  <rejected> DiscordAPIError: Invalid Form Body
  name: This field is required
      at RequestHandler.execute (C:\Users\jaces\Desktop\Corebot\node_modules\discord.js\src\rest\RequestHandler.js:170:25)
      at processTicksAndRejections (internal/process/task_queues.js:93:5) {
    method: 'post',
    path: '/guilds/832046329068650526/channels',
    code: 50035,
    httpStatus: 400
  }
} | MS: 1620436241027 | DATE: 5/7/2021, 8:10:41 PM]
----------------------------------
DiscordAPIError: Invalid Form Body
name: This field is required
EXTRA INFO:
Unknown
----------------------------------
[CALLER: Promise {
  <rejected> DiscordAPIError: Invalid Form Body
  name: This field is required
      at RequestHandler.execute (C:\Users\jaces\Desktop\Corebot\node_modules\discord.js\src\rest\RequestHandler.js:170:25)
      at processTicksAndRejections (internal/process/task_queues.js:93:5) {
    method: 'post',
    path: '/guilds/837104198419611649/channels',
    code: 50035,
    httpStatus: 400
  }
} | MS: 1620436270899 | DATE: 5/7/2021, 8:11:10 PM]
----------------------------------
DiscordAPIError: Invalid Form Body
name: This field is required
EXTRA INFO:
Unknown
----------------------------------
[CALLER: Promise {
  <rejected> DiscordAPIError: Invalid Form Body
  name: This field is required
      at RequestHandler.execute (C:\Users\jaces\Desktop\Corebot\node_modules\discord.js\src\rest\RequestHandler.js:170:25)
      at processTicksAndRejections (internal/process/task_queues.js:93:5) {
    method: 'post',
    path: '/guilds/832046329068650526/channels',
    code: 50035,
    httpStatus: 400
  }
} | MS: 1620436270920 | DATE: 5/7/2021, 8:11:10 PM]
----------------------------------
DiscordAPIError: Invalid Form Body
name: This field is required
EXTRA INFO:
Unknown
----------------------------------
[CALLER: Promise {
  <rejected> DiscordAPIError: Invalid Form Body
  name: This field is required
      at RequestHandler.execute (C:\Users\jaces\Desktop\Corebot\node_modules\discord.js\src\rest\RequestHandler.js:170:25)
      at processTicksAndRejections (internal/process/task_queues.js:93:5) {
    method: 'post',
    path: '/guilds/837104198419611649/channels',
    code: 50035,
    httpStatus: 400
  }
} | MS: 1620436300899 | DATE: 5/7/2021, 8:11:40 PM]
----------------------------------
DiscordAPIError: Invalid Form Body
name: This field is required
EXTRA INFO:
Unknown
----------------------------------
[CALLER: Promise {
  <rejected> DiscordAPIError: Invalid Form Body
  name: This field is required
      at RequestHandler.execute (C:\Users\jaces\Desktop\Corebot\node_modules\discord.js\src\rest\RequestHandler.js:170:25)
      at processTicksAndRejections (internal/process/task_queues.js:93:5) {
    method: 'post',
    path: '/guilds/832046329068650526/channels',
    code: 50035,
    httpStatus: 400
  }
} | MS: 1620436300933 | DATE: 5/7/2021, 8:11:40 PM]
----------------------------------
DiscordAPIError: Invalid Form Body
name: This field is required
EXTRA INFO:
Unknown
----------------------------------
[CALLER: Promise {
  <rejected> DiscordAPIError: Invalid Form Body
  name: This field is required
      at RequestHandler.execute (C:\Users\jaces\Desktop\Corebot\node_modules\discord.js\src\rest\RequestHandler.js:170:25)
      at processTicksAndRejections (internal/process/task_queues.js:93:5) {
    method: 'post',
    path: '/guilds/832046329068650526/channels',
    code: 50035,
    httpStatus: 400
  }
} | MS: 1620436330905 | DATE: 5/7/2021, 8:12:10 PM]
----------------------------------
DiscordAPIError: Invalid Form Body
name: This field is required
EXTRA INFO:
Unknown
----------------------------------
[CALLER: Promise {
  <rejected> DiscordAPIError: Invalid Form Body
  name: This field is required
      at RequestHandler.execute (C:\Users\jaces\Desktop\Corebot\node_modules\discord.js\src\rest\RequestHandler.js:170:25)
      at processTicksAndRejections (internal/process/task_queues.js:93:5) {
    method: 'post',
    path: '/guilds/837104198419611649/channels',
    code: 50035,
    httpStatus: 400
  }
} | MS: 1620436330911 | DATE: 5/7/2021, 8:12:10 PM]
----------------------------------
DiscordAPIError: Invalid Form Body
name: This field is required
EXTRA INFO:
Unknown
----------------------------------
[CALLER: Promise {
  <rejected> DiscordAPIError: Invalid Form Body
  name: This field is required
      at RequestHandler.execute (C:\Users\jaces\Desktop\Corebot\node_modules\discord.js\src\rest\RequestHandler.js:170:25)
      at processTicksAndRejections (internal/process/task_queues.js:93:5) {
    method: 'post',
    path: '/guilds/837104198419611649/channels',
    code: 50035,
    httpStatus: 400
  }
} | MS: 1620436360899 | DATE: 5/7/2021, 8:12:40 PM]
----------------------------------
DiscordAPIError: Invalid Form Body
name: This field is required
EXTRA INFO:
Unknown
----------------------------------
[CALLER: Promise {
  <rejected> DiscordAPIError: Invalid Form Body
  name: This field is required
      at RequestHandler.execute (C:\Users\jaces\Desktop\Corebot\node_modules\discord.js\src\rest\RequestHandler.js:170:25)
      at processTicksAndRejections (internal/process/task_queues.js:93:5) {
    method: 'post',
    path: '/guilds/832046329068650526/channels',
    code: 50035,
    httpStatus: 400
  }
} | MS: 1620436360920 | DATE: 5/7/2021, 8:12:40 PM]
----------------------------------
DiscordAPIError: Invalid Form Body
name: This field is required
EXTRA INFO:
Unknown
----------------------------------
[CALLER: Promise {
  <rejected> DiscordAPIError: Invalid Form Body
  name: This field is required
      at RequestHandler.execute (C:\Users\jaces\Desktop\Corebot\node_modules\discord.js\src\rest\RequestHandler.js:170:25)
      at processTicksAndRejections (internal/process/task_queues.js:93:5) {
    method: 'post',
    path: '/guilds/832046329068650526/channels',
    code: 50035,
    httpStatus: 400
  }
} | MS: 1620436390922 | DATE: 5/7/2021, 8:13:10 PM]
----------------------------------
DiscordAPIError: Invalid Form Body
name: This field is required
EXTRA INFO:
Unknown
----------------------------------
[CALLER: Promise {
  <rejected> DiscordAPIError: Invalid Form Body
  name: This field is required
      at RequestHandler.execute (C:\Users\jaces\Desktop\Corebot\node_modules\discord.js\src\rest\RequestHandler.js:170:25)
      at processTicksAndRejections (internal/process/task_queues.js:93:5) {
    method: 'post',
    path: '/guilds/837104198419611649/channels',
    code: 50035,
    httpStatus: 400
  }
} | MS: 1620436390958 | DATE: 5/7/2021, 8:13:10 PM]
----------------------------------
DiscordAPIError: Invalid Form Body
name: This field is required
EXTRA INFO:
Unknown
----------------------------------
[CALLER: Promise {
  <rejected> DiscordAPIError: Invalid Form Body
  name: This field is required
      at RequestHandler.execute (C:\Users\jaces\Desktop\Corebot\node_modules\discord.js\src\rest\RequestHandler.js:170:25)
      at processTicksAndRejections (internal/process/task_queues.js:93:5) {
    method: 'post',
    path: '/guilds/832046329068650526/channels',
    code: 50035,
    httpStatus: 400
  }
} | MS: 1620436420997 | DATE: 5/7/2021, 8:13:40 PM]
----------------------------------
DiscordAPIError: Invalid Form Body
name: This field is required
EXTRA INFO:
Unknown
----------------------------------
[CALLER: Promise {
  <rejected> DiscordAPIError: Invalid Form Body
  name: This field is required
      at RequestHandler.execute (C:\Users\jaces\Desktop\Corebot\node_modules\discord.js\src\rest\RequestHandler.js:170:25)
      at processTicksAndRejections (internal/process/task_queues.js:93:5) {
    method: 'post',
    path: '/guilds/837104198419611649/channels',
    code: 50035,
    httpStatus: 400
  }
} | MS: 1620436421002 | DATE: 5/7/2021, 8:13:41 PM]
----------------------------------
DiscordAPIError: Invalid Form Body
name: This field is required
EXTRA INFO:
Unknown
----------------------------------
[CALLER: Promise {
  <rejected> DiscordAPIError: Invalid Form Body
  name: This field is required
      at RequestHandler.execute (C:\Users\jaces\Desktop\Corebot\node_modules\discord.js\src\rest\RequestHandler.js:170:25)
      at processTicksAndRejections (internal/process/task_queues.js:93:5) {
    method: 'post',
    path: '/guilds/837104198419611649/channels',
    code: 50035,
    httpStatus: 400
  }
} | MS: 1620436450894 | DATE: 5/7/2021, 8:14:10 PM]
----------------------------------
DiscordAPIError: Invalid Form Body
name: This field is required
EXTRA INFO:
Unknown
----------------------------------
[CALLER: Promise {
  <rejected> DiscordAPIError: Invalid Form Body
  name: This field is required
      at RequestHandler.execute (C:\Users\jaces\Desktop\Corebot\node_modules\discord.js\src\rest\RequestHandler.js:170:25)
      at processTicksAndRejections (internal/process/task_queues.js:93:5) {
    method: 'post',
    path: '/guilds/832046329068650526/channels',
    code: 50035,
    httpStatus: 400
  }
} | MS: 1620436450896 | DATE: 5/7/2021, 8:14:10 PM]
----------------------------------
DiscordAPIError: Invalid Form Body
name: This field is required
EXTRA INFO:
Unknown
----------------------------------
[CALLER: Promise {
  <rejected> DiscordAPIError: Invalid Form Body
  name: This field is required
      at RequestHandler.execute (C:\Users\jaces\Desktop\Corebot\node_modules\discord.js\src\rest\RequestHandler.js:170:25)
      at runMicrotasks (<anonymous>)
      at processTicksAndRejections (internal/process/task_queues.js:93:5) {
    method: 'post',
    path: '/guilds/832046329068650526/channels',
    code: 50035,
    httpStatus: 400
  }
} | MS: 1620436480917 | DATE: 5/7/2021, 8:14:40 PM]
----------------------------------
DiscordAPIError: Invalid Form Body
name: This field is required
EXTRA INFO:
Unknown
----------------------------------
[CALLER: Promise {
  <rejected> DiscordAPIError: Invalid Form Body
  name: This field is required
      at RequestHandler.execute (C:\Users\jaces\Desktop\Corebot\node_modules\discord.js\src\rest\RequestHandler.js:170:25)
      at runMicrotasks (<anonymous>)
      at processTicksAndRejections (internal/process/task_queues.js:93:5) {
    method: 'post',
    path: '/guilds/837104198419611649/channels',
    code: 50035,
    httpStatus: 400
  }
} | MS: 1620436480943 | DATE: 5/7/2021, 8:14:40 PM]
----------------------------------
DiscordAPIError: Invalid Form Body
name: This field is required
EXTRA INFO:
Unknown
----------------------------------
[CALLER: Promise {
  <rejected> DiscordAPIError: Invalid Form Body
  name: This field is required
      at RequestHandler.execute (C:\Users\jaces\Desktop\Corebot\node_modules\discord.js\src\rest\RequestHandler.js:170:25)
      at runMicrotasks (<anonymous>)
      at processTicksAndRejections (internal/process/task_queues.js:93:5) {
    method: 'post',
    path: '/guilds/837104198419611649/channels',
    code: 50035,
    httpStatus: 400
  }
} | MS: 1620436510912 | DATE: 5/7/2021, 8:15:10 PM]
----------------------------------
DiscordAPIError: Invalid Form Body
name: This field is required
EXTRA INFO:
Unknown
----------------------------------
[CALLER: Promise {
  <rejected> DiscordAPIError: Invalid Form Body
  name: This field is required
      at RequestHandler.execute (C:\Users\jaces\Desktop\Corebot\node_modules\discord.js\src\rest\RequestHandler.js:170:25)
      at runMicrotasks (<anonymous>)
      at processTicksAndRejections (internal/process/task_queues.js:93:5) {
    method: 'post',
    path: '/guilds/832046329068650526/channels',
    code: 50035,
    httpStatus: 400
  }
} | MS: 1620436510913 | DATE: 5/7/2021, 8:15:10 PM]
----------------------------------
DiscordAPIError: Invalid Form Body
name: This field is required
EXTRA INFO:
Unknown
----------------------------------
[CALLER: Promise {
  <rejected> DiscordAPIError: Invalid Form Body
  name: This field is required
      at RequestHandler.execute (C:\Users\jaces\Desktop\Corebot\node_modules\discord.js\src\rest\RequestHandler.js:170:25)
      at runMicrotasks (<anonymous>)
      at processTicksAndRejections (internal/process/task_queues.js:93:5) {
    method: 'post',
    path: '/guilds/832046329068650526/channels',
    code: 50035,
    httpStatus: 400
  }
} | MS: 1620436540916 | DATE: 5/7/2021, 8:15:40 PM]
----------------------------------
DiscordAPIError: Invalid Form Body
name: This field is required
EXTRA INFO:
Unknown
----------------------------------
[CALLER: Promise {
  <rejected> DiscordAPIError: Invalid Form Body
  name: This field is required
      at RequestHandler.execute (C:\Users\jaces\Desktop\Corebot\node_modules\discord.js\src\rest\RequestHandler.js:170:25)
      at runMicrotasks (<anonymous>)
      at processTicksAndRejections (internal/process/task_queues.js:93:5) {
    method: 'post',
    path: '/guilds/837104198419611649/channels',
    code: 50035,
    httpStatus: 400
  }
} | MS: 1620436540917 | DATE: 5/7/2021, 8:15:40 PM]
----------------------------------
DiscordAPIError: Invalid Form Body
name: This field is required
EXTRA INFO:
Unknown
----------------------------------
[CALLER: Promise {
  <rejected> DiscordAPIError: Invalid Form Body
  name: This field is required
      at RequestHandler.execute (C:\Users\jaces\Desktop\Corebot\node_modules\discord.js\src\rest\RequestHandler.js:170:25)
      at runMicrotasks (<anonymous>)
      at processTicksAndRejections (internal/process/task_queues.js:93:5) {
    method: 'post',
    path: '/guilds/837104198419611649/channels',
    code: 50035,
    httpStatus: 400
  }
} | MS: 1620436570911 | DATE: 5/7/2021, 8:16:10 PM]
----------------------------------
DiscordAPIError: Invalid Form Body
name: This field is required
EXTRA INFO:
Unknown
----------------------------------
[CALLER: Promise {
  <rejected> DiscordAPIError: Invalid Form Body
  name: This field is required
      at RequestHandler.execute (C:\Users\jaces\Desktop\Corebot\node_modules\discord.js\src\rest\RequestHandler.js:170:25)
      at runMicrotasks (<anonymous>)
      at processTicksAndRejections (internal/process/task_queues.js:93:5) {
    method: 'post',
    path: '/guilds/832046329068650526/channels',
    code: 50035,
    httpStatus: 400
  }
} | MS: 1620436570924 | DATE: 5/7/2021, 8:16:10 PM]
----------------------------------
DiscordAPIError: Invalid Form Body
name: This field is required
EXTRA INFO:
Unknown
----------------------------------
[CALLER: Promise {
  <rejected> DiscordAPIError: Invalid Form Body
  name: This field is required
      at RequestHandler.execute (C:\Users\jaces\Desktop\Corebot\node_modules\discord.js\src\rest\RequestHandler.js:170:25)
      at runMicrotasks (<anonymous>)
      at processTicksAndRejections (internal/process/task_queues.js:93:5) {
    method: 'post',
    path: '/guilds/832046329068650526/channels',
    code: 50035,
    httpStatus: 400
  }
} | MS: 1620436602639 | DATE: 5/7/2021, 8:16:42 PM]
----------------------------------
DiscordAPIError: Invalid Form Body
name: This field is required
EXTRA INFO:
Unknown
----------------------------------
[CALLER: Promise {
  <rejected> DiscordAPIError: Invalid Form Body
  name: This field is required
      at RequestHandler.execute (C:\Users\jaces\Desktop\Corebot\node_modules\discord.js\src\rest\RequestHandler.js:170:25)
      at runMicrotasks (<anonymous>)
      at processTicksAndRejections (internal/process/task_queues.js:93:5) {
    method: 'post',
    path: '/guilds/837104198419611649/channels',
    code: 50035,
    httpStatus: 400
  }
} | MS: 1620436602671 | DATE: 5/7/2021, 8:16:42 PM]
----------------------------------
DiscordAPIError: Invalid Form Body
name: This field is required
EXTRA INFO:
Unknown
----------------------------------
